Prisma schema loaded from prisma\schema.prisma
Datasource "db": PostgreSQL database "leave_management_test", schema "public" at "localhost:5432"

The PostgreSQL database "leave_management_test" schema "public" at "localhost:5432" was successfully reset.

Your database is now in sync with your Prisma schema. Done in 189ms

Running generate... (Use --skip-generate to skip the generators)
[2K[1A[2K[GRunning generate... - Prisma Client
[2K[1A[2K[GEPERM: operation not permitted, rename 'C:\Users\JackyLi(CTHK)\OneDrive - Contin
uous Technologies International Limited\Documents\ERP_Test\server\node_modules\.
prisma\client\query_engine-windows.dll.node.tmp107416' -> 'C:\Users\JackyLi(CTHK
)\OneDrive - Continuous Technologies International Limited\Documents\ERP_Test\se
rver\node_modules\.prisma\client\query_engine-windows.dll.node'

node.exe : PASS src/__tests__/users.import.test.ts (5.42 s)
At line:1 char:1
+ & "C:\Program Files\nodejs/node.exe" "C:\Program Files\nodejs/node_mo ...
+ ~~~~~~~~~~~~~~~~~~~~~~~~~~~~~~~~~~~~~~~~~~~~~~~~~~~~~~~~~~~~~~~~~~~~~
    + CategoryInfo          : NotSpecified: (PASS src/__test...est.ts (5.42 s) 
   :String) [], RemoteException
    + FullyQualifiedErrorId : NativeCommandError
 
  ΓùÅ Console

    console.log
      [dotenv@17.3.1] injecting env (10) from ..\.env -- tip: ≡ƒöÉ prevent 
committing .env to code: https://dotenvx.com/precommit

      at _log (C:\Users\JackyLi(CTHK)../../../../../../OneDrive - Continuous 
Technologies International 
Limited/Documents/ERP_Test/node_modules/dotenv/lib/main.js:139:11)

    console.error
      Error: Unauthorized: Missing or invalid Authorization header
          at requireAuth (C:\Users\JackyLi(CTHK)\OneDrive - Continuous 
Technologies International 
Limited\Documents\ERP_Test\server\src\middleware\requireAuth.ts:12:11)
          at Layer.handleRequest (C:\Users\JackyLi(CTHK)\OneDrive - Continuous 
Technologies International 
Limited\Documents\ERP_Test\node_modules\router\lib\layer.js:152:17)
          at next (C:\Users\JackyLi(CTHK)\OneDrive - Continuous Technologies 
International 
Limited\Documents\ERP_Test\node_modules\router\lib\route.js:157:13)
          at Route.dispatch (C:\Users\JackyLi(CTHK)\OneDrive - Continuous 
Technologies International 
Limited\Documents\ERP_Test\node_modules\router\lib\route.js:117:3)
          at handle (C:\Users\JackyLi(CTHK)\OneDrive - Continuous Technologies 
International Limited\Documents\ERP_Test\node_modules\router\index.js:435:11)
          at Layer.handleRequest (C:\Users\JackyLi(CTHK)\OneDrive - Continuous 
Technologies International 
Limited\Documents\ERP_Test\node_modules\router\lib\layer.js:152:17)
          at C:\Users\JackyLi(CTHK)\OneDrive - Continuous Technologies 
International Limited\Documents\ERP_Test\node_modules\router\index.js:295:15
          at processParams (C:\Users\JackyLi(CTHK)\OneDrive - Continuous 
Technologies International 
Limited\Documents\ERP_Test\node_modules\router\index.js:582:12)
          at next (C:\Users\JackyLi(CTHK)\OneDrive - Continuous Technologies 
International Limited\Documents\ERP_Test\node_modules\router\index.js:291:5)
          at router.handle (C:\Users\JackyLi(CTHK)\OneDrive - Continuous 
Technologies International 
Limited\Documents\ERP_Test\node_modules\router\index.js:186:3)
          at router (C:\Users\JackyLi(CTHK)\OneDrive - Continuous Technologies 
International Limited\Documents\ERP_Test\node_modules\router\index.js:60:12)
          at Layer.handleRequest (C:\Users\JackyLi(CTHK)\OneDrive - Continuous 
Technologies International 
Limited\Documents\ERP_Test\node_modules\router\lib\layer.js:152:17)
          at trimPrefix (C:\Users\JackyLi(CTHK)\OneDrive - Continuous 
Technologies International 
Limited\Documents\ERP_Test\node_modules\router\index.js:342:13)
          at C:\Users\JackyLi(CTHK)\OneDrive - Continuous Technologies 
International Limited\Documents\ERP_Test\node_modules\router\index.js:297:9
          at processParams (C:\Users\JackyLi(CTHK)\OneDrive - Continuous 
Technologies International 
Limited\Documents\ERP_Test\node_modules\router\index.js:582:12)
          at next (C:\Users\JackyLi(CTHK)\OneDrive - Continuous Technologies 
International Limited\Documents\ERP_Test\node_modules\router\index.js:291:5)
          at C:\Users\JackyLi(CTHK)\OneDrive - Continuous Technologies 
International Limited\Documents\ERP_Test\node_modules\router\index.js:688:15
          at next (C:\Users\JackyLi(CTHK)\OneDrive - Continuous Technologies 
International Limited\Documents\ERP_Test\node_modules\router\index.js:276:14)
          at router.handle (C:\Users\JackyLi(CTHK)\OneDrive - Continuous 
Technologies International 
Limited\Documents\ERP_Test\node_modules\router\index.js:186:3)
          at router (C:\Users\JackyLi(CTHK)\OneDrive - Continuous Technologies 
International Limited\Documents\ERP_Test\node_modules\router\index.js:60:12)
          at Layer.handleRequest (C:\Users\JackyLi(CTHK)\OneDrive - Continuous 
Technologies International 
Limited\Documents\ERP_Test\node_modules\router\lib\layer.js:152:17)
          at trimPrefix (C:\Users\JackyLi(CTHK)\OneDrive - Continuous 
Technologies International 
Limited\Documents\ERP_Test\node_modules\router\index.js:342:13)
          at C:\Users\JackyLi(CTHK)\OneDrive - Continuous Technologies 
International Limited\Documents\ERP_Test\node_modules\router\index.js:297:9
          at processParams (C:\Users\JackyLi(CTHK)\OneDrive - Continuous 
Technologies International 
Limited\Documents\ERP_Test\node_modules\router\index.js:582:12)
          at next (C:\Users\JackyLi(CTHK)\OneDrive - Continuous Technologies 
International Limited\Documents\ERP_Test\node_modules\router\index.js:291:5)
          ... collapsed 7 duplicate lines matching above lines ...
          at C:\Users\JackyLi(CTHK)\OneDrive - Continuous Technologies 
International 
Limited\Documents\ERP_Test\node_modules\express-rate-limit\dist\index.cjs:947:7
          at C:\Users\JackyLi(CTHK)\OneDrive - Continuous Technologies 
International 
Limited\Documents\ERP_Test\node_modules\express-rate-limit\dist\index.cjs:830:5

    [0m [90m 59 |[39m   [90m// eslint-disable-next-line 
@typescript-eslint/no-unused-vars[39m
     [90m 60 |[39m   app[33m.[39muse((err[33m:[39m 
[33mError[39m[33m,[39m _req[33m:[39m [33mRequest[39m[33m,[39m 
res[33m:[39m [33mResponse[39m[33m,[39m _next[33m:[39m 
[33mNextFunction[39m) [33m=>[39m {
    [31m[1m>[22m[39m[90m 61 |[39m     
console[33m.[39merror(err)[33m;[39m
     [90m    |[39m             [31m[1m^[22m[39m
     [90m 62 |[39m     [36mif[39m 
(err[33m.[39mmessage[33m.[39mincludes([32m"Unauthorized"[39m)) {
     [90m 63 |[39m       
res[33m.[39mstatus([35m401[39m)[33m.[39mjson({ message[33m:[39m 
err[33m.[39mmessage })[33m;[39m
     [90m 64 |[39m     } [36melse[39m [36mif[39m 
(err[33m.[39mmessage[33m.[39mincludes([32m"Forbidden"[39m)) {[0m

      at C:\Users\JackyLi(CTHK)../../../../../../OneDrive - Continuous 
Technologies International Limited/Documents/ERP_Test/server/src/app.ts:61:13
      at Layer.handleError (C:\Users\JackyLi(CTHK)../../../../../../OneDrive - 
Continuous Technologies International 
Limited/Documents/ERP_Test/node_modules/router/lib/layer.js:116:17)
      at trimPrefix (C:\Users\JackyLi(CTHK)../../../../../../OneDrive - 
Continuous Technologies International 
Limited/Documents/ERP_Test/node_modules/router/index.js:340:13)
      at C:\Users\JackyLi(CTHK)../../../../../../OneDrive - Continuous 
Technologies International 
Limited/Documents/ERP_Test/node_modules/router/index.js:297:9
      at processParams (C:\Users\JackyLi(CTHK)../../../../../../OneDrive - 
Continuous Technologies International 
Limited/Documents/ERP_Test/node_modules/router/index.js:582:12)
      at next (C:\Users\JackyLi(CTHK)../../../../../../OneDrive - Continuous 
Technologies International 
Limited/Documents/ERP_Test/node_modules/router/index.js:291:5)
      at Layer.handleError (C:\Users\JackyLi(CTHK)../../../../../../OneDrive - 
Continuous Technologies International 
Limited/Documents/ERP_Test/node_modules/router/lib/layer.js:111:12)
      at trimPrefix (C:\Users\JackyLi(CTHK)../../../../../../OneDrive - 
Continuous Technologies International 
Limited/Documents/ERP_Test/node_modules/router/index.js:340:13)
      at C:\Users\JackyLi(CTHK)../../../../../../OneDrive - Continuous 
Technologies International 
Limited/Documents/ERP_Test/node_modules/router/index.js:297:9
      at processParams (C:\Users\JackyLi(CTHK)../../../../../../OneDrive - 
Continuous Technologies International 
Limited/Documents/ERP_Test/node_modules/router/index.js:582:12)
      at next (C:\Users\JackyLi(CTHK)../../../../../../OneDrive - Continuous 
Technologies International 
Limited/Documents/ERP_Test/node_modules/router/index.js:291:5)
      at C:\Users\JackyLi(CTHK)../../../../../../OneDrive - Continuous 
Technologies International 
Limited/Documents/ERP_Test/node_modules/router/index.js:688:15
      at Immediate.next (C:\Users\JackyLi(CTHK)../../../../../../OneDrive - 
Continuous Technologies International 
Limited/Documents/ERP_Test/node_modules/router/index.js:276:14)
      at Immediate._onImmediate 
(C:\Users\JackyLi(CTHK)../../../../../../OneDrive - Continuous Technologies 
International Limited/Documents/ERP_Test/node_modules/router/index.js:688:15)

    console.error
      Error: Forbidden: User role 'MANAGER' does not have permission for this 
resource
          at C:\Users\JackyLi(CTHK)\OneDrive - Continuous Technologies 
International 
Limited\Documents\ERP_Test\server\src\middleware\requireRole.ts:17:13
          at Layer.handleRequest (C:\Users\JackyLi(CTHK)\OneDrive - Continuous 
Technologies International 
Limited\Documents\ERP_Test\node_modules\router\lib\layer.js:152:17)
          at next (C:\Users\JackyLi(CTHK)\OneDrive - Continuous Technologies 
International 
Limited\Documents\ERP_Test\node_modules\router\lib\route.js:157:13)
          at requireAuth (C:\Users\JackyLi(CTHK)\OneDrive - Continuous 
Technologies International 
Limited\Documents\ERP_Test\server\src\middleware\requireAuth.ts:23:5)
          at Layer.handleRequest (C:\Users\JackyLi(CTHK)\OneDrive - Continuous 
Technologies International 
Limited\Documents\ERP_Test\node_modules\router\lib\layer.js:152:17)
          at next (C:\Users\JackyLi(CTHK)\OneDrive - Continuous Technologies 
International 
Limited\Documents\ERP_Test\node_modules\router\lib\route.js:157:13)
          at Route.dispatch (C:\Users\JackyLi(CTHK)\OneDrive - Continuous 
Technologies International 
Limited\Documents\ERP_Test\node_modules\router\lib\route.js:117:3)
          at handle (C:\Users\JackyLi(CTHK)\OneDrive - Continuous Technologies 
International Limited\Documents\ERP_Test\node_modules\router\index.js:435:11)
          at Layer.handleRequest (C:\Users\JackyLi(CTHK)\OneDrive - Continuous 
Technologies International 
Limited\Documents\ERP_Test\node_modules\router\lib\layer.js:152:17)
          at C:\Users\JackyLi(CTHK)\OneDrive - Continuous Technologies 
International Limited\Documents\ERP_Test\node_modules\router\index.js:295:15
          at processParams (C:\Users\JackyLi(CTHK)\OneDrive - Continuous 
Technologies International 
Limited\Documents\ERP_Test\node_modules\router\index.js:582:12)
          at next (C:\Users\JackyLi(CTHK)\OneDrive - Continuous Technologies 
International Limited\Documents\ERP_Test\node_modules\router\index.js:291:5)
          at router.handle (C:\Users\JackyLi(CTHK)\OneDrive - Continuous 
Technologies International 
Limited\Documents\ERP_Test\node_modules\router\index.js:186:3)
          at router (C:\Users\JackyLi(CTHK)\OneDrive - Continuous Technologies 
International Limited\Documents\ERP_Test\node_modules\router\index.js:60:12)
          at Layer.handleRequest (C:\Users\JackyLi(CTHK)\OneDrive - Continuous 
Technologies International 
Limited\Documents\ERP_Test\node_modules\router\lib\layer.js:152:17)
          at trimPrefix (C:\Users\JackyLi(CTHK)\OneDrive - Continuous 
Technologies International 
Limited\Documents\ERP_Test\node_modules\router\index.js:342:13)
          at C:\Users\JackyLi(CTHK)\OneDrive - Continuous Technologies 
International Limited\Documents\ERP_Test\node_modules\router\index.js:297:9
          at processParams (C:\Users\JackyLi(CTHK)\OneDrive - Continuous 
Technologies International 
Limited\Documents\ERP_Test\node_modules\router\index.js:582:12)
          at next (C:\Users\JackyLi(CTHK)\OneDrive - Continuous Technologies 
International Limited\Documents\ERP_Test\node_modules\router\index.js:291:5)
          at C:\Users\JackyLi(CTHK)\OneDrive - Continuous Technologies 
International Limited\Documents\ERP_Test\node_modules\router\index.js:688:15
          at next (C:\Users\JackyLi(CTHK)\OneDrive - Continuous Technologies 
International Limited\Documents\ERP_Test\node_modules\router\index.js:276:14)
          at router.handle (C:\Users\JackyLi(CTHK)\OneDrive - Continuous 
Technologies International 
Limited\Documents\ERP_Test\node_modules\router\index.js:186:3)
          at router (C:\Users\JackyLi(CTHK)\OneDrive - Continuous Technologies 
International Limited\Documents\ERP_Test\node_modules\router\index.js:60:12)
          at Layer.handleRequest (C:\Users\JackyLi(CTHK)\OneDrive - Continuous 
Technologies International 
Limited\Documents\ERP_Test\node_modules\router\lib\layer.js:152:17)
          at trimPrefix (C:\Users\JackyLi(CTHK)\OneDrive - Continuous 
Technologies International 
Limited\Documents\ERP_Test\node_modules\router\index.js:342:13)
          at C:\Users\JackyLi(CTHK)\OneDrive - Continuous Technologies 
International Limited\Documents\ERP_Test\node_modules\router\index.js:297:9
          at processParams (C:\Users\JackyLi(CTHK)\OneDrive - Continuous 
Technologies International 
Limited\Documents\ERP_Test\node_modules\router\index.js:582:12)
          at next (C:\Users\JackyLi(CTHK)\OneDrive - Continuous Technologies 
International Limited\Documents\ERP_Test\node_modules\router\index.js:291:5)
          ... collapsed 7 duplicate lines matching above lines ...
          at C:\Users\JackyLi(CTHK)\OneDrive - Continuous Technologies 
International 
Limited\Documents\ERP_Test\node_modules\express-rate-limit\dist\index.cjs:947:7
          at C:\Users\JackyLi(CTHK)\OneDrive - Continuous Technologies 
International 
Limited\Documents\ERP_Test\node_modules\express-rate-limit\dist\index.cjs:830:5

    [0m [90m 59 |[39m   [90m// eslint-disable-next-line 
@typescript-eslint/no-unused-vars[39m
     [90m 60 |[39m   app[33m.[39muse((err[33m:[39m 
[33mError[39m[33m,[39m _req[33m:[39m [33mRequest[39m[33m,[39m 
res[33m:[39m [33mResponse[39m[33m,[39m _next[33m:[39m 
[33mNextFunction[39m) [33m=>[39m {
    [31m[1m>[22m[39m[90m 61 |[39m     
console[33m.[39merror(err)[33m;[39m
     [90m    |[39m             [31m[1m^[22m[39m
     [90m 62 |[39m     [36mif[39m 
(err[33m.[39mmessage[33m.[39mincludes([32m"Unauthorized"[39m)) {
     [90m 63 |[39m       
res[33m.[39mstatus([35m401[39m)[33m.[39mjson({ message[33m:[39m 
err[33m.[39mmessage })[33m;[39m
     [90m 64 |[39m     } [36melse[39m [36mif[39m 
(err[33m.[39mmessage[33m.[39mincludes([32m"Forbidden"[39m)) {[0m

      at C:\Users\JackyLi(CTHK)../../../../../../OneDrive - Continuous 
Technologies International Limited/Documents/ERP_Test/server/src/app.ts:61:13
      at Layer.handleError (C:\Users\JackyLi(CTHK)../../../../../../OneDrive - 
Continuous Technologies International 
Limited/Documents/ERP_Test/node_modules/router/lib/layer.js:116:17)
      at trimPrefix (C:\Users\JackyLi(CTHK)../../../../../../OneDrive - 
Continuous Technologies International 
Limited/Documents/ERP_Test/node_modules/router/index.js:340:13)
      at C:\Users\JackyLi(CTHK)../../../../../../OneDrive - Continuous 
Technologies International 
Limited/Documents/ERP_Test/node_modules/router/index.js:297:9
      at processParams (C:\Users\JackyLi(CTHK)../../../../../../OneDrive - 
Continuous Technologies International 
Limited/Documents/ERP_Test/node_modules/router/index.js:582:12)
      at next (C:\Users\JackyLi(CTHK)../../../../../../OneDrive - Continuous 
Technologies International 
Limited/Documents/ERP_Test/node_modules/router/index.js:291:5)
      at Layer.handleError (C:\Users\JackyLi(CTHK)../../../../../../OneDrive - 
Continuous Technologies International 
Limited/Documents/ERP_Test/node_modules/router/lib/layer.js:111:12)
      at trimPrefix (C:\Users\JackyLi(CTHK)../../../../../../OneDrive - 
Continuous Technologies International 
Limited/Documents/ERP_Test/node_modules/router/index.js:340:13)
      at C:\Users\JackyLi(CTHK)../../../../../../OneDrive - Continuous 
Technologies International 
Limited/Documents/ERP_Test/node_modules/router/index.js:297:9
      at processParams (C:\Users\JackyLi(CTHK)../../../../../../OneDrive - 
Continuous Technologies International 
Limited/Documents/ERP_Test/node_modules/router/index.js:582:12)
      at next (C:\Users\JackyLi(CTHK)../../../../../../OneDrive - Continuous 
Technologies International 
Limited/Documents/ERP_Test/node_modules/router/index.js:291:5)
      at C:\Users\JackyLi(CTHK)../../../../../../OneDrive - Continuous 
Technologies International 
Limited/Documents/ERP_Test/node_modules/router/index.js:688:15
      at Immediate.next (C:\Users\JackyLi(CTHK)../../../../../../OneDrive - 
Continuous Technologies International 
Limited/Documents/ERP_Test/node_modules/router/index.js:276:14)
      at Immediate._onImmediate 
(C:\Users\JackyLi(CTHK)../../../../../../OneDrive - Continuous Technologies 
International Limited/Documents/ERP_Test/node_modules/router/index.js:688:15)

PASS src/__tests__/auth.login.test.ts
  ΓùÅ Console

    console.log
      [dotenv@17.3.1] injecting env (10) from ..\.env -- tip: ΓÜÖ∩╕Å  write to 
custom object with { processEnv: myObject }

      at _log (C:\Users\JackyLi(CTHK)../../../../../../OneDrive - Continuous 
Technologies International 
Limited/Documents/ERP_Test/node_modules/dotenv/lib/main.js:139:11)

PASS src/__tests__/leaveApproval.test.ts
  ΓùÅ Console

    console.log
      [dotenv@17.3.1] injecting env (10) from ..\.env -- tip: ≡ƒöÉ prevent 
building .env in docker: https://dotenvx.com/prebuild

      at _log (C:\Users\JackyLi(CTHK)../../../../../../OneDrive - Continuous 
Technologies International 
Limited/Documents/ERP_Test/node_modules/dotenv/lib/main.js:139:11)

PASS src/__tests__/leaveApproval.bulk.test.ts
  ΓùÅ Console

    console.log
      [dotenv@17.3.1] injecting env (10) from ..\.env -- tip: ΓÜÖ∩╕Å  suppress 
all logs with { quiet: true }

      at _log (C:\Users\JackyLi(CTHK)../../../../../../OneDrive - Continuous 
Technologies International 
Limited/Documents/ERP_Test/node_modules/dotenv/lib/main.js:139:11)

    console.error
      Error: Unauthorized: Missing or invalid Authorization header
          at requireAuth (C:\Users\JackyLi(CTHK)\OneDrive - Continuous 
Technologies International 
Limited\Documents\ERP_Test\server\src\middleware\requireAuth.ts:12:11)
          at Layer.handleRequest (C:\Users\JackyLi(CTHK)\OneDrive - Continuous 
Technologies International 
Limited\Documents\ERP_Test\node_modules\router\lib\layer.js:152:17)
          at next (C:\Users\JackyLi(CTHK)\OneDrive - Continuous Technologies 
International 
Limited\Documents\ERP_Test\node_modules\router\lib\route.js:157:13)
          at Route.dispatch (C:\Users\JackyLi(CTHK)\OneDrive - Continuous 
Technologies International 
Limited\Documents\ERP_Test\node_modules\router\lib\route.js:117:3)
          at handle (C:\Users\JackyLi(CTHK)\OneDrive - Continuous Technologies 
International Limited\Documents\ERP_Test\node_modules\router\index.js:435:11)
          at Layer.handleRequest (C:\Users\JackyLi(CTHK)\OneDrive - Continuous 
Technologies International 
Limited\Documents\ERP_Test\node_modules\router\lib\layer.js:152:17)
          at C:\Users\JackyLi(CTHK)\OneDrive - Continuous Technologies 
International Limited\Documents\ERP_Test\node_modules\router\index.js:295:15
          at processParams (C:\Users\JackyLi(CTHK)\OneDrive - Continuous 
Technologies International 
Limited\Documents\ERP_Test\node_modules\router\index.js:582:12)
          at next (C:\Users\JackyLi(CTHK)\OneDrive - Continuous Technologies 
International Limited\Documents\ERP_Test\node_modules\router\index.js:291:5)
          at router.handle (C:\Users\JackyLi(CTHK)\OneDrive - Continuous 
Technologies International 
Limited\Documents\ERP_Test\node_modules\router\index.js:186:3)
          at router (C:\Users\JackyLi(CTHK)\OneDrive - Continuous Technologies 
International Limited\Documents\ERP_Test\node_modules\router\index.js:60:12)
          at Layer.handleRequest (C:\Users\JackyLi(CTHK)\OneDrive - Continuous 
Technologies International 
Limited\Documents\ERP_Test\node_modules\router\lib\layer.js:152:17)
          at trimPrefix (C:\Users\JackyLi(CTHK)\OneDrive - Continuous 
Technologies International 
Limited\Documents\ERP_Test\node_modules\router\index.js:342:13)
          at C:\Users\JackyLi(CTHK)\OneDrive - Continuous Technologies 
International Limited\Documents\ERP_Test\node_modules\router\index.js:297:9
          at processParams (C:\Users\JackyLi(CTHK)\OneDrive - Continuous 
Technologies International 
Limited\Documents\ERP_Test\node_modules\router\index.js:582:12)
          at next (C:\Users\JackyLi(CTHK)\OneDrive - Continuous Technologies 
International Limited\Documents\ERP_Test\node_modules\router\index.js:291:5)
          at C:\Users\JackyLi(CTHK)\OneDrive - Continuous Technologies 
International Limited\Documents\ERP_Test\node_modules\router\index.js:688:15
          at next (C:\Users\JackyLi(CTHK)\OneDrive - Continuous Technologies 
International Limited\Documents\ERP_Test\node_modules\router\index.js:276:14)
          ... collapsed 9 duplicate lines matching above lines ...
          at router.handle (C:\Users\JackyLi(CTHK)\OneDrive - Continuous 
Technologies International 
Limited\Documents\ERP_Test\node_modules\router\index.js:186:3)
          at router (C:\Users\JackyLi(CTHK)\OneDrive - Continuous Technologies 
International Limited\Documents\ERP_Test\node_modules\router\index.js:60:12)
          at Layer.handleRequest (C:\Users\JackyLi(CTHK)\OneDrive - Continuous 
Technologies International 
Limited\Documents\ERP_Test\node_modules\router\lib\layer.js:152:17)
          at trimPrefix (C:\Users\JackyLi(CTHK)\OneDrive - Continuous 
Technologies International 
Limited\Documents\ERP_Test\node_modules\router\index.js:342:13)
          at C:\Users\JackyLi(CTHK)\OneDrive - Continuous Technologies 
International Limited\Documents\ERP_Test\node_modules\router\index.js:297:9
          at processParams (C:\Users\JackyLi(CTHK)\OneDrive - Continuous 
Technologies International 
Limited\Documents\ERP_Test\node_modules\router\index.js:582:12)
          at next (C:\Users\JackyLi(CTHK)\OneDrive - Continuous Technologies 
International Limited\Documents\ERP_Test\node_modules\router\index.js:291:5)
          ... collapsed 7 duplicate lines matching above lines ...
          at C:\Users\JackyLi(CTHK)\OneDrive - Continuous Technologies 
International 
Limited\Documents\ERP_Test\node_modules\express-rate-limit\dist\index.cjs:947:7
          at processTicksAndRejections 
(node:internal/process/task_queues:103:5)
          at C:\Users\JackyLi(CTHK)\OneDrive - Continuous Technologies 
International 
Limited\Documents\ERP_Test\node_modules\express-rate-limit\dist\index.cjs:830:5

    [0m [90m 59 |[39m   [90m// eslint-disable-next-line 
@typescript-eslint/no-unused-vars[39m
     [90m 60 |[39m   app[33m.[39muse((err[33m:[39m 
[33mError[39m[33m,[39m _req[33m:[39m [33mRequest[39m[33m,[39m 
res[33m:[39m [33mResponse[39m[33m,[39m _next[33m:[39m 
[33mNextFunction[39m) [33m=>[39m {
    [31m[1m>[22m[39m[90m 61 |[39m     
console[33m.[39merror(err)[33m;[39m
     [90m    |[39m             [31m[1m^[22m[39m
     [90m 62 |[39m     [36mif[39m 
(err[33m.[39mmessage[33m.[39mincludes([32m"Unauthorized"[39m)) {
     [90m 63 |[39m       
res[33m.[39mstatus([35m401[39m)[33m.[39mjson({ message[33m:[39m 
err[33m.[39mmessage })[33m;[39m
     [90m 64 |[39m     } [36melse[39m [36mif[39m 
(err[33m.[39mmessage[33m.[39mincludes([32m"Forbidden"[39m)) {[0m

      at C:\Users\JackyLi(CTHK)../../../../../../OneDrive - Continuous 
Technologies International Limited/Documents/ERP_Test/server/src/app.ts:61:13
      at Layer.handleError (C:\Users\JackyLi(CTHK)../../../../../../OneDrive - 
Continuous Technologies International 
Limited/Documents/ERP_Test/node_modules/router/lib/layer.js:116:17)
      at trimPrefix (C:\Users\JackyLi(CTHK)../../../../../../OneDrive - 
Continuous Technologies International 
Limited/Documents/ERP_Test/node_modules/router/index.js:340:13)
      at C:\Users\JackyLi(CTHK)../../../../../../OneDrive - Continuous 
Technologies International 
Limited/Documents/ERP_Test/node_modules/router/index.js:297:9
      at processParams (C:\Users\JackyLi(CTHK)../../../../../../OneDrive - 
Continuous Technologies International 
Limited/Documents/ERP_Test/node_modules/router/index.js:582:12)
      at next (C:\Users\JackyLi(CTHK)../../../../../../OneDrive - Continuous 
Technologies International 
Limited/Documents/ERP_Test/node_modules/router/index.js:291:5)
      at Layer.handleError (C:\Users\JackyLi(CTHK)../../../../../../OneDrive - 
Continuous Technologies International 
Limited/Documents/ERP_Test/node_modules/router/lib/layer.js:111:12)
      at trimPrefix (C:\Users\JackyLi(CTHK)../../../../../../OneDrive - 
Continuous Technologies International 
Limited/Documents/ERP_Test/node_modules/router/index.js:340:13)
      at C:\Users\JackyLi(CTHK)../../../../../../OneDrive - Continuous 
Technologies International 
Limited/Documents/ERP_Test/node_modules/router/index.js:297:9
      at processParams (C:\Users\JackyLi(CTHK)../../../../../../OneDrive - 
Continuous Technologies International 
Limited/Documents/ERP_Test/node_modules/router/index.js:582:12)
      at next (C:\Users\JackyLi(CTHK)../../../../../../OneDrive - Continuous 
Technologies International 
Limited/Documents/ERP_Test/node_modules/router/index.js:291:5)
      at C:\Users\JackyLi(CTHK)../../../../../../OneDrive - Continuous 
Technologies International 
Limited/Documents/ERP_Test/node_modules/router/index.js:688:15
      at next (C:\Users\JackyLi(CTHK)../../../../../../OneDrive - Continuous 
Technologies International 
Limited/Documents/ERP_Test/node_modules/router/index.js:276:14)
      at Layer.handleError (C:\Users\JackyLi(CTHK)../../../../../../OneDrive - 
Continuous Technologies International 
Limited/Documents/ERP_Test/node_modules/router/lib/layer.js:111:12)
      at trimPrefix (C:\Users\JackyLi(CTHK)../../../../../../OneDrive - 
Continuous Technologies International 
Limited/Documents/ERP_Test/node_modules/router/index.js:340:13)
      at C:\Users\JackyLi(CTHK)../../../../../../OneDrive - Continuous 
Technologies International 
Limited/Documents/ERP_Test/node_modules/router/index.js:297:9
      at processParams (C:\Users\JackyLi(CTHK)../../../../../../OneDrive - 
Continuous Technologies International 
Limited/Documents/ERP_Test/node_modules/router/index.js:582:12)
      at next (C:\Users\JackyLi(CTHK)../../../../../../OneDrive - Continuous 
Technologies International 
Limited/Documents/ERP_Test/node_modules/router/index.js:291:5)
      at C:\Users\JackyLi(CTHK)../../../../../../OneDrive - Continuous 
Technologies International 
Limited/Documents/ERP_Test/node_modules/router/index.js:688:15
      at next (C:\Users\JackyLi(CTHK)../../../../../../OneDrive - Continuous 
Technologies International 
Limited/Documents/ERP_Test/node_modules/router/index.js:276:14)
      at next (C:\Users\JackyLi(CTHK)../../../../../../OneDrive - Continuous 
Technologies International 
Limited/Documents/ERP_Test/node_modules/router/lib/route.js:132:14)
      at Layer.handleError (C:\Users\JackyLi(CTHK)../../../../../../OneDrive - 
Continuous Technologies International 
Limited/Documents/ERP_Test/node_modules/router/lib/layer.js:111:12)
      at next (C:\Users\JackyLi(CTHK)../../../../../../OneDrive - Continuous 
Technologies International 
Limited/Documents/ERP_Test/node_modules/router/lib/route.js:155:13)
      at Layer.handleError (C:\Users\JackyLi(CTHK)../../../../../../OneDrive - 
Continuous Technologies International 
Limited/Documents/ERP_Test/node_modules/router/lib/layer.js:111:12)
      at next (C:\Users\JackyLi(CTHK)../../../../../../OneDrive - Continuous 
Technologies International 
Limited/Documents/ERP_Test/node_modules/router/lib/route.js:155:13)
      at Layer.handleRequest (C:\Users\JackyLi(CTHK)../../../../../../OneDrive 
- Continuous Technologies International 
Limited/Documents/ERP_Test/node_modules/router/lib/layer.js:165:5)
      at next (C:\Users\JackyLi(CTHK)../../../../../../OneDrive - Continuous 
Technologies International 
Limited/Documents/ERP_Test/node_modules/router/lib/route.js:157:13)
      at Route.dispatch (C:\Users\JackyLi(CTHK)../../../../../../OneDrive - 
Continuous Technologies International 
Limited/Documents/ERP_Test/node_modules/router/lib/route.js:117:3)
      at handle (C:\Users\JackyLi(CTHK)../../../../../../OneDrive - Continuous 
Technologies International 
Limited/Documents/ERP_Test/node_modules/router/index.js:435:11)
      at Layer.handleRequest (C:\Users\JackyLi(CTHK)../../../../../../OneDrive 
- Continuous Technologies International 
Limited/Documents/ERP_Test/node_modules/router/lib/layer.js:152:17)
      at C:\Users\JackyLi(CTHK)../../../../../../OneDrive - Continuous 
Technologies International 
Limited/Documents/ERP_Test/node_modules/router/index.js:295:15
      at processParams (C:\Users\JackyLi(CTHK)../../../../../../OneDrive - 
Continuous Technologies International 
Limited/Documents/ERP_Test/node_modules/router/index.js:582:12)
      at next (C:\Users\JackyLi(CTHK)../../../../../../OneDrive - Continuous 
Technologies International 
Limited/Documents/ERP_Test/node_modules/router/index.js:291:5)
      at router.handle (C:\Users\JackyLi(CTHK)../../../../../../OneDrive - 
Continuous Technologies International 
Limited/Documents/ERP_Test/node_modules/router/index.js:186:3)
      at router (C:\Users\JackyLi(CTHK)../../../../../../OneDrive - Continuous 
Technologies International 
Limited/Documents/ERP_Test/node_modules/router/index.js:60:12)
      at Layer.handleRequest (C:\Users\JackyLi(CTHK)../../../../../../OneDrive 
- Continuous Technologies International 
Limited/Documents/ERP_Test/node_modules/router/lib/layer.js:152:17)
      at trimPrefix (C:\Users\JackyLi(CTHK)../../../../../../OneDrive - 
Continuous Technologies International 
Limited/Documents/ERP_Test/node_modules/router/index.js:342:13)
      at C:\Users\JackyLi(CTHK)../../../../../../OneDrive - Continuous 
Technologies International 
Limited/Documents/ERP_Test/node_modules/router/index.js:297:9
      at processParams (C:\Users\JackyLi(CTHK)../../../../../../OneDrive - 
Continuous Technologies International 
Limited/Documents/ERP_Test/node_modules/router/index.js:582:12)
      at next (C:\Users\JackyLi(CTHK)../../../../../../OneDrive - Continuous 
Technologies International 
Limited/Documents/ERP_Test/node_modules/router/index.js:291:5)
      at C:\Users\JackyLi(CTHK)../../../../../../OneDrive - Continuous 
Technologies International 
Limited/Documents/ERP_Test/node_modules/router/index.js:688:15
      at next (C:\Users\JackyLi(CTHK)../../../../../../OneDrive - Continuous 
Technologies International 
Limited/Documents/ERP_Test/node_modules/router/index.js:276:14)
      at router.handle (C:\Users\JackyLi(CTHK)../../../../../../OneDrive - 
Continuous Technologies International 
Limited/Documents/ERP_Test/node_modules/router/index.js:186:3)
      at router (C:\Users\JackyLi(CTHK)../../../../../../OneDrive - Continuous 
Technologies International 
Limited/Documents/ERP_Test/node_modules/router/index.js:60:12)
      at Layer.handleRequest (C:\Users\JackyLi(CTHK)../../../../../../OneDrive 
- Continuous Technologies International 
Limited/Documents/ERP_Test/node_modules/router/lib/layer.js:152:17)
      at trimPrefix (C:\Users\JackyLi(CTHK)../../../../../../OneDrive - 
Continuous Technologies International 
Limited/Documents/ERP_Test/node_modules/router/index.js:342:13)
      at C:\Users\JackyLi(CTHK)../../../../../../OneDrive - Continuous 
Technologies International 
Limited/Documents/ERP_Test/node_modules/router/index.js:297:9
      at processParams (C:\Users\JackyLi(CTHK)../../../../../../OneDrive - 
Continuous Technologies International 
Limited/Documents/ERP_Test/node_modules/router/index.js:582:12)
      at next (C:\Users\JackyLi(CTHK)../../../../../../OneDrive - Continuous 
Technologies International 
Limited/Documents/ERP_Test/node_modules/router/index.js:291:5)
      at C:\Users\JackyLi(CTHK)../../../../../../OneDrive - Continuous 
Technologies International 
Limited/Documents/ERP_Test/node_modules/router/index.js:688:15
      at next (C:\Users\JackyLi(CTHK)../../../../../../OneDrive - Continuous 
Technologies International 
Limited/Documents/ERP_Test/node_modules/router/index.js:276:14)
      at router.handle (C:\Users\JackyLi(CTHK)../../../../../../OneDrive - 
Continuous Technologies International 
Limited/Documents/ERP_Test/node_modules/router/index.js:186:3)
      at router (C:\Users\JackyLi(CTHK)../../../../../../OneDrive - Continuous 
Technologies International 
Limited/Documents/ERP_Test/node_modules/router/index.js:60:12)
      at Layer.handleRequest (C:\Users\JackyLi(CTHK)../../../../../../OneDrive 
- Continuous Technologies International 
Limited/Documents/ERP_Test/node_modules/router/lib/layer.js:152:17)
      at trimPrefix (C:\Users\JackyLi(CTHK)../../../../../../OneDrive - 
Continuous Technologies International 
Limited/Documents/ERP_Test/node_modules/router/index.js:342:13)
      at C:\Users\JackyLi(CTHK)../../../../../../OneDrive - Continuous 
Technologies International 
Limited/Documents/ERP_Test/node_modules/router/index.js:297:9
      at processParams (C:\Users\JackyLi(CTHK)../../../../../../OneDrive - 
Continuous Technologies International 
Limited/Documents/ERP_Test/node_modules/router/index.js:582:12)
      at next (C:\Users\JackyLi(CTHK)../../../../../../OneDrive - Continuous 
Technologies International 
Limited/Documents/ERP_Test/node_modules/router/index.js:291:5)
      at router.handle (C:\Users\JackyLi(CTHK)../../../../../../OneDrive - 
Continuous Technologies International 
Limited/Documents/ERP_Test/node_modules/router/index.js:186:3)
      at router (C:\Users\JackyLi(CTHK)../../../../../../OneDrive - Continuous 
Technologies International 
Limited/Documents/ERP_Test/node_modules/router/index.js:60:12)
      at Layer.handleRequest (C:\Users\JackyLi(CTHK)../../../../../../OneDrive 
- Continuous Technologies International 
Limited/Documents/ERP_Test/node_modules/router/lib/layer.js:152:17)
      at trimPrefix (C:\Users\JackyLi(CTHK)../../../../../../OneDrive - 
Continuous Technologies International 
Limited/Documents/ERP_Test/node_modules/router/index.js:342:13)
      at C:\Users\JackyLi(CTHK)../../../../../../OneDrive - Continuous 
Technologies International 
Limited/Documents/ERP_Test/node_modules/router/index.js:297:9
      at processParams (C:\Users\JackyLi(CTHK)../../../../../../OneDrive - 
Continuous Technologies International 
Limited/Documents/ERP_Test/node_modules/router/index.js:582:12)
      at next (C:\Users\JackyLi(CTHK)../../../../../../OneDrive - Continuous 
Technologies International 
Limited/Documents/ERP_Test/node_modules/router/index.js:291:5)
      at C:\Users\JackyLi(CTHK)../../../../../../OneDrive - Continuous 
Technologies International 
Limited/Documents/ERP_Test/node_modules/express-rate-limit/dist/index.cjs:947:7
      at C:\Users\JackyLi(CTHK)../../../../../../OneDrive - Continuous 
Technologies International 
Limited/Documents/ERP_Test/node_modules/express-rate-limit/dist/index.cjs:830:5

    console.error
      Error: Forbidden: User role 'EMPLOYEE' does not have permission for this 
resource
          at C:\Users\JackyLi(CTHK)\OneDrive - Continuous Technologies 
International 
Limited\Documents\ERP_Test\server\src\middleware\requireRole.ts:17:13
          at Layer.handleRequest (C:\Users\JackyLi(CTHK)\OneDrive - Continuous 
Technologies International 
Limited\Documents\ERP_Test\node_modules\router\lib\layer.js:152:17)
          at next (C:\Users\JackyLi(CTHK)\OneDrive - Continuous Technologies 
International 
Limited\Documents\ERP_Test\node_modules\router\lib\route.js:157:13)
          at requireAuth (C:\Users\JackyLi(CTHK)\OneDrive - Continuous 
Technologies International 
Limited\Documents\ERP_Test\server\src\middleware\requireAuth.ts:23:5)
          at Layer.handleRequest (C:\Users\JackyLi(CTHK)\OneDrive - Continuous 
Technologies International 
Limited\Documents\ERP_Test\node_modules\router\lib\layer.js:152:17)
          at next (C:\Users\JackyLi(CTHK)\OneDrive - Continuous Technologies 
International 
Limited\Documents\ERP_Test\node_modules\router\lib\route.js:157:13)
          at Route.dispatch (C:\Users\JackyLi(CTHK)\OneDrive - Continuous 
Technologies International 
Limited\Documents\ERP_Test\node_modules\router\lib\route.js:117:3)
          at handle (C:\Users\JackyLi(CTHK)\OneDrive - Continuous Technologies 
International Limited\Documents\ERP_Test\node_modules\router\index.js:435:11)
          at Layer.handleRequest (C:\Users\JackyLi(CTHK)\OneDrive - Continuous 
Technologies International 
Limited\Documents\ERP_Test\node_modules\router\lib\layer.js:152:17)
          at C:\Users\JackyLi(CTHK)\OneDrive - Continuous Technologies 
International Limited\Documents\ERP_Test\node_modules\router\index.js:295:15
          at processParams (C:\Users\JackyLi(CTHK)\OneDrive - Continuous 
Technologies International 
Limited\Documents\ERP_Test\node_modules\router\index.js:582:12)
          at next (C:\Users\JackyLi(CTHK)\OneDrive - Continuous Technologies 
International Limited\Documents\ERP_Test\node_modules\router\index.js:291:5)
          at router.handle (C:\Users\JackyLi(CTHK)\OneDrive - Continuous 
Technologies International 
Limited\Documents\ERP_Test\node_modules\router\index.js:186:3)
          at router (C:\Users\JackyLi(CTHK)\OneDrive - Continuous Technologies 
International Limited\Documents\ERP_Test\node_modules\router\index.js:60:12)
          at Layer.handleRequest (C:\Users\JackyLi(CTHK)\OneDrive - Continuous 
Technologies International 
Limited\Documents\ERP_Test\node_modules\router\lib\layer.js:152:17)
          at trimPrefix (C:\Users\JackyLi(CTHK)\OneDrive - Continuous 
Technologies International 
Limited\Documents\ERP_Test\node_modules\router\index.js:342:13)
          at C:\Users\JackyLi(CTHK)\OneDrive - Continuous Technologies 
International Limited\Documents\ERP_Test\node_modules\router\index.js:297:9
          at processParams (C:\Users\JackyLi(CTHK)\OneDrive - Continuous 
Technologies International 
Limited\Documents\ERP_Test\node_modules\router\index.js:582:12)
          at next (C:\Users\JackyLi(CTHK)\OneDrive - Continuous Technologies 
International Limited\Documents\ERP_Test\node_modules\router\index.js:291:5)
          at C:\Users\JackyLi(CTHK)\OneDrive - Continuous Technologies 
International Limited\Documents\ERP_Test\node_modules\router\index.js:688:15
          at next (C:\Users\JackyLi(CTHK)\OneDrive - Continuous Technologies 
International Limited\Documents\ERP_Test\node_modules\router\index.js:276:14)
          ... collapsed 9 duplicate lines matching above lines ...
          at router.handle (C:\Users\JackyLi(CTHK)\OneDrive - Continuous 
Technologies International 
Limited\Documents\ERP_Test\node_modules\router\index.js:186:3)
          at router (C:\Users\JackyLi(CTHK)\OneDrive - Continuous Technologies 
International Limited\Documents\ERP_Test\node_modules\router\index.js:60:12)
          at Layer.handleRequest (C:\Users\JackyLi(CTHK)\OneDrive - Continuous 
Technologies International 
Limited\Documents\ERP_Test\node_modules\router\lib\layer.js:152:17)
          at trimPrefix (C:\Users\JackyLi(CTHK)\OneDrive - Continuous 
Technologies International 
Limited\Documents\ERP_Test\node_modules\router\index.js:342:13)
          at C:\Users\JackyLi(CTHK)\OneDrive - Continuous Technologies 
International Limited\Documents\ERP_Test\node_modules\router\index.js:297:9
          at processParams (C:\Users\JackyLi(CTHK)\OneDrive - Continuous 
Technologies International 
Limited\Documents\ERP_Test\node_modules\router\index.js:582:12)
          at next (C:\Users\JackyLi(CTHK)\OneDrive - Continuous Technologies 
International Limited\Documents\ERP_Test\node_modules\router\index.js:291:5)
          ... collapsed 7 duplicate lines matching above lines ...
          at C:\Users\JackyLi(CTHK)\OneDrive - Continuous Technologies 
International 
Limited\Documents\ERP_Test\node_modules\express-rate-limit\dist\index.cjs:947:7
          at processTicksAndRejections 
(node:internal/process/task_queues:103:5)
          at C:\Users\JackyLi(CTHK)\OneDrive - Continuous Technologies 
International 
Limited\Documents\ERP_Test\node_modules\express-rate-limit\dist\index.cjs:830:5

    [0m [90m 59 |[39m   [90m// eslint-disable-next-line 
@typescript-eslint/no-unused-vars[39m
     [90m 60 |[39m   app[33m.[39muse((err[33m:[39m 
[33mError[39m[33m,[39m _req[33m:[39m [33mRequest[39m[33m,[39m 
res[33m:[39m [33mResponse[39m[33m,[39m _next[33m:[39m 
[33mNextFunction[39m) [33m=>[39m {
    [31m[1m>[22m[39m[90m 61 |[39m     
console[33m.[39merror(err)[33m;[39m
     [90m    |[39m             [31m[1m^[22m[39m
     [90m 62 |[39m     [36mif[39m 
(err[33m.[39mmessage[33m.[39mincludes([32m"Unauthorized"[39m)) {
     [90m 63 |[39m       
res[33m.[39mstatus([35m401[39m)[33m.[39mjson({ message[33m:[39m 
err[33m.[39mmessage })[33m;[39m
     [90m 64 |[39m     } [36melse[39m [36mif[39m 
(err[33m.[39mmessage[33m.[39mincludes([32m"Forbidden"[39m)) {[0m

      at C:\Users\JackyLi(CTHK)../../../../../../OneDrive - Continuous 
Technologies International Limited/Documents/ERP_Test/server/src/app.ts:61:13
      at Layer.handleError (C:\Users\JackyLi(CTHK)../../../../../../OneDrive - 
Continuous Technologies International 
Limited/Documents/ERP_Test/node_modules/router/lib/layer.js:116:17)
      at trimPrefix (C:\Users\JackyLi(CTHK)../../../../../../OneDrive - 
Continuous Technologies International 
Limited/Documents/ERP_Test/node_modules/router/index.js:340:13)
      at C:\Users\JackyLi(CTHK)../../../../../../OneDrive - Continuous 
Technologies International 
Limited/Documents/ERP_Test/node_modules/router/index.js:297:9
      at processParams (C:\Users\JackyLi(CTHK)../../../../../../OneDrive - 
Continuous Technologies International 
Limited/Documents/ERP_Test/node_modules/router/index.js:582:12)
      at next (C:\Users\JackyLi(CTHK)../../../../../../OneDrive - Continuous 
Technologies International 
Limited/Documents/ERP_Test/node_modules/router/index.js:291:5)
      at Layer.handleError (C:\Users\JackyLi(CTHK)../../../../../../OneDrive - 
Continuous Technologies International 
Limited/Documents/ERP_Test/node_modules/router/lib/layer.js:111:12)
      at trimPrefix (C:\Users\JackyLi(CTHK)../../../../../../OneDrive - 
Continuous Technologies International 
Limited/Documents/ERP_Test/node_modules/router/index.js:340:13)
      at C:\Users\JackyLi(CTHK)../../../../../../OneDrive - Continuous 
Technologies International 
Limited/Documents/ERP_Test/node_modules/router/index.js:297:9
      at processParams (C:\Users\JackyLi(CTHK)../../../../../../OneDrive - 
Continuous Technologies International 
Limited/Documents/ERP_Test/node_modules/router/index.js:582:12)
      at next (C:\Users\JackyLi(CTHK)../../../../../../OneDrive - Continuous 
Technologies International 
Limited/Documents/ERP_Test/node_modules/router/index.js:291:5)
      at C:\Users\JackyLi(CTHK)../../../../../../OneDrive - Continuous 
Technologies International 
Limited/Documents/ERP_Test/node_modules/router/index.js:688:15
      at next (C:\Users\JackyLi(CTHK)../../../../../../OneDrive - Continuous 
Technologies International 
Limited/Documents/ERP_Test/node_modules/router/index.js:276:14)
      at Layer.handleError (C:\Users\JackyLi(CTHK)../../../../../../OneDrive - 
Continuous Technologies International 
Limited/Documents/ERP_Test/node_modules/router/lib/layer.js:111:12)
      at trimPrefix (C:\Users\JackyLi(CTHK)../../../../../../OneDrive - 
Continuous Technologies International 
Limited/Documents/ERP_Test/node_modules/router/index.js:340:13)
      at C:\Users\JackyLi(CTHK)../../../../../../OneDrive - Continuous 
Technologies International 
Limited/Documents/ERP_Test/node_modules/router/index.js:297:9
      at processParams (C:\Users\JackyLi(CTHK)../../../../../../OneDrive - 
Continuous Technologies International 
Limited/Documents/ERP_Test/node_modules/router/index.js:582:12)
      at next (C:\Users\JackyLi(CTHK)../../../../../../OneDrive - Continuous 
Technologies International 
Limited/Documents/ERP_Test/node_modules/router/index.js:291:5)
      at C:\Users\JackyLi(CTHK)../../../../../../OneDrive - Continuous 
Technologies International 
Limited/Documents/ERP_Test/node_modules/router/index.js:688:15
      at next (C:\Users\JackyLi(CTHK)../../../../../../OneDrive - Continuous 
Technologies International 
Limited/Documents/ERP_Test/node_modules/router/index.js:276:14)
      at next (C:\Users\JackyLi(CTHK)../../../../../../OneDrive - Continuous 
Technologies International 
Limited/Documents/ERP_Test/node_modules/router/lib/route.js:132:14)
      at Layer.handleError (C:\Users\JackyLi(CTHK)../../../../../../OneDrive - 
Continuous Technologies International 
Limited/Documents/ERP_Test/node_modules/router/lib/layer.js:111:12)
      at next (C:\Users\JackyLi(CTHK)../../../../../../OneDrive - Continuous 
Technologies International 
Limited/Documents/ERP_Test/node_modules/router/lib/route.js:155:13)
      at Layer.handleRequest (C:\Users\JackyLi(CTHK)../../../../../../OneDrive 
- Continuous Technologies International 
Limited/Documents/ERP_Test/node_modules/router/lib/layer.js:165:5)
      at next (C:\Users\JackyLi(CTHK)../../../../../../OneDrive - Continuous 
Technologies International 
Limited/Documents/ERP_Test/node_modules/router/lib/route.js:157:13)
      at requireAuth (C:\Users\JackyLi(CTHK)../../../../../../OneDrive - 
Continuous Technologies International 
Limited/Documents/ERP_Test/server/src/middleware/requireAuth.ts:23:5)
      at Layer.handleRequest (C:\Users\JackyLi(CTHK)../../../../../../OneDrive 
- Continuous Technologies International 
Limited/Documents/ERP_Test/node_modules/router/lib/layer.js:152:17)
      at next (C:\Users\JackyLi(CTHK)../../../../../../OneDrive - Continuous 
Technologies International 
Limited/Documents/ERP_Test/node_modules/router/lib/route.js:157:13)
      at Route.dispatch (C:\Users\JackyLi(CTHK)../../../../../../OneDrive - 
Continuous Technologies International 
Limited/Documents/ERP_Test/node_modules/router/lib/route.js:117:3)
      at handle (C:\Users\JackyLi(CTHK)../../../../../../OneDrive - Continuous 
Technologies International 
Limited/Documents/ERP_Test/node_modules/router/index.js:435:11)
      at Layer.handleRequest (C:\Users\JackyLi(CTHK)../../../../../../OneDrive 
- Continuous Technologies International 
Limited/Documents/ERP_Test/node_modules/router/lib/layer.js:152:17)
      at C:\Users\JackyLi(CTHK)../../../../../../OneDrive - Continuous 
Technologies International 
Limited/Documents/ERP_Test/node_modules/router/index.js:295:15
      at processParams (C:\Users\JackyLi(CTHK)../../../../../../OneDrive - 
Continuous Technologies International 
Limited/Documents/ERP_Test/node_modules/router/index.js:582:12)
      at next (C:\Users\JackyLi(CTHK)../../../../../../OneDrive - Continuous 
Technologies International 
Limited/Documents/ERP_Test/node_modules/router/index.js:291:5)
      at router.handle (C:\Users\JackyLi(CTHK)../../../../../../OneDrive - 
Continuous Technologies International 
Limited/Documents/ERP_Test/node_modules/router/index.js:186:3)
      at router (C:\Users\JackyLi(CTHK)../../../../../../OneDrive - Continuous 
Technologies International 
Limited/Documents/ERP_Test/node_modules/router/index.js:60:12)
      at Layer.handleRequest (C:\Users\JackyLi(CTHK)../../../../../../OneDrive 
- Continuous Technologies International 
Limited/Documents/ERP_Test/node_modules/router/lib/layer.js:152:17)
      at trimPrefix (C:\Users\JackyLi(CTHK)../../../../../../OneDrive - 
Continuous Technologies International 
Limited/Documents/ERP_Test/node_modules/router/index.js:342:13)
      at C:\Users\JackyLi(CTHK)../../../../../../OneDrive - Continuous 
Technologies International 
Limited/Documents/ERP_Test/node_modules/router/index.js:297:9
      at processParams (C:\Users\JackyLi(CTHK)../../../../../../OneDrive - 
Continuous Technologies International 
Limited/Documents/ERP_Test/node_modules/router/index.js:582:12)
      at next (C:\Users\JackyLi(CTHK)../../../../../../OneDrive - Continuous 
Technologies International 
Limited/Documents/ERP_Test/node_modules/router/index.js:291:5)
      at C:\Users\JackyLi(CTHK)../../../../../../OneDrive - Continuous 
Technologies International 
Limited/Documents/ERP_Test/node_modules/router/index.js:688:15
      at next (C:\Users\JackyLi(CTHK)../../../../../../OneDrive - Continuous 
Technologies International 
Limited/Documents/ERP_Test/node_modules/router/index.js:276:14)
      at router.handle (C:\Users\JackyLi(CTHK)../../../../../../OneDrive - 
Continuous Technologies International 
Limited/Documents/ERP_Test/node_modules/router/index.js:186:3)
      at router (C:\Users\JackyLi(CTHK)../../../../../../OneDrive - Continuous 
Technologies International 
Limited/Documents/ERP_Test/node_modules/router/index.js:60:12)
      at Layer.handleRequest (C:\Users\JackyLi(CTHK)../../../../../../OneDrive 
- Continuous Technologies International 
Limited/Documents/ERP_Test/node_modules/router/lib/layer.js:152:17)
      at trimPrefix (C:\Users\JackyLi(CTHK)../../../../../../OneDrive - 
Continuous Technologies International 
Limited/Documents/ERP_Test/node_modules/router/index.js:342:13)
      at C:\Users\JackyLi(CTHK)../../../../../../OneDrive - Continuous 
Technologies International 
Limited/Documents/ERP_Test/node_modules/router/index.js:297:9
      at processParams (C:\Users\JackyLi(CTHK)../../../../../../OneDrive - 
Continuous Technologies International 
Limited/Documents/ERP_Test/node_modules/router/index.js:582:12)
      at next (C:\Users\JackyLi(CTHK)../../../../../../OneDrive - Continuous 
Technologies International 
Limited/Documents/ERP_Test/node_modules/router/index.js:291:5)
      at C:\Users\JackyLi(CTHK)../../../../../../OneDrive - Continuous 
Technologies International 
Limited/Documents/ERP_Test/node_modules/router/index.js:688:15
      at next (C:\Users\JackyLi(CTHK)../../../../../../OneDrive - Continuous 
Technologies International 
Limited/Documents/ERP_Test/node_modules/router/index.js:276:14)
      at router.handle (C:\Users\JackyLi(CTHK)../../../../../../OneDrive - 
Continuous Technologies International 
Limited/Documents/ERP_Test/node_modules/router/index.js:186:3)
      at router (C:\Users\JackyLi(CTHK)../../../../../../OneDrive - Continuous 
Technologies International 
Limited/Documents/ERP_Test/node_modules/router/index.js:60:12)
      at Layer.handleRequest (C:\Users\JackyLi(CTHK)../../../../../../OneDrive 
- Continuous Technologies International 
Limited/Documents/ERP_Test/node_modules/router/lib/layer.js:152:17)
      at trimPrefix (C:\Users\JackyLi(CTHK)../../../../../../OneDrive - 
Continuous Technologies International 
Limited/Documents/ERP_Test/node_modules/router/index.js:342:13)
      at C:\Users\JackyLi(CTHK)../../../../../../OneDrive - Continuous 
Technologies International 
Limited/Documents/ERP_Test/node_modules/router/index.js:297:9
      at processParams (C:\Users\JackyLi(CTHK)../../../../../../OneDrive - 
Continuous Technologies International 
Limited/Documents/ERP_Test/node_modules/router/index.js:582:12)
      at next (C:\Users\JackyLi(CTHK)../../../../../../OneDrive - Continuous 
Technologies International 
Limited/Documents/ERP_Test/node_modules/router/index.js:291:5)
      at router.handle (C:\Users\JackyLi(CTHK)../../../../../../OneDrive - 
Continuous Technologies International 
Limited/Documents/ERP_Test/node_modules/router/index.js:186:3)
      at router (C:\Users\JackyLi(CTHK)../../../../../../OneDrive - Continuous 
Technologies International 
Limited/Documents/ERP_Test/node_modules/router/index.js:60:12)
      at Layer.handleRequest (C:\Users\JackyLi(CTHK)../../../../../../OneDrive 
- Continuous Technologies International 
Limited/Documents/ERP_Test/node_modules/router/lib/layer.js:152:17)
      at trimPrefix (C:\Users\JackyLi(CTHK)../../../../../../OneDrive - 
Continuous Technologies International 
Limited/Documents/ERP_Test/node_modules/router/index.js:342:13)
      at C:\Users\JackyLi(CTHK)../../../../../../OneDrive - Continuous 
Technologies International 
Limited/Documents/ERP_Test/node_modules/router/index.js:297:9
      at processParams (C:\Users\JackyLi(CTHK)../../../../../../OneDrive - 
Continuous Technologies International 
Limited/Documents/ERP_Test/node_modules/router/index.js:582:12)
      at next (C:\Users\JackyLi(CTHK)../../../../../../OneDrive - Continuous 
Technologies International 
Limited/Documents/ERP_Test/node_modules/router/index.js:291:5)
      at C:\Users\JackyLi(CTHK)../../../../../../OneDrive - Continuous 
Technologies International 
Limited/Documents/ERP_Test/node_modules/express-rate-limit/dist/index.cjs:947:7
      at C:\Users\JackyLi(CTHK)../../../../../../OneDrive - Continuous 
Technologies International 
Limited/Documents/ERP_Test/node_modules/express-rate-limit/dist/index.cjs:830:5

    console.error
      Error: Forbidden: User role 'EMPLOYEE' does not have permission for this 
resource
          at C:\Users\JackyLi(CTHK)\OneDrive - Continuous Technologies 
International 
Limited\Documents\ERP_Test\server\src\middleware\requireRole.ts:17:13
          at Layer.handleRequest (C:\Users\JackyLi(CTHK)\OneDrive - Continuous 
Technologies International 
Limited\Documents\ERP_Test\node_modules\router\lib\layer.js:152:17)
          at next (C:\Users\JackyLi(CTHK)\OneDrive - Continuous Technologies 
International 
Limited\Documents\ERP_Test\node_modules\router\lib\route.js:157:13)
          at requireAuth (C:\Users\JackyLi(CTHK)\OneDrive - Continuous 
Technologies International 
Limited\Documents\ERP_Test\server\src\middleware\requireAuth.ts:23:5)
          at Layer.handleRequest (C:\Users\JackyLi(CTHK)\OneDrive - Continuous 
Technologies International 
Limited\Documents\ERP_Test\node_modules\router\lib\layer.js:152:17)
          at next (C:\Users\JackyLi(CTHK)\OneDrive - Continuous Technologies 
International 
Limited\Documents\ERP_Test\node_modules\router\lib\route.js:157:13)
          at Route.dispatch (C:\Users\JackyLi(CTHK)\OneDrive - Continuous 
Technologies International 
Limited\Documents\ERP_Test\node_modules\router\lib\route.js:117:3)
          at handle (C:\Users\JackyLi(CTHK)\OneDrive - Continuous Technologies 
International Limited\Documents\ERP_Test\node_modules\router\index.js:435:11)
          at Layer.handleRequest (C:\Users\JackyLi(CTHK)\OneDrive - Continuous 
Technologies International 
Limited\Documents\ERP_Test\node_modules\router\lib\layer.js:152:17)
          at C:\Users\JackyLi(CTHK)\OneDrive - Continuous Technologies 
International Limited\Documents\ERP_Test\node_modules\router\index.js:295:15
          at processParams (C:\Users\JackyLi(CTHK)\OneDrive - Continuous 
Technologies International 
Limited\Documents\ERP_Test\node_modules\router\index.js:582:12)
          at next (C:\Users\JackyLi(CTHK)\OneDrive - Continuous Technologies 
International Limited\Documents\ERP_Test\node_modules\router\index.js:291:5)
          at router.handle (C:\Users\JackyLi(CTHK)\OneDrive - Continuous 
Technologies International 
Limited\Documents\ERP_Test\node_modules\router\index.js:186:3)
          at router (C:\Users\JackyLi(CTHK)\OneDrive - Continuous Technologies 
International Limited\Documents\ERP_Test\node_modules\router\index.js:60:12)
          at Layer.handleRequest (C:\Users\JackyLi(CTHK)\OneDrive - Continuous 
Technologies International 
Limited\Documents\ERP_Test\node_modules\router\lib\layer.js:152:17)
          at trimPrefix (C:\Users\JackyLi(CTHK)\OneDrive - Continuous 
Technologies International 
Limited\Documents\ERP_Test\node_modules\router\index.js:342:13)
          at C:\Users\JackyLi(CTHK)\OneDrive - Continuous Technologies 
International Limited\Documents\ERP_Test\node_modules\router\index.js:297:9
          at processParams (C:\Users\JackyLi(CTHK)\OneDrive - Continuous 
Technologies International 
Limited\Documents\ERP_Test\node_modules\router\index.js:582:12)
          at next (C:\Users\JackyLi(CTHK)\OneDrive - Continuous Technologies 
International Limited\Documents\ERP_Test\node_modules\router\index.js:291:5)
          at C:\Users\JackyLi(CTHK)\OneDrive - Continuous Technologies 
International Limited\Documents\ERP_Test\node_modules\router\index.js:688:15
          at next (C:\Users\JackyLi(CTHK)\OneDrive - Continuous Technologies 
International Limited\Documents\ERP_Test\node_modules\router\index.js:276:14)
          ... collapsed 9 duplicate lines matching above lines ...
          at router.handle (C:\Users\JackyLi(CTHK)\OneDrive - Continuous 
Technologies International 
Limited\Documents\ERP_Test\node_modules\router\index.js:186:3)
          at router (C:\Users\JackyLi(CTHK)\OneDrive - Continuous Technologies 
International Limited\Documents\ERP_Test\node_modules\router\index.js:60:12)
          at Layer.handleRequest (C:\Users\JackyLi(CTHK)\OneDrive - Continuous 
Technologies International 
Limited\Documents\ERP_Test\node_modules\router\lib\layer.js:152:17)
          at trimPrefix (C:\Users\JackyLi(CTHK)\OneDrive - Continuous 
Technologies International 
Limited\Documents\ERP_Test\node_modules\router\index.js:342:13)
          at C:\Users\JackyLi(CTHK)\OneDrive - Continuous Technologies 
International Limited\Documents\ERP_Test\node_modules\router\index.js:297:9
          at processParams (C:\Users\JackyLi(CTHK)\OneDrive - Continuous 
Technologies International 
Limited\Documents\ERP_Test\node_modules\router\index.js:582:12)
          at next (C:\Users\JackyLi(CTHK)\OneDrive - Continuous Technologies 
International Limited\Documents\ERP_Test\node_modules\router\index.js:291:5)
          ... collapsed 7 duplicate lines matching above lines ...
          at C:\Users\JackyLi(CTHK)\OneDrive - Continuous Technologies 
International 
Limited\Documents\ERP_Test\node_modules\express-rate-limit\dist\index.cjs:947:7
          at processTicksAndRejections 
(node:internal/process/task_queues:103:5)
          at C:\Users\JackyLi(CTHK)\OneDrive - Continuous Technologies 
International 
Limited\Documents\ERP_Test\node_modules\express-rate-limit\dist\index.cjs:830:5

    [0m [90m 59 |[39m   [90m// eslint-disable-next-line 
@typescript-eslint/no-unused-vars[39m
     [90m 60 |[39m   app[33m.[39muse((err[33m:[39m 
[33mError[39m[33m,[39m _req[33m:[39m [33mRequest[39m[33m,[39m 
res[33m:[39m [33mResponse[39m[33m,[39m _next[33m:[39m 
[33mNextFunction[39m) [33m=>[39m {
    [31m[1m>[22m[39m[90m 61 |[39m     
console[33m.[39merror(err)[33m;[39m
     [90m    |[39m             [31m[1m^[22m[39m
     [90m 62 |[39m     [36mif[39m 
(err[33m.[39mmessage[33m.[39mincludes([32m"Unauthorized"[39m)) {
     [90m 63 |[39m       
res[33m.[39mstatus([35m401[39m)[33m.[39mjson({ message[33m:[39m 
err[33m.[39mmessage })[33m;[39m
     [90m 64 |[39m     } [36melse[39m [36mif[39m 
(err[33m.[39mmessage[33m.[39mincludes([32m"Forbidden"[39m)) {[0m

      at C:\Users\JackyLi(CTHK)../../../../../../OneDrive - Continuous 
Technologies International Limited/Documents/ERP_Test/server/src/app.ts:61:13
      at Layer.handleError (C:\Users\JackyLi(CTHK)../../../../../../OneDrive - 
Continuous Technologies International 
Limited/Documents/ERP_Test/node_modules/router/lib/layer.js:116:17)
      at trimPrefix (C:\Users\JackyLi(CTHK)../../../../../../OneDrive - 
Continuous Technologies International 
Limited/Documents/ERP_Test/node_modules/router/index.js:340:13)
      at C:\Users\JackyLi(CTHK)../../../../../../OneDrive - Continuous 
Technologies International 
Limited/Documents/ERP_Test/node_modules/router/index.js:297:9
      at processParams (C:\Users\JackyLi(CTHK)../../../../../../OneDrive - 
Continuous Technologies International 
Limited/Documents/ERP_Test/node_modules/router/index.js:582:12)
      at next (C:\Users\JackyLi(CTHK)../../../../../../OneDrive - Continuous 
Technologies International 
Limited/Documents/ERP_Test/node_modules/router/index.js:291:5)
      at Layer.handleError (C:\Users\JackyLi(CTHK)../../../../../../OneDrive - 
Continuous Technologies International 
Limited/Documents/ERP_Test/node_modules/router/lib/layer.js:111:12)
      at trimPrefix (C:\Users\JackyLi(CTHK)../../../../../../OneDrive - 
Continuous Technologies International 
Limited/Documents/ERP_Test/node_modules/router/index.js:340:13)
      at C:\Users\JackyLi(CTHK)../../../../../../OneDrive - Continuous 
Technologies International 
Limited/Documents/ERP_Test/node_modules/router/index.js:297:9
      at processParams (C:\Users\JackyLi(CTHK)../../../../../../OneDrive - 
Continuous Technologies International 
Limited/Documents/ERP_Test/node_modules/router/index.js:582:12)
      at next (C:\Users\JackyLi(CTHK)../../../../../../OneDrive - Continuous 
Technologies International 
Limited/Documents/ERP_Test/node_modules/router/index.js:291:5)
      at C:\Users\JackyLi(CTHK)../../../../../../OneDrive - Continuous 
Technologies International 
Limited/Documents/ERP_Test/node_modules/router/index.js:688:15
      at next (C:\Users\JackyLi(CTHK)../../../../../../OneDrive - Continuous 
Technologies International 
Limited/Documents/ERP_Test/node_modules/router/index.js:276:14)
      at Layer.handleError (C:\Users\JackyLi(CTHK)../../../../../../OneDrive - 
Continuous Technologies International 
Limited/Documents/ERP_Test/node_modules/router/lib/layer.js:111:12)
      at trimPrefix (C:\Users\JackyLi(CTHK)../../../../../../OneDrive - 
Continuous Technologies International 
Limited/Documents/ERP_Test/node_modules/router/index.js:340:13)
      at C:\Users\JackyLi(CTHK)../../../../../../OneDrive - Continuous 
Technologies International 
Limited/Documents/ERP_Test/node_modules/router/index.js:297:9
      at processParams (C:\Users\JackyLi(CTHK)../../../../../../OneDrive - 
Continuous Technologies International 
Limited/Documents/ERP_Test/node_modules/router/index.js:582:12)
      at next (C:\Users\JackyLi(CTHK)../../../../../../OneDrive - Continuous 
Technologies International 
Limited/Documents/ERP_Test/node_modules/router/index.js:291:5)
      at C:\Users\JackyLi(CTHK)../../../../../../OneDrive - Continuous 
Technologies International 
Limited/Documents/ERP_Test/node_modules/router/index.js:688:15
      at next (C:\Users\JackyLi(CTHK)../../../../../../OneDrive - Continuous 
Technologies International 
Limited/Documents/ERP_Test/node_modules/router/index.js:276:14)
      at next (C:\Users\JackyLi(CTHK)../../../../../../OneDrive - Continuous 
Technologies International 
Limited/Documents/ERP_Test/node_modules/router/lib/route.js:132:14)
      at Layer.handleError (C:\Users\JackyLi(CTHK)../../../../../../OneDrive - 
Continuous Technologies International 
Limited/Documents/ERP_Test/node_modules/router/lib/layer.js:111:12)
      at next (C:\Users\JackyLi(CTHK)../../../../../../OneDrive - Continuous 
Technologies International 
Limited/Documents/ERP_Test/node_modules/router/lib/route.js:155:13)
      at Layer.handleRequest (C:\Users\JackyLi(CTHK)../../../../../../OneDrive 
- Continuous Technologies International 
Limited/Documents/ERP_Test/node_modules/router/lib/layer.js:165:5)
      at next (C:\Users\JackyLi(CTHK)../../../../../../OneDrive - Continuous 
Technologies International 
Limited/Documents/ERP_Test/node_modules/router/lib/route.js:157:13)
      at requireAuth (C:\Users\JackyLi(CTHK)../../../../../../OneDrive - 
Continuous Technologies International 
Limited/Documents/ERP_Test/server/src/middleware/requireAuth.ts:23:5)
      at Layer.handleRequest (C:\Users\JackyLi(CTHK)../../../../../../OneDrive 
- Continuous Technologies International 
Limited/Documents/ERP_Test/node_modules/router/lib/layer.js:152:17)
      at next (C:\Users\JackyLi(CTHK)../../../../../../OneDrive - Continuous 
Technologies International 
Limited/Documents/ERP_Test/node_modules/router/lib/route.js:157:13)
      at Route.dispatch (C:\Users\JackyLi(CTHK)../../../../../../OneDrive - 
Continuous Technologies International 
Limited/Documents/ERP_Test/node_modules/router/lib/route.js:117:3)
      at handle (C:\Users\JackyLi(CTHK)../../../../../../OneDrive - Continuous 
Technologies International 
Limited/Documents/ERP_Test/node_modules/router/index.js:435:11)
      at Layer.handleRequest (C:\Users\JackyLi(CTHK)../../../../../../OneDrive 
- Continuous Technologies International 
Limited/Documents/ERP_Test/node_modules/router/lib/layer.js:152:17)
      at C:\Users\JackyLi(CTHK)../../../../../../OneDrive - Continuous 
Technologies International 
Limited/Documents/ERP_Test/node_modules/router/index.js:295:15
      at processParams (C:\Users\JackyLi(CTHK)../../../../../../OneDrive - 
Continuous Technologies International 
Limited/Documents/ERP_Test/node_modules/router/index.js:582:12)
      at next (C:\Users\JackyLi(CTHK)../../../../../../OneDrive - Continuous 
Technologies International 
Limited/Documents/ERP_Test/node_modules/router/index.js:291:5)
      at router.handle (C:\Users\JackyLi(CTHK)../../../../../../OneDrive - 
Continuous Technologies International 
Limited/Documents/ERP_Test/node_modules/router/index.js:186:3)
      at router (C:\Users\JackyLi(CTHK)../../../../../../OneDrive - Continuous 
Technologies International 
Limited/Documents/ERP_Test/node_modules/router/index.js:60:12)
      at Layer.handleRequest (C:\Users\JackyLi(CTHK)../../../../../../OneDrive 
- Continuous Technologies International 
Limited/Documents/ERP_Test/node_modules/router/lib/layer.js:152:17)
      at trimPrefix (C:\Users\JackyLi(CTHK)../../../../../../OneDrive - 
Continuous Technologies International 
Limited/Documents/ERP_Test/node_modules/router/index.js:342:13)
      at C:\Users\JackyLi(CTHK)../../../../../../OneDrive - Continuous 
Technologies International 
Limited/Documents/ERP_Test/node_modules/router/index.js:297:9
      at processParams (C:\Users\JackyLi(CTHK)../../../../../../OneDrive - 
Continuous Technologies International 
Limited/Documents/ERP_Test/node_modules/router/index.js:582:12)
      at next (C:\Users\JackyLi(CTHK)../../../../../../OneDrive - Continuous 
Technologies International 
Limited/Documents/ERP_Test/node_modules/router/index.js:291:5)
      at C:\Users\JackyLi(CTHK)../../../../../../OneDrive - Continuous 
Technologies International 
Limited/Documents/ERP_Test/node_modules/router/index.js:688:15
      at next (C:\Users\JackyLi(CTHK)../../../../../../OneDrive - Continuous 
Technologies International 
Limited/Documents/ERP_Test/node_modules/router/index.js:276:14)
      at router.handle (C:\Users\JackyLi(CTHK)../../../../../../OneDrive - 
Continuous Technologies International 
Limited/Documents/ERP_Test/node_modules/router/index.js:186:3)
      at router (C:\Users\JackyLi(CTHK)../../../../../../OneDrive - Continuous 
Technologies International 
Limited/Documents/ERP_Test/node_modules/router/index.js:60:12)
      at Layer.handleRequest (C:\Users\JackyLi(CTHK)../../../../../../OneDrive 
- Continuous Technologies International 
Limited/Documents/ERP_Test/node_modules/router/lib/layer.js:152:17)
      at trimPrefix (C:\Users\JackyLi(CTHK)../../../../../../OneDrive - 
Continuous Technologies International 
Limited/Documents/ERP_Test/node_modules/router/index.js:342:13)
      at C:\Users\JackyLi(CTHK)../../../../../../OneDrive - Continuous 
Technologies International 
Limited/Documents/ERP_Test/node_modules/router/index.js:297:9
      at processParams (C:\Users\JackyLi(CTHK)../../../../../../OneDrive - 
Continuous Technologies International 
Limited/Documents/ERP_Test/node_modules/router/index.js:582:12)
      at next (C:\Users\JackyLi(CTHK)../../../../../../OneDrive - Continuous 
Technologies International 
Limited/Documents/ERP_Test/node_modules/router/index.js:291:5)
      at C:\Users\JackyLi(CTHK)../../../../../../OneDrive - Continuous 
Technologies International 
Limited/Documents/ERP_Test/node_modules/router/index.js:688:15
      at next (C:\Users\JackyLi(CTHK)../../../../../../OneDrive - Continuous 
Technologies International 
Limited/Documents/ERP_Test/node_modules/router/index.js:276:14)
      at router.handle (C:\Users\JackyLi(CTHK)../../../../../../OneDrive - 
Continuous Technologies International 
Limited/Documents/ERP_Test/node_modules/router/index.js:186:3)
      at router (C:\Users\JackyLi(CTHK)../../../../../../OneDrive - Continuous 
Technologies International 
Limited/Documents/ERP_Test/node_modules/router/index.js:60:12)
      at Layer.handleRequest (C:\Users\JackyLi(CTHK)../../../../../../OneDrive 
- Continuous Technologies International 
Limited/Documents/ERP_Test/node_modules/router/lib/layer.js:152:17)
      at trimPrefix (C:\Users\JackyLi(CTHK)../../../../../../OneDrive - 
Continuous Technologies International 
Limited/Documents/ERP_Test/node_modules/router/index.js:342:13)
      at C:\Users\JackyLi(CTHK)../../../../../../OneDrive - Continuous 
Technologies International 
Limited/Documents/ERP_Test/node_modules/router/index.js:297:9
      at processParams (C:\Users\JackyLi(CTHK)../../../../../../OneDrive - 
Continuous Technologies International 
Limited/Documents/ERP_Test/node_modules/router/index.js:582:12)
      at next (C:\Users\JackyLi(CTHK)../../../../../../OneDrive - Continuous 
Technologies International 
Limited/Documents/ERP_Test/node_modules/router/index.js:291:5)
      at router.handle (C:\Users\JackyLi(CTHK)../../../../../../OneDrive - 
Continuous Technologies International 
Limited/Documents/ERP_Test/node_modules/router/index.js:186:3)
      at router (C:\Users\JackyLi(CTHK)../../../../../../OneDrive - Continuous 
Technologies International 
Limited/Documents/ERP_Test/node_modules/router/index.js:60:12)
      at Layer.handleRequest (C:\Users\JackyLi(CTHK)../../../../../../OneDrive 
- Continuous Technologies International 
Limited/Documents/ERP_Test/node_modules/router/lib/layer.js:152:17)
      at trimPrefix (C:\Users\JackyLi(CTHK)../../../../../../OneDrive - 
Continuous Technologies International 
Limited/Documents/ERP_Test/node_modules/router/index.js:342:13)
      at C:\Users\JackyLi(CTHK)../../../../../../OneDrive - Continuous 
Technologies International 
Limited/Documents/ERP_Test/node_modules/router/index.js:297:9
      at processParams (C:\Users\JackyLi(CTHK)../../../../../../OneDrive - 
Continuous Technologies International 
Limited/Documents/ERP_Test/node_modules/router/index.js:582:12)
      at next (C:\Users\JackyLi(CTHK)../../../../../../OneDrive - Continuous 
Technologies International 
Limited/Documents/ERP_Test/node_modules/router/index.js:291:5)
      at C:\Users\JackyLi(CTHK)../../../../../../OneDrive - Continuous 
Technologies International 
Limited/Documents/ERP_Test/node_modules/express-rate-limit/dist/index.cjs:947:7
      at C:\Users\JackyLi(CTHK)../../../../../../OneDrive - Continuous 
Technologies International 
Limited/Documents/ERP_Test/node_modules/express-rate-limit/dist/index.cjs:830:5

PASS src/__tests__/leaveApproval.route.test.ts
  ΓùÅ Console

    console.log
      [dotenv@17.3.1] injecting env (10) from ..\.env -- tip: ΓÜÖ∩╕Å  write to 
custom object with { processEnv: myObject }

      at _log (C:\Users\JackyLi(CTHK)../../../../../../OneDrive - Continuous 
Technologies International 
Limited/Documents/ERP_Test/node_modules/dotenv/lib/main.js:139:11)

    console.error
      Error: Unauthorized: Missing or invalid Authorization header
          at requireAuth (C:\Users\JackyLi(CTHK)\OneDrive - Continuous 
Technologies International 
Limited\Documents\ERP_Test\server\src\middleware\requireAuth.ts:12:11)
          at Layer.handleRequest (C:\Users\JackyLi(CTHK)\OneDrive - Continuous 
Technologies International 
Limited\Documents\ERP_Test\node_modules\router\lib\layer.js:152:17)
          at next (C:\Users\JackyLi(CTHK)\OneDrive - Continuous Technologies 
International 
Limited\Documents\ERP_Test\node_modules\router\lib\route.js:157:13)
          at Route.dispatch (C:\Users\JackyLi(CTHK)\OneDrive - Continuous 
Technologies International 
Limited\Documents\ERP_Test\node_modules\router\lib\route.js:117:3)
          at handle (C:\Users\JackyLi(CTHK)\OneDrive - Continuous Technologies 
International Limited\Documents\ERP_Test\node_modules\router\index.js:435:11)
          at Layer.handleRequest (C:\Users\JackyLi(CTHK)\OneDrive - Continuous 
Technologies International 
Limited\Documents\ERP_Test\node_modules\router\lib\layer.js:152:17)
          at C:\Users\JackyLi(CTHK)\OneDrive - Continuous Technologies 
International Limited\Documents\ERP_Test\node_modules\router\index.js:295:15
          at param (C:\Users\JackyLi(CTHK)\OneDrive - Continuous Technologies 
International Limited\Documents\ERP_Test\node_modules\router\index.js:600:14)
          at param (C:\Users\JackyLi(CTHK)\OneDrive - Continuous Technologies 
International Limited\Documents\ERP_Test\node_modules\router\index.js:610:14)
          at processParams (C:\Users\JackyLi(CTHK)\OneDrive - Continuous 
Technologies International 
Limited\Documents\ERP_Test\node_modules\router\index.js:664:3)
          at next (C:\Users\JackyLi(CTHK)\OneDrive - Continuous Technologies 
International Limited\Documents\ERP_Test\node_modules\router\index.js:291:5)
          at router.handle (C:\Users\JackyLi(CTHK)\OneDrive - Continuous 
Technologies International 
Limited\Documents\ERP_Test\node_modules\router\index.js:186:3)
          at router (C:\Users\JackyLi(CTHK)\OneDrive - Continuous Technologies 
International Limited\Documents\ERP_Test\node_modules\router\index.js:60:12)
          at Layer.handleRequest (C:\Users\JackyLi(CTHK)\OneDrive - Continuous 
Technologies International 
Limited\Documents\ERP_Test\node_modules\router\lib\layer.js:152:17)
          at trimPrefix (C:\Users\JackyLi(CTHK)\OneDrive - Continuous 
Technologies International 
Limited\Documents\ERP_Test\node_modules\router\index.js:342:13)
          at C:\Users\JackyLi(CTHK)\OneDrive - Continuous Technologies 
International Limited\Documents\ERP_Test\node_modules\router\index.js:297:9
          at processParams (C:\Users\JackyLi(CTHK)\OneDrive - Continuous 
Technologies International 
Limited\Documents\ERP_Test\node_modules\router\index.js:582:12)
          at next (C:\Users\JackyLi(CTHK)\OneDrive - Continuous Technologies 
International Limited\Documents\ERP_Test\node_modules\router\index.js:291:5)
          at C:\Users\JackyLi(CTHK)\OneDrive - Continuous Technologies 
International Limited\Documents\ERP_Test\node_modules\router\index.js:688:15
          at next (C:\Users\JackyLi(CTHK)\OneDrive - Continuous Technologies 
International Limited\Documents\ERP_Test\node_modules\router\index.js:276:14)
          ... collapsed 9 duplicate lines matching above lines ...
          at router.handle (C:\Users\JackyLi(CTHK)\OneDrive - Continuous 
Technologies International 
Limited\Documents\ERP_Test\node_modules\router\index.js:186:3)
          at router (C:\Users\JackyLi(CTHK)\OneDrive - Continuous Technologies 
International Limited\Documents\ERP_Test\node_modules\router\index.js:60:12)
          at Layer.handleRequest (C:\Users\JackyLi(CTHK)\OneDrive - Continuous 
Technologies International 
Limited\Documents\ERP_Test\node_modules\router\lib\layer.js:152:17)
          at trimPrefix (C:\Users\JackyLi(CTHK)\OneDrive - Continuous 
Technologies International 
Limited\Documents\ERP_Test\node_modules\router\index.js:342:13)
          at C:\Users\JackyLi(CTHK)\OneDrive - Continuous Technologies 
International Limited\Documents\ERP_Test\node_modules\router\index.js:297:9
          at processParams (C:\Users\JackyLi(CTHK)\OneDrive - Continuous 
Technologies International 
Limited\Documents\ERP_Test\node_modules\router\index.js:582:12)
          at next (C:\Users\JackyLi(CTHK)\OneDrive - Continuous Technologies 
International Limited\Documents\ERP_Test\node_modules\router\index.js:291:5)
          ... collapsed 7 duplicate lines matching above lines ...
          at C:\Users\JackyLi(CTHK)\OneDrive - Continuous Technologies 
International 
Limited\Documents\ERP_Test\node_modules\express-rate-limit\dist\index.cjs:947:7
          at processTicksAndRejections 
(node:internal/process/task_queues:103:5)
          at C:\Users\JackyLi(CTHK)\OneDrive - Continuous Technologies 
International 
Limited\Documents\ERP_Test\node_modules\express-rate-limit\dist\index.cjs:830:5

    [0m [90m 59 |[39m   [90m// eslint-disable-next-line 
@typescript-eslint/no-unused-vars[39m
     [90m 60 |[39m   app[33m.[39muse((err[33m:[39m 
[33mError[39m[33m,[39m _req[33m:[39m [33mRequest[39m[33m,[39m 
res[33m:[39m [33mResponse[39m[33m,[39m _next[33m:[39m 
[33mNextFunction[39m) [33m=>[39m {
    [31m[1m>[22m[39m[90m 61 |[39m     
console[33m.[39merror(err)[33m;[39m
     [90m    |[39m             [31m[1m^[22m[39m
     [90m 62 |[39m     [36mif[39m 
(err[33m.[39mmessage[33m.[39mincludes([32m"Unauthorized"[39m)) {
     [90m 63 |[39m       
res[33m.[39mstatus([35m401[39m)[33m.[39mjson({ message[33m:[39m 
err[33m.[39mmessage })[33m;[39m
     [90m 64 |[39m     } [36melse[39m [36mif[39m 
(err[33m.[39mmessage[33m.[39mincludes([32m"Forbidden"[39m)) {[0m

      at C:\Users\JackyLi(CTHK)../../../../../../OneDrive - Continuous 
Technologies International Limited/Documents/ERP_Test/server/src/app.ts:61:13
      at Layer.handleError (C:\Users\JackyLi(CTHK)../../../../../../OneDrive - 
Continuous Technologies International 
Limited/Documents/ERP_Test/node_modules/router/lib/layer.js:116:17)
      at trimPrefix (C:\Users\JackyLi(CTHK)../../../../../../OneDrive - 
Continuous Technologies International 
Limited/Documents/ERP_Test/node_modules/router/index.js:340:13)
      at C:\Users\JackyLi(CTHK)../../../../../../OneDrive - Continuous 
Technologies International 
Limited/Documents/ERP_Test/node_modules/router/index.js:297:9
      at processParams (C:\Users\JackyLi(CTHK)../../../../../../OneDrive - 
Continuous Technologies International 
Limited/Documents/ERP_Test/node_modules/router/index.js:582:12)
      at next (C:\Users\JackyLi(CTHK)../../../../../../OneDrive - Continuous 
Technologies International 
Limited/Documents/ERP_Test/node_modules/router/index.js:291:5)
      at Layer.handleError (C:\Users\JackyLi(CTHK)../../../../../../OneDrive - 
Continuous Technologies International 
Limited/Documents/ERP_Test/node_modules/router/lib/layer.js:111:12)
      at trimPrefix (C:\Users\JackyLi(CTHK)../../../../../../OneDrive - 
Continuous Technologies International 
Limited/Documents/ERP_Test/node_modules/router/index.js:340:13)
      at C:\Users\JackyLi(CTHK)../../../../../../OneDrive - Continuous 
Technologies International 
Limited/Documents/ERP_Test/node_modules/router/index.js:297:9
      at processParams (C:\Users\JackyLi(CTHK)../../../../../../OneDrive - 
Continuous Technologies International 
Limited/Documents/ERP_Test/node_modules/router/index.js:582:12)
      at next (C:\Users\JackyLi(CTHK)../../../../../../OneDrive - Continuous 
Technologies International 
Limited/Documents/ERP_Test/node_modules/router/index.js:291:5)
      at C:\Users\JackyLi(CTHK)../../../../../../OneDrive - Continuous 
Technologies International 
Limited/Documents/ERP_Test/node_modules/router/index.js:688:15
      at next (C:\Users\JackyLi(CTHK)../../../../../../OneDrive - Continuous 
Technologies International 
Limited/Documents/ERP_Test/node_modules/router/index.js:276:14)
      at Layer.handleError (C:\Users\JackyLi(CTHK)../../../../../../OneDrive - 
Continuous Technologies International 
Limited/Documents/ERP_Test/node_modules/router/lib/layer.js:111:12)
      at trimPrefix (C:\Users\JackyLi(CTHK)../../../../../../OneDrive - 
Continuous Technologies International 
Limited/Documents/ERP_Test/node_modules/router/index.js:340:13)
      at C:\Users\JackyLi(CTHK)../../../../../../OneDrive - Continuous 
Technologies International 
Limited/Documents/ERP_Test/node_modules/router/index.js:297:9
      at processParams (C:\Users\JackyLi(CTHK)../../../../../../OneDrive - 
Continuous Technologies International 
Limited/Documents/ERP_Test/node_modules/router/index.js:582:12)
      at next (C:\Users\JackyLi(CTHK)../../../../../../OneDrive - Continuous 
Technologies International 
Limited/Documents/ERP_Test/node_modules/router/index.js:291:5)
      at C:\Users\JackyLi(CTHK)../../../../../../OneDrive - Continuous 
Technologies International 
Limited/Documents/ERP_Test/node_modules/router/index.js:688:15
      at next (C:\Users\JackyLi(CTHK)../../../../../../OneDrive - Continuous 
Technologies International 
Limited/Documents/ERP_Test/node_modules/router/index.js:276:14)
      at next (C:\Users\JackyLi(CTHK)../../../../../../OneDrive - Continuous 
Technologies International 
Limited/Documents/ERP_Test/node_modules/router/lib/route.js:132:14)
      at Layer.handleError (C:\Users\JackyLi(CTHK)../../../../../../OneDrive - 
Continuous Technologies International 
Limited/Documents/ERP_Test/node_modules/router/lib/layer.js:111:12)
      at next (C:\Users\JackyLi(CTHK)../../../../../../OneDrive - Continuous 
Technologies International 
Limited/Documents/ERP_Test/node_modules/router/lib/route.js:155:13)
      at Layer.handleError (C:\Users\JackyLi(CTHK)../../../../../../OneDrive - 
Continuous Technologies International 
Limited/Documents/ERP_Test/node_modules/router/lib/layer.js:111:12)
      at next (C:\Users\JackyLi(CTHK)../../../../../../OneDrive - Continuous 
Technologies International 
Limited/Documents/ERP_Test/node_modules/router/lib/route.js:155:13)
      at Layer.handleRequest (C:\Users\JackyLi(CTHK)../../../../../../OneDrive 
- Continuous Technologies International 
Limited/Documents/ERP_Test/node_modules/router/lib/layer.js:165:5)
      at next (C:\Users\JackyLi(CTHK)../../../../../../OneDrive - Continuous 
Technologies International 
Limited/Documents/ERP_Test/node_modules/router/lib/route.js:157:13)
      at Route.dispatch (C:\Users\JackyLi(CTHK)../../../../../../OneDrive - 
Continuous Technologies International 
Limited/Documents/ERP_Test/node_modules/router/lib/route.js:117:3)
      at handle (C:\Users\JackyLi(CTHK)../../../../../../OneDrive - Continuous 
Technologies International 
Limited/Documents/ERP_Test/node_modules/router/index.js:435:11)
      at Layer.handleRequest (C:\Users\JackyLi(CTHK)../../../../../../OneDrive 
- Continuous Technologies International 
Limited/Documents/ERP_Test/node_modules/router/lib/layer.js:152:17)
      at C:\Users\JackyLi(CTHK)../../../../../../OneDrive - Continuous 
Technologies International 
Limited/Documents/ERP_Test/node_modules/router/index.js:295:15
      at param (C:\Users\JackyLi(CTHK)../../../../../../OneDrive - Continuous 
Technologies International 
Limited/Documents/ERP_Test/node_modules/router/index.js:600:14)
      at param (C:\Users\JackyLi(CTHK)../../../../../../OneDrive - Continuous 
Technologies International 
Limited/Documents/ERP_Test/node_modules/router/index.js:610:14)
      at processParams (C:\Users\JackyLi(CTHK)../../../../../../OneDrive - 
Continuous Technologies International 
Limited/Documents/ERP_Test/node_modules/router/index.js:664:3)
      at next (C:\Users\JackyLi(CTHK)../../../../../../OneDrive - Continuous 
Technologies International 
Limited/Documents/ERP_Test/node_modules/router/index.js:291:5)
      at router.handle (C:\Users\JackyLi(CTHK)../../../../../../OneDrive - 
Continuous Technologies International 
Limited/Documents/ERP_Test/node_modules/router/index.js:186:3)
      at router (C:\Users\JackyLi(CTHK)../../../../../../OneDrive - Continuous 
Technologies International 
Limited/Documents/ERP_Test/node_modules/router/index.js:60:12)
      at Layer.handleRequest (C:\Users\JackyLi(CTHK)../../../../../../OneDrive 
- Continuous Technologies International 
Limited/Documents/ERP_Test/node_modules/router/lib/layer.js:152:17)
      at trimPrefix (C:\Users\JackyLi(CTHK)../../../../../../OneDrive - 
Continuous Technologies International 
Limited/Documents/ERP_Test/node_modules/router/index.js:342:13)
      at C:\Users\JackyLi(CTHK)../../../../../../OneDrive - Continuous 
Technologies International 
Limited/Documents/ERP_Test/node_modules/router/index.js:297:9
      at processParams (C:\Users\JackyLi(CTHK)../../../../../../OneDrive - 
Continuous Technologies International 
Limited/Documents/ERP_Test/node_modules/router/index.js:582:12)
      at next (C:\Users\JackyLi(CTHK)../../../../../../OneDrive - Continuous 
Technologies International 
Limited/Documents/ERP_Test/node_modules/router/index.js:291:5)
      at C:\Users\JackyLi(CTHK)../../../../../../OneDrive - Continuous 
Technologies International 
Limited/Documents/ERP_Test/node_modules/router/index.js:688:15
      at next (C:\Users\JackyLi(CTHK)../../../../../../OneDrive - Continuous 
Technologies International 
Limited/Documents/ERP_Test/node_modules/router/index.js:276:14)
      at router.handle (C:\Users\JackyLi(CTHK)../../../../../../OneDrive - 
Continuous Technologies International 
Limited/Documents/ERP_Test/node_modules/router/index.js:186:3)
      at router (C:\Users\JackyLi(CTHK)../../../../../../OneDrive - Continuous 
Technologies International 
Limited/Documents/ERP_Test/node_modules/router/index.js:60:12)
      at Layer.handleRequest (C:\Users\JackyLi(CTHK)../../../../../../OneDrive 
- Continuous Technologies International 
Limited/Documents/ERP_Test/node_modules/router/lib/layer.js:152:17)
      at trimPrefix (C:\Users\JackyLi(CTHK)../../../../../../OneDrive - 
Continuous Technologies International 
Limited/Documents/ERP_Test/node_modules/router/index.js:342:13)
      at C:\Users\JackyLi(CTHK)../../../../../../OneDrive - Continuous 
Technologies International 
Limited/Documents/ERP_Test/node_modules/router/index.js:297:9
      at processParams (C:\Users\JackyLi(CTHK)../../../../../../OneDrive - 
Continuous Technologies International 
Limited/Documents/ERP_Test/node_modules/router/index.js:582:12)
      at next (C:\Users\JackyLi(CTHK)../../../../../../OneDrive - Continuous 
Technologies International 
Limited/Documents/ERP_Test/node_modules/router/index.js:291:5)
      at C:\Users\JackyLi(CTHK)../../../../../../OneDrive - Continuous 
Technologies International 
Limited/Documents/ERP_Test/node_modules/router/index.js:688:15
      at next (C:\Users\JackyLi(CTHK)../../../../../../OneDrive - Continuous 
Technologies International 
Limited/Documents/ERP_Test/node_modules/router/index.js:276:14)
      at router.handle (C:\Users\JackyLi(CTHK)../../../../../../OneDrive - 
Continuous Technologies International 
Limited/Documents/ERP_Test/node_modules/router/index.js:186:3)
      at router (C:\Users\JackyLi(CTHK)../../../../../../OneDrive - Continuous 
Technologies International 
Limited/Documents/ERP_Test/node_modules/router/index.js:60:12)
      at Layer.handleRequest (C:\Users\JackyLi(CTHK)../../../../../../OneDrive 
- Continuous Technologies International 
Limited/Documents/ERP_Test/node_modules/router/lib/layer.js:152:17)
      at trimPrefix (C:\Users\JackyLi(CTHK)../../../../../../OneDrive - 
Continuous Technologies International 
Limited/Documents/ERP_Test/node_modules/router/index.js:342:13)
      at C:\Users\JackyLi(CTHK)../../../../../../OneDrive - Continuous 
Technologies International 
Limited/Documents/ERP_Test/node_modules/router/index.js:297:9
      at processParams (C:\Users\JackyLi(CTHK)../../../../../../OneDrive - 
Continuous Technologies International 
Limited/Documents/ERP_Test/node_modules/router/index.js:582:12)
      at next (C:\Users\JackyLi(CTHK)../../../../../../OneDrive - Continuous 
Technologies International 
Limited/Documents/ERP_Test/node_modules/router/index.js:291:5)
      at router.handle (C:\Users\JackyLi(CTHK)../../../../../../OneDrive - 
Continuous Technologies International 
Limited/Documents/ERP_Test/node_modules/router/index.js:186:3)
      at router (C:\Users\JackyLi(CTHK)../../../../../../OneDrive - Continuous 
Technologies International 
Limited/Documents/ERP_Test/node_modules/router/index.js:60:12)
      at Layer.handleRequest (C:\Users\JackyLi(CTHK)../../../../../../OneDrive 
- Continuous Technologies International 
Limited/Documents/ERP_Test/node_modules/router/lib/layer.js:152:17)
      at trimPrefix (C:\Users\JackyLi(CTHK)../../../../../../OneDrive - 
Continuous Technologies International 
Limited/Documents/ERP_Test/node_modules/router/index.js:342:13)
      at C:\Users\JackyLi(CTHK)../../../../../../OneDrive - Continuous 
Technologies International 
Limited/Documents/ERP_Test/node_modules/router/index.js:297:9
      at processParams (C:\Users\JackyLi(CTHK)../../../../../../OneDrive - 
Continuous Technologies International 
Limited/Documents/ERP_Test/node_modules/router/index.js:582:12)
      at next (C:\Users\JackyLi(CTHK)../../../../../../OneDrive - Continuous 
Technologies International 
Limited/Documents/ERP_Test/node_modules/router/index.js:291:5)
      at C:\Users\JackyLi(CTHK)../../../../../../OneDrive - Continuous 
Technologies International 
Limited/Documents/ERP_Test/node_modules/express-rate-limit/dist/index.cjs:947:7
      at C:\Users\JackyLi(CTHK)../../../../../../OneDrive - Continuous 
Technologies International 
Limited/Documents/ERP_Test/node_modules/express-rate-limit/dist/index.cjs:830:5

    console.error
      Error: Forbidden: User role 'EMPLOYEE' does not have permission for this 
resource
          at C:\Users\JackyLi(CTHK)\OneDrive - Continuous Technologies 
International 
Limited\Documents\ERP_Test\server\src\middleware\requireRole.ts:17:13
          at Layer.handleRequest (C:\Users\JackyLi(CTHK)\OneDrive - Continuous 
Technologies International 
Limited\Documents\ERP_Test\node_modules\router\lib\layer.js:152:17)
          at next (C:\Users\JackyLi(CTHK)\OneDrive - Continuous Technologies 
International 
Limited\Documents\ERP_Test\node_modules\router\lib\route.js:157:13)
          at requireAuth (C:\Users\JackyLi(CTHK)\OneDrive - Continuous 
Technologies International 
Limited\Documents\ERP_Test\server\src\middleware\requireAuth.ts:23:5)
          at Layer.handleRequest (C:\Users\JackyLi(CTHK)\OneDrive - Continuous 
Technologies International 
Limited\Documents\ERP_Test\node_modules\router\lib\layer.js:152:17)
          at next (C:\Users\JackyLi(CTHK)\OneDrive - Continuous Technologies 
International 
Limited\Documents\ERP_Test\node_modules\router\lib\route.js:157:13)
          at Route.dispatch (C:\Users\JackyLi(CTHK)\OneDrive - Continuous 
Technologies International 
Limited\Documents\ERP_Test\node_modules\router\lib\route.js:117:3)
          at handle (C:\Users\JackyLi(CTHK)\OneDrive - Continuous Technologies 
International Limited\Documents\ERP_Test\node_modules\router\index.js:435:11)
          at Layer.handleRequest (C:\Users\JackyLi(CTHK)\OneDrive - Continuous 
Technologies International 
Limited\Documents\ERP_Test\node_modules\router\lib\layer.js:152:17)
          at C:\Users\JackyLi(CTHK)\OneDrive - Continuous Technologies 
International Limited\Documents\ERP_Test\node_modules\router\index.js:295:15
          at param (C:\Users\JackyLi(CTHK)\OneDrive - Continuous Technologies 
International Limited\Documents\ERP_Test\node_modules\router\index.js:600:14)
          at param (C:\Users\JackyLi(CTHK)\OneDrive - Continuous Technologies 
International Limited\Documents\ERP_Test\node_modules\router\index.js:610:14)
          at processParams (C:\Users\JackyLi(CTHK)\OneDrive - Continuous 
Technologies International 
Limited\Documents\ERP_Test\node_modules\router\index.js:664:3)
          at next (C:\Users\JackyLi(CTHK)\OneDrive - Continuous Technologies 
International Limited\Documents\ERP_Test\node_modules\router\index.js:291:5)
          at router.handle (C:\Users\JackyLi(CTHK)\OneDrive - Continuous 
Technologies International 
Limited\Documents\ERP_Test\node_modules\router\index.js:186:3)
          at router (C:\Users\JackyLi(CTHK)\OneDrive - Continuous Technologies 
International Limited\Documents\ERP_Test\node_modules\router\index.js:60:12)
          at Layer.handleRequest (C:\Users\JackyLi(CTHK)\OneDrive - Continuous 
Technologies International 
Limited\Documents\ERP_Test\node_modules\router\lib\layer.js:152:17)
          at trimPrefix (C:\Users\JackyLi(CTHK)\OneDrive - Continuous 
Technologies International 
Limited\Documents\ERP_Test\node_modules\router\index.js:342:13)
          at C:\Users\JackyLi(CTHK)\OneDrive - Continuous Technologies 
International Limited\Documents\ERP_Test\node_modules\router\index.js:297:9
          at processParams (C:\Users\JackyLi(CTHK)\OneDrive - Continuous 
Technologies International 
Limited\Documents\ERP_Test\node_modules\router\index.js:582:12)
          at next (C:\Users\JackyLi(CTHK)\OneDrive - Continuous Technologies 
International Limited\Documents\ERP_Test\node_modules\router\index.js:291:5)
          at C:\Users\JackyLi(CTHK)\OneDrive - Continuous Technologies 
International Limited\Documents\ERP_Test\node_modules\router\index.js:688:15
          at next (C:\Users\JackyLi(CTHK)\OneDrive - Continuous Technologies 
International Limited\Documents\ERP_Test\node_modules\router\index.js:276:14)
          ... collapsed 9 duplicate lines matching above lines ...
          at router.handle (C:\Users\JackyLi(CTHK)\OneDrive - Continuous 
Technologies International 
Limited\Documents\ERP_Test\node_modules\router\index.js:186:3)
          at router (C:\Users\JackyLi(CTHK)\OneDrive - Continuous Technologies 
International Limited\Documents\ERP_Test\node_modules\router\index.js:60:12)
          at Layer.handleRequest (C:\Users\JackyLi(CTHK)\OneDrive - Continuous 
Technologies International 
Limited\Documents\ERP_Test\node_modules\router\lib\layer.js:152:17)
          at trimPrefix (C:\Users\JackyLi(CTHK)\OneDrive - Continuous 
Technologies International 
Limited\Documents\ERP_Test\node_modules\router\index.js:342:13)
          at C:\Users\JackyLi(CTHK)\OneDrive - Continuous Technologies 
International Limited\Documents\ERP_Test\node_modules\router\index.js:297:9
          at processParams (C:\Users\JackyLi(CTHK)\OneDrive - Continuous 
Technologies International 
Limited\Documents\ERP_Test\node_modules\router\index.js:582:12)
          at next (C:\Users\JackyLi(CTHK)\OneDrive - Continuous Technologies 
International Limited\Documents\ERP_Test\node_modules\router\index.js:291:5)
          ... collapsed 7 duplicate lines matching above lines ...
          at C:\Users\JackyLi(CTHK)\OneDrive - Continuous Technologies 
International 
Limited\Documents\ERP_Test\node_modules\express-rate-limit\dist\index.cjs:947:7
          at processTicksAndRejections 
(node:internal/process/task_queues:103:5)
          at C:\Users\JackyLi(CTHK)\OneDrive - Continuous Technologies 
International 
Limited\Documents\ERP_Test\node_modules\express-rate-limit\dist\index.cjs:830:5

    [0m [90m 59 |[39m   [90m// eslint-disable-next-line 
@typescript-eslint/no-unused-vars[39m
     [90m 60 |[39m   app[33m.[39muse((err[33m:[39m 
[33mError[39m[33m,[39m _req[33m:[39m [33mRequest[39m[33m,[39m 
res[33m:[39m [33mResponse[39m[33m,[39m _next[33m:[39m 
[33mNextFunction[39m) [33m=>[39m {
    [31m[1m>[22m[39m[90m 61 |[39m     
console[33m.[39merror(err)[33m;[39m
     [90m    |[39m             [31m[1m^[22m[39m
     [90m 62 |[39m     [36mif[39m 
(err[33m.[39mmessage[33m.[39mincludes([32m"Unauthorized"[39m)) {
     [90m 63 |[39m       
res[33m.[39mstatus([35m401[39m)[33m.[39mjson({ message[33m:[39m 
err[33m.[39mmessage })[33m;[39m
     [90m 64 |[39m     } [36melse[39m [36mif[39m 
(err[33m.[39mmessage[33m.[39mincludes([32m"Forbidden"[39m)) {[0m

      at C:\Users\JackyLi(CTHK)../../../../../../OneDrive - Continuous 
Technologies International Limited/Documents/ERP_Test/server/src/app.ts:61:13
      at Layer.handleError (C:\Users\JackyLi(CTHK)../../../../../../OneDrive - 
Continuous Technologies International 
Limited/Documents/ERP_Test/node_modules/router/lib/layer.js:116:17)
      at trimPrefix (C:\Users\JackyLi(CTHK)../../../../../../OneDrive - 
Continuous Technologies International 
Limited/Documents/ERP_Test/node_modules/router/index.js:340:13)
      at C:\Users\JackyLi(CTHK)../../../../../../OneDrive - Continuous 
Technologies International 
Limited/Documents/ERP_Test/node_modules/router/index.js:297:9
      at processParams (C:\Users\JackyLi(CTHK)../../../../../../OneDrive - 
Continuous Technologies International 
Limited/Documents/ERP_Test/node_modules/router/index.js:582:12)
      at next (C:\Users\JackyLi(CTHK)../../../../../../OneDrive - Continuous 
Technologies International 
Limited/Documents/ERP_Test/node_modules/router/index.js:291:5)
      at Layer.handleError (C:\Users\JackyLi(CTHK)../../../../../../OneDrive - 
Continuous Technologies International 
Limited/Documents/ERP_Test/node_modules/router/lib/layer.js:111:12)
      at trimPrefix (C:\Users\JackyLi(CTHK)../../../../../../OneDrive - 
Continuous Technologies International 
Limited/Documents/ERP_Test/node_modules/router/index.js:340:13)
      at C:\Users\JackyLi(CTHK)../../../../../../OneDrive - Continuous 
Technologies International 
Limited/Documents/ERP_Test/node_modules/router/index.js:297:9
      at processParams (C:\Users\JackyLi(CTHK)../../../../../../OneDrive - 
Continuous Technologies International 
Limited/Documents/ERP_Test/node_modules/router/index.js:582:12)
      at next (C:\Users\JackyLi(CTHK)../../../../../../OneDrive - Continuous 
Technologies International 
Limited/Documents/ERP_Test/node_modules/router/index.js:291:5)
      at C:\Users\JackyLi(CTHK)../../../../../../OneDrive - Continuous 
Technologies International 
Limited/Documents/ERP_Test/node_modules/router/index.js:688:15
      at next (C:\Users\JackyLi(CTHK)../../../../../../OneDrive - Continuous 
Technologies International 
Limited/Documents/ERP_Test/node_modules/router/index.js:276:14)
      at Layer.handleError (C:\Users\JackyLi(CTHK)../../../../../../OneDrive - 
Continuous Technologies International 
Limited/Documents/ERP_Test/node_modules/router/lib/layer.js:111:12)
      at trimPrefix (C:\Users\JackyLi(CTHK)../../../../../../OneDrive - 
Continuous Technologies International 
Limited/Documents/ERP_Test/node_modules/router/index.js:340:13)
      at C:\Users\JackyLi(CTHK)../../../../../../OneDrive - Continuous 
Technologies International 
Limited/Documents/ERP_Test/node_modules/router/index.js:297:9
      at processParams (C:\Users\JackyLi(CTHK)../../../../../../OneDrive - 
Continuous Technologies International 
Limited/Documents/ERP_Test/node_modules/router/index.js:582:12)
      at next (C:\Users\JackyLi(CTHK)../../../../../../OneDrive - Continuous 
Technologies International 
Limited/Documents/ERP_Test/node_modules/router/index.js:291:5)
      at C:\Users\JackyLi(CTHK)../../../../../../OneDrive - Continuous 
Technologies International 
Limited/Documents/ERP_Test/node_modules/router/index.js:688:15
      at next (C:\Users\JackyLi(CTHK)../../../../../../OneDrive - Continuous 
Technologies International 
Limited/Documents/ERP_Test/node_modules/router/index.js:276:14)
      at next (C:\Users\JackyLi(CTHK)../../../../../../OneDrive - Continuous 
Technologies International 
Limited/Documents/ERP_Test/node_modules/router/lib/route.js:132:14)
      at Layer.handleError (C:\Users\JackyLi(CTHK)../../../../../../OneDrive - 
Continuous Technologies International 
Limited/Documents/ERP_Test/node_modules/router/lib/layer.js:111:12)
      at next (C:\Users\JackyLi(CTHK)../../../../../../OneDrive - Continuous 
Technologies International 
Limited/Documents/ERP_Test/node_modules/router/lib/route.js:155:13)
      at Layer.handleRequest (C:\Users\JackyLi(CTHK)../../../../../../OneDrive 
- Continuous Technologies International 
Limited/Documents/ERP_Test/node_modules/router/lib/layer.js:165:5)
      at next (C:\Users\JackyLi(CTHK)../../../../../../OneDrive - Continuous 
Technologies International 
Limited/Documents/ERP_Test/node_modules/router/lib/route.js:157:13)
      at requireAuth (C:\Users\JackyLi(CTHK)../../../../../../OneDrive - 
Continuous Technologies International 
Limited/Documents/ERP_Test/server/src/middleware/requireAuth.ts:23:5)
      at Layer.handleRequest (C:\Users\JackyLi(CTHK)../../../../../../OneDrive 
- Continuous Technologies International 
Limited/Documents/ERP_Test/node_modules/router/lib/layer.js:152:17)
      at next (C:\Users\JackyLi(CTHK)../../../../../../OneDrive - Continuous 
Technologies International 
Limited/Documents/ERP_Test/node_modules/router/lib/route.js:157:13)
      at Route.dispatch (C:\Users\JackyLi(CTHK)../../../../../../OneDrive - 
Continuous Technologies International 
Limited/Documents/ERP_Test/node_modules/router/lib/route.js:117:3)
      at handle (C:\Users\JackyLi(CTHK)../../../../../../OneDrive - Continuous 
Technologies International 
Limited/Documents/ERP_Test/node_modules/router/index.js:435:11)
      at Layer.handleRequest (C:\Users\JackyLi(CTHK)../../../../../../OneDrive 
- Continuous Technologies International 
Limited/Documents/ERP_Test/node_modules/router/lib/layer.js:152:17)
      at C:\Users\JackyLi(CTHK)../../../../../../OneDrive - Continuous 
Technologies International 
Limited/Documents/ERP_Test/node_modules/router/index.js:295:15
      at param (C:\Users\JackyLi(CTHK)../../../../../../OneDrive - Continuous 
Technologies International 
Limited/Documents/ERP_Test/node_modules/router/index.js:600:14)
      at param (C:\Users\JackyLi(CTHK)../../../../../../OneDrive - Continuous 
Technologies International 
Limited/Documents/ERP_Test/node_modules/router/index.js:610:14)
      at processParams (C:\Users\JackyLi(CTHK)../../../../../../OneDrive - 
Continuous Technologies International 
Limited/Documents/ERP_Test/node_modules/router/index.js:664:3)
      at next (C:\Users\JackyLi(CTHK)../../../../../../OneDrive - Continuous 
Technologies International 
Limited/Documents/ERP_Test/node_modules/router/index.js:291:5)
      at router.handle (C:\Users\JackyLi(CTHK)../../../../../../OneDrive - 
Continuous Technologies International 
Limited/Documents/ERP_Test/node_modules/router/index.js:186:3)
      at router (C:\Users\JackyLi(CTHK)../../../../../../OneDrive - Continuous 
Technologies International 
Limited/Documents/ERP_Test/node_modules/router/index.js:60:12)
      at Layer.handleRequest (C:\Users\JackyLi(CTHK)../../../../../../OneDrive 
- Continuous Technologies International 
Limited/Documents/ERP_Test/node_modules/router/lib/layer.js:152:17)
      at trimPrefix (C:\Users\JackyLi(CTHK)../../../../../../OneDrive - 
Continuous Technologies International 
Limited/Documents/ERP_Test/node_modules/router/index.js:342:13)
      at C:\Users\JackyLi(CTHK)../../../../../../OneDrive - Continuous 
Technologies International 
Limited/Documents/ERP_Test/node_modules/router/index.js:297:9
      at processParams (C:\Users\JackyLi(CTHK)../../../../../../OneDrive - 
Continuous Technologies International 
Limited/Documents/ERP_Test/node_modules/router/index.js:582:12)
      at next (C:\Users\JackyLi(CTHK)../../../../../../OneDrive - Continuous 
Technologies International 
Limited/Documents/ERP_Test/node_modules/router/index.js:291:5)
      at C:\Users\JackyLi(CTHK)../../../../../../OneDrive - Continuous 
Technologies International 
Limited/Documents/ERP_Test/node_modules/router/index.js:688:15
      at next (C:\Users\JackyLi(CTHK)../../../../../../OneDrive - Continuous 
Technologies International 
Limited/Documents/ERP_Test/node_modules/router/index.js:276:14)
      at router.handle (C:\Users\JackyLi(CTHK)../../../../../../OneDrive - 
Continuous Technologies International 
Limited/Documents/ERP_Test/node_modules/router/index.js:186:3)
      at router (C:\Users\JackyLi(CTHK)../../../../../../OneDrive - Continuous 
Technologies International 
Limited/Documents/ERP_Test/node_modules/router/index.js:60:12)
      at Layer.handleRequest (C:\Users\JackyLi(CTHK)../../../../../../OneDrive 
- Continuous Technologies International 
Limited/Documents/ERP_Test/node_modules/router/lib/layer.js:152:17)
      at trimPrefix (C:\Users\JackyLi(CTHK)../../../../../../OneDrive - 
Continuous Technologies International 
Limited/Documents/ERP_Test/node_modules/router/index.js:342:13)
      at C:\Users\JackyLi(CTHK)../../../../../../OneDrive - Continuous 
Technologies International 
Limited/Documents/ERP_Test/node_modules/router/index.js:297:9
      at processParams (C:\Users\JackyLi(CTHK)../../../../../../OneDrive - 
Continuous Technologies International 
Limited/Documents/ERP_Test/node_modules/router/index.js:582:12)
      at next (C:\Users\JackyLi(CTHK)../../../../../../OneDrive - Continuous 
Technologies International 
Limited/Documents/ERP_Test/node_modules/router/index.js:291:5)
      at C:\Users\JackyLi(CTHK)../../../../../../OneDrive - Continuous 
Technologies International 
Limited/Documents/ERP_Test/node_modules/router/index.js:688:15
      at next (C:\Users\JackyLi(CTHK)../../../../../../OneDrive - Continuous 
Technologies International 
Limited/Documents/ERP_Test/node_modules/router/index.js:276:14)
      at router.handle (C:\Users\JackyLi(CTHK)../../../../../../OneDrive - 
Continuous Technologies International 
Limited/Documents/ERP_Test/node_modules/router/index.js:186:3)
      at router (C:\Users\JackyLi(CTHK)../../../../../../OneDrive - Continuous 
Technologies International 
Limited/Documents/ERP_Test/node_modules/router/index.js:60:12)
      at Layer.handleRequest (C:\Users\JackyLi(CTHK)../../../../../../OneDrive 
- Continuous Technologies International 
Limited/Documents/ERP_Test/node_modules/router/lib/layer.js:152:17)
      at trimPrefix (C:\Users\JackyLi(CTHK)../../../../../../OneDrive - 
Continuous Technologies International 
Limited/Documents/ERP_Test/node_modules/router/index.js:342:13)
      at C:\Users\JackyLi(CTHK)../../../../../../OneDrive - Continuous 
Technologies International 
Limited/Documents/ERP_Test/node_modules/router/index.js:297:9
      at processParams (C:\Users\JackyLi(CTHK)../../../../../../OneDrive - 
Continuous Technologies International 
Limited/Documents/ERP_Test/node_modules/router/index.js:582:12)
      at next (C:\Users\JackyLi(CTHK)../../../../../../OneDrive - Continuous 
Technologies International 
Limited/Documents/ERP_Test/node_modules/router/index.js:291:5)
      at router.handle (C:\Users\JackyLi(CTHK)../../../../../../OneDrive - 
Continuous Technologies International 
Limited/Documents/ERP_Test/node_modules/router/index.js:186:3)
      at router (C:\Users\JackyLi(CTHK)../../../../../../OneDrive - Continuous 
Technologies International 
Limited/Documents/ERP_Test/node_modules/router/index.js:60:12)
      at Layer.handleRequest (C:\Users\JackyLi(CTHK)../../../../../../OneDrive 
- Continuous Technologies International 
Limited/Documents/ERP_Test/node_modules/router/lib/layer.js:152:17)
      at trimPrefix (C:\Users\JackyLi(CTHK)../../../../../../OneDrive - 
Continuous Technologies International 
Limited/Documents/ERP_Test/node_modules/router/index.js:342:13)
      at C:\Users\JackyLi(CTHK)../../../../../../OneDrive - Continuous 
Technologies International 
Limited/Documents/ERP_Test/node_modules/router/index.js:297:9
      at processParams (C:\Users\JackyLi(CTHK)../../../../../../OneDrive - 
Continuous Technologies International 
Limited/Documents/ERP_Test/node_modules/router/index.js:582:12)
      at next (C:\Users\JackyLi(CTHK)../../../../../../OneDrive - Continuous 
Technologies International 
Limited/Documents/ERP_Test/node_modules/router/index.js:291:5)
      at C:\Users\JackyLi(CTHK)../../../../../../OneDrive - Continuous 
Technologies International 
Limited/Documents/ERP_Test/node_modules/express-rate-limit/dist/index.cjs:947:7
      at C:\Users\JackyLi(CTHK)../../../../../../OneDrive - Continuous 
Technologies International 
Limited/Documents/ERP_Test/node_modules/express-rate-limit/dist/index.cjs:830:5

    console.error
      Error: Unauthorized: Missing or invalid Authorization header
          at requireAuth (C:\Users\JackyLi(CTHK)\OneDrive - Continuous 
Technologies International 
Limited\Documents\ERP_Test\server\src\middleware\requireAuth.ts:12:11)
          at Layer.handleRequest (C:\Users\JackyLi(CTHK)\OneDrive - Continuous 
Technologies International 
Limited\Documents\ERP_Test\node_modules\router\lib\layer.js:152:17)
          at next (C:\Users\JackyLi(CTHK)\OneDrive - Continuous Technologies 
International 
Limited\Documents\ERP_Test\node_modules\router\lib\route.js:157:13)
          at Route.dispatch (C:\Users\JackyLi(CTHK)\OneDrive - Continuous 
Technologies International 
Limited\Documents\ERP_Test\node_modules\router\lib\route.js:117:3)
          at handle (C:\Users\JackyLi(CTHK)\OneDrive - Continuous Technologies 
International Limited\Documents\ERP_Test\node_modules\router\index.js:435:11)
          at Layer.handleRequest (C:\Users\JackyLi(CTHK)\OneDrive - Continuous 
Technologies International 
Limited\Documents\ERP_Test\node_modules\router\lib\layer.js:152:17)
          at C:\Users\JackyLi(CTHK)\OneDrive - Continuous Technologies 
International Limited\Documents\ERP_Test\node_modules\router\index.js:295:15
          at param (C:\Users\JackyLi(CTHK)\OneDrive - Continuous Technologies 
International Limited\Documents\ERP_Test\node_modules\router\index.js:600:14)
          at param (C:\Users\JackyLi(CTHK)\OneDrive - Continuous Technologies 
International Limited\Documents\ERP_Test\node_modules\router\index.js:610:14)
          at processParams (C:\Users\JackyLi(CTHK)\OneDrive - Continuous 
Technologies International 
Limited\Documents\ERP_Test\node_modules\router\index.js:664:3)
          at next (C:\Users\JackyLi(CTHK)\OneDrive - Continuous Technologies 
International Limited\Documents\ERP_Test\node_modules\router\index.js:291:5)
          at router.handle (C:\Users\JackyLi(CTHK)\OneDrive - Continuous 
Technologies International 
Limited\Documents\ERP_Test\node_modules\router\index.js:186:3)
          at router (C:\Users\JackyLi(CTHK)\OneDrive - Continuous Technologies 
International Limited\Documents\ERP_Test\node_modules\router\index.js:60:12)
          at Layer.handleRequest (C:\Users\JackyLi(CTHK)\OneDrive - Continuous 
Technologies International 
Limited\Documents\ERP_Test\node_modules\router\lib\layer.js:152:17)
          at trimPrefix (C:\Users\JackyLi(CTHK)\OneDrive - Continuous 
Technologies International 
Limited\Documents\ERP_Test\node_modules\router\index.js:342:13)
          at C:\Users\JackyLi(CTHK)\OneDrive - Continuous Technologies 
International Limited\Documents\ERP_Test\node_modules\router\index.js:297:9
          at processParams (C:\Users\JackyLi(CTHK)\OneDrive - Continuous 
Technologies International 
Limited\Documents\ERP_Test\node_modules\router\index.js:582:12)
          at next (C:\Users\JackyLi(CTHK)\OneDrive - Continuous Technologies 
International Limited\Documents\ERP_Test\node_modules\router\index.js:291:5)
          at C:\Users\JackyLi(CTHK)\OneDrive - Continuous Technologies 
International Limited\Documents\ERP_Test\node_modules\router\index.js:688:15
          at next (C:\Users\JackyLi(CTHK)\OneDrive - Continuous Technologies 
International Limited\Documents\ERP_Test\node_modules\router\index.js:276:14)
          ... collapsed 9 duplicate lines matching above lines ...
          at router.handle (C:\Users\JackyLi(CTHK)\OneDrive - Continuous 
Technologies International 
Limited\Documents\ERP_Test\node_modules\router\index.js:186:3)
          at router (C:\Users\JackyLi(CTHK)\OneDrive - Continuous Technologies 
International Limited\Documents\ERP_Test\node_modules\router\index.js:60:12)
          at Layer.handleRequest (C:\Users\JackyLi(CTHK)\OneDrive - Continuous 
Technologies International 
Limited\Documents\ERP_Test\node_modules\router\lib\layer.js:152:17)
          at trimPrefix (C:\Users\JackyLi(CTHK)\OneDrive - Continuous 
Technologies International 
Limited\Documents\ERP_Test\node_modules\router\index.js:342:13)
          at C:\Users\JackyLi(CTHK)\OneDrive - Continuous Technologies 
International Limited\Documents\ERP_Test\node_modules\router\index.js:297:9
          at processParams (C:\Users\JackyLi(CTHK)\OneDrive - Continuous 
Technologies International 
Limited\Documents\ERP_Test\node_modules\router\index.js:582:12)
          at next (C:\Users\JackyLi(CTHK)\OneDrive - Continuous Technologies 
International Limited\Documents\ERP_Test\node_modules\router\index.js:291:5)
          ... collapsed 7 duplicate lines matching above lines ...
          at C:\Users\JackyLi(CTHK)\OneDrive - Continuous Technologies 
International 
Limited\Documents\ERP_Test\node_modules\express-rate-limit\dist\index.cjs:947:7
          at processTicksAndRejections 
(node:internal/process/task_queues:103:5)
          at C:\Users\JackyLi(CTHK)\OneDrive - Continuous Technologies 
International 
Limited\Documents\ERP_Test\node_modules\express-rate-limit\dist\index.cjs:830:5

    [0m [90m 59 |[39m   [90m// eslint-disable-next-line 
@typescript-eslint/no-unused-vars[39m
     [90m 60 |[39m   app[33m.[39muse((err[33m:[39m 
[33mError[39m[33m,[39m _req[33m:[39m [33mRequest[39m[33m,[39m 
res[33m:[39m [33mResponse[39m[33m,[39m _next[33m:[39m 
[33mNextFunction[39m) [33m=>[39m {
    [31m[1m>[22m[39m[90m 61 |[39m     
console[33m.[39merror(err)[33m;[39m
     [90m    |[39m             [31m[1m^[22m[39m
     [90m 62 |[39m     [36mif[39m 
(err[33m.[39mmessage[33m.[39mincludes([32m"Unauthorized"[39m)) {
     [90m 63 |[39m       
res[33m.[39mstatus([35m401[39m)[33m.[39mjson({ message[33m:[39m 
err[33m.[39mmessage })[33m;[39m
     [90m 64 |[39m     } [36melse[39m [36mif[39m 
(err[33m.[39mmessage[33m.[39mincludes([32m"Forbidden"[39m)) {[0m

      at C:\Users\JackyLi(CTHK)../../../../../../OneDrive - Continuous 
Technologies International Limited/Documents/ERP_Test/server/src/app.ts:61:13
      at Layer.handleError (C:\Users\JackyLi(CTHK)../../../../../../OneDrive - 
Continuous Technologies International 
Limited/Documents/ERP_Test/node_modules/router/lib/layer.js:116:17)
      at trimPrefix (C:\Users\JackyLi(CTHK)../../../../../../OneDrive - 
Continuous Technologies International 
Limited/Documents/ERP_Test/node_modules/router/index.js:340:13)
      at C:\Users\JackyLi(CTHK)../../../../../../OneDrive - Continuous 
Technologies International 
Limited/Documents/ERP_Test/node_modules/router/index.js:297:9
      at processParams (C:\Users\JackyLi(CTHK)../../../../../../OneDrive - 
Continuous Technologies International 
Limited/Documents/ERP_Test/node_modules/router/index.js:582:12)
      at next (C:\Users\JackyLi(CTHK)../../../../../../OneDrive - Continuous 
Technologies International 
Limited/Documents/ERP_Test/node_modules/router/index.js:291:5)
      at Layer.handleError (C:\Users\JackyLi(CTHK)../../../../../../OneDrive - 
Continuous Technologies International 
Limited/Documents/ERP_Test/node_modules/router/lib/layer.js:111:12)
      at trimPrefix (C:\Users\JackyLi(CTHK)../../../../../../OneDrive - 
Continuous Technologies International 
Limited/Documents/ERP_Test/node_modules/router/index.js:340:13)
      at C:\Users\JackyLi(CTHK)../../../../../../OneDrive - Continuous 
Technologies International 
Limited/Documents/ERP_Test/node_modules/router/index.js:297:9
      at processParams (C:\Users\JackyLi(CTHK)../../../../../../OneDrive - 
Continuous Technologies International 
Limited/Documents/ERP_Test/node_modules/router/index.js:582:12)
      at next (C:\Users\JackyLi(CTHK)../../../../../../OneDrive - Continuous 
Technologies International 
Limited/Documents/ERP_Test/node_modules/router/index.js:291:5)
      at C:\Users\JackyLi(CTHK)../../../../../../OneDrive - Continuous 
Technologies International 
Limited/Documents/ERP_Test/node_modules/router/index.js:688:15
      at next (C:\Users\JackyLi(CTHK)../../../../../../OneDrive - Continuous 
Technologies International 
Limited/Documents/ERP_Test/node_modules/router/index.js:276:14)
      at Layer.handleError (C:\Users\JackyLi(CTHK)../../../../../../OneDrive - 
Continuous Technologies International 
Limited/Documents/ERP_Test/node_modules/router/lib/layer.js:111:12)
      at trimPrefix (C:\Users\JackyLi(CTHK)../../../../../../OneDrive - 
Continuous Technologies International 
Limited/Documents/ERP_Test/node_modules/router/index.js:340:13)
      at C:\Users\JackyLi(CTHK)../../../../../../OneDrive - Continuous 
Technologies International 
Limited/Documents/ERP_Test/node_modules/router/index.js:297:9
      at processParams (C:\Users\JackyLi(CTHK)../../../../../../OneDrive - 
Continuous Technologies International 
Limited/Documents/ERP_Test/node_modules/router/index.js:582:12)
      at next (C:\Users\JackyLi(CTHK)../../../../../../OneDrive - Continuous 
Technologies International 
Limited/Documents/ERP_Test/node_modules/router/index.js:291:5)
      at C:\Users\JackyLi(CTHK)../../../../../../OneDrive - Continuous 
Technologies International 
Limited/Documents/ERP_Test/node_modules/router/index.js:688:15
      at next (C:\Users\JackyLi(CTHK)../../../../../../OneDrive - Continuous 
Technologies International 
Limited/Documents/ERP_Test/node_modules/router/index.js:276:14)
      at next (C:\Users\JackyLi(CTHK)../../../../../../OneDrive - Continuous 
Technologies International 
Limited/Documents/ERP_Test/node_modules/router/lib/route.js:132:14)
      at Layer.handleError (C:\Users\JackyLi(CTHK)../../../../../../OneDrive - 
Continuous Technologies International 
Limited/Documents/ERP_Test/node_modules/router/lib/layer.js:111:12)
      at next (C:\Users\JackyLi(CTHK)../../../../../../OneDrive - Continuous 
Technologies International 
Limited/Documents/ERP_Test/node_modules/router/lib/route.js:155:13)
      at Layer.handleError (C:\Users\JackyLi(CTHK)../../../../../../OneDrive - 
Continuous Technologies International 
Limited/Documents/ERP_Test/node_modules/router/lib/layer.js:111:12)
      at next (C:\Users\JackyLi(CTHK)../../../../../../OneDrive - Continuous 
Technologies International 
Limited/Documents/ERP_Test/node_modules/router/lib/route.js:155:13)
      at Layer.handleRequest (C:\Users\JackyLi(CTHK)../../../../../../OneDrive 
- Continuous Technologies International 
Limited/Documents/ERP_Test/node_modules/router/lib/layer.js:165:5)
      at next (C:\Users\JackyLi(CTHK)../../../../../../OneDrive - Continuous 
Technologies International 
Limited/Documents/ERP_Test/node_modules/router/lib/route.js:157:13)
      at Route.dispatch (C:\Users\JackyLi(CTHK)../../../../../../OneDrive - 
Continuous Technologies International 
Limited/Documents/ERP_Test/node_modules/router/lib/route.js:117:3)
      at handle (C:\Users\JackyLi(CTHK)../../../../../../OneDrive - Continuous 
Technologies International 
Limited/Documents/ERP_Test/node_modules/router/index.js:435:11)
      at Layer.handleRequest (C:\Users\JackyLi(CTHK)../../../../../../OneDrive 
- Continuous Technologies International 
Limited/Documents/ERP_Test/node_modules/router/lib/layer.js:152:17)
      at C:\Users\JackyLi(CTHK)../../../../../../OneDrive - Continuous 
Technologies International 
Limited/Documents/ERP_Test/node_modules/router/index.js:295:15
      at param (C:\Users\JackyLi(CTHK)../../../../../../OneDrive - Continuous 
Technologies International 
Limited/Documents/ERP_Test/node_modules/router/index.js:600:14)
      at param (C:\Users\JackyLi(CTHK)../../../../../../OneDrive - Continuous 
Technologies International 
Limited/Documents/ERP_Test/node_modules/router/index.js:610:14)
      at processParams (C:\Users\JackyLi(CTHK)../../../../../../OneDrive - 
Continuous Technologies International 
Limited/Documents/ERP_Test/node_modules/router/index.js:664:3)
      at next (C:\Users\JackyLi(CTHK)../../../../../../OneDrive - Continuous 
Technologies International 
Limited/Documents/ERP_Test/node_modules/router/index.js:291:5)
      at router.handle (C:\Users\JackyLi(CTHK)../../../../../../OneDrive - 
Continuous Technologies International 
Limited/Documents/ERP_Test/node_modules/router/index.js:186:3)
      at router (C:\Users\JackyLi(CTHK)../../../../../../OneDrive - Continuous 
Technologies International 
Limited/Documents/ERP_Test/node_modules/router/index.js:60:12)
      at Layer.handleRequest (C:\Users\JackyLi(CTHK)../../../../../../OneDrive 
- Continuous Technologies International 
Limited/Documents/ERP_Test/node_modules/router/lib/layer.js:152:17)
      at trimPrefix (C:\Users\JackyLi(CTHK)../../../../../../OneDrive - 
Continuous Technologies International 
Limited/Documents/ERP_Test/node_modules/router/index.js:342:13)
      at C:\Users\JackyLi(CTHK)../../../../../../OneDrive - Continuous 
Technologies International 
Limited/Documents/ERP_Test/node_modules/router/index.js:297:9
      at processParams (C:\Users\JackyLi(CTHK)../../../../../../OneDrive - 
Continuous Technologies International 
Limited/Documents/ERP_Test/node_modules/router/index.js:582:12)
      at next (C:\Users\JackyLi(CTHK)../../../../../../OneDrive - Continuous 
Technologies International 
Limited/Documents/ERP_Test/node_modules/router/index.js:291:5)
      at C:\Users\JackyLi(CTHK)../../../../../../OneDrive - Continuous 
Technologies International 
Limited/Documents/ERP_Test/node_modules/router/index.js:688:15
      at next (C:\Users\JackyLi(CTHK)../../../../../../OneDrive - Continuous 
Technologies International 
Limited/Documents/ERP_Test/node_modules/router/index.js:276:14)
      at router.handle (C:\Users\JackyLi(CTHK)../../../../../../OneDrive - 
Continuous Technologies International 
Limited/Documents/ERP_Test/node_modules/router/index.js:186:3)
      at router (C:\Users\JackyLi(CTHK)../../../../../../OneDrive - Continuous 
Technologies International 
Limited/Documents/ERP_Test/node_modules/router/index.js:60:12)
      at Layer.handleRequest (C:\Users\JackyLi(CTHK)../../../../../../OneDrive 
- Continuous Technologies International 
Limited/Documents/ERP_Test/node_modules/router/lib/layer.js:152:17)
      at trimPrefix (C:\Users\JackyLi(CTHK)../../../../../../OneDrive - 
Continuous Technologies International 
Limited/Documents/ERP_Test/node_modules/router/index.js:342:13)
      at C:\Users\JackyLi(CTHK)../../../../../../OneDrive - Continuous 
Technologies International 
Limited/Documents/ERP_Test/node_modules/router/index.js:297:9
      at processParams (C:\Users\JackyLi(CTHK)../../../../../../OneDrive - 
Continuous Technologies International 
Limited/Documents/ERP_Test/node_modules/router/index.js:582:12)
      at next (C:\Users\JackyLi(CTHK)../../../../../../OneDrive - Continuous 
Technologies International 
Limited/Documents/ERP_Test/node_modules/router/index.js:291:5)
      at C:\Users\JackyLi(CTHK)../../../../../../OneDrive - Continuous 
Technologies International 
Limited/Documents/ERP_Test/node_modules/router/index.js:688:15
      at next (C:\Users\JackyLi(CTHK)../../../../../../OneDrive - Continuous 
Technologies International 
Limited/Documents/ERP_Test/node_modules/router/index.js:276:14)
      at router.handle (C:\Users\JackyLi(CTHK)../../../../../../OneDrive - 
Continuous Technologies International 
Limited/Documents/ERP_Test/node_modules/router/index.js:186:3)
      at router (C:\Users\JackyLi(CTHK)../../../../../../OneDrive - Continuous 
Technologies International 
Limited/Documents/ERP_Test/node_modules/router/index.js:60:12)
      at Layer.handleRequest (C:\Users\JackyLi(CTHK)../../../../../../OneDrive 
- Continuous Technologies International 
Limited/Documents/ERP_Test/node_modules/router/lib/layer.js:152:17)
      at trimPrefix (C:\Users\JackyLi(CTHK)../../../../../../OneDrive - 
Continuous Technologies International 
Limited/Documents/ERP_Test/node_modules/router/index.js:342:13)
      at C:\Users\JackyLi(CTHK)../../../../../../OneDrive - Continuous 
Technologies International 
Limited/Documents/ERP_Test/node_modules/router/index.js:297:9
      at processParams (C:\Users\JackyLi(CTHK)../../../../../../OneDrive - 
Continuous Technologies International 
Limited/Documents/ERP_Test/node_modules/router/index.js:582:12)
      at next (C:\Users\JackyLi(CTHK)../../../../../../OneDrive - Continuous 
Technologies International 
Limited/Documents/ERP_Test/node_modules/router/index.js:291:5)
      at router.handle (C:\Users\JackyLi(CTHK)../../../../../../OneDrive - 
Continuous Technologies International 
Limited/Documents/ERP_Test/node_modules/router/index.js:186:3)
      at router (C:\Users\JackyLi(CTHK)../../../../../../OneDrive - Continuous 
Technologies International 
Limited/Documents/ERP_Test/node_modules/router/index.js:60:12)
      at Layer.handleRequest (C:\Users\JackyLi(CTHK)../../../../../../OneDrive 
- Continuous Technologies International 
Limited/Documents/ERP_Test/node_modules/router/lib/layer.js:152:17)
      at trimPrefix (C:\Users\JackyLi(CTHK)../../../../../../OneDrive - 
Continuous Technologies International 
Limited/Documents/ERP_Test/node_modules/router/index.js:342:13)
      at C:\Users\JackyLi(CTHK)../../../../../../OneDrive - Continuous 
Technologies International 
Limited/Documents/ERP_Test/node_modules/router/index.js:297:9
      at processParams (C:\Users\JackyLi(CTHK)../../../../../../OneDrive - 
Continuous Technologies International 
Limited/Documents/ERP_Test/node_modules/router/index.js:582:12)
      at next (C:\Users\JackyLi(CTHK)../../../../../../OneDrive - Continuous 
Technologies International 
Limited/Documents/ERP_Test/node_modules/router/index.js:291:5)
      at C:\Users\JackyLi(CTHK)../../../../../../OneDrive - Continuous 
Technologies International 
Limited/Documents/ERP_Test/node_modules/express-rate-limit/dist/index.cjs:947:7
      at C:\Users\JackyLi(CTHK)../../../../../../OneDrive - Continuous 
Technologies International 
Limited/Documents/ERP_Test/node_modules/express-rate-limit/dist/index.cjs:830:5

    console.error
      Error: Unauthorized: Missing or invalid Authorization header
          at requireAuth (C:\Users\JackyLi(CTHK)\OneDrive - Continuous 
Technologies International 
Limited\Documents\ERP_Test\server\src\middleware\requireAuth.ts:12:11)
          at Layer.handleRequest (C:\Users\JackyLi(CTHK)\OneDrive - Continuous 
Technologies International 
Limited\Documents\ERP_Test\node_modules\router\lib\layer.js:152:17)
          at next (C:\Users\JackyLi(CTHK)\OneDrive - Continuous Technologies 
International 
Limited\Documents\ERP_Test\node_modules\router\lib\route.js:157:13)
          at Route.dispatch (C:\Users\JackyLi(CTHK)\OneDrive - Continuous 
Technologies International 
Limited\Documents\ERP_Test\node_modules\router\lib\route.js:117:3)
          at handle (C:\Users\JackyLi(CTHK)\OneDrive - Continuous Technologies 
International Limited\Documents\ERP_Test\node_modules\router\index.js:435:11)
          at Layer.handleRequest (C:\Users\JackyLi(CTHK)\OneDrive - Continuous 
Technologies International 
Limited\Documents\ERP_Test\node_modules\router\lib\layer.js:152:17)
          at C:\Users\JackyLi(CTHK)\OneDrive - Continuous Technologies 
International Limited\Documents\ERP_Test\node_modules\router\index.js:295:15
          at processParams (C:\Users\JackyLi(CTHK)\OneDrive - Continuous 
Technologies International 
Limited\Documents\ERP_Test\node_modules\router\index.js:582:12)
          at next (C:\Users\JackyLi(CTHK)\OneDrive - Continuous Technologies 
International Limited\Documents\ERP_Test\node_modules\router\index.js:291:5)
          at router.handle (C:\Users\JackyLi(CTHK)\OneDrive - Continuous 
Technologies International 
Limited\Documents\ERP_Test\node_modules\router\index.js:186:3)
          at router (C:\Users\JackyLi(CTHK)\OneDrive - Continuous Technologies 
International Limited\Documents\ERP_Test\node_modules\router\index.js:60:12)
          at Layer.handleRequest (C:\Users\JackyLi(CTHK)\OneDrive - Continuous 
Technologies International 
Limited\Documents\ERP_Test\node_modules\router\lib\layer.js:152:17)
          at trimPrefix (C:\Users\JackyLi(CTHK)\OneDrive - Continuous 
Technologies International 
Limited\Documents\ERP_Test\node_modules\router\index.js:342:13)
          at C:\Users\JackyLi(CTHK)\OneDrive - Continuous Technologies 
International Limited\Documents\ERP_Test\node_modules\router\index.js:297:9
          at processParams (C:\Users\JackyLi(CTHK)\OneDrive - Continuous 
Technologies International 
Limited\Documents\ERP_Test\node_modules\router\index.js:582:12)
          at next (C:\Users\JackyLi(CTHK)\OneDrive - Continuous Technologies 
International Limited\Documents\ERP_Test\node_modules\router\index.js:291:5)
          at C:\Users\JackyLi(CTHK)\OneDrive - Continuous Technologies 
International Limited\Documents\ERP_Test\node_modules\router\index.js:688:15
          at next (C:\Users\JackyLi(CTHK)\OneDrive - Continuous Technologies 
International Limited\Documents\ERP_Test\node_modules\router\index.js:276:14)
          at router.handle (C:\Users\JackyLi(CTHK)\OneDrive - Continuous 
Technologies International 
Limited\Documents\ERP_Test\node_modules\router\index.js:186:3)
          at router (C:\Users\JackyLi(CTHK)\OneDrive - Continuous Technologies 
International Limited\Documents\ERP_Test\node_modules\router\index.js:60:12)
          at Layer.handleRequest (C:\Users\JackyLi(CTHK)\OneDrive - Continuous 
Technologies International 
Limited\Documents\ERP_Test\node_modules\router\lib\layer.js:152:17)
          at trimPrefix (C:\Users\JackyLi(CTHK)\OneDrive - Continuous 
Technologies International 
Limited\Documents\ERP_Test\node_modules\router\index.js:342:13)
          at C:\Users\JackyLi(CTHK)\OneDrive - Continuous Technologies 
International Limited\Documents\ERP_Test\node_modules\router\index.js:297:9
          at processParams (C:\Users\JackyLi(CTHK)\OneDrive - Continuous 
Technologies International 
Limited\Documents\ERP_Test\node_modules\router\index.js:582:12)
          at next (C:\Users\JackyLi(CTHK)\OneDrive - Continuous Technologies 
International Limited\Documents\ERP_Test\node_modules\router\index.js:291:5)
          ... collapsed 7 duplicate lines matching above lines ...
          at C:\Users\JackyLi(CTHK)\OneDrive - Continuous Technologies 
International 
Limited\Documents\ERP_Test\node_modules\express-rate-limit\dist\index.cjs:947:7
          at processTicksAndRejections 
(node:internal/process/task_queues:103:5)
          at C:\Users\JackyLi(CTHK)\OneDrive - Continuous Technologies 
International 
Limited\Documents\ERP_Test\node_modules\express-rate-limit\dist\index.cjs:830:5

    [0m [90m 59 |[39m   [90m// eslint-disable-next-line 
@typescript-eslint/no-unused-vars[39m
     [90m 60 |[39m   app[33m.[39muse((err[33m:[39m 
[33mError[39m[33m,[39m _req[33m:[39m [33mRequest[39m[33m,[39m 
res[33m:[39m [33mResponse[39m[33m,[39m _next[33m:[39m 
[33mNextFunction[39m) [33m=>[39m {
    [31m[1m>[22m[39m[90m 61 |[39m     
console[33m.[39merror(err)[33m;[39m
     [90m    |[39m             [31m[1m^[22m[39m
     [90m 62 |[39m     [36mif[39m 
(err[33m.[39mmessage[33m.[39mincludes([32m"Unauthorized"[39m)) {
     [90m 63 |[39m       
res[33m.[39mstatus([35m401[39m)[33m.[39mjson({ message[33m:[39m 
err[33m.[39mmessage })[33m;[39m
     [90m 64 |[39m     } [36melse[39m [36mif[39m 
(err[33m.[39mmessage[33m.[39mincludes([32m"Forbidden"[39m)) {[0m

      at C:\Users\JackyLi(CTHK)../../../../../../OneDrive - Continuous 
Technologies International Limited/Documents/ERP_Test/server/src/app.ts:61:13
      at Layer.handleError (C:\Users\JackyLi(CTHK)../../../../../../OneDrive - 
Continuous Technologies International 
Limited/Documents/ERP_Test/node_modules/router/lib/layer.js:116:17)
      at trimPrefix (C:\Users\JackyLi(CTHK)../../../../../../OneDrive - 
Continuous Technologies International 
Limited/Documents/ERP_Test/node_modules/router/index.js:340:13)
      at C:\Users\JackyLi(CTHK)../../../../../../OneDrive - Continuous 
Technologies International 
Limited/Documents/ERP_Test/node_modules/router/index.js:297:9
      at processParams (C:\Users\JackyLi(CTHK)../../../../../../OneDrive - 
Continuous Technologies International 
Limited/Documents/ERP_Test/node_modules/router/index.js:582:12)
      at next (C:\Users\JackyLi(CTHK)../../../../../../OneDrive - Continuous 
Technologies International 
Limited/Documents/ERP_Test/node_modules/router/index.js:291:5)
      at Layer.handleError (C:\Users\JackyLi(CTHK)../../../../../../OneDrive - 
Continuous Technologies International 
Limited/Documents/ERP_Test/node_modules/router/lib/layer.js:111:12)
      at trimPrefix (C:\Users\JackyLi(CTHK)../../../../../../OneDrive - 
Continuous Technologies International 
Limited/Documents/ERP_Test/node_modules/router/index.js:340:13)
      at C:\Users\JackyLi(CTHK)../../../../../../OneDrive - Continuous 
Technologies International 
Limited/Documents/ERP_Test/node_modules/router/index.js:297:9
      at processParams (C:\Users\JackyLi(CTHK)../../../../../../OneDrive - 
Continuous Technologies International 
Limited/Documents/ERP_Test/node_modules/router/index.js:582:12)
      at next (C:\Users\JackyLi(CTHK)../../../../../../OneDrive - Continuous 
Technologies International 
Limited/Documents/ERP_Test/node_modules/router/index.js:291:5)
      at C:\Users\JackyLi(CTHK)../../../../../../OneDrive - Continuous 
Technologies International 
Limited/Documents/ERP_Test/node_modules/router/index.js:688:15
      at Immediate.next (C:\Users\JackyLi(CTHK)../../../../../../OneDrive - 
Continuous Technologies International 
Limited/Documents/ERP_Test/node_modules/router/index.js:276:14)
      at Immediate._onImmediate 
(C:\Users\JackyLi(CTHK)../../../../../../OneDrive - Continuous Technologies 
International Limited/Documents/ERP_Test/node_modules/router/index.js:688:15)

    console.error
      Error: Forbidden: User role 'EMPLOYEE' does not have permission for this 
resource
          at C:\Users\JackyLi(CTHK)\OneDrive - Continuous Technologies 
International 
Limited\Documents\ERP_Test\server\src\middleware\requireRole.ts:17:13
          at Layer.handleRequest (C:\Users\JackyLi(CTHK)\OneDrive - Continuous 
Technologies International 
Limited\Documents\ERP_Test\node_modules\router\lib\layer.js:152:17)
          at next (C:\Users\JackyLi(CTHK)\OneDrive - Continuous Technologies 
International 
Limited\Documents\ERP_Test\node_modules\router\lib\route.js:157:13)
          at requireAuth (C:\Users\JackyLi(CTHK)\OneDrive - Continuous 
Technologies International 
Limited\Documents\ERP_Test\server\src\middleware\requireAuth.ts:23:5)
          at Layer.handleRequest (C:\Users\JackyLi(CTHK)\OneDrive - Continuous 
Technologies International 
Limited\Documents\ERP_Test\node_modules\router\lib\layer.js:152:17)
          at next (C:\Users\JackyLi(CTHK)\OneDrive - Continuous Technologies 
International 
Limited\Documents\ERP_Test\node_modules\router\lib\route.js:157:13)
          at Route.dispatch (C:\Users\JackyLi(CTHK)\OneDrive - Continuous 
Technologies International 
Limited\Documents\ERP_Test\node_modules\router\lib\route.js:117:3)
          at handle (C:\Users\JackyLi(CTHK)\OneDrive - Continuous Technologies 
International Limited\Documents\ERP_Test\node_modules\router\index.js:435:11)
          at Layer.handleRequest (C:\Users\JackyLi(CTHK)\OneDrive - Continuous 
Technologies International 
Limited\Documents\ERP_Test\node_modules\router\lib\layer.js:152:17)
          at C:\Users\JackyLi(CTHK)\OneDrive - Continuous Technologies 
International Limited\Documents\ERP_Test\node_modules\router\index.js:295:15
          at processParams (C:\Users\JackyLi(CTHK)\OneDrive - Continuous 
Technologies International 
Limited\Documents\ERP_Test\node_modules\router\index.js:582:12)
          at next (C:\Users\JackyLi(CTHK)\OneDrive - Continuous Technologies 
International Limited\Documents\ERP_Test\node_modules\router\index.js:291:5)
          at router.handle (C:\Users\JackyLi(CTHK)\OneDrive - Continuous 
Technologies International 
Limited\Documents\ERP_Test\node_modules\router\index.js:186:3)
          at router (C:\Users\JackyLi(CTHK)\OneDrive - Continuous Technologies 
International Limited\Documents\ERP_Test\node_modules\router\index.js:60:12)
          at Layer.handleRequest (C:\Users\JackyLi(CTHK)\OneDrive - Continuous 
Technologies International 
Limited\Documents\ERP_Test\node_modules\router\lib\layer.js:152:17)
          at trimPrefix (C:\Users\JackyLi(CTHK)\OneDrive - Continuous 
Technologies International 
Limited\Documents\ERP_Test\node_modules\router\index.js:342:13)
          at C:\Users\JackyLi(CTHK)\OneDrive - Continuous Technologies 
International Limited\Documents\ERP_Test\node_modules\router\index.js:297:9
          at processParams (C:\Users\JackyLi(CTHK)\OneDrive - Continuous 
Technologies International 
Limited\Documents\ERP_Test\node_modules\router\index.js:582:12)
          at next (C:\Users\JackyLi(CTHK)\OneDrive - Continuous Technologies 
International Limited\Documents\ERP_Test\node_modules\router\index.js:291:5)
          at C:\Users\JackyLi(CTHK)\OneDrive - Continuous Technologies 
International Limited\Documents\ERP_Test\node_modules\router\index.js:688:15
          at next (C:\Users\JackyLi(CTHK)\OneDrive - Continuous Technologies 
International Limited\Documents\ERP_Test\node_modules\router\index.js:276:14)
          at router.handle (C:\Users\JackyLi(CTHK)\OneDrive - Continuous 
Technologies International 
Limited\Documents\ERP_Test\node_modules\router\index.js:186:3)
          at router (C:\Users\JackyLi(CTHK)\OneDrive - Continuous Technologies 
International Limited\Documents\ERP_Test\node_modules\router\index.js:60:12)
          at Layer.handleRequest (C:\Users\JackyLi(CTHK)\OneDrive - Continuous 
Technologies International 
Limited\Documents\ERP_Test\node_modules\router\lib\layer.js:152:17)
          at trimPrefix (C:\Users\JackyLi(CTHK)\OneDrive - Continuous 
Technologies International 
Limited\Documents\ERP_Test\node_modules\router\index.js:342:13)
          at C:\Users\JackyLi(CTHK)\OneDrive - Continuous Technologies 
International Limited\Documents\ERP_Test\node_modules\router\index.js:297:9
          at processParams (C:\Users\JackyLi(CTHK)\OneDrive - Continuous 
Technologies International 
Limited\Documents\ERP_Test\node_modules\router\index.js:582:12)
          at next (C:\Users\JackyLi(CTHK)\OneDrive - Continuous Technologies 
International Limited\Documents\ERP_Test\node_modules\router\index.js:291:5)
          ... collapsed 7 duplicate lines matching above lines ...
          at C:\Users\JackyLi(CTHK)\OneDrive - Continuous Technologies 
International 
Limited\Documents\ERP_Test\node_modules\express-rate-limit\dist\index.cjs:947:7
          at processTicksAndRejections 
(node:internal/process/task_queues:103:5)
          at C:\Users\JackyLi(CTHK)\OneDrive - Continuous Technologies 
International 
Limited\Documents\ERP_Test\node_modules\express-rate-limit\dist\index.cjs:830:5

    [0m [90m 59 |[39m   [90m// eslint-disable-next-line 
@typescript-eslint/no-unused-vars[39m
     [90m 60 |[39m   app[33m.[39muse((err[33m:[39m 
[33mError[39m[33m,[39m _req[33m:[39m [33mRequest[39m[33m,[39m 
res[33m:[39m [33mResponse[39m[33m,[39m _next[33m:[39m 
[33mNextFunction[39m) [33m=>[39m {
    [31m[1m>[22m[39m[90m 61 |[39m     
console[33m.[39merror(err)[33m;[39m
     [90m    |[39m             [31m[1m^[22m[39m
     [90m 62 |[39m     [36mif[39m 
(err[33m.[39mmessage[33m.[39mincludes([32m"Unauthorized"[39m)) {
     [90m 63 |[39m       
res[33m.[39mstatus([35m401[39m)[33m.[39mjson({ message[33m:[39m 
err[33m.[39mmessage })[33m;[39m
     [90m 64 |[39m     } [36melse[39m [36mif[39m 
(err[33m.[39mmessage[33m.[39mincludes([32m"Forbidden"[39m)) {[0m

      at C:\Users\JackyLi(CTHK)../../../../../../OneDrive - Continuous 
Technologies International Limited/Documents/ERP_Test/server/src/app.ts:61:13
      at Layer.handleError (C:\Users\JackyLi(CTHK)../../../../../../OneDrive - 
Continuous Technologies International 
Limited/Documents/ERP_Test/node_modules/router/lib/layer.js:116:17)
      at trimPrefix (C:\Users\JackyLi(CTHK)../../../../../../OneDrive - 
Continuous Technologies International 
Limited/Documents/ERP_Test/node_modules/router/index.js:340:13)
      at C:\Users\JackyLi(CTHK)../../../../../../OneDrive - Continuous 
Technologies International 
Limited/Documents/ERP_Test/node_modules/router/index.js:297:9
      at processParams (C:\Users\JackyLi(CTHK)../../../../../../OneDrive - 
Continuous Technologies International 
Limited/Documents/ERP_Test/node_modules/router/index.js:582:12)
      at next (C:\Users\JackyLi(CTHK)../../../../../../OneDrive - Continuous 
Technologies International 
Limited/Documents/ERP_Test/node_modules/router/index.js:291:5)
      at Layer.handleError (C:\Users\JackyLi(CTHK)../../../../../../OneDrive - 
Continuous Technologies International 
Limited/Documents/ERP_Test/node_modules/router/lib/layer.js:111:12)
      at trimPrefix (C:\Users\JackyLi(CTHK)../../../../../../OneDrive - 
Continuous Technologies International 
Limited/Documents/ERP_Test/node_modules/router/index.js:340:13)
      at C:\Users\JackyLi(CTHK)../../../../../../OneDrive - Continuous 
Technologies International 
Limited/Documents/ERP_Test/node_modules/router/index.js:297:9
      at processParams (C:\Users\JackyLi(CTHK)../../../../../../OneDrive - 
Continuous Technologies International 
Limited/Documents/ERP_Test/node_modules/router/index.js:582:12)
      at next (C:\Users\JackyLi(CTHK)../../../../../../OneDrive - Continuous 
Technologies International 
Limited/Documents/ERP_Test/node_modules/router/index.js:291:5)
      at C:\Users\JackyLi(CTHK)../../../../../../OneDrive - Continuous 
Technologies International 
Limited/Documents/ERP_Test/node_modules/router/index.js:688:15
      at Immediate.next (C:\Users\JackyLi(CTHK)../../../../../../OneDrive - 
Continuous Technologies International 
Limited/Documents/ERP_Test/node_modules/router/index.js:276:14)
      at Immediate._onImmediate 
(C:\Users\JackyLi(CTHK)../../../../../../OneDrive - Continuous Technologies 
International Limited/Documents/ERP_Test/node_modules/router/index.js:688:15)

PASS src/__tests__/leaveRequest.submit.test.ts
  ΓùÅ Console

    console.log
      [dotenv@17.3.1] injecting env (10) from ..\.env -- tip: ≡ƒ¢í∩╕Å auth for 
agents: https://vestauth.com

      at _log (C:\Users\JackyLi(CTHK)../../../../../../OneDrive - Continuous 
Technologies International 
Limited/Documents/ERP_Test/node_modules/dotenv/lib/main.js:139:11)

    console.error
      Error: Unauthorized: Missing or invalid Authorization header
          at requireAuth (C:\Users\JackyLi(CTHK)\OneDrive - Continuous 
Technologies International 
Limited\Documents\ERP_Test\server\src\middleware\requireAuth.ts:12:11)
          at Layer.handleRequest (C:\Users\JackyLi(CTHK)\OneDrive - Continuous 
Technologies International 
Limited\Documents\ERP_Test\node_modules\router\lib\layer.js:152:17)
          at next (C:\Users\JackyLi(CTHK)\OneDrive - Continuous Technologies 
International 
Limited\Documents\ERP_Test\node_modules\router\lib\route.js:157:13)
          at Route.dispatch (C:\Users\JackyLi(CTHK)\OneDrive - Continuous 
Technologies International 
Limited\Documents\ERP_Test\node_modules\router\lib\route.js:117:3)
          at handle (C:\Users\JackyLi(CTHK)\OneDrive - Continuous Technologies 
International Limited\Documents\ERP_Test\node_modules\router\index.js:435:11)
          at Layer.handleRequest (C:\Users\JackyLi(CTHK)\OneDrive - Continuous 
Technologies International 
Limited\Documents\ERP_Test\node_modules\router\lib\layer.js:152:17)
          at C:\Users\JackyLi(CTHK)\OneDrive - Continuous Technologies 
International Limited\Documents\ERP_Test\node_modules\router\index.js:295:15
          at processParams (C:\Users\JackyLi(CTHK)\OneDrive - Continuous 
Technologies International 
Limited\Documents\ERP_Test\node_modules\router\index.js:582:12)
          at next (C:\Users\JackyLi(CTHK)\OneDrive - Continuous Technologies 
International Limited\Documents\ERP_Test\node_modules\router\index.js:291:5)
          at router.handle (C:\Users\JackyLi(CTHK)\OneDrive - Continuous 
Technologies International 
Limited\Documents\ERP_Test\node_modules\router\index.js:186:3)
          at router (C:\Users\JackyLi(CTHK)\OneDrive - Continuous Technologies 
International Limited\Documents\ERP_Test\node_modules\router\index.js:60:12)
          at Layer.handleRequest (C:\Users\JackyLi(CTHK)\OneDrive - Continuous 
Technologies International 
Limited\Documents\ERP_Test\node_modules\router\lib\layer.js:152:17)
          at trimPrefix (C:\Users\JackyLi(CTHK)\OneDrive - Continuous 
Technologies International 
Limited\Documents\ERP_Test\node_modules\router\index.js:342:13)
          at C:\Users\JackyLi(CTHK)\OneDrive - Continuous Technologies 
International Limited\Documents\ERP_Test\node_modules\router\index.js:297:9
          at processParams (C:\Users\JackyLi(CTHK)\OneDrive - Continuous 
Technologies International 
Limited\Documents\ERP_Test\node_modules\router\index.js:582:12)
          at next (C:\Users\JackyLi(CTHK)\OneDrive - Continuous Technologies 
International Limited\Documents\ERP_Test\node_modules\router\index.js:291:5)
          at C:\Users\JackyLi(CTHK)\OneDrive - Continuous Technologies 
International Limited\Documents\ERP_Test\node_modules\router\index.js:688:15
          at next (C:\Users\JackyLi(CTHK)\OneDrive - Continuous Technologies 
International Limited\Documents\ERP_Test\node_modules\router\index.js:276:14)
          at router.handle (C:\Users\JackyLi(CTHK)\OneDrive - Continuous 
Technologies International 
Limited\Documents\ERP_Test\node_modules\router\index.js:186:3)
          at router (C:\Users\JackyLi(CTHK)\OneDrive - Continuous Technologies 
International Limited\Documents\ERP_Test\node_modules\router\index.js:60:12)
          at Layer.handleRequest (C:\Users\JackyLi(CTHK)\OneDrive - Continuous 
Technologies International 
Limited\Documents\ERP_Test\node_modules\router\lib\layer.js:152:17)
          at trimPrefix (C:\Users\JackyLi(CTHK)\OneDrive - Continuous 
Technologies International 
Limited\Documents\ERP_Test\node_modules\router\index.js:342:13)
          at C:\Users\JackyLi(CTHK)\OneDrive - Continuous Technologies 
International Limited\Documents\ERP_Test\node_modules\router\index.js:297:9
          at processParams (C:\Users\JackyLi(CTHK)\OneDrive - Continuous 
Technologies International 
Limited\Documents\ERP_Test\node_modules\router\index.js:582:12)
          at next (C:\Users\JackyLi(CTHK)\OneDrive - Continuous Technologies 
International Limited\Documents\ERP_Test\node_modules\router\index.js:291:5)
          ... collapsed 7 duplicate lines matching above lines ...
          at C:\Users\JackyLi(CTHK)\OneDrive - Continuous Technologies 
International 
Limited\Documents\ERP_Test\node_modules\express-rate-limit\dist\index.cjs:947:7
          at processTicksAndRejections 
(node:internal/process/task_queues:103:5)
          at C:\Users\JackyLi(CTHK)\OneDrive - Continuous Technologies 
International 
Limited\Documents\ERP_Test\node_modules\express-rate-limit\dist\index.cjs:830:5

    [0m [90m 59 |[39m   [90m// eslint-disable-next-line 
@typescript-eslint/no-unused-vars[39m
     [90m 60 |[39m   app[33m.[39muse((err[33m:[39m 
[33mError[39m[33m,[39m _req[33m:[39m [33mRequest[39m[33m,[39m 
res[33m:[39m [33mResponse[39m[33m,[39m _next[33m:[39m 
[33mNextFunction[39m) [33m=>[39m {
    [31m[1m>[22m[39m[90m 61 |[39m     
console[33m.[39merror(err)[33m;[39m
     [90m    |[39m             [31m[1m^[22m[39m
     [90m 62 |[39m     [36mif[39m 
(err[33m.[39mmessage[33m.[39mincludes([32m"Unauthorized"[39m)) {
     [90m 63 |[39m       
res[33m.[39mstatus([35m401[39m)[33m.[39mjson({ message[33m:[39m 
err[33m.[39mmessage })[33m;[39m
     [90m 64 |[39m     } [36melse[39m [36mif[39m 
(err[33m.[39mmessage[33m.[39mincludes([32m"Forbidden"[39m)) {[0m

      at C:\Users\JackyLi(CTHK)../../../../../../OneDrive - Continuous 
Technologies International Limited/Documents/ERP_Test/server/src/app.ts:61:13
      at Layer.handleError (C:\Users\JackyLi(CTHK)../../../../../../OneDrive - 
Continuous Technologies International 
Limited/Documents/ERP_Test/node_modules/router/lib/layer.js:116:17)
      at trimPrefix (C:\Users\JackyLi(CTHK)../../../../../../OneDrive - 
Continuous Technologies International 
Limited/Documents/ERP_Test/node_modules/router/index.js:340:13)
      at C:\Users\JackyLi(CTHK)../../../../../../OneDrive - Continuous 
Technologies International 
Limited/Documents/ERP_Test/node_modules/router/index.js:297:9
      at processParams (C:\Users\JackyLi(CTHK)../../../../../../OneDrive - 
Continuous Technologies International 
Limited/Documents/ERP_Test/node_modules/router/index.js:582:12)
      at next (C:\Users\JackyLi(CTHK)../../../../../../OneDrive - Continuous 
Technologies International 
Limited/Documents/ERP_Test/node_modules/router/index.js:291:5)
      at Layer.handleError (C:\Users\JackyLi(CTHK)../../../../../../OneDrive - 
Continuous Technologies International 
Limited/Documents/ERP_Test/node_modules/router/lib/layer.js:111:12)
      at trimPrefix (C:\Users\JackyLi(CTHK)../../../../../../OneDrive - 
Continuous Technologies International 
Limited/Documents/ERP_Test/node_modules/router/index.js:340:13)
      at C:\Users\JackyLi(CTHK)../../../../../../OneDrive - Continuous 
Technologies International 
Limited/Documents/ERP_Test/node_modules/router/index.js:297:9
      at processParams (C:\Users\JackyLi(CTHK)../../../../../../OneDrive - 
Continuous Technologies International 
Limited/Documents/ERP_Test/node_modules/router/index.js:582:12)
      at next (C:\Users\JackyLi(CTHK)../../../../../../OneDrive - Continuous 
Technologies International 
Limited/Documents/ERP_Test/node_modules/router/index.js:291:5)
      at C:\Users\JackyLi(CTHK)../../../../../../OneDrive - Continuous 
Technologies International 
Limited/Documents/ERP_Test/node_modules/router/index.js:688:15
      at next (C:\Users\JackyLi(CTHK)../../../../../../OneDrive - Continuous 
Technologies International 
Limited/Documents/ERP_Test/node_modules/router/index.js:276:14)
      at Layer.handleError (C:\Users\JackyLi(CTHK)../../../../../../OneDrive - 
Continuous Technologies International 
Limited/Documents/ERP_Test/node_modules/router/lib/layer.js:111:12)
      at trimPrefix (C:\Users\JackyLi(CTHK)../../../../../../OneDrive - 
Continuous Technologies International 
Limited/Documents/ERP_Test/node_modules/router/index.js:340:13)
      at C:\Users\JackyLi(CTHK)../../../../../../OneDrive - Continuous 
Technologies International 
Limited/Documents/ERP_Test/node_modules/router/index.js:297:9
      at processParams (C:\Users\JackyLi(CTHK)../../../../../../OneDrive - 
Continuous Technologies International 
Limited/Documents/ERP_Test/node_modules/router/index.js:582:12)
      at next (C:\Users\JackyLi(CTHK)../../../../../../OneDrive - Continuous 
Technologies International 
Limited/Documents/ERP_Test/node_modules/router/index.js:291:5)
      at Layer.handleError (C:\Users\JackyLi(CTHK)../../../../../../OneDrive - 
Continuous Technologies International 
Limited/Documents/ERP_Test/node_modules/router/lib/layer.js:111:12)
      at trimPrefix (C:\Users\JackyLi(CTHK)../../../../../../OneDrive - 
Continuous Technologies International 
Limited/Documents/ERP_Test/node_modules/router/index.js:340:13)
      at C:\Users\JackyLi(CTHK)../../../../../../OneDrive - Continuous 
Technologies International 
Limited/Documents/ERP_Test/node_modules/router/index.js:297:9
      at processParams (C:\Users\JackyLi(CTHK)../../../../../../OneDrive - 
Continuous Technologies International 
Limited/Documents/ERP_Test/node_modules/router/index.js:582:12)
      at next (C:\Users\JackyLi(CTHK)../../../../../../OneDrive - Continuous 
Technologies International 
Limited/Documents/ERP_Test/node_modules/router/index.js:291:5)
      at C:\Users\JackyLi(CTHK)../../../../../../OneDrive - Continuous 
Technologies International 
Limited/Documents/ERP_Test/node_modules/router/index.js:688:15
      at next (C:\Users\JackyLi(CTHK)../../../../../../OneDrive - Continuous 
Technologies International 
Limited/Documents/ERP_Test/node_modules/router/index.js:276:14)
      at next (C:\Users\JackyLi(CTHK)../../../../../../OneDrive - Continuous 
Technologies International 
Limited/Documents/ERP_Test/node_modules/router/lib/route.js:132:14)
      at Layer.handleError (C:\Users\JackyLi(CTHK)../../../../../../OneDrive - 
Continuous Technologies International 
Limited/Documents/ERP_Test/node_modules/router/lib/layer.js:111:12)
      at next (C:\Users\JackyLi(CTHK)../../../../../../OneDrive - Continuous 
Technologies International 
Limited/Documents/ERP_Test/node_modules/router/lib/route.js:155:13)
      at Layer.handleRequest (C:\Users\JackyLi(CTHK)../../../../../../OneDrive 
- Continuous Technologies International 
Limited/Documents/ERP_Test/node_modules/router/lib/layer.js:165:5)
      at next (C:\Users\JackyLi(CTHK)../../../../../../OneDrive - Continuous 
Technologies International 
Limited/Documents/ERP_Test/node_modules/router/lib/route.js:157:13)
      at Route.dispatch (C:\Users\JackyLi(CTHK)../../../../../../OneDrive - 
Continuous Technologies International 
Limited/Documents/ERP_Test/node_modules/router/lib/route.js:117:3)
      at handle (C:\Users\JackyLi(CTHK)../../../../../../OneDrive - Continuous 
Technologies International 
Limited/Documents/ERP_Test/node_modules/router/index.js:435:11)
      at Layer.handleRequest (C:\Users\JackyLi(CTHK)../../../../../../OneDrive 
- Continuous Technologies International 
Limited/Documents/ERP_Test/node_modules/router/lib/layer.js:152:17)
      at C:\Users\JackyLi(CTHK)../../../../../../OneDrive - Continuous 
Technologies International 
Limited/Documents/ERP_Test/node_modules/router/index.js:295:15
      at processParams (C:\Users\JackyLi(CTHK)../../../../../../OneDrive - 
Continuous Technologies International 
Limited/Documents/ERP_Test/node_modules/router/index.js:582:12)
      at next (C:\Users\JackyLi(CTHK)../../../../../../OneDrive - Continuous 
Technologies International 
Limited/Documents/ERP_Test/node_modules/router/index.js:291:5)
      at router.handle (C:\Users\JackyLi(CTHK)../../../../../../OneDrive - 
Continuous Technologies International 
Limited/Documents/ERP_Test/node_modules/router/index.js:186:3)
      at router (C:\Users\JackyLi(CTHK)../../../../../../OneDrive - Continuous 
Technologies International 
Limited/Documents/ERP_Test/node_modules/router/index.js:60:12)
      at Layer.handleRequest (C:\Users\JackyLi(CTHK)../../../../../../OneDrive 
- Continuous Technologies International 
Limited/Documents/ERP_Test/node_modules/router/lib/layer.js:152:17)
      at trimPrefix (C:\Users\JackyLi(CTHK)../../../../../../OneDrive - 
Continuous Technologies International 
Limited/Documents/ERP_Test/node_modules/router/index.js:342:13)
      at C:\Users\JackyLi(CTHK)../../../../../../OneDrive - Continuous 
Technologies International 
Limited/Documents/ERP_Test/node_modules/router/index.js:297:9
      at processParams (C:\Users\JackyLi(CTHK)../../../../../../OneDrive - 
Continuous Technologies International 
Limited/Documents/ERP_Test/node_modules/router/index.js:582:12)
      at next (C:\Users\JackyLi(CTHK)../../../../../../OneDrive - Continuous 
Technologies International 
Limited/Documents/ERP_Test/node_modules/router/index.js:291:5)
      at C:\Users\JackyLi(CTHK)../../../../../../OneDrive - Continuous 
Technologies International 
Limited/Documents/ERP_Test/node_modules/router/index.js:688:15
      at next (C:\Users\JackyLi(CTHK)../../../../../../OneDrive - Continuous 
Technologies International 
Limited/Documents/ERP_Test/node_modules/router/index.js:276:14)
      at router.handle (C:\Users\JackyLi(CTHK)../../../../../../OneDrive - 
Continuous Technologies International 
Limited/Documents/ERP_Test/node_modules/router/index.js:186:3)
      at router (C:\Users\JackyLi(CTHK)../../../../../../OneDrive - Continuous 
Technologies International 
Limited/Documents/ERP_Test/node_modules/router/index.js:60:12)
      at Layer.handleRequest (C:\Users\JackyLi(CTHK)../../../../../../OneDrive 
- Continuous Technologies International 
Limited/Documents/ERP_Test/node_modules/router/lib/layer.js:152:17)
      at trimPrefix (C:\Users\JackyLi(CTHK)../../../../../../OneDrive - 
Continuous Technologies International 
Limited/Documents/ERP_Test/node_modules/router/index.js:342:13)
      at C:\Users\JackyLi(CTHK)../../../../../../OneDrive - Continuous 
Technologies International 
Limited/Documents/ERP_Test/node_modules/router/index.js:297:9
      at processParams (C:\Users\JackyLi(CTHK)../../../../../../OneDrive - 
Continuous Technologies International 
Limited/Documents/ERP_Test/node_modules/router/index.js:582:12)
      at next (C:\Users\JackyLi(CTHK)../../../../../../OneDrive - Continuous 
Technologies International 
Limited/Documents/ERP_Test/node_modules/router/index.js:291:5)
      at router.handle (C:\Users\JackyLi(CTHK)../../../../../../OneDrive - 
Continuous Technologies International 
Limited/Documents/ERP_Test/node_modules/router/index.js:186:3)
      at router (C:\Users\JackyLi(CTHK)../../../../../../OneDrive - Continuous 
Technologies International 
Limited/Documents/ERP_Test/node_modules/router/index.js:60:12)
      at Layer.handleRequest (C:\Users\JackyLi(CTHK)../../../../../../OneDrive 
- Continuous Technologies International 
Limited/Documents/ERP_Test/node_modules/router/lib/layer.js:152:17)
      at trimPrefix (C:\Users\JackyLi(CTHK)../../../../../../OneDrive - 
Continuous Technologies International 
Limited/Documents/ERP_Test/node_modules/router/index.js:342:13)
      at C:\Users\JackyLi(CTHK)../../../../../../OneDrive - Continuous 
Technologies International 
Limited/Documents/ERP_Test/node_modules/router/index.js:297:9
      at processParams (C:\Users\JackyLi(CTHK)../../../../../../OneDrive - 
Continuous Technologies International 
Limited/Documents/ERP_Test/node_modules/router/index.js:582:12)
      at next (C:\Users\JackyLi(CTHK)../../../../../../OneDrive - Continuous 
Technologies International 
Limited/Documents/ERP_Test/node_modules/router/index.js:291:5)
      at C:\Users\JackyLi(CTHK)../../../../../../OneDrive - Continuous 
Technologies International 
Limited/Documents/ERP_Test/node_modules/express-rate-limit/dist/index.cjs:947:7
      at C:\Users\JackyLi(CTHK)../../../../../../OneDrive - Continuous 
Technologies International 
Limited/Documents/ERP_Test/node_modules/express-rate-limit/dist/index.cjs:830:5

PASS src/__tests__/auth.refresh.test.ts
  ΓùÅ Console

    console.log
      [dotenv@17.3.1] injecting env (10) from ..\.env -- tip: ΓÜÖ∩╕Å  override 
existing env vars with { override: true }

      at _log (C:\Users\JackyLi(CTHK)../../../../../../OneDrive - Continuous 
Technologies International 
Limited/Documents/ERP_Test/node_modules/dotenv/lib/main.js:139:11)

PASS src/__tests__/adminBalances.route.test.ts
  ΓùÅ Console

    console.log
      [dotenv@17.3.1] injecting env (10) from ..\.env -- tip: ΓÜí∩╕Å secrets 
for agents: https://dotenvx.com/as2

      at _log (C:\Users\JackyLi(CTHK)../../../../../../OneDrive - Continuous 
Technologies International 
Limited/Documents/ERP_Test/node_modules/dotenv/lib/main.js:139:11)

    console.error
      Error: Unauthorized: Missing or invalid Authorization header
          at requireAuth (C:\Users\JackyLi(CTHK)\OneDrive - Continuous 
Technologies International 
Limited\Documents\ERP_Test\server\src\middleware\requireAuth.ts:12:11)
          at Layer.handleRequest (C:\Users\JackyLi(CTHK)\OneDrive - Continuous 
Technologies International 
Limited\Documents\ERP_Test\node_modules\router\lib\layer.js:152:17)
          at next (C:\Users\JackyLi(CTHK)\OneDrive - Continuous Technologies 
International 
Limited\Documents\ERP_Test\node_modules\router\lib\route.js:157:13)
          at Route.dispatch (C:\Users\JackyLi(CTHK)\OneDrive - Continuous 
Technologies International 
Limited\Documents\ERP_Test\node_modules\router\lib\route.js:117:3)
          at handle (C:\Users\JackyLi(CTHK)\OneDrive - Continuous Technologies 
International Limited\Documents\ERP_Test\node_modules\router\index.js:435:11)
          at Layer.handleRequest (C:\Users\JackyLi(CTHK)\OneDrive - Continuous 
Technologies International 
Limited\Documents\ERP_Test\node_modules\router\lib\layer.js:152:17)
          at C:\Users\JackyLi(CTHK)\OneDrive - Continuous Technologies 
International Limited\Documents\ERP_Test\node_modules\router\index.js:295:15
          at processParams (C:\Users\JackyLi(CTHK)\OneDrive - Continuous 
Technologies International 
Limited\Documents\ERP_Test\node_modules\router\index.js:582:12)
          at next (C:\Users\JackyLi(CTHK)\OneDrive - Continuous Technologies 
International Limited\Documents\ERP_Test\node_modules\router\index.js:291:5)
          at router.handle (C:\Users\JackyLi(CTHK)\OneDrive - Continuous 
Technologies International 
Limited\Documents\ERP_Test\node_modules\router\index.js:186:3)
          at router (C:\Users\JackyLi(CTHK)\OneDrive - Continuous Technologies 
International Limited\Documents\ERP_Test\node_modules\router\index.js:60:12)
          at Layer.handleRequest (C:\Users\JackyLi(CTHK)\OneDrive - Continuous 
Technologies International 
Limited\Documents\ERP_Test\node_modules\router\lib\layer.js:152:17)
          at trimPrefix (C:\Users\JackyLi(CTHK)\OneDrive - Continuous 
Technologies International 
Limited\Documents\ERP_Test\node_modules\router\index.js:342:13)
          at C:\Users\JackyLi(CTHK)\OneDrive - Continuous Technologies 
International Limited\Documents\ERP_Test\node_modules\router\index.js:297:9
          at processParams (C:\Users\JackyLi(CTHK)\OneDrive - Continuous 
Technologies International 
Limited\Documents\ERP_Test\node_modules\router\index.js:582:12)
          at next (C:\Users\JackyLi(CTHK)\OneDrive - Continuous Technologies 
International Limited\Documents\ERP_Test\node_modules\router\index.js:291:5)
          at C:\Users\JackyLi(CTHK)\OneDrive - Continuous Technologies 
International Limited\Documents\ERP_Test\node_modules\router\index.js:688:15
          at next (C:\Users\JackyLi(CTHK)\OneDrive - Continuous Technologies 
International Limited\Documents\ERP_Test\node_modules\router\index.js:276:14)
          at router.handle (C:\Users\JackyLi(CTHK)\OneDrive - Continuous 
Technologies International 
Limited\Documents\ERP_Test\node_modules\router\index.js:186:3)
          at router (C:\Users\JackyLi(CTHK)\OneDrive - Continuous Technologies 
International Limited\Documents\ERP_Test\node_modules\router\index.js:60:12)
          at Layer.handleRequest (C:\Users\JackyLi(CTHK)\OneDrive - Continuous 
Technologies International 
Limited\Documents\ERP_Test\node_modules\router\lib\layer.js:152:17)
          at trimPrefix (C:\Users\JackyLi(CTHK)\OneDrive - Continuous 
Technologies International 
Limited\Documents\ERP_Test\node_modules\router\index.js:342:13)
          at C:\Users\JackyLi(CTHK)\OneDrive - Continuous Technologies 
International Limited\Documents\ERP_Test\node_modules\router\index.js:297:9
          at processParams (C:\Users\JackyLi(CTHK)\OneDrive - Continuous 
Technologies International 
Limited\Documents\ERP_Test\node_modules\router\index.js:582:12)
          at next (C:\Users\JackyLi(CTHK)\OneDrive - Continuous Technologies 
International Limited\Documents\ERP_Test\node_modules\router\index.js:291:5)
          ... collapsed 7 duplicate lines matching above lines ...
          at C:\Users\JackyLi(CTHK)\OneDrive - Continuous Technologies 
International 
Limited\Documents\ERP_Test\node_modules\express-rate-limit\dist\index.cjs:947:7
          at processTicksAndRejections 
(node:internal/process/task_queues:103:5)
          at C:\Users\JackyLi(CTHK)\OneDrive - Continuous Technologies 
International 
Limited\Documents\ERP_Test\node_modules\express-rate-limit\dist\index.cjs:830:5

    [0m [90m 59 |[39m   [90m// eslint-disable-next-line 
@typescript-eslint/no-unused-vars[39m
     [90m 60 |[39m   app[33m.[39muse((err[33m:[39m 
[33mError[39m[33m,[39m _req[33m:[39m [33mRequest[39m[33m,[39m 
res[33m:[39m [33mResponse[39m[33m,[39m _next[33m:[39m 
[33mNextFunction[39m) [33m=>[39m {
    [31m[1m>[22m[39m[90m 61 |[39m     
console[33m.[39merror(err)[33m;[39m
     [90m    |[39m             [31m[1m^[22m[39m
     [90m 62 |[39m     [36mif[39m 
(err[33m.[39mmessage[33m.[39mincludes([32m"Unauthorized"[39m)) {
     [90m 63 |[39m       
res[33m.[39mstatus([35m401[39m)[33m.[39mjson({ message[33m:[39m 
err[33m.[39mmessage })[33m;[39m
     [90m 64 |[39m     } [36melse[39m [36mif[39m 
(err[33m.[39mmessage[33m.[39mincludes([32m"Forbidden"[39m)) {[0m

      at C:\Users\JackyLi(CTHK)../../../../../../OneDrive - Continuous 
Technologies International Limited/Documents/ERP_Test/server/src/app.ts:61:13
      at Layer.handleError (C:\Users\JackyLi(CTHK)../../../../../../OneDrive - 
Continuous Technologies International 
Limited/Documents/ERP_Test/node_modules/router/lib/layer.js:116:17)
      at trimPrefix (C:\Users\JackyLi(CTHK)../../../../../../OneDrive - 
Continuous Technologies International 
Limited/Documents/ERP_Test/node_modules/router/index.js:340:13)
      at C:\Users\JackyLi(CTHK)../../../../../../OneDrive - Continuous 
Technologies International 
Limited/Documents/ERP_Test/node_modules/router/index.js:297:9
      at processParams (C:\Users\JackyLi(CTHK)../../../../../../OneDrive - 
Continuous Technologies International 
Limited/Documents/ERP_Test/node_modules/router/index.js:582:12)
      at next (C:\Users\JackyLi(CTHK)../../../../../../OneDrive - Continuous 
Technologies International 
Limited/Documents/ERP_Test/node_modules/router/index.js:291:5)
      at Layer.handleError (C:\Users\JackyLi(CTHK)../../../../../../OneDrive - 
Continuous Technologies International 
Limited/Documents/ERP_Test/node_modules/router/lib/layer.js:111:12)
      at trimPrefix (C:\Users\JackyLi(CTHK)../../../../../../OneDrive - 
Continuous Technologies International 
Limited/Documents/ERP_Test/node_modules/router/index.js:340:13)
      at C:\Users\JackyLi(CTHK)../../../../../../OneDrive - Continuous 
Technologies International 
Limited/Documents/ERP_Test/node_modules/router/index.js:297:9
      at processParams (C:\Users\JackyLi(CTHK)../../../../../../OneDrive - 
Continuous Technologies International 
Limited/Documents/ERP_Test/node_modules/router/index.js:582:12)
      at next (C:\Users\JackyLi(CTHK)../../../../../../OneDrive - Continuous 
Technologies International 
Limited/Documents/ERP_Test/node_modules/router/index.js:291:5)
      at C:\Users\JackyLi(CTHK)../../../../../../OneDrive - Continuous 
Technologies International 
Limited/Documents/ERP_Test/node_modules/router/index.js:688:15
      at next (C:\Users\JackyLi(CTHK)../../../../../../OneDrive - Continuous 
Technologies International 
Limited/Documents/ERP_Test/node_modules/router/index.js:276:14)
      at C:\Users\JackyLi(CTHK)../../../../../../OneDrive - Continuous 
Technologies International 
Limited/Documents/ERP_Test/node_modules/router/index.js:688:15
      at next (C:\Users\JackyLi(CTHK)../../../../../../OneDrive - Continuous 
Technologies International 
Limited/Documents/ERP_Test/node_modules/router/index.js:276:14)
      at next (C:\Users\JackyLi(CTHK)../../../../../../OneDrive - Continuous 
Technologies International 
Limited/Documents/ERP_Test/node_modules/router/lib/route.js:132:14)
      at Layer.handleError (C:\Users\JackyLi(CTHK)../../../../../../OneDrive - 
Continuous Technologies International 
Limited/Documents/ERP_Test/node_modules/router/lib/layer.js:111:12)
      at next (C:\Users\JackyLi(CTHK)../../../../../../OneDrive - Continuous 
Technologies International 
Limited/Documents/ERP_Test/node_modules/router/lib/route.js:155:13)
      at Layer.handleError (C:\Users\JackyLi(CTHK)../../../../../../OneDrive - 
Continuous Technologies International 
Limited/Documents/ERP_Test/node_modules/router/lib/layer.js:111:12)
      at next (C:\Users\JackyLi(CTHK)../../../../../../OneDrive - Continuous 
Technologies International 
Limited/Documents/ERP_Test/node_modules/router/lib/route.js:155:13)
      at Layer.handleRequest (C:\Users\JackyLi(CTHK)../../../../../../OneDrive 
- Continuous Technologies International 
Limited/Documents/ERP_Test/node_modules/router/lib/layer.js:165:5)
      at next (C:\Users\JackyLi(CTHK)../../../../../../OneDrive - Continuous 
Technologies International 
Limited/Documents/ERP_Test/node_modules/router/lib/route.js:157:13)
      at Route.dispatch (C:\Users\JackyLi(CTHK)../../../../../../OneDrive - 
Continuous Technologies International 
Limited/Documents/ERP_Test/node_modules/router/lib/route.js:117:3)
      at handle (C:\Users\JackyLi(CTHK)../../../../../../OneDrive - Continuous 
Technologies International 
Limited/Documents/ERP_Test/node_modules/router/index.js:435:11)
      at Layer.handleRequest (C:\Users\JackyLi(CTHK)../../../../../../OneDrive 
- Continuous Technologies International 
Limited/Documents/ERP_Test/node_modules/router/lib/layer.js:152:17)
      at C:\Users\JackyLi(CTHK)../../../../../../OneDrive - Continuous 
Technologies International 
Limited/Documents/ERP_Test/node_modules/router/index.js:295:15
      at processParams (C:\Users\JackyLi(CTHK)../../../../../../OneDrive - 
Continuous Technologies International 
Limited/Documents/ERP_Test/node_modules/router/index.js:582:12)
      at next (C:\Users\JackyLi(CTHK)../../../../../../OneDrive - Continuous 
Technologies International 
Limited/Documents/ERP_Test/node_modules/router/index.js:291:5)
      at router.handle (C:\Users\JackyLi(CTHK)../../../../../../OneDrive - 
Continuous Technologies International 
Limited/Documents/ERP_Test/node_modules/router/index.js:186:3)
      at router (C:\Users\JackyLi(CTHK)../../../../../../OneDrive - Continuous 
Technologies International 
Limited/Documents/ERP_Test/node_modules/router/index.js:60:12)
      at Layer.handleRequest (C:\Users\JackyLi(CTHK)../../../../../../OneDrive 
- Continuous Technologies International 
Limited/Documents/ERP_Test/node_modules/router/lib/layer.js:152:17)
      at trimPrefix (C:\Users\JackyLi(CTHK)../../../../../../OneDrive - 
Continuous Technologies International 
Limited/Documents/ERP_Test/node_modules/router/index.js:342:13)
      at C:\Users\JackyLi(CTHK)../../../../../../OneDrive - Continuous 
Technologies International 
Limited/Documents/ERP_Test/node_modules/router/index.js:297:9
      at processParams (C:\Users\JackyLi(CTHK)../../../../../../OneDrive - 
Continuous Technologies International 
Limited/Documents/ERP_Test/node_modules/router/index.js:582:12)
      at next (C:\Users\JackyLi(CTHK)../../../../../../OneDrive - Continuous 
Technologies International 
Limited/Documents/ERP_Test/node_modules/router/index.js:291:5)
      at C:\Users\JackyLi(CTHK)../../../../../../OneDrive - Continuous 
Technologies International 
Limited/Documents/ERP_Test/node_modules/router/index.js:688:15
      at next (C:\Users\JackyLi(CTHK)../../../../../../OneDrive - Continuous 
Technologies International 
Limited/Documents/ERP_Test/node_modules/router/index.js:276:14)
      at router.handle (C:\Users\JackyLi(CTHK)../../../../../../OneDrive - 
Continuous Technologies International 
Limited/Documents/ERP_Test/node_modules/router/index.js:186:3)
      at router (C:\Users\JackyLi(CTHK)../../../../../../OneDrive - Continuous 
Technologies International 
Limited/Documents/ERP_Test/node_modules/router/index.js:60:12)
      at Layer.handleRequest (C:\Users\JackyLi(CTHK)../../../../../../OneDrive 
- Continuous Technologies International 
Limited/Documents/ERP_Test/node_modules/router/lib/layer.js:152:17)
      at trimPrefix (C:\Users\JackyLi(CTHK)../../../../../../OneDrive - 
Continuous Technologies International 
Limited/Documents/ERP_Test/node_modules/router/index.js:342:13)
      at C:\Users\JackyLi(CTHK)../../../../../../OneDrive - Continuous 
Technologies International 
Limited/Documents/ERP_Test/node_modules/router/index.js:297:9
      at processParams (C:\Users\JackyLi(CTHK)../../../../../../OneDrive - 
Continuous Technologies International 
Limited/Documents/ERP_Test/node_modules/router/index.js:582:12)
      at next (C:\Users\JackyLi(CTHK)../../../../../../OneDrive - Continuous 
Technologies International 
Limited/Documents/ERP_Test/node_modules/router/index.js:291:5)
      at router.handle (C:\Users\JackyLi(CTHK)../../../../../../OneDrive - 
Continuous Technologies International 
Limited/Documents/ERP_Test/node_modules/router/index.js:186:3)
      at router (C:\Users\JackyLi(CTHK)../../../../../../OneDrive - Continuous 
Technologies International 
Limited/Documents/ERP_Test/node_modules/router/index.js:60:12)
      at Layer.handleRequest (C:\Users\JackyLi(CTHK)../../../../../../OneDrive 
- Continuous Technologies International 
Limited/Documents/ERP_Test/node_modules/router/lib/layer.js:152:17)
      at trimPrefix (C:\Users\JackyLi(CTHK)../../../../../../OneDrive - 
Continuous Technologies International 
Limited/Documents/ERP_Test/node_modules/router/index.js:342:13)
      at C:\Users\JackyLi(CTHK)../../../../../../OneDrive - Continuous 
Technologies International 
Limited/Documents/ERP_Test/node_modules/router/index.js:297:9
      at processParams (C:\Users\JackyLi(CTHK)../../../../../../OneDrive - 
Continuous Technologies International 
Limited/Documents/ERP_Test/node_modules/router/index.js:582:12)
      at next (C:\Users\JackyLi(CTHK)../../../../../../OneDrive - Continuous 
Technologies International 
Limited/Documents/ERP_Test/node_modules/router/index.js:291:5)
      at C:\Users\JackyLi(CTHK)../../../../../../OneDrive - Continuous 
Technologies International 
Limited/Documents/ERP_Test/node_modules/express-rate-limit/dist/index.cjs:947:7
      at C:\Users\JackyLi(CTHK)../../../../../../OneDrive - Continuous 
Technologies International 
Limited/Documents/ERP_Test/node_modules/express-rate-limit/dist/index.cjs:830:5

    console.error
      Error: Forbidden: User role 'EMPLOYEE' does not have permission for this 
resource
          at C:\Users\JackyLi(CTHK)\OneDrive - Continuous Technologies 
International 
Limited\Documents\ERP_Test\server\src\middleware\requireRole.ts:17:13
          at Layer.handleRequest (C:\Users\JackyLi(CTHK)\OneDrive - Continuous 
Technologies International 
Limited\Documents\ERP_Test\node_modules\router\lib\layer.js:152:17)
          at next (C:\Users\JackyLi(CTHK)\OneDrive - Continuous Technologies 
International 
Limited\Documents\ERP_Test\node_modules\router\lib\route.js:157:13)
          at requireAuth (C:\Users\JackyLi(CTHK)\OneDrive - Continuous 
Technologies International 
Limited\Documents\ERP_Test\server\src\middleware\requireAuth.ts:23:5)
          at Layer.handleRequest (C:\Users\JackyLi(CTHK)\OneDrive - Continuous 
Technologies International 
Limited\Documents\ERP_Test\node_modules\router\lib\layer.js:152:17)
          at next (C:\Users\JackyLi(CTHK)\OneDrive - Continuous Technologies 
International 
Limited\Documents\ERP_Test\node_modules\router\lib\route.js:157:13)
          at Route.dispatch (C:\Users\JackyLi(CTHK)\OneDrive - Continuous 
Technologies International 
Limited\Documents\ERP_Test\node_modules\router\lib\route.js:117:3)
          at handle (C:\Users\JackyLi(CTHK)\OneDrive - Continuous Technologies 
International Limited\Documents\ERP_Test\node_modules\router\index.js:435:11)
          at Layer.handleRequest (C:\Users\JackyLi(CTHK)\OneDrive - Continuous 
Technologies International 
Limited\Documents\ERP_Test\node_modules\router\lib\layer.js:152:17)
          at C:\Users\JackyLi(CTHK)\OneDrive - Continuous Technologies 
International Limited\Documents\ERP_Test\node_modules\router\index.js:295:15
          at processParams (C:\Users\JackyLi(CTHK)\OneDrive - Continuous 
Technologies International 
Limited\Documents\ERP_Test\node_modules\router\index.js:582:12)
          at next (C:\Users\JackyLi(CTHK)\OneDrive - Continuous Technologies 
International Limited\Documents\ERP_Test\node_modules\router\index.js:291:5)
          at router.handle (C:\Users\JackyLi(CTHK)\OneDrive - Continuous 
Technologies International 
Limited\Documents\ERP_Test\node_modules\router\index.js:186:3)
          at router (C:\Users\JackyLi(CTHK)\OneDrive - Continuous Technologies 
International Limited\Documents\ERP_Test\node_modules\router\index.js:60:12)
          at Layer.handleRequest (C:\Users\JackyLi(CTHK)\OneDrive - Continuous 
Technologies International 
Limited\Documents\ERP_Test\node_modules\router\lib\layer.js:152:17)
          at trimPrefix (C:\Users\JackyLi(CTHK)\OneDrive - Continuous 
Technologies International 
Limited\Documents\ERP_Test\node_modules\router\index.js:342:13)
          at C:\Users\JackyLi(CTHK)\OneDrive - Continuous Technologies 
International Limited\Documents\ERP_Test\node_modules\router\index.js:297:9
          at processParams (C:\Users\JackyLi(CTHK)\OneDrive - Continuous 
Technologies International 
Limited\Documents\ERP_Test\node_modules\router\index.js:582:12)
          at next (C:\Users\JackyLi(CTHK)\OneDrive - Continuous Technologies 
International Limited\Documents\ERP_Test\node_modules\router\index.js:291:5)
          at C:\Users\JackyLi(CTHK)\OneDrive - Continuous Technologies 
International Limited\Documents\ERP_Test\node_modules\router\index.js:688:15
          at next (C:\Users\JackyLi(CTHK)\OneDrive - Continuous Technologies 
International Limited\Documents\ERP_Test\node_modules\router\index.js:276:14)
          at router.handle (C:\Users\JackyLi(CTHK)\OneDrive - Continuous 
Technologies International 
Limited\Documents\ERP_Test\node_modules\router\index.js:186:3)
          at router (C:\Users\JackyLi(CTHK)\OneDrive - Continuous Technologies 
International Limited\Documents\ERP_Test\node_modules\router\index.js:60:12)
          at Layer.handleRequest (C:\Users\JackyLi(CTHK)\OneDrive - Continuous 
Technologies International 
Limited\Documents\ERP_Test\node_modules\router\lib\layer.js:152:17)
          at trimPrefix (C:\Users\JackyLi(CTHK)\OneDrive - Continuous 
Technologies International 
Limited\Documents\ERP_Test\node_modules\router\index.js:342:13)
          at C:\Users\JackyLi(CTHK)\OneDrive - Continuous Technologies 
International Limited\Documents\ERP_Test\node_modules\router\index.js:297:9
          at processParams (C:\Users\JackyLi(CTHK)\OneDrive - Continuous 
Technologies International 
Limited\Documents\ERP_Test\node_modules\router\index.js:582:12)
          at next (C:\Users\JackyLi(CTHK)\OneDrive - Continuous Technologies 
International Limited\Documents\ERP_Test\node_modules\router\index.js:291:5)
          ... collapsed 7 duplicate lines matching above lines ...
          at C:\Users\JackyLi(CTHK)\OneDrive - Continuous Technologies 
International 
Limited\Documents\ERP_Test\node_modules\express-rate-limit\dist\index.cjs:947:7
          at processTicksAndRejections 
(node:internal/process/task_queues:103:5)
          at C:\Users\JackyLi(CTHK)\OneDrive - Continuous Technologies 
International 
Limited\Documents\ERP_Test\node_modules\express-rate-limit\dist\index.cjs:830:5

    [0m [90m 59 |[39m   [90m// eslint-disable-next-line 
@typescript-eslint/no-unused-vars[39m
     [90m 60 |[39m   app[33m.[39muse((err[33m:[39m 
[33mError[39m[33m,[39m _req[33m:[39m [33mRequest[39m[33m,[39m 
res[33m:[39m [33mResponse[39m[33m,[39m _next[33m:[39m 
[33mNextFunction[39m) [33m=>[39m {
    [31m[1m>[22m[39m[90m 61 |[39m     
console[33m.[39merror(err)[33m;[39m
     [90m    |[39m             [31m[1m^[22m[39m
     [90m 62 |[39m     [36mif[39m 
(err[33m.[39mmessage[33m.[39mincludes([32m"Unauthorized"[39m)) {
     [90m 63 |[39m       
res[33m.[39mstatus([35m401[39m)[33m.[39mjson({ message[33m:[39m 
err[33m.[39mmessage })[33m;[39m
     [90m 64 |[39m     } [36melse[39m [36mif[39m 
(err[33m.[39mmessage[33m.[39mincludes([32m"Forbidden"[39m)) {[0m

      at C:\Users\JackyLi(CTHK)../../../../../../OneDrive - Continuous 
Technologies International Limited/Documents/ERP_Test/server/src/app.ts:61:13
      at Layer.handleError (C:\Users\JackyLi(CTHK)../../../../../../OneDrive - 
Continuous Technologies International 
Limited/Documents/ERP_Test/node_modules/router/lib/layer.js:116:17)
      at trimPrefix (C:\Users\JackyLi(CTHK)../../../../../../OneDrive - 
Continuous Technologies International 
Limited/Documents/ERP_Test/node_modules/router/index.js:340:13)
      at C:\Users\JackyLi(CTHK)../../../../../../OneDrive - Continuous 
Technologies International 
Limited/Documents/ERP_Test/node_modules/router/index.js:297:9
      at processParams (C:\Users\JackyLi(CTHK)../../../../../../OneDrive - 
Continuous Technologies International 
Limited/Documents/ERP_Test/node_modules/router/index.js:582:12)
      at next (C:\Users\JackyLi(CTHK)../../../../../../OneDrive - Continuous 
Technologies International 
Limited/Documents/ERP_Test/node_modules/router/index.js:291:5)
      at Layer.handleError (C:\Users\JackyLi(CTHK)../../../../../../OneDrive - 
Continuous Technologies International 
Limited/Documents/ERP_Test/node_modules/router/lib/layer.js:111:12)
      at trimPrefix (C:\Users\JackyLi(CTHK)../../../../../../OneDrive - 
Continuous Technologies International 
Limited/Documents/ERP_Test/node_modules/router/index.js:340:13)
      at C:\Users\JackyLi(CTHK)../../../../../../OneDrive - Continuous 
Technologies International 
Limited/Documents/ERP_Test/node_modules/router/index.js:297:9
      at processParams (C:\Users\JackyLi(CTHK)../../../../../../OneDrive - 
Continuous Technologies International 
Limited/Documents/ERP_Test/node_modules/router/index.js:582:12)
      at next (C:\Users\JackyLi(CTHK)../../../../../../OneDrive - Continuous 
Technologies International 
Limited/Documents/ERP_Test/node_modules/router/index.js:291:5)
      at C:\Users\JackyLi(CTHK)../../../../../../OneDrive - Continuous 
Technologies International 
Limited/Documents/ERP_Test/node_modules/router/index.js:688:15
      at next (C:\Users\JackyLi(CTHK)../../../../../../OneDrive - Continuous 
Technologies International 
Limited/Documents/ERP_Test/node_modules/router/index.js:276:14)
      at C:\Users\JackyLi(CTHK)../../../../../../OneDrive - Continuous 
Technologies International 
Limited/Documents/ERP_Test/node_modules/router/index.js:688:15
      at next (C:\Users\JackyLi(CTHK)../../../../../../OneDrive - Continuous 
Technologies International 
Limited/Documents/ERP_Test/node_modules/router/index.js:276:14)
      at next (C:\Users\JackyLi(CTHK)../../../../../../OneDrive - Continuous 
Technologies International 
Limited/Documents/ERP_Test/node_modules/router/lib/route.js:132:14)
      at Layer.handleError (C:\Users\JackyLi(CTHK)../../../../../../OneDrive - 
Continuous Technologies International 
Limited/Documents/ERP_Test/node_modules/router/lib/layer.js:111:12)
      at next (C:\Users\JackyLi(CTHK)../../../../../../OneDrive - Continuous 
Technologies International 
Limited/Documents/ERP_Test/node_modules/router/lib/route.js:155:13)
      at Layer.handleRequest (C:\Users\JackyLi(CTHK)../../../../../../OneDrive 
- Continuous Technologies International 
Limited/Documents/ERP_Test/node_modules/router/lib/layer.js:165:5)
      at next (C:\Users\JackyLi(CTHK)../../../../../../OneDrive - Continuous 
Technologies International 
Limited/Documents/ERP_Test/node_modules/router/lib/route.js:157:13)
      at requireAuth (C:\Users\JackyLi(CTHK)../../../../../../OneDrive - 
Continuous Technologies International 
Limited/Documents/ERP_Test/server/src/middleware/requireAuth.ts:23:5)
      at Layer.handleRequest (C:\Users\JackyLi(CTHK)../../../../../../OneDrive 
- Continuous Technologies International 
Limited/Documents/ERP_Test/node_modules/router/lib/layer.js:152:17)
      at next (C:\Users\JackyLi(CTHK)../../../../../../OneDrive - Continuous 
Technologies International 
Limited/Documents/ERP_Test/node_modules/router/lib/route.js:157:13)
      at Route.dispatch (C:\Users\JackyLi(CTHK)../../../../../../OneDrive - 
Continuous Technologies International 
Limited/Documents/ERP_Test/node_modules/router/lib/route.js:117:3)
      at handle (C:\Users\JackyLi(CTHK)../../../../../../OneDrive - Continuous 
Technologies International 
Limited/Documents/ERP_Test/node_modules/router/index.js:435:11)
      at Layer.handleRequest (C:\Users\JackyLi(CTHK)../../../../../../OneDrive 
- Continuous Technologies International 
Limited/Documents/ERP_Test/node_modules/router/lib/layer.js:152:17)
      at C:\Users\JackyLi(CTHK)../../../../../../OneDrive - Continuous 
Technologies International 
Limited/Documents/ERP_Test/node_modules/router/index.js:295:15
      at processParams (C:\Users\JackyLi(CTHK)../../../../../../OneDrive - 
Continuous Technologies International 
Limited/Documents/ERP_Test/node_modules/router/index.js:582:12)
      at next (C:\Users\JackyLi(CTHK)../../../../../../OneDrive - Continuous 
Technologies International 
Limited/Documents/ERP_Test/node_modules/router/index.js:291:5)
      at router.handle (C:\Users\JackyLi(CTHK)../../../../../../OneDrive - 
Continuous Technologies International 
Limited/Documents/ERP_Test/node_modules/router/index.js:186:3)
      at router (C:\Users\JackyLi(CTHK)../../../../../../OneDrive - Continuous 
Technologies International 
Limited/Documents/ERP_Test/node_modules/router/index.js:60:12)
      at Layer.handleRequest (C:\Users\JackyLi(CTHK)../../../../../../OneDrive 
- Continuous Technologies International 
Limited/Documents/ERP_Test/node_modules/router/lib/layer.js:152:17)
      at trimPrefix (C:\Users\JackyLi(CTHK)../../../../../../OneDrive - 
Continuous Technologies International 
Limited/Documents/ERP_Test/node_modules/router/index.js:342:13)
      at C:\Users\JackyLi(CTHK)../../../../../../OneDrive - Continuous 
Technologies International 
Limited/Documents/ERP_Test/node_modules/router/index.js:297:9
      at processParams (C:\Users\JackyLi(CTHK)../../../../../../OneDrive - 
Continuous Technologies International 
Limited/Documents/ERP_Test/node_modules/router/index.js:582:12)
      at next (C:\Users\JackyLi(CTHK)../../../../../../OneDrive - Continuous 
Technologies International 
Limited/Documents/ERP_Test/node_modules/router/index.js:291:5)
      at C:\Users\JackyLi(CTHK)../../../../../../OneDrive - Continuous 
Technologies International 
Limited/Documents/ERP_Test/node_modules/router/index.js:688:15
      at next (C:\Users\JackyLi(CTHK)../../../../../../OneDrive - Continuous 
Technologies International 
Limited/Documents/ERP_Test/node_modules/router/index.js:276:14)
      at router.handle (C:\Users\JackyLi(CTHK)../../../../../../OneDrive - 
Continuous Technologies International 
Limited/Documents/ERP_Test/node_modules/router/index.js:186:3)
      at router (C:\Users\JackyLi(CTHK)../../../../../../OneDrive - Continuous 
Technologies International 
Limited/Documents/ERP_Test/node_modules/router/index.js:60:12)
      at Layer.handleRequest (C:\Users\JackyLi(CTHK)../../../../../../OneDrive 
- Continuous Technologies International 
Limited/Documents/ERP_Test/node_modules/router/lib/layer.js:152:17)
      at trimPrefix (C:\Users\JackyLi(CTHK)../../../../../../OneDrive - 
Continuous Technologies International 
Limited/Documents/ERP_Test/node_modules/router/index.js:342:13)
      at C:\Users\JackyLi(CTHK)../../../../../../OneDrive - Continuous 
Technologies International 
Limited/Documents/ERP_Test/node_modules/router/index.js:297:9
      at processParams (C:\Users\JackyLi(CTHK)../../../../../../OneDrive - 
Continuous Technologies International 
Limited/Documents/ERP_Test/node_modules/router/index.js:582:12)
      at next (C:\Users\JackyLi(CTHK)../../../../../../OneDrive - Continuous 
Technologies International 
Limited/Documents/ERP_Test/node_modules/router/index.js:291:5)
      at router.handle (C:\Users\JackyLi(CTHK)../../../../../../OneDrive - 
Continuous Technologies International 
Limited/Documents/ERP_Test/node_modules/router/index.js:186:3)
      at router (C:\Users\JackyLi(CTHK)../../../../../../OneDrive - Continuous 
Technologies International 
Limited/Documents/ERP_Test/node_modules/router/index.js:60:12)
      at Layer.handleRequest (C:\Users\JackyLi(CTHK)../../../../../../OneDrive 
- Continuous Technologies International 
Limited/Documents/ERP_Test/node_modules/router/lib/layer.js:152:17)
      at trimPrefix (C:\Users\JackyLi(CTHK)../../../../../../OneDrive - 
Continuous Technologies International 
Limited/Documents/ERP_Test/node_modules/router/index.js:342:13)
      at C:\Users\JackyLi(CTHK)../../../../../../OneDrive - Continuous 
Technologies International 
Limited/Documents/ERP_Test/node_modules/router/index.js:297:9
      at processParams (C:\Users\JackyLi(CTHK)../../../../../../OneDrive - 
Continuous Technologies International 
Limited/Documents/ERP_Test/node_modules/router/index.js:582:12)
      at next (C:\Users\JackyLi(CTHK)../../../../../../OneDrive - Continuous 
Technologies International 
Limited/Documents/ERP_Test/node_modules/router/index.js:291:5)
      at C:\Users\JackyLi(CTHK)../../../../../../OneDrive - Continuous 
Technologies International 
Limited/Documents/ERP_Test/node_modules/express-rate-limit/dist/index.cjs:947:7
      at C:\Users\JackyLi(CTHK)../../../../../../OneDrive - Continuous 
Technologies International 
Limited/Documents/ERP_Test/node_modules/express-rate-limit/dist/index.cjs:830:5

    console.error
      Error: Unauthorized: Missing or invalid Authorization header
          at requireAuth (C:\Users\JackyLi(CTHK)\OneDrive - Continuous 
Technologies International 
Limited\Documents\ERP_Test\server\src\middleware\requireAuth.ts:12:11)
          at Layer.handleRequest (C:\Users\JackyLi(CTHK)\OneDrive - Continuous 
Technologies International 
Limited\Documents\ERP_Test\node_modules\router\lib\layer.js:152:17)
          at next (C:\Users\JackyLi(CTHK)\OneDrive - Continuous Technologies 
International 
Limited\Documents\ERP_Test\node_modules\router\lib\route.js:157:13)
          at Route.dispatch (C:\Users\JackyLi(CTHK)\OneDrive - Continuous 
Technologies International 
Limited\Documents\ERP_Test\node_modules\router\lib\route.js:117:3)
          at handle (C:\Users\JackyLi(CTHK)\OneDrive - Continuous Technologies 
International Limited\Documents\ERP_Test\node_modules\router\index.js:435:11)
          at Layer.handleRequest (C:\Users\JackyLi(CTHK)\OneDrive - Continuous 
Technologies International 
Limited\Documents\ERP_Test\node_modules\router\lib\layer.js:152:17)
          at C:\Users\JackyLi(CTHK)\OneDrive - Continuous Technologies 
International Limited\Documents\ERP_Test\node_modules\router\index.js:295:15
          at processParams (C:\Users\JackyLi(CTHK)\OneDrive - Continuous 
Technologies International 
Limited\Documents\ERP_Test\node_modules\router\index.js:582:12)
          at next (C:\Users\JackyLi(CTHK)\OneDrive - Continuous Technologies 
International Limited\Documents\ERP_Test\node_modules\router\index.js:291:5)
          at router.handle (C:\Users\JackyLi(CTHK)\OneDrive - Continuous 
Technologies International 
Limited\Documents\ERP_Test\node_modules\router\index.js:186:3)
          at router (C:\Users\JackyLi(CTHK)\OneDrive - Continuous Technologies 
International Limited\Documents\ERP_Test\node_modules\router\index.js:60:12)
          at Layer.handleRequest (C:\Users\JackyLi(CTHK)\OneDrive - Continuous 
Technologies International 
Limited\Documents\ERP_Test\node_modules\router\lib\layer.js:152:17)
          at trimPrefix (C:\Users\JackyLi(CTHK)\OneDrive - Continuous 
Technologies International 
Limited\Documents\ERP_Test\node_modules\router\index.js:342:13)
          at C:\Users\JackyLi(CTHK)\OneDrive - Continuous Technologies 
International Limited\Documents\ERP_Test\node_modules\router\index.js:297:9
          at processParams (C:\Users\JackyLi(CTHK)\OneDrive - Continuous 
Technologies International 
Limited\Documents\ERP_Test\node_modules\router\index.js:582:12)
          at next (C:\Users\JackyLi(CTHK)\OneDrive - Continuous Technologies 
International Limited\Documents\ERP_Test\node_modules\router\index.js:291:5)
          at C:\Users\JackyLi(CTHK)\OneDrive - Continuous Technologies 
International Limited\Documents\ERP_Test\node_modules\router\index.js:688:15
          at next (C:\Users\JackyLi(CTHK)\OneDrive - Continuous Technologies 
International Limited\Documents\ERP_Test\node_modules\router\index.js:276:14)
          at router.handle (C:\Users\JackyLi(CTHK)\OneDrive - Continuous 
Technologies International 
Limited\Documents\ERP_Test\node_modules\router\index.js:186:3)
          at router (C:\Users\JackyLi(CTHK)\OneDrive - Continuous Technologies 
International Limited\Documents\ERP_Test\node_modules\router\index.js:60:12)
          at Layer.handleRequest (C:\Users\JackyLi(CTHK)\OneDrive - Continuous 
Technologies International 
Limited\Documents\ERP_Test\node_modules\router\lib\layer.js:152:17)
          at trimPrefix (C:\Users\JackyLi(CTHK)\OneDrive - Continuous 
Technologies International 
Limited\Documents\ERP_Test\node_modules\router\index.js:342:13)
          at C:\Users\JackyLi(CTHK)\OneDrive - Continuous Technologies 
International Limited\Documents\ERP_Test\node_modules\router\index.js:297:9
          at processParams (C:\Users\JackyLi(CTHK)\OneDrive - Continuous 
Technologies International 
Limited\Documents\ERP_Test\node_modules\router\index.js:582:12)
          at next (C:\Users\JackyLi(CTHK)\OneDrive - Continuous Technologies 
International Limited\Documents\ERP_Test\node_modules\router\index.js:291:5)
          ... collapsed 7 duplicate lines matching above lines ...
          at C:\Users\JackyLi(CTHK)\OneDrive - Continuous Technologies 
International 
Limited\Documents\ERP_Test\node_modules\express-rate-limit\dist\index.cjs:947:7
          at processTicksAndRejections 
(node:internal/process/task_queues:103:5)
          at C:\Users\JackyLi(CTHK)\OneDrive - Continuous Technologies 
International 
Limited\Documents\ERP_Test\node_modules\express-rate-limit\dist\index.cjs:830:5

    [0m [90m 59 |[39m   [90m// eslint-disable-next-line 
@typescript-eslint/no-unused-vars[39m
     [90m 60 |[39m   app[33m.[39muse((err[33m:[39m 
[33mError[39m[33m,[39m _req[33m:[39m [33mRequest[39m[33m,[39m 
res[33m:[39m [33mResponse[39m[33m,[39m _next[33m:[39m 
[33mNextFunction[39m) [33m=>[39m {
    [31m[1m>[22m[39m[90m 61 |[39m     
console[33m.[39merror(err)[33m;[39m
     [90m    |[39m             [31m[1m^[22m[39m
     [90m 62 |[39m     [36mif[39m 
(err[33m.[39mmessage[33m.[39mincludes([32m"Unauthorized"[39m)) {
     [90m 63 |[39m       
res[33m.[39mstatus([35m401[39m)[33m.[39mjson({ message[33m:[39m 
err[33m.[39mmessage })[33m;[39m
     [90m 64 |[39m     } [36melse[39m [36mif[39m 
(err[33m.[39mmessage[33m.[39mincludes([32m"Forbidden"[39m)) {[0m

      at C:\Users\JackyLi(CTHK)../../../../../../OneDrive - Continuous 
Technologies International Limited/Documents/ERP_Test/server/src/app.ts:61:13
      at Layer.handleError (C:\Users\JackyLi(CTHK)../../../../../../OneDrive - 
Continuous Technologies International 
Limited/Documents/ERP_Test/node_modules/router/lib/layer.js:116:17)
      at trimPrefix (C:\Users\JackyLi(CTHK)../../../../../../OneDrive - 
Continuous Technologies International 
Limited/Documents/ERP_Test/node_modules/router/index.js:340:13)
      at C:\Users\JackyLi(CTHK)../../../../../../OneDrive - Continuous 
Technologies International 
Limited/Documents/ERP_Test/node_modules/router/index.js:297:9
      at processParams (C:\Users\JackyLi(CTHK)../../../../../../OneDrive - 
Continuous Technologies International 
Limited/Documents/ERP_Test/node_modules/router/index.js:582:12)
      at next (C:\Users\JackyLi(CTHK)../../../../../../OneDrive - Continuous 
Technologies International 
Limited/Documents/ERP_Test/node_modules/router/index.js:291:5)
      at Layer.handleError (C:\Users\JackyLi(CTHK)../../../../../../OneDrive - 
Continuous Technologies International 
Limited/Documents/ERP_Test/node_modules/router/lib/layer.js:111:12)
      at trimPrefix (C:\Users\JackyLi(CTHK)../../../../../../OneDrive - 
Continuous Technologies International 
Limited/Documents/ERP_Test/node_modules/router/index.js:340:13)
      at C:\Users\JackyLi(CTHK)../../../../../../OneDrive - Continuous 
Technologies International 
Limited/Documents/ERP_Test/node_modules/router/index.js:297:9
      at processParams (C:\Users\JackyLi(CTHK)../../../../../../OneDrive - 
Continuous Technologies International 
Limited/Documents/ERP_Test/node_modules/router/index.js:582:12)
      at next (C:\Users\JackyLi(CTHK)../../../../../../OneDrive - Continuous 
Technologies International 
Limited/Documents/ERP_Test/node_modules/router/index.js:291:5)
      at C:\Users\JackyLi(CTHK)../../../../../../OneDrive - Continuous 
Technologies International 
Limited/Documents/ERP_Test/node_modules/router/index.js:688:15
      at next (C:\Users\JackyLi(CTHK)../../../../../../OneDrive - Continuous 
Technologies International 
Limited/Documents/ERP_Test/node_modules/router/index.js:276:14)
      at C:\Users\JackyLi(CTHK)../../../../../../OneDrive - Continuous 
Technologies International 
Limited/Documents/ERP_Test/node_modules/router/index.js:688:15
      at next (C:\Users\JackyLi(CTHK)../../../../../../OneDrive - Continuous 
Technologies International 
Limited/Documents/ERP_Test/node_modules/router/index.js:276:14)
      at next (C:\Users\JackyLi(CTHK)../../../../../../OneDrive - Continuous 
Technologies International 
Limited/Documents/ERP_Test/node_modules/router/lib/route.js:132:14)
      at Layer.handleError (C:\Users\JackyLi(CTHK)../../../../../../OneDrive - 
Continuous Technologies International 
Limited/Documents/ERP_Test/node_modules/router/lib/layer.js:111:12)
      at next (C:\Users\JackyLi(CTHK)../../../../../../OneDrive - Continuous 
Technologies International 
Limited/Documents/ERP_Test/node_modules/router/lib/route.js:155:13)
      at Layer.handleError (C:\Users\JackyLi(CTHK)../../../../../../OneDrive - 
Continuous Technologies International 
Limited/Documents/ERP_Test/node_modules/router/lib/layer.js:111:12)
      at next (C:\Users\JackyLi(CTHK)../../../../../../OneDrive - Continuous 
Technologies International 
Limited/Documents/ERP_Test/node_modules/router/lib/route.js:155:13)
      at Layer.handleRequest (C:\Users\JackyLi(CTHK)../../../../../../OneDrive 
- Continuous Technologies International 
Limited/Documents/ERP_Test/node_modules/router/lib/layer.js:165:5)
      at next (C:\Users\JackyLi(CTHK)../../../../../../OneDrive - Continuous 
Technologies International 
Limited/Documents/ERP_Test/node_modules/router/lib/route.js:157:13)
      at Route.dispatch (C:\Users\JackyLi(CTHK)../../../../../../OneDrive - 
Continuous Technologies International 
Limited/Documents/ERP_Test/node_modules/router/lib/route.js:117:3)
      at handle (C:\Users\JackyLi(CTHK)../../../../../../OneDrive - Continuous 
Technologies International 
Limited/Documents/ERP_Test/node_modules/router/index.js:435:11)
      at Layer.handleRequest (C:\Users\JackyLi(CTHK)../../../../../../OneDrive 
- Continuous Technologies International 
Limited/Documents/ERP_Test/node_modules/router/lib/layer.js:152:17)
      at C:\Users\JackyLi(CTHK)../../../../../../OneDrive - Continuous 
Technologies International 
Limited/Documents/ERP_Test/node_modules/router/index.js:295:15
      at processParams (C:\Users\JackyLi(CTHK)../../../../../../OneDrive - 
Continuous Technologies International 
Limited/Documents/ERP_Test/node_modules/router/index.js:582:12)
      at next (C:\Users\JackyLi(CTHK)../../../../../../OneDrive - Continuous 
Technologies International 
Limited/Documents/ERP_Test/node_modules/router/index.js:291:5)
      at router.handle (C:\Users\JackyLi(CTHK)../../../../../../OneDrive - 
Continuous Technologies International 
Limited/Documents/ERP_Test/node_modules/router/index.js:186:3)
      at router (C:\Users\JackyLi(CTHK)../../../../../../OneDrive - Continuous 
Technologies International 
Limited/Documents/ERP_Test/node_modules/router/index.js:60:12)
      at Layer.handleRequest (C:\Users\JackyLi(CTHK)../../../../../../OneDrive 
- Continuous Technologies International 
Limited/Documents/ERP_Test/node_modules/router/lib/layer.js:152:17)
      at trimPrefix (C:\Users\JackyLi(CTHK)../../../../../../OneDrive - 
Continuous Technologies International 
Limited/Documents/ERP_Test/node_modules/router/index.js:342:13)
      at C:\Users\JackyLi(CTHK)../../../../../../OneDrive - Continuous 
Technologies International 
Limited/Documents/ERP_Test/node_modules/router/index.js:297:9
      at processParams (C:\Users\JackyLi(CTHK)../../../../../../OneDrive - 
Continuous Technologies International 
Limited/Documents/ERP_Test/node_modules/router/index.js:582:12)
      at next (C:\Users\JackyLi(CTHK)../../../../../../OneDrive - Continuous 
Technologies International 
Limited/Documents/ERP_Test/node_modules/router/index.js:291:5)
      at C:\Users\JackyLi(CTHK)../../../../../../OneDrive - Continuous 
Technologies International 
Limited/Documents/ERP_Test/node_modules/router/index.js:688:15
      at next (C:\Users\JackyLi(CTHK)../../../../../../OneDrive - Continuous 
Technologies International 
Limited/Documents/ERP_Test/node_modules/router/index.js:276:14)
      at router.handle (C:\Users\JackyLi(CTHK)../../../../../../OneDrive - 
Continuous Technologies International 
Limited/Documents/ERP_Test/node_modules/router/index.js:186:3)
      at router (C:\Users\JackyLi(CTHK)../../../../../../OneDrive - Continuous 
Technologies International 
Limited/Documents/ERP_Test/node_modules/router/index.js:60:12)
      at Layer.handleRequest (C:\Users\JackyLi(CTHK)../../../../../../OneDrive 
- Continuous Technologies International 
Limited/Documents/ERP_Test/node_modules/router/lib/layer.js:152:17)
      at trimPrefix (C:\Users\JackyLi(CTHK)../../../../../../OneDrive - 
Continuous Technologies International 
Limited/Documents/ERP_Test/node_modules/router/index.js:342:13)
      at C:\Users\JackyLi(CTHK)../../../../../../OneDrive - Continuous 
Technologies International 
Limited/Documents/ERP_Test/node_modules/router/index.js:297:9
      at processParams (C:\Users\JackyLi(CTHK)../../../../../../OneDrive - 
Continuous Technologies International 
Limited/Documents/ERP_Test/node_modules/router/index.js:582:12)
      at next (C:\Users\JackyLi(CTHK)../../../../../../OneDrive - Continuous 
Technologies International 
Limited/Documents/ERP_Test/node_modules/router/index.js:291:5)
      at router.handle (C:\Users\JackyLi(CTHK)../../../../../../OneDrive - 
Continuous Technologies International 
Limited/Documents/ERP_Test/node_modules/router/index.js:186:3)
      at router (C:\Users\JackyLi(CTHK)../../../../../../OneDrive - Continuous 
Technologies International 
Limited/Documents/ERP_Test/node_modules/router/index.js:60:12)
      at Layer.handleRequest (C:\Users\JackyLi(CTHK)../../../../../../OneDrive 
- Continuous Technologies International 
Limited/Documents/ERP_Test/node_modules/router/lib/layer.js:152:17)
      at trimPrefix (C:\Users\JackyLi(CTHK)../../../../../../OneDrive - 
Continuous Technologies International 
Limited/Documents/ERP_Test/node_modules/router/index.js:342:13)
      at C:\Users\JackyLi(CTHK)../../../../../../OneDrive - Continuous 
Technologies International 
Limited/Documents/ERP_Test/node_modules/router/index.js:297:9
      at processParams (C:\Users\JackyLi(CTHK)../../../../../../OneDrive - 
Continuous Technologies International 
Limited/Documents/ERP_Test/node_modules/router/index.js:582:12)
      at next (C:\Users\JackyLi(CTHK)../../../../../../OneDrive - Continuous 
Technologies International 
Limited/Documents/ERP_Test/node_modules/router/index.js:291:5)
      at C:\Users\JackyLi(CTHK)../../../../../../OneDrive - Continuous 
Technologies International 
Limited/Documents/ERP_Test/node_modules/express-rate-limit/dist/index.cjs:947:7
      at C:\Users\JackyLi(CTHK)../../../../../../OneDrive - Continuous 
Technologies International 
Limited/Documents/ERP_Test/node_modules/express-rate-limit/dist/index.cjs:830:5

    console.error
      Error: Forbidden: User role 'EMPLOYEE' does not have permission for this 
resource
          at C:\Users\JackyLi(CTHK)\OneDrive - Continuous Technologies 
International 
Limited\Documents\ERP_Test\server\src\middleware\requireRole.ts:17:13
          at Layer.handleRequest (C:\Users\JackyLi(CTHK)\OneDrive - Continuous 
Technologies International 
Limited\Documents\ERP_Test\node_modules\router\lib\layer.js:152:17)
          at next (C:\Users\JackyLi(CTHK)\OneDrive - Continuous Technologies 
International 
Limited\Documents\ERP_Test\node_modules\router\lib\route.js:157:13)
          at requireAuth (C:\Users\JackyLi(CTHK)\OneDrive - Continuous 
Technologies International 
Limited\Documents\ERP_Test\server\src\middleware\requireAuth.ts:23:5)
          at Layer.handleRequest (C:\Users\JackyLi(CTHK)\OneDrive - Continuous 
Technologies International 
Limited\Documents\ERP_Test\node_modules\router\lib\layer.js:152:17)
          at next (C:\Users\JackyLi(CTHK)\OneDrive - Continuous Technologies 
International 
Limited\Documents\ERP_Test\node_modules\router\lib\route.js:157:13)
          at Route.dispatch (C:\Users\JackyLi(CTHK)\OneDrive - Continuous 
Technologies International 
Limited\Documents\ERP_Test\node_modules\router\lib\route.js:117:3)
          at handle (C:\Users\JackyLi(CTHK)\OneDrive - Continuous Technologies 
International Limited\Documents\ERP_Test\node_modules\router\index.js:435:11)
          at Layer.handleRequest (C:\Users\JackyLi(CTHK)\OneDrive - Continuous 
Technologies International 
Limited\Documents\ERP_Test\node_modules\router\lib\layer.js:152:17)
          at C:\Users\JackyLi(CTHK)\OneDrive - Continuous Technologies 
International Limited\Documents\ERP_Test\node_modules\router\index.js:295:15
          at processParams (C:\Users\JackyLi(CTHK)\OneDrive - Continuous 
Technologies International 
Limited\Documents\ERP_Test\node_modules\router\index.js:582:12)
          at next (C:\Users\JackyLi(CTHK)\OneDrive - Continuous Technologies 
International Limited\Documents\ERP_Test\node_modules\router\index.js:291:5)
          at router.handle (C:\Users\JackyLi(CTHK)\OneDrive - Continuous 
Technologies International 
Limited\Documents\ERP_Test\node_modules\router\index.js:186:3)
          at router (C:\Users\JackyLi(CTHK)\OneDrive - Continuous Technologies 
International Limited\Documents\ERP_Test\node_modules\router\index.js:60:12)
          at Layer.handleRequest (C:\Users\JackyLi(CTHK)\OneDrive - Continuous 
Technologies International 
Limited\Documents\ERP_Test\node_modules\router\lib\layer.js:152:17)
          at trimPrefix (C:\Users\JackyLi(CTHK)\OneDrive - Continuous 
Technologies International 
Limited\Documents\ERP_Test\node_modules\router\index.js:342:13)
          at C:\Users\JackyLi(CTHK)\OneDrive - Continuous Technologies 
International Limited\Documents\ERP_Test\node_modules\router\index.js:297:9
          at processParams (C:\Users\JackyLi(CTHK)\OneDrive - Continuous 
Technologies International 
Limited\Documents\ERP_Test\node_modules\router\index.js:582:12)
          at next (C:\Users\JackyLi(CTHK)\OneDrive - Continuous Technologies 
International Limited\Documents\ERP_Test\node_modules\router\index.js:291:5)
          at C:\Users\JackyLi(CTHK)\OneDrive - Continuous Technologies 
International Limited\Documents\ERP_Test\node_modules\router\index.js:688:15
          at next (C:\Users\JackyLi(CTHK)\OneDrive - Continuous Technologies 
International Limited\Documents\ERP_Test\node_modules\router\index.js:276:14)
          at router.handle (C:\Users\JackyLi(CTHK)\OneDrive - Continuous 
Technologies International 
Limited\Documents\ERP_Test\node_modules\router\index.js:186:3)
          at router (C:\Users\JackyLi(CTHK)\OneDrive - Continuous Technologies 
International Limited\Documents\ERP_Test\node_modules\router\index.js:60:12)
          at Layer.handleRequest (C:\Users\JackyLi(CTHK)\OneDrive - Continuous 
Technologies International 
Limited\Documents\ERP_Test\node_modules\router\lib\layer.js:152:17)
          at trimPrefix (C:\Users\JackyLi(CTHK)\OneDrive - Continuous 
Technologies International 
Limited\Documents\ERP_Test\node_modules\router\index.js:342:13)
          at C:\Users\JackyLi(CTHK)\OneDrive - Continuous Technologies 
International Limited\Documents\ERP_Test\node_modules\router\index.js:297:9
          at processParams (C:\Users\JackyLi(CTHK)\OneDrive - Continuous 
Technologies International 
Limited\Documents\ERP_Test\node_modules\router\index.js:582:12)
          at next (C:\Users\JackyLi(CTHK)\OneDrive - Continuous Technologies 
International Limited\Documents\ERP_Test\node_modules\router\index.js:291:5)
          ... collapsed 7 duplicate lines matching above lines ...
          at C:\Users\JackyLi(CTHK)\OneDrive - Continuous Technologies 
International 
Limited\Documents\ERP_Test\node_modules\express-rate-limit\dist\index.cjs:947:7
          at processTicksAndRejections 
(node:internal/process/task_queues:103:5)
          at C:\Users\JackyLi(CTHK)\OneDrive - Continuous Technologies 
International 
Limited\Documents\ERP_Test\node_modules\express-rate-limit\dist\index.cjs:830:5

    [0m [90m 59 |[39m   [90m// eslint-disable-next-line 
@typescript-eslint/no-unused-vars[39m
     [90m 60 |[39m   app[33m.[39muse((err[33m:[39m 
[33mError[39m[33m,[39m _req[33m:[39m [33mRequest[39m[33m,[39m 
res[33m:[39m [33mResponse[39m[33m,[39m _next[33m:[39m 
[33mNextFunction[39m) [33m=>[39m {
    [31m[1m>[22m[39m[90m 61 |[39m     
console[33m.[39merror(err)[33m;[39m
     [90m    |[39m             [31m[1m^[22m[39m
     [90m 62 |[39m     [36mif[39m 
(err[33m.[39mmessage[33m.[39mincludes([32m"Unauthorized"[39m)) {
     [90m 63 |[39m       
res[33m.[39mstatus([35m401[39m)[33m.[39mjson({ message[33m:[39m 
err[33m.[39mmessage })[33m;[39m
     [90m 64 |[39m     } [36melse[39m [36mif[39m 
(err[33m.[39mmessage[33m.[39mincludes([32m"Forbidden"[39m)) {[0m

      at C:\Users\JackyLi(CTHK)../../../../../../OneDrive - Continuous 
Technologies International Limited/Documents/ERP_Test/server/src/app.ts:61:13
      at Layer.handleError (C:\Users\JackyLi(CTHK)../../../../../../OneDrive - 
Continuous Technologies International 
Limited/Documents/ERP_Test/node_modules/router/lib/layer.js:116:17)
      at trimPrefix (C:\Users\JackyLi(CTHK)../../../../../../OneDrive - 
Continuous Technologies International 
Limited/Documents/ERP_Test/node_modules/router/index.js:340:13)
      at C:\Users\JackyLi(CTHK)../../../../../../OneDrive - Continuous 
Technologies International 
Limited/Documents/ERP_Test/node_modules/router/index.js:297:9
      at processParams (C:\Users\JackyLi(CTHK)../../../../../../OneDrive - 
Continuous Technologies International 
Limited/Documents/ERP_Test/node_modules/router/index.js:582:12)
      at next (C:\Users\JackyLi(CTHK)../../../../../../OneDrive - Continuous 
Technologies International 
Limited/Documents/ERP_Test/node_modules/router/index.js:291:5)
      at Layer.handleError (C:\Users\JackyLi(CTHK)../../../../../../OneDrive - 
Continuous Technologies International 
Limited/Documents/ERP_Test/node_modules/router/lib/layer.js:111:12)
      at trimPrefix (C:\Users\JackyLi(CTHK)../../../../../../OneDrive - 
Continuous Technologies International 
Limited/Documents/ERP_Test/node_modules/router/index.js:340:13)
      at C:\Users\JackyLi(CTHK)../../../../../../OneDrive - Continuous 
Technologies International 
Limited/Documents/ERP_Test/node_modules/router/index.js:297:9
      at processParams (C:\Users\JackyLi(CTHK)../../../../../../OneDrive - 
Continuous Technologies International 
Limited/Documents/ERP_Test/node_modules/router/index.js:582:12)
      at next (C:\Users\JackyLi(CTHK)../../../../../../OneDrive - Continuous 
Technologies International 
Limited/Documents/ERP_Test/node_modules/router/index.js:291:5)
      at C:\Users\JackyLi(CTHK)../../../../../../OneDrive - Continuous 
Technologies International 
Limited/Documents/ERP_Test/node_modules/router/index.js:688:15
      at next (C:\Users\JackyLi(CTHK)../../../../../../OneDrive - Continuous 
Technologies International 
Limited/Documents/ERP_Test/node_modules/router/index.js:276:14)
      at C:\Users\JackyLi(CTHK)../../../../../../OneDrive - Continuous 
Technologies International 
Limited/Documents/ERP_Test/node_modules/router/index.js:688:15
      at next (C:\Users\JackyLi(CTHK)../../../../../../OneDrive - Continuous 
Technologies International 
Limited/Documents/ERP_Test/node_modules/router/index.js:276:14)
      at next (C:\Users\JackyLi(CTHK)../../../../../../OneDrive - Continuous 
Technologies International 
Limited/Documents/ERP_Test/node_modules/router/lib/route.js:132:14)
      at Layer.handleError (C:\Users\JackyLi(CTHK)../../../../../../OneDrive - 
Continuous Technologies International 
Limited/Documents/ERP_Test/node_modules/router/lib/layer.js:111:12)
      at next (C:\Users\JackyLi(CTHK)../../../../../../OneDrive - Continuous 
Technologies International 
Limited/Documents/ERP_Test/node_modules/router/lib/route.js:155:13)
      at Layer.handleRequest (C:\Users\JackyLi(CTHK)../../../../../../OneDrive 
- Continuous Technologies International 
Limited/Documents/ERP_Test/node_modules/router/lib/layer.js:165:5)
      at next (C:\Users\JackyLi(CTHK)../../../../../../OneDrive - Continuous 
Technologies International 
Limited/Documents/ERP_Test/node_modules/router/lib/route.js:157:13)
      at requireAuth (C:\Users\JackyLi(CTHK)../../../../../../OneDrive - 
Continuous Technologies International 
Limited/Documents/ERP_Test/server/src/middleware/requireAuth.ts:23:5)
      at Layer.handleRequest (C:\Users\JackyLi(CTHK)../../../../../../OneDrive 
- Continuous Technologies International 
Limited/Documents/ERP_Test/node_modules/router/lib/layer.js:152:17)
      at next (C:\Users\JackyLi(CTHK)../../../../../../OneDrive - Continuous 
Technologies International 
Limited/Documents/ERP_Test/node_modules/router/lib/route.js:157:13)
      at Route.dispatch (C:\Users\JackyLi(CTHK)../../../../../../OneDrive - 
Continuous Technologies International 
Limited/Documents/ERP_Test/node_modules/router/lib/route.js:117:3)
      at handle (C:\Users\JackyLi(CTHK)../../../../../../OneDrive - Continuous 
Technologies International 
Limited/Documents/ERP_Test/node_modules/router/index.js:435:11)
      at Layer.handleRequest (C:\Users\JackyLi(CTHK)../../../../../../OneDrive 
- Continuous Technologies International 
Limited/Documents/ERP_Test/node_modules/router/lib/layer.js:152:17)
      at C:\Users\JackyLi(CTHK)../../../../../../OneDrive - Continuous 
Technologies International 
Limited/Documents/ERP_Test/node_modules/router/index.js:295:15
      at processParams (C:\Users\JackyLi(CTHK)../../../../../../OneDrive - 
Continuous Technologies International 
Limited/Documents/ERP_Test/node_modules/router/index.js:582:12)
      at next (C:\Users\JackyLi(CTHK)../../../../../../OneDrive - Continuous 
Technologies International 
Limited/Documents/ERP_Test/node_modules/router/index.js:291:5)
      at router.handle (C:\Users\JackyLi(CTHK)../../../../../../OneDrive - 
Continuous Technologies International 
Limited/Documents/ERP_Test/node_modules/router/index.js:186:3)
      at router (C:\Users\JackyLi(CTHK)../../../../../../OneDrive - Continuous 
Technologies International 
Limited/Documents/ERP_Test/node_modules/router/index.js:60:12)
      at Layer.handleRequest (C:\Users\JackyLi(CTHK)../../../../../../OneDrive 
- Continuous Technologies International 
Limited/Documents/ERP_Test/node_modules/router/lib/layer.js:152:17)
      at trimPrefix (C:\Users\JackyLi(CTHK)../../../../../../OneDrive - 
Continuous Technologies International 
Limited/Documents/ERP_Test/node_modules/router/index.js:342:13)
      at C:\Users\JackyLi(CTHK)../../../../../../OneDrive - Continuous 
Technologies International 
Limited/Documents/ERP_Test/node_modules/router/index.js:297:9
      at processParams (C:\Users\JackyLi(CTHK)../../../../../../OneDrive - 
Continuous Technologies International 
Limited/Documents/ERP_Test/node_modules/router/index.js:582:12)
      at next (C:\Users\JackyLi(CTHK)../../../../../../OneDrive - Continuous 
Technologies International 
Limited/Documents/ERP_Test/node_modules/router/index.js:291:5)
      at C:\Users\JackyLi(CTHK)../../../../../../OneDrive - Continuous 
Technologies International 
Limited/Documents/ERP_Test/node_modules/router/index.js:688:15
      at next (C:\Users\JackyLi(CTHK)../../../../../../OneDrive - Continuous 
Technologies International 
Limited/Documents/ERP_Test/node_modules/router/index.js:276:14)
      at router.handle (C:\Users\JackyLi(CTHK)../../../../../../OneDrive - 
Continuous Technologies International 
Limited/Documents/ERP_Test/node_modules/router/index.js:186:3)
      at router (C:\Users\JackyLi(CTHK)../../../../../../OneDrive - Continuous 
Technologies International 
Limited/Documents/ERP_Test/node_modules/router/index.js:60:12)
      at Layer.handleRequest (C:\Users\JackyLi(CTHK)../../../../../../OneDrive 
- Continuous Technologies International 
Limited/Documents/ERP_Test/node_modules/router/lib/layer.js:152:17)
      at trimPrefix (C:\Users\JackyLi(CTHK)../../../../../../OneDrive - 
Continuous Technologies International 
Limited/Documents/ERP_Test/node_modules/router/index.js:342:13)
      at C:\Users\JackyLi(CTHK)../../../../../../OneDrive - Continuous 
Technologies International 
Limited/Documents/ERP_Test/node_modules/router/index.js:297:9
      at processParams (C:\Users\JackyLi(CTHK)../../../../../../OneDrive - 
Continuous Technologies International 
Limited/Documents/ERP_Test/node_modules/router/index.js:582:12)
      at next (C:\Users\JackyLi(CTHK)../../../../../../OneDrive - Continuous 
Technologies International 
Limited/Documents/ERP_Test/node_modules/router/index.js:291:5)
      at router.handle (C:\Users\JackyLi(CTHK)../../../../../../OneDrive - 
Continuous Technologies International 
Limited/Documents/ERP_Test/node_modules/router/index.js:186:3)
      at router (C:\Users\JackyLi(CTHK)../../../../../../OneDrive - Continuous 
Technologies International 
Limited/Documents/ERP_Test/node_modules/router/index.js:60:12)
      at Layer.handleRequest (C:\Users\JackyLi(CTHK)../../../../../../OneDrive 
- Continuous Technologies International 
Limited/Documents/ERP_Test/node_modules/router/lib/layer.js:152:17)
      at trimPrefix (C:\Users\JackyLi(CTHK)../../../../../../OneDrive - 
Continuous Technologies International 
Limited/Documents/ERP_Test/node_modules/router/index.js:342:13)
      at C:\Users\JackyLi(CTHK)../../../../../../OneDrive - Continuous 
Technologies International 
Limited/Documents/ERP_Test/node_modules/router/index.js:297:9
      at processParams (C:\Users\JackyLi(CTHK)../../../../../../OneDrive - 
Continuous Technologies International 
Limited/Documents/ERP_Test/node_modules/router/index.js:582:12)
      at next (C:\Users\JackyLi(CTHK)../../../../../../OneDrive - Continuous 
Technologies International 
Limited/Documents/ERP_Test/node_modules/router/index.js:291:5)
      at C:\Users\JackyLi(CTHK)../../../../../../OneDrive - Continuous 
Technologies International 
Limited/Documents/ERP_Test/node_modules/express-rate-limit/dist/index.cjs:947:7
      at C:\Users\JackyLi(CTHK)../../../../../../OneDrive - Continuous 
Technologies International 
Limited/Documents/ERP_Test/node_modules/express-rate-limit/dist/index.cjs:830:5

    console.error
      Error: Unauthorized: Missing or invalid Authorization header
          at requireAuth (C:\Users\JackyLi(CTHK)\OneDrive - Continuous 
Technologies International 
Limited\Documents\ERP_Test\server\src\middleware\requireAuth.ts:12:11)
          at Layer.handleRequest (C:\Users\JackyLi(CTHK)\OneDrive - Continuous 
Technologies International 
Limited\Documents\ERP_Test\node_modules\router\lib\layer.js:152:17)
          at next (C:\Users\JackyLi(CTHK)\OneDrive - Continuous Technologies 
International 
Limited\Documents\ERP_Test\node_modules\router\lib\route.js:157:13)
          at Route.dispatch (C:\Users\JackyLi(CTHK)\OneDrive - Continuous 
Technologies International 
Limited\Documents\ERP_Test\node_modules\router\lib\route.js:117:3)
          at handle (C:\Users\JackyLi(CTHK)\OneDrive - Continuous Technologies 
International Limited\Documents\ERP_Test\node_modules\router\index.js:435:11)
          at Layer.handleRequest (C:\Users\JackyLi(CTHK)\OneDrive - Continuous 
Technologies International 
Limited\Documents\ERP_Test\node_modules\router\lib\layer.js:152:17)
          at C:\Users\JackyLi(CTHK)\OneDrive - Continuous Technologies 
International Limited\Documents\ERP_Test\node_modules\router\index.js:295:15
          at processParams (C:\Users\JackyLi(CTHK)\OneDrive - Continuous 
Technologies International 
Limited\Documents\ERP_Test\node_modules\router\index.js:582:12)
          at next (C:\Users\JackyLi(CTHK)\OneDrive - Continuous Technologies 
International Limited\Documents\ERP_Test\node_modules\router\index.js:291:5)
          at router.handle (C:\Users\JackyLi(CTHK)\OneDrive - Continuous 
Technologies International 
Limited\Documents\ERP_Test\node_modules\router\index.js:186:3)
          at router (C:\Users\JackyLi(CTHK)\OneDrive - Continuous Technologies 
International Limited\Documents\ERP_Test\node_modules\router\index.js:60:12)
          at Layer.handleRequest (C:\Users\JackyLi(CTHK)\OneDrive - Continuous 
Technologies International 
Limited\Documents\ERP_Test\node_modules\router\lib\layer.js:152:17)
          at trimPrefix (C:\Users\JackyLi(CTHK)\OneDrive - Continuous 
Technologies International 
Limited\Documents\ERP_Test\node_modules\router\index.js:342:13)
          at C:\Users\JackyLi(CTHK)\OneDrive - Continuous Technologies 
International Limited\Documents\ERP_Test\node_modules\router\index.js:297:9
          at processParams (C:\Users\JackyLi(CTHK)\OneDrive - Continuous 
Technologies International 
Limited\Documents\ERP_Test\node_modules\router\index.js:582:12)
          at next (C:\Users\JackyLi(CTHK)\OneDrive - Continuous Technologies 
International Limited\Documents\ERP_Test\node_modules\router\index.js:291:5)
          at C:\Users\JackyLi(CTHK)\OneDrive - Continuous Technologies 
International Limited\Documents\ERP_Test\node_modules\router\index.js:688:15
          at next (C:\Users\JackyLi(CTHK)\OneDrive - Continuous Technologies 
International Limited\Documents\ERP_Test\node_modules\router\index.js:276:14)
          at router.handle (C:\Users\JackyLi(CTHK)\OneDrive - Continuous 
Technologies International 
Limited\Documents\ERP_Test\node_modules\router\index.js:186:3)
          at router (C:\Users\JackyLi(CTHK)\OneDrive - Continuous Technologies 
International Limited\Documents\ERP_Test\node_modules\router\index.js:60:12)
          at Layer.handleRequest (C:\Users\JackyLi(CTHK)\OneDrive - Continuous 
Technologies International 
Limited\Documents\ERP_Test\node_modules\router\lib\layer.js:152:17)
          at trimPrefix (C:\Users\JackyLi(CTHK)\OneDrive - Continuous 
Technologies International 
Limited\Documents\ERP_Test\node_modules\router\index.js:342:13)
          at C:\Users\JackyLi(CTHK)\OneDrive - Continuous Technologies 
International Limited\Documents\ERP_Test\node_modules\router\index.js:297:9
          at processParams (C:\Users\JackyLi(CTHK)\OneDrive - Continuous 
Technologies International 
Limited\Documents\ERP_Test\node_modules\router\index.js:582:12)
          at next (C:\Users\JackyLi(CTHK)\OneDrive - Continuous Technologies 
International Limited\Documents\ERP_Test\node_modules\router\index.js:291:5)
          ... collapsed 7 duplicate lines matching above lines ...
          at C:\Users\JackyLi(CTHK)\OneDrive - Continuous Technologies 
International 
Limited\Documents\ERP_Test\node_modules\express-rate-limit\dist\index.cjs:947:7
          at processTicksAndRejections 
(node:internal/process/task_queues:103:5)
          at C:\Users\JackyLi(CTHK)\OneDrive - Continuous Technologies 
International 
Limited\Documents\ERP_Test\node_modules\express-rate-limit\dist\index.cjs:830:5

    [0m [90m 59 |[39m   [90m// eslint-disable-next-line 
@typescript-eslint/no-unused-vars[39m
     [90m 60 |[39m   app[33m.[39muse((err[33m:[39m 
[33mError[39m[33m,[39m _req[33m:[39m [33mRequest[39m[33m,[39m 
res[33m:[39m [33mResponse[39m[33m,[39m _next[33m:[39m 
[33mNextFunction[39m) [33m=>[39m {
    [31m[1m>[22m[39m[90m 61 |[39m     
console[33m.[39merror(err)[33m;[39m
     [90m    |[39m             [31m[1m^[22m[39m
     [90m 62 |[39m     [36mif[39m 
(err[33m.[39mmessage[33m.[39mincludes([32m"Unauthorized"[39m)) {
     [90m 63 |[39m       
res[33m.[39mstatus([35m401[39m)[33m.[39mjson({ message[33m:[39m 
err[33m.[39mmessage })[33m;[39m
     [90m 64 |[39m     } [36melse[39m [36mif[39m 
(err[33m.[39mmessage[33m.[39mincludes([32m"Forbidden"[39m)) {[0m

      at C:\Users\JackyLi(CTHK)../../../../../../OneDrive - Continuous 
Technologies International Limited/Documents/ERP_Test/server/src/app.ts:61:13
      at Layer.handleError (C:\Users\JackyLi(CTHK)../../../../../../OneDrive - 
Continuous Technologies International 
Limited/Documents/ERP_Test/node_modules/router/lib/layer.js:116:17)
      at trimPrefix (C:\Users\JackyLi(CTHK)../../../../../../OneDrive - 
Continuous Technologies International 
Limited/Documents/ERP_Test/node_modules/router/index.js:340:13)
      at C:\Users\JackyLi(CTHK)../../../../../../OneDrive - Continuous 
Technologies International 
Limited/Documents/ERP_Test/node_modules/router/index.js:297:9
      at processParams (C:\Users\JackyLi(CTHK)../../../../../../OneDrive - 
Continuous Technologies International 
Limited/Documents/ERP_Test/node_modules/router/index.js:582:12)
      at next (C:\Users\JackyLi(CTHK)../../../../../../OneDrive - Continuous 
Technologies International 
Limited/Documents/ERP_Test/node_modules/router/index.js:291:5)
      at Layer.handleError (C:\Users\JackyLi(CTHK)../../../../../../OneDrive - 
Continuous Technologies International 
Limited/Documents/ERP_Test/node_modules/router/lib/layer.js:111:12)
      at trimPrefix (C:\Users\JackyLi(CTHK)../../../../../../OneDrive - 
Continuous Technologies International 
Limited/Documents/ERP_Test/node_modules/router/index.js:340:13)
      at C:\Users\JackyLi(CTHK)../../../../../../OneDrive - Continuous 
Technologies International 
Limited/Documents/ERP_Test/node_modules/router/index.js:297:9
      at processParams (C:\Users\JackyLi(CTHK)../../../../../../OneDrive - 
Continuous Technologies International 
Limited/Documents/ERP_Test/node_modules/router/index.js:582:12)
      at next (C:\Users\JackyLi(CTHK)../../../../../../OneDrive - Continuous 
Technologies International 
Limited/Documents/ERP_Test/node_modules/router/index.js:291:5)
      at C:\Users\JackyLi(CTHK)../../../../../../OneDrive - Continuous 
Technologies International 
Limited/Documents/ERP_Test/node_modules/router/index.js:688:15
      at next (C:\Users\JackyLi(CTHK)../../../../../../OneDrive - Continuous 
Technologies International 
Limited/Documents/ERP_Test/node_modules/router/index.js:276:14)
      at C:\Users\JackyLi(CTHK)../../../../../../OneDrive - Continuous 
Technologies International 
Limited/Documents/ERP_Test/node_modules/router/index.js:688:15
      at next (C:\Users\JackyLi(CTHK)../../../../../../OneDrive - Continuous 
Technologies International 
Limited/Documents/ERP_Test/node_modules/router/index.js:276:14)
      at next (C:\Users\JackyLi(CTHK)../../../../../../OneDrive - Continuous 
Technologies International 
Limited/Documents/ERP_Test/node_modules/router/lib/route.js:132:14)
      at Layer.handleError (C:\Users\JackyLi(CTHK)../../../../../../OneDrive - 
Continuous Technologies International 
Limited/Documents/ERP_Test/node_modules/router/lib/layer.js:111:12)
      at next (C:\Users\JackyLi(CTHK)../../../../../../OneDrive - Continuous 
Technologies International 
Limited/Documents/ERP_Test/node_modules/router/lib/route.js:155:13)
      at Layer.handleError (C:\Users\JackyLi(CTHK)../../../../../../OneDrive - 
Continuous Technologies International 
Limited/Documents/ERP_Test/node_modules/router/lib/layer.js:111:12)
      at next (C:\Users\JackyLi(CTHK)../../../../../../OneDrive - Continuous 
Technologies International 
Limited/Documents/ERP_Test/node_modules/router/lib/route.js:155:13)
      at Layer.handleRequest (C:\Users\JackyLi(CTHK)../../../../../../OneDrive 
- Continuous Technologies International 
Limited/Documents/ERP_Test/node_modules/router/lib/layer.js:165:5)
      at next (C:\Users\JackyLi(CTHK)../../../../../../OneDrive - Continuous 
Technologies International 
Limited/Documents/ERP_Test/node_modules/router/lib/route.js:157:13)
      at Route.dispatch (C:\Users\JackyLi(CTHK)../../../../../../OneDrive - 
Continuous Technologies International 
Limited/Documents/ERP_Test/node_modules/router/lib/route.js:117:3)
      at handle (C:\Users\JackyLi(CTHK)../../../../../../OneDrive - Continuous 
Technologies International 
Limited/Documents/ERP_Test/node_modules/router/index.js:435:11)
      at Layer.handleRequest (C:\Users\JackyLi(CTHK)../../../../../../OneDrive 
- Continuous Technologies International 
Limited/Documents/ERP_Test/node_modules/router/lib/layer.js:152:17)
      at C:\Users\JackyLi(CTHK)../../../../../../OneDrive - Continuous 
Technologies International 
Limited/Documents/ERP_Test/node_modules/router/index.js:295:15
      at processParams (C:\Users\JackyLi(CTHK)../../../../../../OneDrive - 
Continuous Technologies International 
Limited/Documents/ERP_Test/node_modules/router/index.js:582:12)
      at next (C:\Users\JackyLi(CTHK)../../../../../../OneDrive - Continuous 
Technologies International 
Limited/Documents/ERP_Test/node_modules/router/index.js:291:5)
      at router.handle (C:\Users\JackyLi(CTHK)../../../../../../OneDrive - 
Continuous Technologies International 
Limited/Documents/ERP_Test/node_modules/router/index.js:186:3)
      at router (C:\Users\JackyLi(CTHK)../../../../../../OneDrive - Continuous 
Technologies International 
Limited/Documents/ERP_Test/node_modules/router/index.js:60:12)
      at Layer.handleRequest (C:\Users\JackyLi(CTHK)../../../../../../OneDrive 
- Continuous Technologies International 
Limited/Documents/ERP_Test/node_modules/router/lib/layer.js:152:17)
      at trimPrefix (C:\Users\JackyLi(CTHK)../../../../../../OneDrive - 
Continuous Technologies International 
Limited/Documents/ERP_Test/node_modules/router/index.js:342:13)
      at C:\Users\JackyLi(CTHK)../../../../../../OneDrive - Continuous 
Technologies International 
Limited/Documents/ERP_Test/node_modules/router/index.js:297:9
      at processParams (C:\Users\JackyLi(CTHK)../../../../../../OneDrive - 
Continuous Technologies International 
Limited/Documents/ERP_Test/node_modules/router/index.js:582:12)
      at next (C:\Users\JackyLi(CTHK)../../../../../../OneDrive - Continuous 
Technologies International 
Limited/Documents/ERP_Test/node_modules/router/index.js:291:5)
      at C:\Users\JackyLi(CTHK)../../../../../../OneDrive - Continuous 
Technologies International 
Limited/Documents/ERP_Test/node_modules/router/index.js:688:15
      at next (C:\Users\JackyLi(CTHK)../../../../../../OneDrive - Continuous 
Technologies International 
Limited/Documents/ERP_Test/node_modules/router/index.js:276:14)
      at router.handle (C:\Users\JackyLi(CTHK)../../../../../../OneDrive - 
Continuous Technologies International 
Limited/Documents/ERP_Test/node_modules/router/index.js:186:3)
      at router (C:\Users\JackyLi(CTHK)../../../../../../OneDrive - Continuous 
Technologies International 
Limited/Documents/ERP_Test/node_modules/router/index.js:60:12)
      at Layer.handleRequest (C:\Users\JackyLi(CTHK)../../../../../../OneDrive 
- Continuous Technologies International 
Limited/Documents/ERP_Test/node_modules/router/lib/layer.js:152:17)
      at trimPrefix (C:\Users\JackyLi(CTHK)../../../../../../OneDrive - 
Continuous Technologies International 
Limited/Documents/ERP_Test/node_modules/router/index.js:342:13)
      at C:\Users\JackyLi(CTHK)../../../../../../OneDrive - Continuous 
Technologies International 
Limited/Documents/ERP_Test/node_modules/router/index.js:297:9
      at processParams (C:\Users\JackyLi(CTHK)../../../../../../OneDrive - 
Continuous Technologies International 
Limited/Documents/ERP_Test/node_modules/router/index.js:582:12)
      at next (C:\Users\JackyLi(CTHK)../../../../../../OneDrive - Continuous 
Technologies International 
Limited/Documents/ERP_Test/node_modules/router/index.js:291:5)
      at router.handle (C:\Users\JackyLi(CTHK)../../../../../../OneDrive - 
Continuous Technologies International 
Limited/Documents/ERP_Test/node_modules/router/index.js:186:3)
      at router (C:\Users\JackyLi(CTHK)../../../../../../OneDrive - Continuous 
Technologies International 
Limited/Documents/ERP_Test/node_modules/router/index.js:60:12)
      at Layer.handleRequest (C:\Users\JackyLi(CTHK)../../../../../../OneDrive 
- Continuous Technologies International 
Limited/Documents/ERP_Test/node_modules/router/lib/layer.js:152:17)
      at trimPrefix (C:\Users\JackyLi(CTHK)../../../../../../OneDrive - 
Continuous Technologies International 
Limited/Documents/ERP_Test/node_modules/router/index.js:342:13)
      at C:\Users\JackyLi(CTHK)../../../../../../OneDrive - Continuous 
Technologies International 
Limited/Documents/ERP_Test/node_modules/router/index.js:297:9
      at processParams (C:\Users\JackyLi(CTHK)../../../../../../OneDrive - 
Continuous Technologies International 
Limited/Documents/ERP_Test/node_modules/router/index.js:582:12)
      at next (C:\Users\JackyLi(CTHK)../../../../../../OneDrive - Continuous 
Technologies International 
Limited/Documents/ERP_Test/node_modules/router/index.js:291:5)
      at C:\Users\JackyLi(CTHK)../../../../../../OneDrive - Continuous 
Technologies International 
Limited/Documents/ERP_Test/node_modules/express-rate-limit/dist/index.cjs:947:7
      at C:\Users\JackyLi(CTHK)../../../../../../OneDrive - Continuous 
Technologies International 
Limited/Documents/ERP_Test/node_modules/express-rate-limit/dist/index.cjs:830:5

PASS src/__tests__/auth.register.test.ts
  ΓùÅ Console

    console.log
      [dotenv@17.3.1] injecting env (10) from ..\.env -- tip: ΓÜÖ∩╕Å  enable 
debug logging with { debug: true }

      at _log (C:\Users\JackyLi(CTHK)../../../../../../OneDrive - Continuous 
Technologies International 
Limited/Documents/ERP_Test/node_modules/dotenv/lib/main.js:139:11)

PASS src/__tests__/users.route.test.ts
  ΓùÅ Console

    console.log
      [dotenv@17.3.1] injecting env (10) from ..\.env -- tip: ΓÜÖ∩╕Å  suppress 
all logs with { quiet: true }

      at _log (C:\Users\JackyLi(CTHK)../../../../../../OneDrive - Continuous 
Technologies International 
Limited/Documents/ERP_Test/node_modules/dotenv/lib/main.js:139:11)

    console.error
      Error: Unauthorized: Missing or invalid Authorization header
          at requireAuth (C:\Users\JackyLi(CTHK)\OneDrive - Continuous 
Technologies International 
Limited\Documents\ERP_Test\server\src\middleware\requireAuth.ts:12:11)
          at Layer.handleRequest (C:\Users\JackyLi(CTHK)\OneDrive - Continuous 
Technologies International 
Limited\Documents\ERP_Test\node_modules\router\lib\layer.js:152:17)
          at next (C:\Users\JackyLi(CTHK)\OneDrive - Continuous Technologies 
International 
Limited\Documents\ERP_Test\node_modules\router\lib\route.js:157:13)
          at Route.dispatch (C:\Users\JackyLi(CTHK)\OneDrive - Continuous 
Technologies International 
Limited\Documents\ERP_Test\node_modules\router\lib\route.js:117:3)
          at handle (C:\Users\JackyLi(CTHK)\OneDrive - Continuous Technologies 
International Limited\Documents\ERP_Test\node_modules\router\index.js:435:11)
          at Layer.handleRequest (C:\Users\JackyLi(CTHK)\OneDrive - Continuous 
Technologies International 
Limited\Documents\ERP_Test\node_modules\router\lib\layer.js:152:17)
          at C:\Users\JackyLi(CTHK)\OneDrive - Continuous Technologies 
International Limited\Documents\ERP_Test\node_modules\router\index.js:295:15
          at processParams (C:\Users\JackyLi(CTHK)\OneDrive - Continuous 
Technologies International 
Limited\Documents\ERP_Test\node_modules\router\index.js:582:12)
          at next (C:\Users\JackyLi(CTHK)\OneDrive - Continuous Technologies 
International Limited\Documents\ERP_Test\node_modules\router\index.js:291:5)
          at router.handle (C:\Users\JackyLi(CTHK)\OneDrive - Continuous 
Technologies International 
Limited\Documents\ERP_Test\node_modules\router\index.js:186:3)
          at router (C:\Users\JackyLi(CTHK)\OneDrive - Continuous Technologies 
International Limited\Documents\ERP_Test\node_modules\router\index.js:60:12)
          at Layer.handleRequest (C:\Users\JackyLi(CTHK)\OneDrive - Continuous 
Technologies International 
Limited\Documents\ERP_Test\node_modules\router\lib\layer.js:152:17)
          at trimPrefix (C:\Users\JackyLi(CTHK)\OneDrive - Continuous 
Technologies International 
Limited\Documents\ERP_Test\node_modules\router\index.js:342:13)
          at C:\Users\JackyLi(CTHK)\OneDrive - Continuous Technologies 
International Limited\Documents\ERP_Test\node_modules\router\index.js:297:9
          at processParams (C:\Users\JackyLi(CTHK)\OneDrive - Continuous 
Technologies International 
Limited\Documents\ERP_Test\node_modules\router\index.js:582:12)
          at next (C:\Users\JackyLi(CTHK)\OneDrive - Continuous Technologies 
International Limited\Documents\ERP_Test\node_modules\router\index.js:291:5)
          at C:\Users\JackyLi(CTHK)\OneDrive - Continuous Technologies 
International Limited\Documents\ERP_Test\node_modules\router\index.js:688:15
          at next (C:\Users\JackyLi(CTHK)\OneDrive - Continuous Technologies 
International Limited\Documents\ERP_Test\node_modules\router\index.js:276:14)
          at router.handle (C:\Users\JackyLi(CTHK)\OneDrive - Continuous 
Technologies International 
Limited\Documents\ERP_Test\node_modules\router\index.js:186:3)
          at router (C:\Users\JackyLi(CTHK)\OneDrive - Continuous Technologies 
International Limited\Documents\ERP_Test\node_modules\router\index.js:60:12)
          at Layer.handleRequest (C:\Users\JackyLi(CTHK)\OneDrive - Continuous 
Technologies International 
Limited\Documents\ERP_Test\node_modules\router\lib\layer.js:152:17)
          at trimPrefix (C:\Users\JackyLi(CTHK)\OneDrive - Continuous 
Technologies International 
Limited\Documents\ERP_Test\node_modules\router\index.js:342:13)
          at C:\Users\JackyLi(CTHK)\OneDrive - Continuous Technologies 
International Limited\Documents\ERP_Test\node_modules\router\index.js:297:9
          at processParams (C:\Users\JackyLi(CTHK)\OneDrive - Continuous 
Technologies International 
Limited\Documents\ERP_Test\node_modules\router\index.js:582:12)
          at next (C:\Users\JackyLi(CTHK)\OneDrive - Continuous Technologies 
International Limited\Documents\ERP_Test\node_modules\router\index.js:291:5)
          ... collapsed 7 duplicate lines matching above lines ...
          at C:\Users\JackyLi(CTHK)\OneDrive - Continuous Technologies 
International 
Limited\Documents\ERP_Test\node_modules\express-rate-limit\dist\index.cjs:947:7
          at processTicksAndRejections 
(node:internal/process/task_queues:103:5)
          at C:\Users\JackyLi(CTHK)\OneDrive - Continuous Technologies 
International 
Limited\Documents\ERP_Test\node_modules\express-rate-limit\dist\index.cjs:830:5

    [0m [90m 59 |[39m   [90m// eslint-disable-next-line 
@typescript-eslint/no-unused-vars[39m
     [90m 60 |[39m   app[33m.[39muse((err[33m:[39m 
[33mError[39m[33m,[39m _req[33m:[39m [33mRequest[39m[33m,[39m 
res[33m:[39m [33mResponse[39m[33m,[39m _next[33m:[39m 
[33mNextFunction[39m) [33m=>[39m {
    [31m[1m>[22m[39m[90m 61 |[39m     
console[33m.[39merror(err)[33m;[39m
     [90m    |[39m             [31m[1m^[22m[39m
     [90m 62 |[39m     [36mif[39m 
(err[33m.[39mmessage[33m.[39mincludes([32m"Unauthorized"[39m)) {
     [90m 63 |[39m       
res[33m.[39mstatus([35m401[39m)[33m.[39mjson({ message[33m:[39m 
err[33m.[39mmessage })[33m;[39m
     [90m 64 |[39m     } [36melse[39m [36mif[39m 
(err[33m.[39mmessage[33m.[39mincludes([32m"Forbidden"[39m)) {[0m

      at C:\Users\JackyLi(CTHK)../../../../../../OneDrive - Continuous 
Technologies International Limited/Documents/ERP_Test/server/src/app.ts:61:13
      at Layer.handleError (C:\Users\JackyLi(CTHK)../../../../../../OneDrive - 
Continuous Technologies International 
Limited/Documents/ERP_Test/node_modules/router/lib/layer.js:116:17)
      at trimPrefix (C:\Users\JackyLi(CTHK)../../../../../../OneDrive - 
Continuous Technologies International 
Limited/Documents/ERP_Test/node_modules/router/index.js:340:13)
      at C:\Users\JackyLi(CTHK)../../../../../../OneDrive - Continuous 
Technologies International 
Limited/Documents/ERP_Test/node_modules/router/index.js:297:9
      at processParams (C:\Users\JackyLi(CTHK)../../../../../../OneDrive - 
Continuous Technologies International 
Limited/Documents/ERP_Test/node_modules/router/index.js:582:12)
      at next (C:\Users\JackyLi(CTHK)../../../../../../OneDrive - Continuous 
Technologies International 
Limited/Documents/ERP_Test/node_modules/router/index.js:291:5)
      at Layer.handleError (C:\Users\JackyLi(CTHK)../../../../../../OneDrive - 
Continuous Technologies International 
Limited/Documents/ERP_Test/node_modules/router/lib/layer.js:111:12)
      at trimPrefix (C:\Users\JackyLi(CTHK)../../../../../../OneDrive - 
Continuous Technologies International 
Limited/Documents/ERP_Test/node_modules/router/index.js:340:13)
      at C:\Users\JackyLi(CTHK)../../../../../../OneDrive - Continuous 
Technologies International 
Limited/Documents/ERP_Test/node_modules/router/index.js:297:9
      at processParams (C:\Users\JackyLi(CTHK)../../../../../../OneDrive - 
Continuous Technologies International 
Limited/Documents/ERP_Test/node_modules/router/index.js:582:12)
      at next (C:\Users\JackyLi(CTHK)../../../../../../OneDrive - Continuous 
Technologies International 
Limited/Documents/ERP_Test/node_modules/router/index.js:291:5)
      at C:\Users\JackyLi(CTHK)../../../../../../OneDrive - Continuous 
Technologies International 
Limited/Documents/ERP_Test/node_modules/router/index.js:688:15
      at next (C:\Users\JackyLi(CTHK)../../../../../../OneDrive - Continuous 
Technologies International 
Limited/Documents/ERP_Test/node_modules/router/index.js:276:14)
      at C:\Users\JackyLi(CTHK)../../../../../../OneDrive - Continuous 
Technologies International 
Limited/Documents/ERP_Test/node_modules/router/index.js:688:15
      at next (C:\Users\JackyLi(CTHK)../../../../../../OneDrive - Continuous 
Technologies International 
Limited/Documents/ERP_Test/node_modules/router/index.js:276:14)
      at next (C:\Users\JackyLi(CTHK)../../../../../../OneDrive - Continuous 
Technologies International 
Limited/Documents/ERP_Test/node_modules/router/lib/route.js:132:14)
      at Layer.handleError (C:\Users\JackyLi(CTHK)../../../../../../OneDrive - 
Continuous Technologies International 
Limited/Documents/ERP_Test/node_modules/router/lib/layer.js:111:12)
      at next (C:\Users\JackyLi(CTHK)../../../../../../OneDrive - Continuous 
Technologies International 
Limited/Documents/ERP_Test/node_modules/router/lib/route.js:155:13)
      at Layer.handleError (C:\Users\JackyLi(CTHK)../../../../../../OneDrive - 
Continuous Technologies International 
Limited/Documents/ERP_Test/node_modules/router/lib/layer.js:111:12)
      at next (C:\Users\JackyLi(CTHK)../../../../../../OneDrive - Continuous 
Technologies International 
Limited/Documents/ERP_Test/node_modules/router/lib/route.js:155:13)
      at Layer.handleRequest (C:\Users\JackyLi(CTHK)../../../../../../OneDrive 
- Continuous Technologies International 
Limited/Documents/ERP_Test/node_modules/router/lib/layer.js:165:5)
      at next (C:\Users\JackyLi(CTHK)../../../../../../OneDrive - Continuous 
Technologies International 
Limited/Documents/ERP_Test/node_modules/router/lib/route.js:157:13)
      at Route.dispatch (C:\Users\JackyLi(CTHK)../../../../../../OneDrive - 
Continuous Technologies International 
Limited/Documents/ERP_Test/node_modules/router/lib/route.js:117:3)
      at handle (C:\Users\JackyLi(CTHK)../../../../../../OneDrive - Continuous 
Technologies International 
Limited/Documents/ERP_Test/node_modules/router/index.js:435:11)
      at Layer.handleRequest (C:\Users\JackyLi(CTHK)../../../../../../OneDrive 
- Continuous Technologies International 
Limited/Documents/ERP_Test/node_modules/router/lib/layer.js:152:17)
      at C:\Users\JackyLi(CTHK)../../../../../../OneDrive - Continuous 
Technologies International 
Limited/Documents/ERP_Test/node_modules/router/index.js:295:15
      at processParams (C:\Users\JackyLi(CTHK)../../../../../../OneDrive - 
Continuous Technologies International 
Limited/Documents/ERP_Test/node_modules/router/index.js:582:12)
      at next (C:\Users\JackyLi(CTHK)../../../../../../OneDrive - Continuous 
Technologies International 
Limited/Documents/ERP_Test/node_modules/router/index.js:291:5)
      at router.handle (C:\Users\JackyLi(CTHK)../../../../../../OneDrive - 
Continuous Technologies International 
Limited/Documents/ERP_Test/node_modules/router/index.js:186:3)
      at router (C:\Users\JackyLi(CTHK)../../../../../../OneDrive - Continuous 
Technologies International 
Limited/Documents/ERP_Test/node_modules/router/index.js:60:12)
      at Layer.handleRequest (C:\Users\JackyLi(CTHK)../../../../../../OneDrive 
- Continuous Technologies International 
Limited/Documents/ERP_Test/node_modules/router/lib/layer.js:152:17)
      at trimPrefix (C:\Users\JackyLi(CTHK)../../../../../../OneDrive - 
Continuous Technologies International 
Limited/Documents/ERP_Test/node_modules/router/index.js:342:13)
      at C:\Users\JackyLi(CTHK)../../../../../../OneDrive - Continuous 
Technologies International 
Limited/Documents/ERP_Test/node_modules/router/index.js:297:9
      at processParams (C:\Users\JackyLi(CTHK)../../../../../../OneDrive - 
Continuous Technologies International 
Limited/Documents/ERP_Test/node_modules/router/index.js:582:12)
      at next (C:\Users\JackyLi(CTHK)../../../../../../OneDrive - Continuous 
Technologies International 
Limited/Documents/ERP_Test/node_modules/router/index.js:291:5)
      at C:\Users\JackyLi(CTHK)../../../../../../OneDrive - Continuous 
Technologies International 
Limited/Documents/ERP_Test/node_modules/router/index.js:688:15
      at next (C:\Users\JackyLi(CTHK)../../../../../../OneDrive - Continuous 
Technologies International 
Limited/Documents/ERP_Test/node_modules/router/index.js:276:14)
      at router.handle (C:\Users\JackyLi(CTHK)../../../../../../OneDrive - 
Continuous Technologies International 
Limited/Documents/ERP_Test/node_modules/router/index.js:186:3)
      at router (C:\Users\JackyLi(CTHK)../../../../../../OneDrive - Continuous 
Technologies International 
Limited/Documents/ERP_Test/node_modules/router/index.js:60:12)
      at Layer.handleRequest (C:\Users\JackyLi(CTHK)../../../../../../OneDrive 
- Continuous Technologies International 
Limited/Documents/ERP_Test/node_modules/router/lib/layer.js:152:17)
      at trimPrefix (C:\Users\JackyLi(CTHK)../../../../../../OneDrive - 
Continuous Technologies International 
Limited/Documents/ERP_Test/node_modules/router/index.js:342:13)
      at C:\Users\JackyLi(CTHK)../../../../../../OneDrive - Continuous 
Technologies International 
Limited/Documents/ERP_Test/node_modules/router/index.js:297:9
      at processParams (C:\Users\JackyLi(CTHK)../../../../../../OneDrive - 
Continuous Technologies International 
Limited/Documents/ERP_Test/node_modules/router/index.js:582:12)
      at next (C:\Users\JackyLi(CTHK)../../../../../../OneDrive - Continuous 
Technologies International 
Limited/Documents/ERP_Test/node_modules/router/index.js:291:5)
      at router.handle (C:\Users\JackyLi(CTHK)../../../../../../OneDrive - 
Continuous Technologies International 
Limited/Documents/ERP_Test/node_modules/router/index.js:186:3)
      at router (C:\Users\JackyLi(CTHK)../../../../../../OneDrive - Continuous 
Technologies International 
Limited/Documents/ERP_Test/node_modules/router/index.js:60:12)
      at Layer.handleRequest (C:\Users\JackyLi(CTHK)../../../../../../OneDrive 
- Continuous Technologies International 
Limited/Documents/ERP_Test/node_modules/router/lib/layer.js:152:17)
      at trimPrefix (C:\Users\JackyLi(CTHK)../../../../../../OneDrive - 
Continuous Technologies International 
Limited/Documents/ERP_Test/node_modules/router/index.js:342:13)
      at C:\Users\JackyLi(CTHK)../../../../../../OneDrive - Continuous 
Technologies International 
Limited/Documents/ERP_Test/node_modules/router/index.js:297:9
      at processParams (C:\Users\JackyLi(CTHK)../../../../../../OneDrive - 
Continuous Technologies International 
Limited/Documents/ERP_Test/node_modules/router/index.js:582:12)
      at next (C:\Users\JackyLi(CTHK)../../../../../../OneDrive - Continuous 
Technologies International 
Limited/Documents/ERP_Test/node_modules/router/index.js:291:5)
      at C:\Users\JackyLi(CTHK)../../../../../../OneDrive - Continuous 
Technologies International 
Limited/Documents/ERP_Test/node_modules/express-rate-limit/dist/index.cjs:947:7
      at C:\Users\JackyLi(CTHK)../../../../../../OneDrive - Continuous 
Technologies International 
Limited/Documents/ERP_Test/node_modules/express-rate-limit/dist/index.cjs:830:5

    console.error
      Error: Forbidden: User role 'MANAGER' does not have permission for this 
resource
          at C:\Users\JackyLi(CTHK)\OneDrive - Continuous Technologies 
International 
Limited\Documents\ERP_Test\server\src\middleware\requireRole.ts:17:13
          at Layer.handleRequest (C:\Users\JackyLi(CTHK)\OneDrive - Continuous 
Technologies International 
Limited\Documents\ERP_Test\node_modules\router\lib\layer.js:152:17)
          at next (C:\Users\JackyLi(CTHK)\OneDrive - Continuous Technologies 
International 
Limited\Documents\ERP_Test\node_modules\router\lib\route.js:157:13)
          at requireAuth (C:\Users\JackyLi(CTHK)\OneDrive - Continuous 
Technologies International 
Limited\Documents\ERP_Test\server\src\middleware\requireAuth.ts:23:5)
          at Layer.handleRequest (C:\Users\JackyLi(CTHK)\OneDrive - Continuous 
Technologies International 
Limited\Documents\ERP_Test\node_modules\router\lib\layer.js:152:17)
          at next (C:\Users\JackyLi(CTHK)\OneDrive - Continuous Technologies 
International 
Limited\Documents\ERP_Test\node_modules\router\lib\route.js:157:13)
          at Route.dispatch (C:\Users\JackyLi(CTHK)\OneDrive - Continuous 
Technologies International 
Limited\Documents\ERP_Test\node_modules\router\lib\route.js:117:3)
          at handle (C:\Users\JackyLi(CTHK)\OneDrive - Continuous Technologies 
International Limited\Documents\ERP_Test\node_modules\router\index.js:435:11)
          at Layer.handleRequest (C:\Users\JackyLi(CTHK)\OneDrive - Continuous 
Technologies International 
Limited\Documents\ERP_Test\node_modules\router\lib\layer.js:152:17)
          at C:\Users\JackyLi(CTHK)\OneDrive - Continuous Technologies 
International Limited\Documents\ERP_Test\node_modules\router\index.js:295:15
          at processParams (C:\Users\JackyLi(CTHK)\OneDrive - Continuous 
Technologies International 
Limited\Documents\ERP_Test\node_modules\router\index.js:582:12)
          at next (C:\Users\JackyLi(CTHK)\OneDrive - Continuous Technologies 
International Limited\Documents\ERP_Test\node_modules\router\index.js:291:5)
          at router.handle (C:\Users\JackyLi(CTHK)\OneDrive - Continuous 
Technologies International 
Limited\Documents\ERP_Test\node_modules\router\index.js:186:3)
          at router (C:\Users\JackyLi(CTHK)\OneDrive - Continuous Technologies 
International Limited\Documents\ERP_Test\node_modules\router\index.js:60:12)
          at Layer.handleRequest (C:\Users\JackyLi(CTHK)\OneDrive - Continuous 
Technologies International 
Limited\Documents\ERP_Test\node_modules\router\lib\layer.js:152:17)
          at trimPrefix (C:\Users\JackyLi(CTHK)\OneDrive - Continuous 
Technologies International 
Limited\Documents\ERP_Test\node_modules\router\index.js:342:13)
          at C:\Users\JackyLi(CTHK)\OneDrive - Continuous Technologies 
International Limited\Documents\ERP_Test\node_modules\router\index.js:297:9
          at processParams (C:\Users\JackyLi(CTHK)\OneDrive - Continuous 
Technologies International 
Limited\Documents\ERP_Test\node_modules\router\index.js:582:12)
          at next (C:\Users\JackyLi(CTHK)\OneDrive - Continuous Technologies 
International Limited\Documents\ERP_Test\node_modules\router\index.js:291:5)
          at C:\Users\JackyLi(CTHK)\OneDrive - Continuous Technologies 
International Limited\Documents\ERP_Test\node_modules\router\index.js:688:15
          at next (C:\Users\JackyLi(CTHK)\OneDrive - Continuous Technologies 
International Limited\Documents\ERP_Test\node_modules\router\index.js:276:14)
          at router.handle (C:\Users\JackyLi(CTHK)\OneDrive - Continuous 
Technologies International 
Limited\Documents\ERP_Test\node_modules\router\index.js:186:3)
          at router (C:\Users\JackyLi(CTHK)\OneDrive - Continuous Technologies 
International Limited\Documents\ERP_Test\node_modules\router\index.js:60:12)
          at Layer.handleRequest (C:\Users\JackyLi(CTHK)\OneDrive - Continuous 
Technologies International 
Limited\Documents\ERP_Test\node_modules\router\lib\layer.js:152:17)
          at trimPrefix (C:\Users\JackyLi(CTHK)\OneDrive - Continuous 
Technologies International 
Limited\Documents\ERP_Test\node_modules\router\index.js:342:13)
          at C:\Users\JackyLi(CTHK)\OneDrive - Continuous Technologies 
International Limited\Documents\ERP_Test\node_modules\router\index.js:297:9
          at processParams (C:\Users\JackyLi(CTHK)\OneDrive - Continuous 
Technologies International 
Limited\Documents\ERP_Test\node_modules\router\index.js:582:12)
          at next (C:\Users\JackyLi(CTHK)\OneDrive - Continuous Technologies 
International Limited\Documents\ERP_Test\node_modules\router\index.js:291:5)
          ... collapsed 7 duplicate lines matching above lines ...
          at C:\Users\JackyLi(CTHK)\OneDrive - Continuous Technologies 
International 
Limited\Documents\ERP_Test\node_modules\express-rate-limit\dist\index.cjs:947:7
          at processTicksAndRejections 
(node:internal/process/task_queues:103:5)
          at C:\Users\JackyLi(CTHK)\OneDrive - Continuous Technologies 
International 
Limited\Documents\ERP_Test\node_modules\express-rate-limit\dist\index.cjs:830:5

    [0m [90m 59 |[39m   [90m// eslint-disable-next-line 
@typescript-eslint/no-unused-vars[39m
     [90m 60 |[39m   app[33m.[39muse((err[33m:[39m 
[33mError[39m[33m,[39m _req[33m:[39m [33mRequest[39m[33m,[39m 
res[33m:[39m [33mResponse[39m[33m,[39m _next[33m:[39m 
[33mNextFunction[39m) [33m=>[39m {
    [31m[1m>[22m[39m[90m 61 |[39m     
console[33m.[39merror(err)[33m;[39m
     [90m    |[39m             [31m[1m^[22m[39m
     [90m 62 |[39m     [36mif[39m 
(err[33m.[39mmessage[33m.[39mincludes([32m"Unauthorized"[39m)) {
     [90m 63 |[39m       
res[33m.[39mstatus([35m401[39m)[33m.[39mjson({ message[33m:[39m 
err[33m.[39mmessage })[33m;[39m
     [90m 64 |[39m     } [36melse[39m [36mif[39m 
(err[33m.[39mmessage[33m.[39mincludes([32m"Forbidden"[39m)) {[0m

      at C:\Users\JackyLi(CTHK)../../../../../../OneDrive - Continuous 
Technologies International Limited/Documents/ERP_Test/server/src/app.ts:61:13
      at Layer.handleError (C:\Users\JackyLi(CTHK)../../../../../../OneDrive - 
Continuous Technologies International 
Limited/Documents/ERP_Test/node_modules/router/lib/layer.js:116:17)
      at trimPrefix (C:\Users\JackyLi(CTHK)../../../../../../OneDrive - 
Continuous Technologies International 
Limited/Documents/ERP_Test/node_modules/router/index.js:340:13)
      at C:\Users\JackyLi(CTHK)../../../../../../OneDrive - Continuous 
Technologies International 
Limited/Documents/ERP_Test/node_modules/router/index.js:297:9
      at processParams (C:\Users\JackyLi(CTHK)../../../../../../OneDrive - 
Continuous Technologies International 
Limited/Documents/ERP_Test/node_modules/router/index.js:582:12)
      at next (C:\Users\JackyLi(CTHK)../../../../../../OneDrive - Continuous 
Technologies International 
Limited/Documents/ERP_Test/node_modules/router/index.js:291:5)
      at Layer.handleError (C:\Users\JackyLi(CTHK)../../../../../../OneDrive - 
Continuous Technologies International 
Limited/Documents/ERP_Test/node_modules/router/lib/layer.js:111:12)
      at trimPrefix (C:\Users\JackyLi(CTHK)../../../../../../OneDrive - 
Continuous Technologies International 
Limited/Documents/ERP_Test/node_modules/router/index.js:340:13)
      at C:\Users\JackyLi(CTHK)../../../../../../OneDrive - Continuous 
Technologies International 
Limited/Documents/ERP_Test/node_modules/router/index.js:297:9
      at processParams (C:\Users\JackyLi(CTHK)../../../../../../OneDrive - 
Continuous Technologies International 
Limited/Documents/ERP_Test/node_modules/router/index.js:582:12)
      at next (C:\Users\JackyLi(CTHK)../../../../../../OneDrive - Continuous 
Technologies International 
Limited/Documents/ERP_Test/node_modules/router/index.js:291:5)
      at C:\Users\JackyLi(CTHK)../../../../../../OneDrive - Continuous 
Technologies International 
Limited/Documents/ERP_Test/node_modules/router/index.js:688:15
      at next (C:\Users\JackyLi(CTHK)../../../../../../OneDrive - Continuous 
Technologies International 
Limited/Documents/ERP_Test/node_modules/router/index.js:276:14)
      at C:\Users\JackyLi(CTHK)../../../../../../OneDrive - Continuous 
Technologies International 
Limited/Documents/ERP_Test/node_modules/router/index.js:688:15
      at next (C:\Users\JackyLi(CTHK)../../../../../../OneDrive - Continuous 
Technologies International 
Limited/Documents/ERP_Test/node_modules/router/index.js:276:14)
      at next (C:\Users\JackyLi(CTHK)../../../../../../OneDrive - Continuous 
Technologies International 
Limited/Documents/ERP_Test/node_modules/router/lib/route.js:132:14)
      at Layer.handleError (C:\Users\JackyLi(CTHK)../../../../../../OneDrive - 
Continuous Technologies International 
Limited/Documents/ERP_Test/node_modules/router/lib/layer.js:111:12)
      at next (C:\Users\JackyLi(CTHK)../../../../../../OneDrive - Continuous 
Technologies International 
Limited/Documents/ERP_Test/node_modules/router/lib/route.js:155:13)
      at Layer.handleRequest (C:\Users\JackyLi(CTHK)../../../../../../OneDrive 
- Continuous Technologies International 
Limited/Documents/ERP_Test/node_modules/router/lib/layer.js:165:5)
      at next (C:\Users\JackyLi(CTHK)../../../../../../OneDrive - Continuous 
Technologies International 
Limited/Documents/ERP_Test/node_modules/router/lib/route.js:157:13)
      at requireAuth (C:\Users\JackyLi(CTHK)../../../../../../OneDrive - 
Continuous Technologies International 
Limited/Documents/ERP_Test/server/src/middleware/requireAuth.ts:23:5)
      at Layer.handleRequest (C:\Users\JackyLi(CTHK)../../../../../../OneDrive 
- Continuous Technologies International 
Limited/Documents/ERP_Test/node_modules/router/lib/layer.js:152:17)
      at next (C:\Users\JackyLi(CTHK)../../../../../../OneDrive - Continuous 
Technologies International 
Limited/Documents/ERP_Test/node_modules/router/lib/route.js:157:13)
      at Route.dispatch (C:\Users\JackyLi(CTHK)../../../../../../OneDrive - 
Continuous Technologies International 
Limited/Documents/ERP_Test/node_modules/router/lib/route.js:117:3)
      at handle (C:\Users\JackyLi(CTHK)../../../../../../OneDrive - Continuous 
Technologies International 
Limited/Documents/ERP_Test/node_modules/router/index.js:435:11)
      at Layer.handleRequest (C:\Users\JackyLi(CTHK)../../../../../../OneDrive 
- Continuous Technologies International 
Limited/Documents/ERP_Test/node_modules/router/lib/layer.js:152:17)
      at C:\Users\JackyLi(CTHK)../../../../../../OneDrive - Continuous 
Technologies International 
Limited/Documents/ERP_Test/node_modules/router/index.js:295:15
      at processParams (C:\Users\JackyLi(CTHK)../../../../../../OneDrive - 
Continuous Technologies International 
Limited/Documents/ERP_Test/node_modules/router/index.js:582:12)
      at next (C:\Users\JackyLi(CTHK)../../../../../../OneDrive - Continuous 
Technologies International 
Limited/Documents/ERP_Test/node_modules/router/index.js:291:5)
      at router.handle (C:\Users\JackyLi(CTHK)../../../../../../OneDrive - 
Continuous Technologies International 
Limited/Documents/ERP_Test/node_modules/router/index.js:186:3)
      at router (C:\Users\JackyLi(CTHK)../../../../../../OneDrive - Continuous 
Technologies International 
Limited/Documents/ERP_Test/node_modules/router/index.js:60:12)
      at Layer.handleRequest (C:\Users\JackyLi(CTHK)../../../../../../OneDrive 
- Continuous Technologies International 
Limited/Documents/ERP_Test/node_modules/router/lib/layer.js:152:17)
      at trimPrefix (C:\Users\JackyLi(CTHK)../../../../../../OneDrive - 
Continuous Technologies International 
Limited/Documents/ERP_Test/node_modules/router/index.js:342:13)
      at C:\Users\JackyLi(CTHK)../../../../../../OneDrive - Continuous 
Technologies International 
Limited/Documents/ERP_Test/node_modules/router/index.js:297:9
      at processParams (C:\Users\JackyLi(CTHK)../../../../../../OneDrive - 
Continuous Technologies International 
Limited/Documents/ERP_Test/node_modules/router/index.js:582:12)
      at next (C:\Users\JackyLi(CTHK)../../../../../../OneDrive - Continuous 
Technologies International 
Limited/Documents/ERP_Test/node_modules/router/index.js:291:5)
      at C:\Users\JackyLi(CTHK)../../../../../../OneDrive - Continuous 
Technologies International 
Limited/Documents/ERP_Test/node_modules/router/index.js:688:15
      at next (C:\Users\JackyLi(CTHK)../../../../../../OneDrive - Continuous 
Technologies International 
Limited/Documents/ERP_Test/node_modules/router/index.js:276:14)
      at router.handle (C:\Users\JackyLi(CTHK)../../../../../../OneDrive - 
Continuous Technologies International 
Limited/Documents/ERP_Test/node_modules/router/index.js:186:3)
      at router (C:\Users\JackyLi(CTHK)../../../../../../OneDrive - Continuous 
Technologies International 
Limited/Documents/ERP_Test/node_modules/router/index.js:60:12)
      at Layer.handleRequest (C:\Users\JackyLi(CTHK)../../../../../../OneDrive 
- Continuous Technologies International 
Limited/Documents/ERP_Test/node_modules/router/lib/layer.js:152:17)
      at trimPrefix (C:\Users\JackyLi(CTHK)../../../../../../OneDrive - 
Continuous Technologies International 
Limited/Documents/ERP_Test/node_modules/router/index.js:342:13)
      at C:\Users\JackyLi(CTHK)../../../../../../OneDrive - Continuous 
Technologies International 
Limited/Documents/ERP_Test/node_modules/router/index.js:297:9
      at processParams (C:\Users\JackyLi(CTHK)../../../../../../OneDrive - 
Continuous Technologies International 
Limited/Documents/ERP_Test/node_modules/router/index.js:582:12)
      at next (C:\Users\JackyLi(CTHK)../../../../../../OneDrive - Continuous 
Technologies International 
Limited/Documents/ERP_Test/node_modules/router/index.js:291:5)
      at router.handle (C:\Users\JackyLi(CTHK)../../../../../../OneDrive - 
Continuous Technologies International 
Limited/Documents/ERP_Test/node_modules/router/index.js:186:3)
      at router (C:\Users\JackyLi(CTHK)../../../../../../OneDrive - Continuous 
Technologies International 
Limited/Documents/ERP_Test/node_modules/router/index.js:60:12)
      at Layer.handleRequest (C:\Users\JackyLi(CTHK)../../../../../../OneDrive 
- Continuous Technologies International 
Limited/Documents/ERP_Test/node_modules/router/lib/layer.js:152:17)
      at trimPrefix (C:\Users\JackyLi(CTHK)../../../../../../OneDrive - 
Continuous Technologies International 
Limited/Documents/ERP_Test/node_modules/router/index.js:342:13)
      at C:\Users\JackyLi(CTHK)../../../../../../OneDrive - Continuous 
Technologies International 
Limited/Documents/ERP_Test/node_modules/router/index.js:297:9
      at processParams (C:\Users\JackyLi(CTHK)../../../../../../OneDrive - 
Continuous Technologies International 
Limited/Documents/ERP_Test/node_modules/router/index.js:582:12)
      at next (C:\Users\JackyLi(CTHK)../../../../../../OneDrive - Continuous 
Technologies International 
Limited/Documents/ERP_Test/node_modules/router/index.js:291:5)
      at C:\Users\JackyLi(CTHK)../../../../../../OneDrive - Continuous 
Technologies International 
Limited/Documents/ERP_Test/node_modules/express-rate-limit/dist/index.cjs:947:7
      at C:\Users\JackyLi(CTHK)../../../../../../OneDrive - Continuous 
Technologies International 
Limited/Documents/ERP_Test/node_modules/express-rate-limit/dist/index.cjs:830:5

    console.error
      Error: Forbidden: User role 'EMPLOYEE' does not have permission for this 
resource
          at C:\Users\JackyLi(CTHK)\OneDrive - Continuous Technologies 
International 
Limited\Documents\ERP_Test\server\src\middleware\requireRole.ts:17:13
          at Layer.handleRequest (C:\Users\JackyLi(CTHK)\OneDrive - Continuous 
Technologies International 
Limited\Documents\ERP_Test\node_modules\router\lib\layer.js:152:17)
          at next (C:\Users\JackyLi(CTHK)\OneDrive - Continuous Technologies 
International 
Limited\Documents\ERP_Test\node_modules\router\lib\route.js:157:13)
          at requireAuth (C:\Users\JackyLi(CTHK)\OneDrive - Continuous 
Technologies International 
Limited\Documents\ERP_Test\server\src\middleware\requireAuth.ts:23:5)
          at Layer.handleRequest (C:\Users\JackyLi(CTHK)\OneDrive - Continuous 
Technologies International 
Limited\Documents\ERP_Test\node_modules\router\lib\layer.js:152:17)
          at next (C:\Users\JackyLi(CTHK)\OneDrive - Continuous Technologies 
International 
Limited\Documents\ERP_Test\node_modules\router\lib\route.js:157:13)
          at Route.dispatch (C:\Users\JackyLi(CTHK)\OneDrive - Continuous 
Technologies International 
Limited\Documents\ERP_Test\node_modules\router\lib\route.js:117:3)
          at handle (C:\Users\JackyLi(CTHK)\OneDrive - Continuous Technologies 
International Limited\Documents\ERP_Test\node_modules\router\index.js:435:11)
          at Layer.handleRequest (C:\Users\JackyLi(CTHK)\OneDrive - Continuous 
Technologies International 
Limited\Documents\ERP_Test\node_modules\router\lib\layer.js:152:17)
          at C:\Users\JackyLi(CTHK)\OneDrive - Continuous Technologies 
International Limited\Documents\ERP_Test\node_modules\router\index.js:295:15
          at processParams (C:\Users\JackyLi(CTHK)\OneDrive - Continuous 
Technologies International 
Limited\Documents\ERP_Test\node_modules\router\index.js:582:12)
          at next (C:\Users\JackyLi(CTHK)\OneDrive - Continuous Technologies 
International Limited\Documents\ERP_Test\node_modules\router\index.js:291:5)
          at router.handle (C:\Users\JackyLi(CTHK)\OneDrive - Continuous 
Technologies International 
Limited\Documents\ERP_Test\node_modules\router\index.js:186:3)
          at router (C:\Users\JackyLi(CTHK)\OneDrive - Continuous Technologies 
International Limited\Documents\ERP_Test\node_modules\router\index.js:60:12)
          at Layer.handleRequest (C:\Users\JackyLi(CTHK)\OneDrive - Continuous 
Technologies International 
Limited\Documents\ERP_Test\node_modules\router\lib\layer.js:152:17)
          at trimPrefix (C:\Users\JackyLi(CTHK)\OneDrive - Continuous 
Technologies International 
Limited\Documents\ERP_Test\node_modules\router\index.js:342:13)
          at C:\Users\JackyLi(CTHK)\OneDrive - Continuous Technologies 
International Limited\Documents\ERP_Test\node_modules\router\index.js:297:9
          at processParams (C:\Users\JackyLi(CTHK)\OneDrive - Continuous 
Technologies International 
Limited\Documents\ERP_Test\node_modules\router\index.js:582:12)
          at next (C:\Users\JackyLi(CTHK)\OneDrive - Continuous Technologies 
International Limited\Documents\ERP_Test\node_modules\router\index.js:291:5)
          at C:\Users\JackyLi(CTHK)\OneDrive - Continuous Technologies 
International Limited\Documents\ERP_Test\node_modules\router\index.js:688:15
          at next (C:\Users\JackyLi(CTHK)\OneDrive - Continuous Technologies 
International Limited\Documents\ERP_Test\node_modules\router\index.js:276:14)
          at router.handle (C:\Users\JackyLi(CTHK)\OneDrive - Continuous 
Technologies International 
Limited\Documents\ERP_Test\node_modules\router\index.js:186:3)
          at router (C:\Users\JackyLi(CTHK)\OneDrive - Continuous Technologies 
International Limited\Documents\ERP_Test\node_modules\router\index.js:60:12)
          at Layer.handleRequest (C:\Users\JackyLi(CTHK)\OneDrive - Continuous 
Technologies International 
Limited\Documents\ERP_Test\node_modules\router\lib\layer.js:152:17)
          at trimPrefix (C:\Users\JackyLi(CTHK)\OneDrive - Continuous 
Technologies International 
Limited\Documents\ERP_Test\node_modules\router\index.js:342:13)
          at C:\Users\JackyLi(CTHK)\OneDrive - Continuous Technologies 
International Limited\Documents\ERP_Test\node_modules\router\index.js:297:9
          at processParams (C:\Users\JackyLi(CTHK)\OneDrive - Continuous 
Technologies International 
Limited\Documents\ERP_Test\node_modules\router\index.js:582:12)
          at next (C:\Users\JackyLi(CTHK)\OneDrive - Continuous Technologies 
International Limited\Documents\ERP_Test\node_modules\router\index.js:291:5)
          ... collapsed 7 duplicate lines matching above lines ...
          at C:\Users\JackyLi(CTHK)\OneDrive - Continuous Technologies 
International 
Limited\Documents\ERP_Test\node_modules\express-rate-limit\dist\index.cjs:947:7
          at processTicksAndRejections 
(node:internal/process/task_queues:103:5)
          at C:\Users\JackyLi(CTHK)\OneDrive - Continuous Technologies 
International 
Limited\Documents\ERP_Test\node_modules\express-rate-limit\dist\index.cjs:830:5

    [0m [90m 59 |[39m   [90m// eslint-disable-next-line 
@typescript-eslint/no-unused-vars[39m
     [90m 60 |[39m   app[33m.[39muse((err[33m:[39m 
[33mError[39m[33m,[39m _req[33m:[39m [33mRequest[39m[33m,[39m 
res[33m:[39m [33mResponse[39m[33m,[39m _next[33m:[39m 
[33mNextFunction[39m) [33m=>[39m {
    [31m[1m>[22m[39m[90m 61 |[39m     
console[33m.[39merror(err)[33m;[39m
     [90m    |[39m             [31m[1m^[22m[39m
     [90m 62 |[39m     [36mif[39m 
(err[33m.[39mmessage[33m.[39mincludes([32m"Unauthorized"[39m)) {
     [90m 63 |[39m       
res[33m.[39mstatus([35m401[39m)[33m.[39mjson({ message[33m:[39m 
err[33m.[39mmessage })[33m;[39m
     [90m 64 |[39m     } [36melse[39m [36mif[39m 
(err[33m.[39mmessage[33m.[39mincludes([32m"Forbidden"[39m)) {[0m

      at C:\Users\JackyLi(CTHK)../../../../../../OneDrive - Continuous 
Technologies International Limited/Documents/ERP_Test/server/src/app.ts:61:13
      at Layer.handleError (C:\Users\JackyLi(CTHK)../../../../../../OneDrive - 
Continuous Technologies International 
Limited/Documents/ERP_Test/node_modules/router/lib/layer.js:116:17)
      at trimPrefix (C:\Users\JackyLi(CTHK)../../../../../../OneDrive - 
Continuous Technologies International 
Limited/Documents/ERP_Test/node_modules/router/index.js:340:13)
      at C:\Users\JackyLi(CTHK)../../../../../../OneDrive - Continuous 
Technologies International 
Limited/Documents/ERP_Test/node_modules/router/index.js:297:9
      at processParams (C:\Users\JackyLi(CTHK)../../../../../../OneDrive - 
Continuous Technologies International 
Limited/Documents/ERP_Test/node_modules/router/index.js:582:12)
      at next (C:\Users\JackyLi(CTHK)../../../../../../OneDrive - Continuous 
Technologies International 
Limited/Documents/ERP_Test/node_modules/router/index.js:291:5)
      at Layer.handleError (C:\Users\JackyLi(CTHK)../../../../../../OneDrive - 
Continuous Technologies International 
Limited/Documents/ERP_Test/node_modules/router/lib/layer.js:111:12)
      at trimPrefix (C:\Users\JackyLi(CTHK)../../../../../../OneDrive - 
Continuous Technologies International 
Limited/Documents/ERP_Test/node_modules/router/index.js:340:13)
      at C:\Users\JackyLi(CTHK)../../../../../../OneDrive - Continuous 
Technologies International 
Limited/Documents/ERP_Test/node_modules/router/index.js:297:9
      at processParams (C:\Users\JackyLi(CTHK)../../../../../../OneDrive - 
Continuous Technologies International 
Limited/Documents/ERP_Test/node_modules/router/index.js:582:12)
      at next (C:\Users\JackyLi(CTHK)../../../../../../OneDrive - Continuous 
Technologies International 
Limited/Documents/ERP_Test/node_modules/router/index.js:291:5)
      at C:\Users\JackyLi(CTHK)../../../../../../OneDrive - Continuous 
Technologies International 
Limited/Documents/ERP_Test/node_modules/router/index.js:688:15
      at next (C:\Users\JackyLi(CTHK)../../../../../../OneDrive - Continuous 
Technologies International 
Limited/Documents/ERP_Test/node_modules/router/index.js:276:14)
      at C:\Users\JackyLi(CTHK)../../../../../../OneDrive - Continuous 
Technologies International 
Limited/Documents/ERP_Test/node_modules/router/index.js:688:15
      at next (C:\Users\JackyLi(CTHK)../../../../../../OneDrive - Continuous 
Technologies International 
Limited/Documents/ERP_Test/node_modules/router/index.js:276:14)
      at next (C:\Users\JackyLi(CTHK)../../../../../../OneDrive - Continuous 
Technologies International 
Limited/Documents/ERP_Test/node_modules/router/lib/route.js:132:14)
      at Layer.handleError (C:\Users\JackyLi(CTHK)../../../../../../OneDrive - 
Continuous Technologies International 
Limited/Documents/ERP_Test/node_modules/router/lib/layer.js:111:12)
      at next (C:\Users\JackyLi(CTHK)../../../../../../OneDrive - Continuous 
Technologies International 
Limited/Documents/ERP_Test/node_modules/router/lib/route.js:155:13)
      at Layer.handleRequest (C:\Users\JackyLi(CTHK)../../../../../../OneDrive 
- Continuous Technologies International 
Limited/Documents/ERP_Test/node_modules/router/lib/layer.js:165:5)
      at next (C:\Users\JackyLi(CTHK)../../../../../../OneDrive - Continuous 
Technologies International 
Limited/Documents/ERP_Test/node_modules/router/lib/route.js:157:13)
      at requireAuth (C:\Users\JackyLi(CTHK)../../../../../../OneDrive - 
Continuous Technologies International 
Limited/Documents/ERP_Test/server/src/middleware/requireAuth.ts:23:5)
      at Layer.handleRequest (C:\Users\JackyLi(CTHK)../../../../../../OneDrive 
- Continuous Technologies International 
Limited/Documents/ERP_Test/node_modules/router/lib/layer.js:152:17)
      at next (C:\Users\JackyLi(CTHK)../../../../../../OneDrive - Continuous 
Technologies International 
Limited/Documents/ERP_Test/node_modules/router/lib/route.js:157:13)
      at Route.dispatch (C:\Users\JackyLi(CTHK)../../../../../../OneDrive - 
Continuous Technologies International 
Limited/Documents/ERP_Test/node_modules/router/lib/route.js:117:3)
      at handle (C:\Users\JackyLi(CTHK)../../../../../../OneDrive - Continuous 
Technologies International 
Limited/Documents/ERP_Test/node_modules/router/index.js:435:11)
      at Layer.handleRequest (C:\Users\JackyLi(CTHK)../../../../../../OneDrive 
- Continuous Technologies International 
Limited/Documents/ERP_Test/node_modules/router/lib/layer.js:152:17)
      at C:\Users\JackyLi(CTHK)../../../../../../OneDrive - Continuous 
Technologies International 
Limited/Documents/ERP_Test/node_modules/router/index.js:295:15
      at processParams (C:\Users\JackyLi(CTHK)../../../../../../OneDrive - 
Continuous Technologies International 
Limited/Documents/ERP_Test/node_modules/router/index.js:582:12)
      at next (C:\Users\JackyLi(CTHK)../../../../../../OneDrive - Continuous 
Technologies International 
Limited/Documents/ERP_Test/node_modules/router/index.js:291:5)
      at router.handle (C:\Users\JackyLi(CTHK)../../../../../../OneDrive - 
Continuous Technologies International 
Limited/Documents/ERP_Test/node_modules/router/index.js:186:3)
      at router (C:\Users\JackyLi(CTHK)../../../../../../OneDrive - Continuous 
Technologies International 
Limited/Documents/ERP_Test/node_modules/router/index.js:60:12)
      at Layer.handleRequest (C:\Users\JackyLi(CTHK)../../../../../../OneDrive 
- Continuous Technologies International 
Limited/Documents/ERP_Test/node_modules/router/lib/layer.js:152:17)
      at trimPrefix (C:\Users\JackyLi(CTHK)../../../../../../OneDrive - 
Continuous Technologies International 
Limited/Documents/ERP_Test/node_modules/router/index.js:342:13)
      at C:\Users\JackyLi(CTHK)../../../../../../OneDrive - Continuous 
Technologies International 
Limited/Documents/ERP_Test/node_modules/router/index.js:297:9
      at processParams (C:\Users\JackyLi(CTHK)../../../../../../OneDrive - 
Continuous Technologies International 
Limited/Documents/ERP_Test/node_modules/router/index.js:582:12)
      at next (C:\Users\JackyLi(CTHK)../../../../../../OneDrive - Continuous 
Technologies International 
Limited/Documents/ERP_Test/node_modules/router/index.js:291:5)
      at C:\Users\JackyLi(CTHK)../../../../../../OneDrive - Continuous 
Technologies International 
Limited/Documents/ERP_Test/node_modules/router/index.js:688:15
      at next (C:\Users\JackyLi(CTHK)../../../../../../OneDrive - Continuous 
Technologies International 
Limited/Documents/ERP_Test/node_modules/router/index.js:276:14)
      at router.handle (C:\Users\JackyLi(CTHK)../../../../../../OneDrive - 
Continuous Technologies International 
Limited/Documents/ERP_Test/node_modules/router/index.js:186:3)
      at router (C:\Users\JackyLi(CTHK)../../../../../../OneDrive - Continuous 
Technologies International 
Limited/Documents/ERP_Test/node_modules/router/index.js:60:12)
      at Layer.handleRequest (C:\Users\JackyLi(CTHK)../../../../../../OneDrive 
- Continuous Technologies International 
Limited/Documents/ERP_Test/node_modules/router/lib/layer.js:152:17)
      at trimPrefix (C:\Users\JackyLi(CTHK)../../../../../../OneDrive - 
Continuous Technologies International 
Limited/Documents/ERP_Test/node_modules/router/index.js:342:13)
      at C:\Users\JackyLi(CTHK)../../../../../../OneDrive - Continuous 
Technologies International 
Limited/Documents/ERP_Test/node_modules/router/index.js:297:9
      at processParams (C:\Users\JackyLi(CTHK)../../../../../../OneDrive - 
Continuous Technologies International 
Limited/Documents/ERP_Test/node_modules/router/index.js:582:12)
      at next (C:\Users\JackyLi(CTHK)../../../../../../OneDrive - Continuous 
Technologies International 
Limited/Documents/ERP_Test/node_modules/router/index.js:291:5)
      at router.handle (C:\Users\JackyLi(CTHK)../../../../../../OneDrive - 
Continuous Technologies International 
Limited/Documents/ERP_Test/node_modules/router/index.js:186:3)
      at router (C:\Users\JackyLi(CTHK)../../../../../../OneDrive - Continuous 
Technologies International 
Limited/Documents/ERP_Test/node_modules/router/index.js:60:12)
      at Layer.handleRequest (C:\Users\JackyLi(CTHK)../../../../../../OneDrive 
- Continuous Technologies International 
Limited/Documents/ERP_Test/node_modules/router/lib/layer.js:152:17)
      at trimPrefix (C:\Users\JackyLi(CTHK)../../../../../../OneDrive - 
Continuous Technologies International 
Limited/Documents/ERP_Test/node_modules/router/index.js:342:13)
      at C:\Users\JackyLi(CTHK)../../../../../../OneDrive - Continuous 
Technologies International 
Limited/Documents/ERP_Test/node_modules/router/index.js:297:9
      at processParams (C:\Users\JackyLi(CTHK)../../../../../../OneDrive - 
Continuous Technologies International 
Limited/Documents/ERP_Test/node_modules/router/index.js:582:12)
      at next (C:\Users\JackyLi(CTHK)../../../../../../OneDrive - Continuous 
Technologies International 
Limited/Documents/ERP_Test/node_modules/router/index.js:291:5)
      at C:\Users\JackyLi(CTHK)../../../../../../OneDrive - Continuous 
Technologies International 
Limited/Documents/ERP_Test/node_modules/express-rate-limit/dist/index.cjs:947:7
      at C:\Users\JackyLi(CTHK)../../../../../../OneDrive - Continuous 
Technologies International 
Limited/Documents/ERP_Test/node_modules/express-rate-limit/dist/index.cjs:830:5

    console.error
      Error: Unauthorized: Missing or invalid Authorization header
          at requireAuth (C:\Users\JackyLi(CTHK)\OneDrive - Continuous 
Technologies International 
Limited\Documents\ERP_Test\server\src\middleware\requireAuth.ts:12:11)
          at Layer.handleRequest (C:\Users\JackyLi(CTHK)\OneDrive - Continuous 
Technologies International 
Limited\Documents\ERP_Test\node_modules\router\lib\layer.js:152:17)
          at next (C:\Users\JackyLi(CTHK)\OneDrive - Continuous Technologies 
International 
Limited\Documents\ERP_Test\node_modules\router\lib\route.js:157:13)
          at Route.dispatch (C:\Users\JackyLi(CTHK)\OneDrive - Continuous 
Technologies International 
Limited\Documents\ERP_Test\node_modules\router\lib\route.js:117:3)
          at handle (C:\Users\JackyLi(CTHK)\OneDrive - Continuous Technologies 
International Limited\Documents\ERP_Test\node_modules\router\index.js:435:11)
          at Layer.handleRequest (C:\Users\JackyLi(CTHK)\OneDrive - Continuous 
Technologies International 
Limited\Documents\ERP_Test\node_modules\router\lib\layer.js:152:17)
          at C:\Users\JackyLi(CTHK)\OneDrive - Continuous Technologies 
International Limited\Documents\ERP_Test\node_modules\router\index.js:295:15
          at param (C:\Users\JackyLi(CTHK)\OneDrive - Continuous Technologies 
International Limited\Documents\ERP_Test\node_modules\router\index.js:600:14)
          at param (C:\Users\JackyLi(CTHK)\OneDrive - Continuous Technologies 
International Limited\Documents\ERP_Test\node_modules\router\index.js:610:14)
          at processParams (C:\Users\JackyLi(CTHK)\OneDrive - Continuous 
Technologies International 
Limited\Documents\ERP_Test\node_modules\router\index.js:664:3)
          at next (C:\Users\JackyLi(CTHK)\OneDrive - Continuous Technologies 
International Limited\Documents\ERP_Test\node_modules\router\index.js:291:5)
          at router.handle (C:\Users\JackyLi(CTHK)\OneDrive - Continuous 
Technologies International 
Limited\Documents\ERP_Test\node_modules\router\index.js:186:3)
          at router (C:\Users\JackyLi(CTHK)\OneDrive - Continuous Technologies 
International Limited\Documents\ERP_Test\node_modules\router\index.js:60:12)
          at Layer.handleRequest (C:\Users\JackyLi(CTHK)\OneDrive - Continuous 
Technologies International 
Limited\Documents\ERP_Test\node_modules\router\lib\layer.js:152:17)
          at trimPrefix (C:\Users\JackyLi(CTHK)\OneDrive - Continuous 
Technologies International 
Limited\Documents\ERP_Test\node_modules\router\index.js:342:13)
          at C:\Users\JackyLi(CTHK)\OneDrive - Continuous Technologies 
International Limited\Documents\ERP_Test\node_modules\router\index.js:297:9
          at processParams (C:\Users\JackyLi(CTHK)\OneDrive - Continuous 
Technologies International 
Limited\Documents\ERP_Test\node_modules\router\index.js:582:12)
          at next (C:\Users\JackyLi(CTHK)\OneDrive - Continuous Technologies 
International Limited\Documents\ERP_Test\node_modules\router\index.js:291:5)
          at C:\Users\JackyLi(CTHK)\OneDrive - Continuous Technologies 
International Limited\Documents\ERP_Test\node_modules\router\index.js:688:15
          at next (C:\Users\JackyLi(CTHK)\OneDrive - Continuous Technologies 
International Limited\Documents\ERP_Test\node_modules\router\index.js:276:14)
          at router.handle (C:\Users\JackyLi(CTHK)\OneDrive - Continuous 
Technologies International 
Limited\Documents\ERP_Test\node_modules\router\index.js:186:3)
          at router (C:\Users\JackyLi(CTHK)\OneDrive - Continuous Technologies 
International Limited\Documents\ERP_Test\node_modules\router\index.js:60:12)
          at Layer.handleRequest (C:\Users\JackyLi(CTHK)\OneDrive - Continuous 
Technologies International 
Limited\Documents\ERP_Test\node_modules\router\lib\layer.js:152:17)
          at trimPrefix (C:\Users\JackyLi(CTHK)\OneDrive - Continuous 
Technologies International 
Limited\Documents\ERP_Test\node_modules\router\index.js:342:13)
          at C:\Users\JackyLi(CTHK)\OneDrive - Continuous Technologies 
International Limited\Documents\ERP_Test\node_modules\router\index.js:297:9
          at processParams (C:\Users\JackyLi(CTHK)\OneDrive - Continuous 
Technologies International 
Limited\Documents\ERP_Test\node_modules\router\index.js:582:12)
          at next (C:\Users\JackyLi(CTHK)\OneDrive - Continuous Technologies 
International Limited\Documents\ERP_Test\node_modules\router\index.js:291:5)
          ... collapsed 7 duplicate lines matching above lines ...
          at C:\Users\JackyLi(CTHK)\OneDrive - Continuous Technologies 
International 
Limited\Documents\ERP_Test\node_modules\express-rate-limit\dist\index.cjs:947:7
          at processTicksAndRejections 
(node:internal/process/task_queues:103:5)
          at C:\Users\JackyLi(CTHK)\OneDrive - Continuous Technologies 
International 
Limited\Documents\ERP_Test\node_modules\express-rate-limit\dist\index.cjs:830:5

    [0m [90m 59 |[39m   [90m// eslint-disable-next-line 
@typescript-eslint/no-unused-vars[39m
     [90m 60 |[39m   app[33m.[39muse((err[33m:[39m 
[33mError[39m[33m,[39m _req[33m:[39m [33mRequest[39m[33m,[39m 
res[33m:[39m [33mResponse[39m[33m,[39m _next[33m:[39m 
[33mNextFunction[39m) [33m=>[39m {
    [31m[1m>[22m[39m[90m 61 |[39m     
console[33m.[39merror(err)[33m;[39m
     [90m    |[39m             [31m[1m^[22m[39m
     [90m 62 |[39m     [36mif[39m 
(err[33m.[39mmessage[33m.[39mincludes([32m"Unauthorized"[39m)) {
     [90m 63 |[39m       
res[33m.[39mstatus([35m401[39m)[33m.[39mjson({ message[33m:[39m 
err[33m.[39mmessage })[33m;[39m
     [90m 64 |[39m     } [36melse[39m [36mif[39m 
(err[33m.[39mmessage[33m.[39mincludes([32m"Forbidden"[39m)) {[0m

      at C:\Users\JackyLi(CTHK)../../../../../../OneDrive - Continuous 
Technologies International Limited/Documents/ERP_Test/server/src/app.ts:61:13
      at Layer.handleError (C:\Users\JackyLi(CTHK)../../../../../../OneDrive - 
Continuous Technologies International 
Limited/Documents/ERP_Test/node_modules/router/lib/layer.js:116:17)
      at trimPrefix (C:\Users\JackyLi(CTHK)../../../../../../OneDrive - 
Continuous Technologies International 
Limited/Documents/ERP_Test/node_modules/router/index.js:340:13)
      at C:\Users\JackyLi(CTHK)../../../../../../OneDrive - Continuous 
Technologies International 
Limited/Documents/ERP_Test/node_modules/router/index.js:297:9
      at processParams (C:\Users\JackyLi(CTHK)../../../../../../OneDrive - 
Continuous Technologies International 
Limited/Documents/ERP_Test/node_modules/router/index.js:582:12)
      at next (C:\Users\JackyLi(CTHK)../../../../../../OneDrive - Continuous 
Technologies International 
Limited/Documents/ERP_Test/node_modules/router/index.js:291:5)
      at Layer.handleError (C:\Users\JackyLi(CTHK)../../../../../../OneDrive - 
Continuous Technologies International 
Limited/Documents/ERP_Test/node_modules/router/lib/layer.js:111:12)
      at trimPrefix (C:\Users\JackyLi(CTHK)../../../../../../OneDrive - 
Continuous Technologies International 
Limited/Documents/ERP_Test/node_modules/router/index.js:340:13)
      at C:\Users\JackyLi(CTHK)../../../../../../OneDrive - Continuous 
Technologies International 
Limited/Documents/ERP_Test/node_modules/router/index.js:297:9
      at processParams (C:\Users\JackyLi(CTHK)../../../../../../OneDrive - 
Continuous Technologies International 
Limited/Documents/ERP_Test/node_modules/router/index.js:582:12)
      at next (C:\Users\JackyLi(CTHK)../../../../../../OneDrive - Continuous 
Technologies International 
Limited/Documents/ERP_Test/node_modules/router/index.js:291:5)
      at C:\Users\JackyLi(CTHK)../../../../../../OneDrive - Continuous 
Technologies International 
Limited/Documents/ERP_Test/node_modules/router/index.js:688:15
      at next (C:\Users\JackyLi(CTHK)../../../../../../OneDrive - Continuous 
Technologies International 
Limited/Documents/ERP_Test/node_modules/router/index.js:276:14)
      at C:\Users\JackyLi(CTHK)../../../../../../OneDrive - Continuous 
Technologies International 
Limited/Documents/ERP_Test/node_modules/router/index.js:688:15
      at next (C:\Users\JackyLi(CTHK)../../../../../../OneDrive - Continuous 
Technologies International 
Limited/Documents/ERP_Test/node_modules/router/index.js:276:14)
      at next (C:\Users\JackyLi(CTHK)../../../../../../OneDrive - Continuous 
Technologies International 
Limited/Documents/ERP_Test/node_modules/router/lib/route.js:132:14)
      at Layer.handleError (C:\Users\JackyLi(CTHK)../../../../../../OneDrive - 
Continuous Technologies International 
Limited/Documents/ERP_Test/node_modules/router/lib/layer.js:111:12)
      at next (C:\Users\JackyLi(CTHK)../../../../../../OneDrive - Continuous 
Technologies International 
Limited/Documents/ERP_Test/node_modules/router/lib/route.js:155:13)
      at Layer.handleError (C:\Users\JackyLi(CTHK)../../../../../../OneDrive - 
Continuous Technologies International 
Limited/Documents/ERP_Test/node_modules/router/lib/layer.js:111:12)
      at next (C:\Users\JackyLi(CTHK)../../../../../../OneDrive - Continuous 
Technologies International 
Limited/Documents/ERP_Test/node_modules/router/lib/route.js:155:13)
      at Layer.handleRequest (C:\Users\JackyLi(CTHK)../../../../../../OneDrive 
- Continuous Technologies International 
Limited/Documents/ERP_Test/node_modules/router/lib/layer.js:165:5)
      at next (C:\Users\JackyLi(CTHK)../../../../../../OneDrive - Continuous 
Technologies International 
Limited/Documents/ERP_Test/node_modules/router/lib/route.js:157:13)
      at Route.dispatch (C:\Users\JackyLi(CTHK)../../../../../../OneDrive - 
Continuous Technologies International 
Limited/Documents/ERP_Test/node_modules/router/lib/route.js:117:3)
      at handle (C:\Users\JackyLi(CTHK)../../../../../../OneDrive - Continuous 
Technologies International 
Limited/Documents/ERP_Test/node_modules/router/index.js:435:11)
      at Layer.handleRequest (C:\Users\JackyLi(CTHK)../../../../../../OneDrive 
- Continuous Technologies International 
Limited/Documents/ERP_Test/node_modules/router/lib/layer.js:152:17)
      at C:\Users\JackyLi(CTHK)../../../../../../OneDrive - Continuous 
Technologies International 
Limited/Documents/ERP_Test/node_modules/router/index.js:295:15
      at param (C:\Users\JackyLi(CTHK)../../../../../../OneDrive - Continuous 
Technologies International 
Limited/Documents/ERP_Test/node_modules/router/index.js:600:14)
      at param (C:\Users\JackyLi(CTHK)../../../../../../OneDrive - Continuous 
Technologies International 
Limited/Documents/ERP_Test/node_modules/router/index.js:610:14)
      at processParams (C:\Users\JackyLi(CTHK)../../../../../../OneDrive - 
Continuous Technologies International 
Limited/Documents/ERP_Test/node_modules/router/index.js:664:3)
      at next (C:\Users\JackyLi(CTHK)../../../../../../OneDrive - Continuous 
Technologies International 
Limited/Documents/ERP_Test/node_modules/router/index.js:291:5)
      at router.handle (C:\Users\JackyLi(CTHK)../../../../../../OneDrive - 
Continuous Technologies International 
Limited/Documents/ERP_Test/node_modules/router/index.js:186:3)
      at router (C:\Users\JackyLi(CTHK)../../../../../../OneDrive - Continuous 
Technologies International 
Limited/Documents/ERP_Test/node_modules/router/index.js:60:12)
      at Layer.handleRequest (C:\Users\JackyLi(CTHK)../../../../../../OneDrive 
- Continuous Technologies International 
Limited/Documents/ERP_Test/node_modules/router/lib/layer.js:152:17)
      at trimPrefix (C:\Users\JackyLi(CTHK)../../../../../../OneDrive - 
Continuous Technologies International 
Limited/Documents/ERP_Test/node_modules/router/index.js:342:13)
      at C:\Users\JackyLi(CTHK)../../../../../../OneDrive - Continuous 
Technologies International 
Limited/Documents/ERP_Test/node_modules/router/index.js:297:9
      at processParams (C:\Users\JackyLi(CTHK)../../../../../../OneDrive - 
Continuous Technologies International 
Limited/Documents/ERP_Test/node_modules/router/index.js:582:12)
      at next (C:\Users\JackyLi(CTHK)../../../../../../OneDrive - Continuous 
Technologies International 
Limited/Documents/ERP_Test/node_modules/router/index.js:291:5)
      at C:\Users\JackyLi(CTHK)../../../../../../OneDrive - Continuous 
Technologies International 
Limited/Documents/ERP_Test/node_modules/router/index.js:688:15
      at next (C:\Users\JackyLi(CTHK)../../../../../../OneDrive - Continuous 
Technologies International 
Limited/Documents/ERP_Test/node_modules/router/index.js:276:14)
      at router.handle (C:\Users\JackyLi(CTHK)../../../../../../OneDrive - 
Continuous Technologies International 
Limited/Documents/ERP_Test/node_modules/router/index.js:186:3)
      at router (C:\Users\JackyLi(CTHK)../../../../../../OneDrive - Continuous 
Technologies International 
Limited/Documents/ERP_Test/node_modules/router/index.js:60:12)
      at Layer.handleRequest (C:\Users\JackyLi(CTHK)../../../../../../OneDrive 
- Continuous Technologies International 
Limited/Documents/ERP_Test/node_modules/router/lib/layer.js:152:17)
      at trimPrefix (C:\Users\JackyLi(CTHK)../../../../../../OneDrive - 
Continuous Technologies International 
Limited/Documents/ERP_Test/node_modules/router/index.js:342:13)
      at C:\Users\JackyLi(CTHK)../../../../../../OneDrive - Continuous 
Technologies International 
Limited/Documents/ERP_Test/node_modules/router/index.js:297:9
      at processParams (C:\Users\JackyLi(CTHK)../../../../../../OneDrive - 
Continuous Technologies International 
Limited/Documents/ERP_Test/node_modules/router/index.js:582:12)
      at next (C:\Users\JackyLi(CTHK)../../../../../../OneDrive - Continuous 
Technologies International 
Limited/Documents/ERP_Test/node_modules/router/index.js:291:5)
      at router.handle (C:\Users\JackyLi(CTHK)../../../../../../OneDrive - 
Continuous Technologies International 
Limited/Documents/ERP_Test/node_modules/router/index.js:186:3)
      at router (C:\Users\JackyLi(CTHK)../../../../../../OneDrive - Continuous 
Technologies International 
Limited/Documents/ERP_Test/node_modules/router/index.js:60:12)
      at Layer.handleRequest (C:\Users\JackyLi(CTHK)../../../../../../OneDrive 
- Continuous Technologies International 
Limited/Documents/ERP_Test/node_modules/router/lib/layer.js:152:17)
      at trimPrefix (C:\Users\JackyLi(CTHK)../../../../../../OneDrive - 
Continuous Technologies International 
Limited/Documents/ERP_Test/node_modules/router/index.js:342:13)
      at C:\Users\JackyLi(CTHK)../../../../../../OneDrive - Continuous 
Technologies International 
Limited/Documents/ERP_Test/node_modules/router/index.js:297:9
      at processParams (C:\Users\JackyLi(CTHK)../../../../../../OneDrive - 
Continuous Technologies International 
Limited/Documents/ERP_Test/node_modules/router/index.js:582:12)
      at next (C:\Users\JackyLi(CTHK)../../../../../../OneDrive - Continuous 
Technologies International 
Limited/Documents/ERP_Test/node_modules/router/index.js:291:5)
      at C:\Users\JackyLi(CTHK)../../../../../../OneDrive - Continuous 
Technologies International 
Limited/Documents/ERP_Test/node_modules/express-rate-limit/dist/index.cjs:947:7
      at C:\Users\JackyLi(CTHK)../../../../../../OneDrive - Continuous 
Technologies International 
Limited/Documents/ERP_Test/node_modules/express-rate-limit/dist/index.cjs:830:5

    console.error
      Error: Forbidden: User role 'MANAGER' does not have permission for this 
resource
          at C:\Users\JackyLi(CTHK)\OneDrive - Continuous Technologies 
International 
Limited\Documents\ERP_Test\server\src\middleware\requireRole.ts:17:13
          at Layer.handleRequest (C:\Users\JackyLi(CTHK)\OneDrive - Continuous 
Technologies International 
Limited\Documents\ERP_Test\node_modules\router\lib\layer.js:152:17)
          at next (C:\Users\JackyLi(CTHK)\OneDrive - Continuous Technologies 
International 
Limited\Documents\ERP_Test\node_modules\router\lib\route.js:157:13)
          at requireAuth (C:\Users\JackyLi(CTHK)\OneDrive - Continuous 
Technologies International 
Limited\Documents\ERP_Test\server\src\middleware\requireAuth.ts:23:5)
          at Layer.handleRequest (C:\Users\JackyLi(CTHK)\OneDrive - Continuous 
Technologies International 
Limited\Documents\ERP_Test\node_modules\router\lib\layer.js:152:17)
          at next (C:\Users\JackyLi(CTHK)\OneDrive - Continuous Technologies 
International 
Limited\Documents\ERP_Test\node_modules\router\lib\route.js:157:13)
          at Route.dispatch (C:\Users\JackyLi(CTHK)\OneDrive - Continuous 
Technologies International 
Limited\Documents\ERP_Test\node_modules\router\lib\route.js:117:3)
          at handle (C:\Users\JackyLi(CTHK)\OneDrive - Continuous Technologies 
International Limited\Documents\ERP_Test\node_modules\router\index.js:435:11)
          at Layer.handleRequest (C:\Users\JackyLi(CTHK)\OneDrive - Continuous 
Technologies International 
Limited\Documents\ERP_Test\node_modules\router\lib\layer.js:152:17)
          at C:\Users\JackyLi(CTHK)\OneDrive - Continuous Technologies 
International Limited\Documents\ERP_Test\node_modules\router\index.js:295:15
          at param (C:\Users\JackyLi(CTHK)\OneDrive - Continuous Technologies 
International Limited\Documents\ERP_Test\node_modules\router\index.js:600:14)
          at param (C:\Users\JackyLi(CTHK)\OneDrive - Continuous Technologies 
International Limited\Documents\ERP_Test\node_modules\router\index.js:610:14)
          at processParams (C:\Users\JackyLi(CTHK)\OneDrive - Continuous 
Technologies International 
Limited\Documents\ERP_Test\node_modules\router\index.js:664:3)
          at next (C:\Users\JackyLi(CTHK)\OneDrive - Continuous Technologies 
International Limited\Documents\ERP_Test\node_modules\router\index.js:291:5)
          at router.handle (C:\Users\JackyLi(CTHK)\OneDrive - Continuous 
Technologies International 
Limited\Documents\ERP_Test\node_modules\router\index.js:186:3)
          at router (C:\Users\JackyLi(CTHK)\OneDrive - Continuous Technologies 
International Limited\Documents\ERP_Test\node_modules\router\index.js:60:12)
          at Layer.handleRequest (C:\Users\JackyLi(CTHK)\OneDrive - Continuous 
Technologies International 
Limited\Documents\ERP_Test\node_modules\router\lib\layer.js:152:17)
          at trimPrefix (C:\Users\JackyLi(CTHK)\OneDrive - Continuous 
Technologies International 
Limited\Documents\ERP_Test\node_modules\router\index.js:342:13)
          at C:\Users\JackyLi(CTHK)\OneDrive - Continuous Technologies 
International Limited\Documents\ERP_Test\node_modules\router\index.js:297:9
          at processParams (C:\Users\JackyLi(CTHK)\OneDrive - Continuous 
Technologies International 
Limited\Documents\ERP_Test\node_modules\router\index.js:582:12)
          at next (C:\Users\JackyLi(CTHK)\OneDrive - Continuous Technologies 
International Limited\Documents\ERP_Test\node_modules\router\index.js:291:5)
          at C:\Users\JackyLi(CTHK)\OneDrive - Continuous Technologies 
International Limited\Documents\ERP_Test\node_modules\router\index.js:688:15
          at next (C:\Users\JackyLi(CTHK)\OneDrive - Continuous Technologies 
International Limited\Documents\ERP_Test\node_modules\router\index.js:276:14)
          at router.handle (C:\Users\JackyLi(CTHK)\OneDrive - Continuous 
Technologies International 
Limited\Documents\ERP_Test\node_modules\router\index.js:186:3)
          at router (C:\Users\JackyLi(CTHK)\OneDrive - Continuous Technologies 
International Limited\Documents\ERP_Test\node_modules\router\index.js:60:12)
          at Layer.handleRequest (C:\Users\JackyLi(CTHK)\OneDrive - Continuous 
Technologies International 
Limited\Documents\ERP_Test\node_modules\router\lib\layer.js:152:17)
          at trimPrefix (C:\Users\JackyLi(CTHK)\OneDrive - Continuous 
Technologies International 
Limited\Documents\ERP_Test\node_modules\router\index.js:342:13)
          at C:\Users\JackyLi(CTHK)\OneDrive - Continuous Technologies 
International Limited\Documents\ERP_Test\node_modules\router\index.js:297:9
          at processParams (C:\Users\JackyLi(CTHK)\OneDrive - Continuous 
Technologies International 
Limited\Documents\ERP_Test\node_modules\router\index.js:582:12)
          at next (C:\Users\JackyLi(CTHK)\OneDrive - Continuous Technologies 
International Limited\Documents\ERP_Test\node_modules\router\index.js:291:5)
          ... collapsed 7 duplicate lines matching above lines ...
          at C:\Users\JackyLi(CTHK)\OneDrive - Continuous Technologies 
International 
Limited\Documents\ERP_Test\node_modules\express-rate-limit\dist\index.cjs:947:7
          at processTicksAndRejections 
(node:internal/process/task_queues:103:5)
          at C:\Users\JackyLi(CTHK)\OneDrive - Continuous Technologies 
International 
Limited\Documents\ERP_Test\node_modules\express-rate-limit\dist\index.cjs:830:5

    [0m [90m 59 |[39m   [90m// eslint-disable-next-line 
@typescript-eslint/no-unused-vars[39m
     [90m 60 |[39m   app[33m.[39muse((err[33m:[39m 
[33mError[39m[33m,[39m _req[33m:[39m [33mRequest[39m[33m,[39m 
res[33m:[39m [33mResponse[39m[33m,[39m _next[33m:[39m 
[33mNextFunction[39m) [33m=>[39m {
    [31m[1m>[22m[39m[90m 61 |[39m     
console[33m.[39merror(err)[33m;[39m
     [90m    |[39m             [31m[1m^[22m[39m
     [90m 62 |[39m     [36mif[39m 
(err[33m.[39mmessage[33m.[39mincludes([32m"Unauthorized"[39m)) {
     [90m 63 |[39m       
res[33m.[39mstatus([35m401[39m)[33m.[39mjson({ message[33m:[39m 
err[33m.[39mmessage })[33m;[39m
     [90m 64 |[39m     } [36melse[39m [36mif[39m 
(err[33m.[39mmessage[33m.[39mincludes([32m"Forbidden"[39m)) {[0m

      at C:\Users\JackyLi(CTHK)../../../../../../OneDrive - Continuous 
Technologies International Limited/Documents/ERP_Test/server/src/app.ts:61:13
      at Layer.handleError (C:\Users\JackyLi(CTHK)../../../../../../OneDrive - 
Continuous Technologies International 
Limited/Documents/ERP_Test/node_modules/router/lib/layer.js:116:17)
      at trimPrefix (C:\Users\JackyLi(CTHK)../../../../../../OneDrive - 
Continuous Technologies International 
Limited/Documents/ERP_Test/node_modules/router/index.js:340:13)
      at C:\Users\JackyLi(CTHK)../../../../../../OneDrive - Continuous 
Technologies International 
Limited/Documents/ERP_Test/node_modules/router/index.js:297:9
      at processParams (C:\Users\JackyLi(CTHK)../../../../../../OneDrive - 
Continuous Technologies International 
Limited/Documents/ERP_Test/node_modules/router/index.js:582:12)
      at next (C:\Users\JackyLi(CTHK)../../../../../../OneDrive - Continuous 
Technologies International 
Limited/Documents/ERP_Test/node_modules/router/index.js:291:5)
      at Layer.handleError (C:\Users\JackyLi(CTHK)../../../../../../OneDrive - 
Continuous Technologies International 
Limited/Documents/ERP_Test/node_modules/router/lib/layer.js:111:12)
      at trimPrefix (C:\Users\JackyLi(CTHK)../../../../../../OneDrive - 
Continuous Technologies International 
Limited/Documents/ERP_Test/node_modules/router/index.js:340:13)
      at C:\Users\JackyLi(CTHK)../../../../../../OneDrive - Continuous 
Technologies International 
Limited/Documents/ERP_Test/node_modules/router/index.js:297:9
      at processParams (C:\Users\JackyLi(CTHK)../../../../../../OneDrive - 
Continuous Technologies International 
Limited/Documents/ERP_Test/node_modules/router/index.js:582:12)
      at next (C:\Users\JackyLi(CTHK)../../../../../../OneDrive - Continuous 
Technologies International 
Limited/Documents/ERP_Test/node_modules/router/index.js:291:5)
      at C:\Users\JackyLi(CTHK)../../../../../../OneDrive - Continuous 
Technologies International 
Limited/Documents/ERP_Test/node_modules/router/index.js:688:15
      at next (C:\Users\JackyLi(CTHK)../../../../../../OneDrive - Continuous 
Technologies International 
Limited/Documents/ERP_Test/node_modules/router/index.js:276:14)
      at C:\Users\JackyLi(CTHK)../../../../../../OneDrive - Continuous 
Technologies International 
Limited/Documents/ERP_Test/node_modules/router/index.js:688:15
      at next (C:\Users\JackyLi(CTHK)../../../../../../OneDrive - Continuous 
Technologies International 
Limited/Documents/ERP_Test/node_modules/router/index.js:276:14)
      at next (C:\Users\JackyLi(CTHK)../../../../../../OneDrive - Continuous 
Technologies International 
Limited/Documents/ERP_Test/node_modules/router/lib/route.js:132:14)
      at Layer.handleError (C:\Users\JackyLi(CTHK)../../../../../../OneDrive - 
Continuous Technologies International 
Limited/Documents/ERP_Test/node_modules/router/lib/layer.js:111:12)
      at next (C:\Users\JackyLi(CTHK)../../../../../../OneDrive - Continuous 
Technologies International 
Limited/Documents/ERP_Test/node_modules/router/lib/route.js:155:13)
      at Layer.handleRequest (C:\Users\JackyLi(CTHK)../../../../../../OneDrive 
- Continuous Technologies International 
Limited/Documents/ERP_Test/node_modules/router/lib/layer.js:165:5)
      at next (C:\Users\JackyLi(CTHK)../../../../../../OneDrive - Continuous 
Technologies International 
Limited/Documents/ERP_Test/node_modules/router/lib/route.js:157:13)
      at requireAuth (C:\Users\JackyLi(CTHK)../../../../../../OneDrive - 
Continuous Technologies International 
Limited/Documents/ERP_Test/server/src/middleware/requireAuth.ts:23:5)
      at Layer.handleRequest (C:\Users\JackyLi(CTHK)../../../../../../OneDrive 
- Continuous Technologies International 
Limited/Documents/ERP_Test/node_modules/router/lib/layer.js:152:17)
      at next (C:\Users\JackyLi(CTHK)../../../../../../OneDrive - Continuous 
Technologies International 
Limited/Documents/ERP_Test/node_modules/router/lib/route.js:157:13)
      at Route.dispatch (C:\Users\JackyLi(CTHK)../../../../../../OneDrive - 
Continuous Technologies International 
Limited/Documents/ERP_Test/node_modules/router/lib/route.js:117:3)
      at handle (C:\Users\JackyLi(CTHK)../../../../../../OneDrive - Continuous 
Technologies International 
Limited/Documents/ERP_Test/node_modules/router/index.js:435:11)
      at Layer.handleRequest (C:\Users\JackyLi(CTHK)../../../../../../OneDrive 
- Continuous Technologies International 
Limited/Documents/ERP_Test/node_modules/router/lib/layer.js:152:17)
      at C:\Users\JackyLi(CTHK)../../../../../../OneDrive - Continuous 
Technologies International 
Limited/Documents/ERP_Test/node_modules/router/index.js:295:15
      at param (C:\Users\JackyLi(CTHK)../../../../../../OneDrive - Continuous 
Technologies International 
Limited/Documents/ERP_Test/node_modules/router/index.js:600:14)
      at param (C:\Users\JackyLi(CTHK)../../../../../../OneDrive - Continuous 
Technologies International 
Limited/Documents/ERP_Test/node_modules/router/index.js:610:14)
      at processParams (C:\Users\JackyLi(CTHK)../../../../../../OneDrive - 
Continuous Technologies International 
Limited/Documents/ERP_Test/node_modules/router/index.js:664:3)
      at next (C:\Users\JackyLi(CTHK)../../../../../../OneDrive - Continuous 
Technologies International 
Limited/Documents/ERP_Test/node_modules/router/index.js:291:5)
      at router.handle (C:\Users\JackyLi(CTHK)../../../../../../OneDrive - 
Continuous Technologies International 
Limited/Documents/ERP_Test/node_modules/router/index.js:186:3)
      at router (C:\Users\JackyLi(CTHK)../../../../../../OneDrive - Continuous 
Technologies International 
Limited/Documents/ERP_Test/node_modules/router/index.js:60:12)
      at Layer.handleRequest (C:\Users\JackyLi(CTHK)../../../../../../OneDrive 
- Continuous Technologies International 
Limited/Documents/ERP_Test/node_modules/router/lib/layer.js:152:17)
      at trimPrefix (C:\Users\JackyLi(CTHK)../../../../../../OneDrive - 
Continuous Technologies International 
Limited/Documents/ERP_Test/node_modules/router/index.js:342:13)
      at C:\Users\JackyLi(CTHK)../../../../../../OneDrive - Continuous 
Technologies International 
Limited/Documents/ERP_Test/node_modules/router/index.js:297:9
      at processParams (C:\Users\JackyLi(CTHK)../../../../../../OneDrive - 
Continuous Technologies International 
Limited/Documents/ERP_Test/node_modules/router/index.js:582:12)
      at next (C:\Users\JackyLi(CTHK)../../../../../../OneDrive - Continuous 
Technologies International 
Limited/Documents/ERP_Test/node_modules/router/index.js:291:5)
      at C:\Users\JackyLi(CTHK)../../../../../../OneDrive - Continuous 
Technologies International 
Limited/Documents/ERP_Test/node_modules/router/index.js:688:15
      at next (C:\Users\JackyLi(CTHK)../../../../../../OneDrive - Continuous 
Technologies International 
Limited/Documents/ERP_Test/node_modules/router/index.js:276:14)
      at router.handle (C:\Users\JackyLi(CTHK)../../../../../../OneDrive - 
Continuous Technologies International 
Limited/Documents/ERP_Test/node_modules/router/index.js:186:3)
      at router (C:\Users\JackyLi(CTHK)../../../../../../OneDrive - Continuous 
Technologies International 
Limited/Documents/ERP_Test/node_modules/router/index.js:60:12)
      at Layer.handleRequest (C:\Users\JackyLi(CTHK)../../../../../../OneDrive 
- Continuous Technologies International 
Limited/Documents/ERP_Test/node_modules/router/lib/layer.js:152:17)
      at trimPrefix (C:\Users\JackyLi(CTHK)../../../../../../OneDrive - 
Continuous Technologies International 
Limited/Documents/ERP_Test/node_modules/router/index.js:342:13)
      at C:\Users\JackyLi(CTHK)../../../../../../OneDrive - Continuous 
Technologies International 
Limited/Documents/ERP_Test/node_modules/router/index.js:297:9
      at processParams (C:\Users\JackyLi(CTHK)../../../../../../OneDrive - 
Continuous Technologies International 
Limited/Documents/ERP_Test/node_modules/router/index.js:582:12)
      at next (C:\Users\JackyLi(CTHK)../../../../../../OneDrive - Continuous 
Technologies International 
Limited/Documents/ERP_Test/node_modules/router/index.js:291:5)
      at router.handle (C:\Users\JackyLi(CTHK)../../../../../../OneDrive - 
Continuous Technologies International 
Limited/Documents/ERP_Test/node_modules/router/index.js:186:3)
      at router (C:\Users\JackyLi(CTHK)../../../../../../OneDrive - Continuous 
Technologies International 
Limited/Documents/ERP_Test/node_modules/router/index.js:60:12)
      at Layer.handleRequest (C:\Users\JackyLi(CTHK)../../../../../../OneDrive 
- Continuous Technologies International 
Limited/Documents/ERP_Test/node_modules/router/lib/layer.js:152:17)
      at trimPrefix (C:\Users\JackyLi(CTHK)../../../../../../OneDrive - 
Continuous Technologies International 
Limited/Documents/ERP_Test/node_modules/router/index.js:342:13)
      at C:\Users\JackyLi(CTHK)../../../../../../OneDrive - Continuous 
Technologies International 
Limited/Documents/ERP_Test/node_modules/router/index.js:297:9
      at processParams (C:\Users\JackyLi(CTHK)../../../../../../OneDrive - 
Continuous Technologies International 
Limited/Documents/ERP_Test/node_modules/router/index.js:582:12)
      at next (C:\Users\JackyLi(CTHK)../../../../../../OneDrive - Continuous 
Technologies International 
Limited/Documents/ERP_Test/node_modules/router/index.js:291:5)
      at C:\Users\JackyLi(CTHK)../../../../../../OneDrive - Continuous 
Technologies International 
Limited/Documents/ERP_Test/node_modules/express-rate-limit/dist/index.cjs:947:7
      at C:\Users\JackyLi(CTHK)../../../../../../OneDrive - Continuous 
Technologies International 
Limited/Documents/ERP_Test/node_modules/express-rate-limit/dist/index.cjs:830:5

    console.error
      Error: Forbidden: User role 'EMPLOYEE' does not have permission for this 
resource
          at C:\Users\JackyLi(CTHK)\OneDrive - Continuous Technologies 
International 
Limited\Documents\ERP_Test\server\src\middleware\requireRole.ts:17:13
          at Layer.handleRequest (C:\Users\JackyLi(CTHK)\OneDrive - Continuous 
Technologies International 
Limited\Documents\ERP_Test\node_modules\router\lib\layer.js:152:17)
          at next (C:\Users\JackyLi(CTHK)\OneDrive - Continuous Technologies 
International 
Limited\Documents\ERP_Test\node_modules\router\lib\route.js:157:13)
          at requireAuth (C:\Users\JackyLi(CTHK)\OneDrive - Continuous 
Technologies International 
Limited\Documents\ERP_Test\server\src\middleware\requireAuth.ts:23:5)
          at Layer.handleRequest (C:\Users\JackyLi(CTHK)\OneDrive - Continuous 
Technologies International 
Limited\Documents\ERP_Test\node_modules\router\lib\layer.js:152:17)
          at next (C:\Users\JackyLi(CTHK)\OneDrive - Continuous Technologies 
International 
Limited\Documents\ERP_Test\node_modules\router\lib\route.js:157:13)
          at Route.dispatch (C:\Users\JackyLi(CTHK)\OneDrive - Continuous 
Technologies International 
Limited\Documents\ERP_Test\node_modules\router\lib\route.js:117:3)
          at handle (C:\Users\JackyLi(CTHK)\OneDrive - Continuous Technologies 
International Limited\Documents\ERP_Test\node_modules\router\index.js:435:11)
          at Layer.handleRequest (C:\Users\JackyLi(CTHK)\OneDrive - Continuous 
Technologies International 
Limited\Documents\ERP_Test\node_modules\router\lib\layer.js:152:17)
          at C:\Users\JackyLi(CTHK)\OneDrive - Continuous Technologies 
International Limited\Documents\ERP_Test\node_modules\router\index.js:295:15
          at param (C:\Users\JackyLi(CTHK)\OneDrive - Continuous Technologies 
International Limited\Documents\ERP_Test\node_modules\router\index.js:600:14)
          at param (C:\Users\JackyLi(CTHK)\OneDrive - Continuous Technologies 
International Limited\Documents\ERP_Test\node_modules\router\index.js:610:14)
          at processParams (C:\Users\JackyLi(CTHK)\OneDrive - Continuous 
Technologies International 
Limited\Documents\ERP_Test\node_modules\router\index.js:664:3)
          at next (C:\Users\JackyLi(CTHK)\OneDrive - Continuous Technologies 
International Limited\Documents\ERP_Test\node_modules\router\index.js:291:5)
          at router.handle (C:\Users\JackyLi(CTHK)\OneDrive - Continuous 
Technologies International 
Limited\Documents\ERP_Test\node_modules\router\index.js:186:3)
          at router (C:\Users\JackyLi(CTHK)\OneDrive - Continuous Technologies 
International Limited\Documents\ERP_Test\node_modules\router\index.js:60:12)
          at Layer.handleRequest (C:\Users\JackyLi(CTHK)\OneDrive - Continuous 
Technologies International 
Limited\Documents\ERP_Test\node_modules\router\lib\layer.js:152:17)
          at trimPrefix (C:\Users\JackyLi(CTHK)\OneDrive - Continuous 
Technologies International 
Limited\Documents\ERP_Test\node_modules\router\index.js:342:13)
          at C:\Users\JackyLi(CTHK)\OneDrive - Continuous Technologies 
International Limited\Documents\ERP_Test\node_modules\router\index.js:297:9
          at processParams (C:\Users\JackyLi(CTHK)\OneDrive - Continuous 
Technologies International 
Limited\Documents\ERP_Test\node_modules\router\index.js:582:12)
          at next (C:\Users\JackyLi(CTHK)\OneDrive - Continuous Technologies 
International Limited\Documents\ERP_Test\node_modules\router\index.js:291:5)
          at C:\Users\JackyLi(CTHK)\OneDrive - Continuous Technologies 
International Limited\Documents\ERP_Test\node_modules\router\index.js:688:15
          at next (C:\Users\JackyLi(CTHK)\OneDrive - Continuous Technologies 
International Limited\Documents\ERP_Test\node_modules\router\index.js:276:14)
          at router.handle (C:\Users\JackyLi(CTHK)\OneDrive - Continuous 
Technologies International 
Limited\Documents\ERP_Test\node_modules\router\index.js:186:3)
          at router (C:\Users\JackyLi(CTHK)\OneDrive - Continuous Technologies 
International Limited\Documents\ERP_Test\node_modules\router\index.js:60:12)
          at Layer.handleRequest (C:\Users\JackyLi(CTHK)\OneDrive - Continuous 
Technologies International 
Limited\Documents\ERP_Test\node_modules\router\lib\layer.js:152:17)
          at trimPrefix (C:\Users\JackyLi(CTHK)\OneDrive - Continuous 
Technologies International 
Limited\Documents\ERP_Test\node_modules\router\index.js:342:13)
          at C:\Users\JackyLi(CTHK)\OneDrive - Continuous Technologies 
International Limited\Documents\ERP_Test\node_modules\router\index.js:297:9
          at processParams (C:\Users\JackyLi(CTHK)\OneDrive - Continuous 
Technologies International 
Limited\Documents\ERP_Test\node_modules\router\index.js:582:12)
          at next (C:\Users\JackyLi(CTHK)\OneDrive - Continuous Technologies 
International Limited\Documents\ERP_Test\node_modules\router\index.js:291:5)
          ... collapsed 7 duplicate lines matching above lines ...
          at C:\Users\JackyLi(CTHK)\OneDrive - Continuous Technologies 
International 
Limited\Documents\ERP_Test\node_modules\express-rate-limit\dist\index.cjs:947:7
          at processTicksAndRejections 
(node:internal/process/task_queues:103:5)
          at C:\Users\JackyLi(CTHK)\OneDrive - Continuous Technologies 
International 
Limited\Documents\ERP_Test\node_modules\express-rate-limit\dist\index.cjs:830:5

    [0m [90m 59 |[39m   [90m// eslint-disable-next-line 
@typescript-eslint/no-unused-vars[39m
     [90m 60 |[39m   app[33m.[39muse((err[33m:[39m 
[33mError[39m[33m,[39m _req[33m:[39m [33mRequest[39m[33m,[39m 
res[33m:[39m [33mResponse[39m[33m,[39m _next[33m:[39m 
[33mNextFunction[39m) [33m=>[39m {
    [31m[1m>[22m[39m[90m 61 |[39m     
console[33m.[39merror(err)[33m;[39m
     [90m    |[39m             [31m[1m^[22m[39m
     [90m 62 |[39m     [36mif[39m 
(err[33m.[39mmessage[33m.[39mincludes([32m"Unauthorized"[39m)) {
     [90m 63 |[39m       
res[33m.[39mstatus([35m401[39m)[33m.[39mjson({ message[33m:[39m 
err[33m.[39mmessage })[33m;[39m
     [90m 64 |[39m     } [36melse[39m [36mif[39m 
(err[33m.[39mmessage[33m.[39mincludes([32m"Forbidden"[39m)) {[0m

      at C:\Users\JackyLi(CTHK)../../../../../../OneDrive - Continuous 
Technologies International Limited/Documents/ERP_Test/server/src/app.ts:61:13
      at Layer.handleError (C:\Users\JackyLi(CTHK)../../../../../../OneDrive - 
Continuous Technologies International 
Limited/Documents/ERP_Test/node_modules/router/lib/layer.js:116:17)
      at trimPrefix (C:\Users\JackyLi(CTHK)../../../../../../OneDrive - 
Continuous Technologies International 
Limited/Documents/ERP_Test/node_modules/router/index.js:340:13)
      at C:\Users\JackyLi(CTHK)../../../../../../OneDrive - Continuous 
Technologies International 
Limited/Documents/ERP_Test/node_modules/router/index.js:297:9
      at processParams (C:\Users\JackyLi(CTHK)../../../../../../OneDrive - 
Continuous Technologies International 
Limited/Documents/ERP_Test/node_modules/router/index.js:582:12)
      at next (C:\Users\JackyLi(CTHK)../../../../../../OneDrive - Continuous 
Technologies International 
Limited/Documents/ERP_Test/node_modules/router/index.js:291:5)
      at Layer.handleError (C:\Users\JackyLi(CTHK)../../../../../../OneDrive - 
Continuous Technologies International 
Limited/Documents/ERP_Test/node_modules/router/lib/layer.js:111:12)
      at trimPrefix (C:\Users\JackyLi(CTHK)../../../../../../OneDrive - 
Continuous Technologies International 
Limited/Documents/ERP_Test/node_modules/router/index.js:340:13)
      at C:\Users\JackyLi(CTHK)../../../../../../OneDrive - Continuous 
Technologies International 
Limited/Documents/ERP_Test/node_modules/router/index.js:297:9
      at processParams (C:\Users\JackyLi(CTHK)../../../../../../OneDrive - 
Continuous Technologies International 
Limited/Documents/ERP_Test/node_modules/router/index.js:582:12)
      at next (C:\Users\JackyLi(CTHK)../../../../../../OneDrive - Continuous 
Technologies International 
Limited/Documents/ERP_Test/node_modules/router/index.js:291:5)
      at C:\Users\JackyLi(CTHK)../../../../../../OneDrive - Continuous 
Technologies International 
Limited/Documents/ERP_Test/node_modules/router/index.js:688:15
      at next (C:\Users\JackyLi(CTHK)../../../../../../OneDrive - Continuous 
Technologies International 
Limited/Documents/ERP_Test/node_modules/router/index.js:276:14)
      at C:\Users\JackyLi(CTHK)../../../../../../OneDrive - Continuous 
Technologies International 
Limited/Documents/ERP_Test/node_modules/router/index.js:688:15
      at next (C:\Users\JackyLi(CTHK)../../../../../../OneDrive - Continuous 
Technologies International 
Limited/Documents/ERP_Test/node_modules/router/index.js:276:14)
      at next (C:\Users\JackyLi(CTHK)../../../../../../OneDrive - Continuous 
Technologies International 
Limited/Documents/ERP_Test/node_modules/router/lib/route.js:132:14)
      at Layer.handleError (C:\Users\JackyLi(CTHK)../../../../../../OneDrive - 
Continuous Technologies International 
Limited/Documents/ERP_Test/node_modules/router/lib/layer.js:111:12)
      at next (C:\Users\JackyLi(CTHK)../../../../../../OneDrive - Continuous 
Technologies International 
Limited/Documents/ERP_Test/node_modules/router/lib/route.js:155:13)
      at Layer.handleRequest (C:\Users\JackyLi(CTHK)../../../../../../OneDrive 
- Continuous Technologies International 
Limited/Documents/ERP_Test/node_modules/router/lib/layer.js:165:5)
      at next (C:\Users\JackyLi(CTHK)../../../../../../OneDrive - Continuous 
Technologies International 
Limited/Documents/ERP_Test/node_modules/router/lib/route.js:157:13)
      at requireAuth (C:\Users\JackyLi(CTHK)../../../../../../OneDrive - 
Continuous Technologies International 
Limited/Documents/ERP_Test/server/src/middleware/requireAuth.ts:23:5)
      at Layer.handleRequest (C:\Users\JackyLi(CTHK)../../../../../../OneDrive 
- Continuous Technologies International 
Limited/Documents/ERP_Test/node_modules/router/lib/layer.js:152:17)
      at next (C:\Users\JackyLi(CTHK)../../../../../../OneDrive - Continuous 
Technologies International 
Limited/Documents/ERP_Test/node_modules/router/lib/route.js:157:13)
      at Route.dispatch (C:\Users\JackyLi(CTHK)../../../../../../OneDrive - 
Continuous Technologies International 
Limited/Documents/ERP_Test/node_modules/router/lib/route.js:117:3)
      at handle (C:\Users\JackyLi(CTHK)../../../../../../OneDrive - Continuous 
Technologies International 
Limited/Documents/ERP_Test/node_modules/router/index.js:435:11)
      at Layer.handleRequest (C:\Users\JackyLi(CTHK)../../../../../../OneDrive 
- Continuous Technologies International 
Limited/Documents/ERP_Test/node_modules/router/lib/layer.js:152:17)
      at C:\Users\JackyLi(CTHK)../../../../../../OneDrive - Continuous 
Technologies International 
Limited/Documents/ERP_Test/node_modules/router/index.js:295:15
      at param (C:\Users\JackyLi(CTHK)../../../../../../OneDrive - Continuous 
Technologies International 
Limited/Documents/ERP_Test/node_modules/router/index.js:600:14)
      at param (C:\Users\JackyLi(CTHK)../../../../../../OneDrive - Continuous 
Technologies International 
Limited/Documents/ERP_Test/node_modules/router/index.js:610:14)
      at processParams (C:\Users\JackyLi(CTHK)../../../../../../OneDrive - 
Continuous Technologies International 
Limited/Documents/ERP_Test/node_modules/router/index.js:664:3)
      at next (C:\Users\JackyLi(CTHK)../../../../../../OneDrive - Continuous 
Technologies International 
Limited/Documents/ERP_Test/node_modules/router/index.js:291:5)
      at router.handle (C:\Users\JackyLi(CTHK)../../../../../../OneDrive - 
Continuous Technologies International 
Limited/Documents/ERP_Test/node_modules/router/index.js:186:3)
      at router (C:\Users\JackyLi(CTHK)../../../../../../OneDrive - Continuous 
Technologies International 
Limited/Documents/ERP_Test/node_modules/router/index.js:60:12)
      at Layer.handleRequest (C:\Users\JackyLi(CTHK)../../../../../../OneDrive 
- Continuous Technologies International 
Limited/Documents/ERP_Test/node_modules/router/lib/layer.js:152:17)
      at trimPrefix (C:\Users\JackyLi(CTHK)../../../../../../OneDrive - 
Continuous Technologies International 
Limited/Documents/ERP_Test/node_modules/router/index.js:342:13)
      at C:\Users\JackyLi(CTHK)../../../../../../OneDrive - Continuous 
Technologies International 
Limited/Documents/ERP_Test/node_modules/router/index.js:297:9
      at processParams (C:\Users\JackyLi(CTHK)../../../../../../OneDrive - 
Continuous Technologies International 
Limited/Documents/ERP_Test/node_modules/router/index.js:582:12)
      at next (C:\Users\JackyLi(CTHK)../../../../../../OneDrive - Continuous 
Technologies International 
Limited/Documents/ERP_Test/node_modules/router/index.js:291:5)
      at C:\Users\JackyLi(CTHK)../../../../../../OneDrive - Continuous 
Technologies International 
Limited/Documents/ERP_Test/node_modules/router/index.js:688:15
      at next (C:\Users\JackyLi(CTHK)../../../../../../OneDrive - Continuous 
Technologies International 
Limited/Documents/ERP_Test/node_modules/router/index.js:276:14)
      at router.handle (C:\Users\JackyLi(CTHK)../../../../../../OneDrive - 
Continuous Technologies International 
Limited/Documents/ERP_Test/node_modules/router/index.js:186:3)
      at router (C:\Users\JackyLi(CTHK)../../../../../../OneDrive - Continuous 
Technologies International 
Limited/Documents/ERP_Test/node_modules/router/index.js:60:12)
      at Layer.handleRequest (C:\Users\JackyLi(CTHK)../../../../../../OneDrive 
- Continuous Technologies International 
Limited/Documents/ERP_Test/node_modules/router/lib/layer.js:152:17)
      at trimPrefix (C:\Users\JackyLi(CTHK)../../../../../../OneDrive - 
Continuous Technologies International 
Limited/Documents/ERP_Test/node_modules/router/index.js:342:13)
      at C:\Users\JackyLi(CTHK)../../../../../../OneDrive - Continuous 
Technologies International 
Limited/Documents/ERP_Test/node_modules/router/index.js:297:9
      at processParams (C:\Users\JackyLi(CTHK)../../../../../../OneDrive - 
Continuous Technologies International 
Limited/Documents/ERP_Test/node_modules/router/index.js:582:12)
      at next (C:\Users\JackyLi(CTHK)../../../../../../OneDrive - Continuous 
Technologies International 
Limited/Documents/ERP_Test/node_modules/router/index.js:291:5)
      at router.handle (C:\Users\JackyLi(CTHK)../../../../../../OneDrive - 
Continuous Technologies International 
Limited/Documents/ERP_Test/node_modules/router/index.js:186:3)
      at router (C:\Users\JackyLi(CTHK)../../../../../../OneDrive - Continuous 
Technologies International 
Limited/Documents/ERP_Test/node_modules/router/index.js:60:12)
      at Layer.handleRequest (C:\Users\JackyLi(CTHK)../../../../../../OneDrive 
- Continuous Technologies International 
Limited/Documents/ERP_Test/node_modules/router/lib/layer.js:152:17)
      at trimPrefix (C:\Users\JackyLi(CTHK)../../../../../../OneDrive - 
Continuous Technologies International 
Limited/Documents/ERP_Test/node_modules/router/index.js:342:13)
      at C:\Users\JackyLi(CTHK)../../../../../../OneDrive - Continuous 
Technologies International 
Limited/Documents/ERP_Test/node_modules/router/index.js:297:9
      at processParams (C:\Users\JackyLi(CTHK)../../../../../../OneDrive - 
Continuous Technologies International 
Limited/Documents/ERP_Test/node_modules/router/index.js:582:12)
      at next (C:\Users\JackyLi(CTHK)../../../../../../OneDrive - Continuous 
Technologies International 
Limited/Documents/ERP_Test/node_modules/router/index.js:291:5)
      at C:\Users\JackyLi(CTHK)../../../../../../OneDrive - Continuous 
Technologies International 
Limited/Documents/ERP_Test/node_modules/express-rate-limit/dist/index.cjs:947:7
      at C:\Users\JackyLi(CTHK)../../../../../../OneDrive - Continuous 
Technologies International 
Limited/Documents/ERP_Test/node_modules/express-rate-limit/dist/index.cjs:830:5

    console.error
      Error: Unauthorized: Missing or invalid Authorization header
          at requireAuth (C:\Users\JackyLi(CTHK)\OneDrive - Continuous 
Technologies International 
Limited\Documents\ERP_Test\server\src\middleware\requireAuth.ts:12:11)
          at Layer.handleRequest (C:\Users\JackyLi(CTHK)\OneDrive - Continuous 
Technologies International 
Limited\Documents\ERP_Test\node_modules\router\lib\layer.js:152:17)
          at next (C:\Users\JackyLi(CTHK)\OneDrive - Continuous Technologies 
International 
Limited\Documents\ERP_Test\node_modules\router\lib\route.js:157:13)
          at Route.dispatch (C:\Users\JackyLi(CTHK)\OneDrive - Continuous 
Technologies International 
Limited\Documents\ERP_Test\node_modules\router\lib\route.js:117:3)
          at handle (C:\Users\JackyLi(CTHK)\OneDrive - Continuous Technologies 
International Limited\Documents\ERP_Test\node_modules\router\index.js:435:11)
          at Layer.handleRequest (C:\Users\JackyLi(CTHK)\OneDrive - Continuous 
Technologies International 
Limited\Documents\ERP_Test\node_modules\router\lib\layer.js:152:17)
          at C:\Users\JackyLi(CTHK)\OneDrive - Continuous Technologies 
International Limited\Documents\ERP_Test\node_modules\router\index.js:295:15
          at param (C:\Users\JackyLi(CTHK)\OneDrive - Continuous Technologies 
International Limited\Documents\ERP_Test\node_modules\router\index.js:600:14)
          at param (C:\Users\JackyLi(CTHK)\OneDrive - Continuous Technologies 
International Limited\Documents\ERP_Test\node_modules\router\index.js:610:14)
          at processParams (C:\Users\JackyLi(CTHK)\OneDrive - Continuous 
Technologies International 
Limited\Documents\ERP_Test\node_modules\router\index.js:664:3)
          at next (C:\Users\JackyLi(CTHK)\OneDrive - Continuous Technologies 
International Limited\Documents\ERP_Test\node_modules\router\index.js:291:5)
          at router.handle (C:\Users\JackyLi(CTHK)\OneDrive - Continuous 
Technologies International 
Limited\Documents\ERP_Test\node_modules\router\index.js:186:3)
          at router (C:\Users\JackyLi(CTHK)\OneDrive - Continuous Technologies 
International Limited\Documents\ERP_Test\node_modules\router\index.js:60:12)
          at Layer.handleRequest (C:\Users\JackyLi(CTHK)\OneDrive - Continuous 
Technologies International 
Limited\Documents\ERP_Test\node_modules\router\lib\layer.js:152:17)
          at trimPrefix (C:\Users\JackyLi(CTHK)\OneDrive - Continuous 
Technologies International 
Limited\Documents\ERP_Test\node_modules\router\index.js:342:13)
          at C:\Users\JackyLi(CTHK)\OneDrive - Continuous Technologies 
International Limited\Documents\ERP_Test\node_modules\router\index.js:297:9
          at processParams (C:\Users\JackyLi(CTHK)\OneDrive - Continuous 
Technologies International 
Limited\Documents\ERP_Test\node_modules\router\index.js:582:12)
          at next (C:\Users\JackyLi(CTHK)\OneDrive - Continuous Technologies 
International Limited\Documents\ERP_Test\node_modules\router\index.js:291:5)
          at C:\Users\JackyLi(CTHK)\OneDrive - Continuous Technologies 
International Limited\Documents\ERP_Test\node_modules\router\index.js:688:15
          at next (C:\Users\JackyLi(CTHK)\OneDrive - Continuous Technologies 
International Limited\Documents\ERP_Test\node_modules\router\index.js:276:14)
          at router.handle (C:\Users\JackyLi(CTHK)\OneDrive - Continuous 
Technologies International 
Limited\Documents\ERP_Test\node_modules\router\index.js:186:3)
          at router (C:\Users\JackyLi(CTHK)\OneDrive - Continuous Technologies 
International Limited\Documents\ERP_Test\node_modules\router\index.js:60:12)
          at Layer.handleRequest (C:\Users\JackyLi(CTHK)\OneDrive - Continuous 
Technologies International 
Limited\Documents\ERP_Test\node_modules\router\lib\layer.js:152:17)
          at trimPrefix (C:\Users\JackyLi(CTHK)\OneDrive - Continuous 
Technologies International 
Limited\Documents\ERP_Test\node_modules\router\index.js:342:13)
          at C:\Users\JackyLi(CTHK)\OneDrive - Continuous Technologies 
International Limited\Documents\ERP_Test\node_modules\router\index.js:297:9
          at processParams (C:\Users\JackyLi(CTHK)\OneDrive - Continuous 
Technologies International 
Limited\Documents\ERP_Test\node_modules\router\index.js:582:12)
          at next (C:\Users\JackyLi(CTHK)\OneDrive - Continuous Technologies 
International Limited\Documents\ERP_Test\node_modules\router\index.js:291:5)
          ... collapsed 7 duplicate lines matching above lines ...
          at C:\Users\JackyLi(CTHK)\OneDrive - Continuous Technologies 
International 
Limited\Documents\ERP_Test\node_modules\express-rate-limit\dist\index.cjs:947:7
          at processTicksAndRejections 
(node:internal/process/task_queues:103:5)
          at C:\Users\JackyLi(CTHK)\OneDrive - Continuous Technologies 
International 
Limited\Documents\ERP_Test\node_modules\express-rate-limit\dist\index.cjs:830:5

    [0m [90m 59 |[39m   [90m// eslint-disable-next-line 
@typescript-eslint/no-unused-vars[39m
     [90m 60 |[39m   app[33m.[39muse((err[33m:[39m 
[33mError[39m[33m,[39m _req[33m:[39m [33mRequest[39m[33m,[39m 
res[33m:[39m [33mResponse[39m[33m,[39m _next[33m:[39m 
[33mNextFunction[39m) [33m=>[39m {
    [31m[1m>[22m[39m[90m 61 |[39m     
console[33m.[39merror(err)[33m;[39m
     [90m    |[39m             [31m[1m^[22m[39m
     [90m 62 |[39m     [36mif[39m 
(err[33m.[39mmessage[33m.[39mincludes([32m"Unauthorized"[39m)) {
     [90m 63 |[39m       
res[33m.[39mstatus([35m401[39m)[33m.[39mjson({ message[33m:[39m 
err[33m.[39mmessage })[33m;[39m
     [90m 64 |[39m     } [36melse[39m [36mif[39m 
(err[33m.[39mmessage[33m.[39mincludes([32m"Forbidden"[39m)) {[0m

      at C:\Users\JackyLi(CTHK)../../../../../../OneDrive - Continuous 
Technologies International Limited/Documents/ERP_Test/server/src/app.ts:61:13
      at Layer.handleError (C:\Users\JackyLi(CTHK)../../../../../../OneDrive - 
Continuous Technologies International 
Limited/Documents/ERP_Test/node_modules/router/lib/layer.js:116:17)
      at trimPrefix (C:\Users\JackyLi(CTHK)../../../../../../OneDrive - 
Continuous Technologies International 
Limited/Documents/ERP_Test/node_modules/router/index.js:340:13)
      at C:\Users\JackyLi(CTHK)../../../../../../OneDrive - Continuous 
Technologies International 
Limited/Documents/ERP_Test/node_modules/router/index.js:297:9
      at processParams (C:\Users\JackyLi(CTHK)../../../../../../OneDrive - 
Continuous Technologies International 
Limited/Documents/ERP_Test/node_modules/router/index.js:582:12)
      at next (C:\Users\JackyLi(CTHK)../../../../../../OneDrive - Continuous 
Technologies International 
Limited/Documents/ERP_Test/node_modules/router/index.js:291:5)
      at Layer.handleError (C:\Users\JackyLi(CTHK)../../../../../../OneDrive - 
Continuous Technologies International 
Limited/Documents/ERP_Test/node_modules/router/lib/layer.js:111:12)
      at trimPrefix (C:\Users\JackyLi(CTHK)../../../../../../OneDrive - 
Continuous Technologies International 
Limited/Documents/ERP_Test/node_modules/router/index.js:340:13)
      at C:\Users\JackyLi(CTHK)../../../../../../OneDrive - Continuous 
Technologies International 
Limited/Documents/ERP_Test/node_modules/router/index.js:297:9
      at processParams (C:\Users\JackyLi(CTHK)../../../../../../OneDrive - 
Continuous Technologies International 
Limited/Documents/ERP_Test/node_modules/router/index.js:582:12)
      at next (C:\Users\JackyLi(CTHK)../../../../../../OneDrive - Continuous 
Technologies International 
Limited/Documents/ERP_Test/node_modules/router/index.js:291:5)
      at C:\Users\JackyLi(CTHK)../../../../../../OneDrive - Continuous 
Technologies International 
Limited/Documents/ERP_Test/node_modules/router/index.js:688:15
      at next (C:\Users\JackyLi(CTHK)../../../../../../OneDrive - Continuous 
Technologies International 
Limited/Documents/ERP_Test/node_modules/router/index.js:276:14)
      at C:\Users\JackyLi(CTHK)../../../../../../OneDrive - Continuous 
Technologies International 
Limited/Documents/ERP_Test/node_modules/router/index.js:688:15
      at next (C:\Users\JackyLi(CTHK)../../../../../../OneDrive - Continuous 
Technologies International 
Limited/Documents/ERP_Test/node_modules/router/index.js:276:14)
      at next (C:\Users\JackyLi(CTHK)../../../../../../OneDrive - Continuous 
Technologies International 
Limited/Documents/ERP_Test/node_modules/router/lib/route.js:132:14)
      at Layer.handleError (C:\Users\JackyLi(CTHK)../../../../../../OneDrive - 
Continuous Technologies International 
Limited/Documents/ERP_Test/node_modules/router/lib/layer.js:111:12)
      at next (C:\Users\JackyLi(CTHK)../../../../../../OneDrive - Continuous 
Technologies International 
Limited/Documents/ERP_Test/node_modules/router/lib/route.js:155:13)
      at Layer.handleError (C:\Users\JackyLi(CTHK)../../../../../../OneDrive - 
Continuous Technologies International 
Limited/Documents/ERP_Test/node_modules/router/lib/layer.js:111:12)
      at next (C:\Users\JackyLi(CTHK)../../../../../../OneDrive - Continuous 
Technologies International 
Limited/Documents/ERP_Test/node_modules/router/lib/route.js:155:13)
      at Layer.handleRequest (C:\Users\JackyLi(CTHK)../../../../../../OneDrive 
- Continuous Technologies International 
Limited/Documents/ERP_Test/node_modules/router/lib/layer.js:165:5)
      at next (C:\Users\JackyLi(CTHK)../../../../../../OneDrive - Continuous 
Technologies International 
Limited/Documents/ERP_Test/node_modules/router/lib/route.js:157:13)
      at Route.dispatch (C:\Users\JackyLi(CTHK)../../../../../../OneDrive - 
Continuous Technologies International 
Limited/Documents/ERP_Test/node_modules/router/lib/route.js:117:3)
      at handle (C:\Users\JackyLi(CTHK)../../../../../../OneDrive - Continuous 
Technologies International 
Limited/Documents/ERP_Test/node_modules/router/index.js:435:11)
      at Layer.handleRequest (C:\Users\JackyLi(CTHK)../../../../../../OneDrive 
- Continuous Technologies International 
Limited/Documents/ERP_Test/node_modules/router/lib/layer.js:152:17)
      at C:\Users\JackyLi(CTHK)../../../../../../OneDrive - Continuous 
Technologies International 
Limited/Documents/ERP_Test/node_modules/router/index.js:295:15
      at param (C:\Users\JackyLi(CTHK)../../../../../../OneDrive - Continuous 
Technologies International 
Limited/Documents/ERP_Test/node_modules/router/index.js:600:14)
      at param (C:\Users\JackyLi(CTHK)../../../../../../OneDrive - Continuous 
Technologies International 
Limited/Documents/ERP_Test/node_modules/router/index.js:610:14)
      at processParams (C:\Users\JackyLi(CTHK)../../../../../../OneDrive - 
Continuous Technologies International 
Limited/Documents/ERP_Test/node_modules/router/index.js:664:3)
      at next (C:\Users\JackyLi(CTHK)../../../../../../OneDrive - Continuous 
Technologies International 
Limited/Documents/ERP_Test/node_modules/router/index.js:291:5)
      at router.handle (C:\Users\JackyLi(CTHK)../../../../../../OneDrive - 
Continuous Technologies International 
Limited/Documents/ERP_Test/node_modules/router/index.js:186:3)
      at router (C:\Users\JackyLi(CTHK)../../../../../../OneDrive - Continuous 
Technologies International 
Limited/Documents/ERP_Test/node_modules/router/index.js:60:12)
      at Layer.handleRequest (C:\Users\JackyLi(CTHK)../../../../../../OneDrive 
- Continuous Technologies International 
Limited/Documents/ERP_Test/node_modules/router/lib/layer.js:152:17)
      at trimPrefix (C:\Users\JackyLi(CTHK)../../../../../../OneDrive - 
Continuous Technologies International 
Limited/Documents/ERP_Test/node_modules/router/index.js:342:13)
      at C:\Users\JackyLi(CTHK)../../../../../../OneDrive - Continuous 
Technologies International 
Limited/Documents/ERP_Test/node_modules/router/index.js:297:9
      at processParams (C:\Users\JackyLi(CTHK)../../../../../../OneDrive - 
Continuous Technologies International 
Limited/Documents/ERP_Test/node_modules/router/index.js:582:12)
      at next (C:\Users\JackyLi(CTHK)../../../../../../OneDrive - Continuous 
Technologies International 
Limited/Documents/ERP_Test/node_modules/router/index.js:291:5)
      at C:\Users\JackyLi(CTHK)../../../../../../OneDrive - Continuous 
Technologies International 
Limited/Documents/ERP_Test/node_modules/router/index.js:688:15
      at next (C:\Users\JackyLi(CTHK)../../../../../../OneDrive - Continuous 
Technologies International 
Limited/Documents/ERP_Test/node_modules/router/index.js:276:14)
      at router.handle (C:\Users\JackyLi(CTHK)../../../../../../OneDrive - 
Continuous Technologies International 
Limited/Documents/ERP_Test/node_modules/router/index.js:186:3)
      at router (C:\Users\JackyLi(CTHK)../../../../../../OneDrive - Continuous 
Technologies International 
Limited/Documents/ERP_Test/node_modules/router/index.js:60:12)
      at Layer.handleRequest (C:\Users\JackyLi(CTHK)../../../../../../OneDrive 
- Continuous Technologies International 
Limited/Documents/ERP_Test/node_modules/router/lib/layer.js:152:17)
      at trimPrefix (C:\Users\JackyLi(CTHK)../../../../../../OneDrive - 
Continuous Technologies International 
Limited/Documents/ERP_Test/node_modules/router/index.js:342:13)
      at C:\Users\JackyLi(CTHK)../../../../../../OneDrive - Continuous 
Technologies International 
Limited/Documents/ERP_Test/node_modules/router/index.js:297:9
      at processParams (C:\Users\JackyLi(CTHK)../../../../../../OneDrive - 
Continuous Technologies International 
Limited/Documents/ERP_Test/node_modules/router/index.js:582:12)
      at next (C:\Users\JackyLi(CTHK)../../../../../../OneDrive - Continuous 
Technologies International 
Limited/Documents/ERP_Test/node_modules/router/index.js:291:5)
      at router.handle (C:\Users\JackyLi(CTHK)../../../../../../OneDrive - 
Continuous Technologies International 
Limited/Documents/ERP_Test/node_modules/router/index.js:186:3)
      at router (C:\Users\JackyLi(CTHK)../../../../../../OneDrive - Continuous 
Technologies International 
Limited/Documents/ERP_Test/node_modules/router/index.js:60:12)
      at Layer.handleRequest (C:\Users\JackyLi(CTHK)../../../../../../OneDrive 
- Continuous Technologies International 
Limited/Documents/ERP_Test/node_modules/router/lib/layer.js:152:17)
      at trimPrefix (C:\Users\JackyLi(CTHK)../../../../../../OneDrive - 
Continuous Technologies International 
Limited/Documents/ERP_Test/node_modules/router/index.js:342:13)
      at C:\Users\JackyLi(CTHK)../../../../../../OneDrive - Continuous 
Technologies International 
Limited/Documents/ERP_Test/node_modules/router/index.js:297:9
      at processParams (C:\Users\JackyLi(CTHK)../../../../../../OneDrive - 
Continuous Technologies International 
Limited/Documents/ERP_Test/node_modules/router/index.js:582:12)
      at next (C:\Users\JackyLi(CTHK)../../../../../../OneDrive - Continuous 
Technologies International 
Limited/Documents/ERP_Test/node_modules/router/index.js:291:5)
      at C:\Users\JackyLi(CTHK)../../../../../../OneDrive - Continuous 
Technologies International 
Limited/Documents/ERP_Test/node_modules/express-rate-limit/dist/index.cjs:947:7
      at C:\Users\JackyLi(CTHK)../../../../../../OneDrive - Continuous 
Technologies International 
Limited/Documents/ERP_Test/node_modules/express-rate-limit/dist/index.cjs:830:5

    console.error
      Error: Forbidden: User role 'MANAGER' does not have permission for this 
resource
          at C:\Users\JackyLi(CTHK)\OneDrive - Continuous Technologies 
International 
Limited\Documents\ERP_Test\server\src\middleware\requireRole.ts:17:13
          at Layer.handleRequest (C:\Users\JackyLi(CTHK)\OneDrive - Continuous 
Technologies International 
Limited\Documents\ERP_Test\node_modules\router\lib\layer.js:152:17)
          at next (C:\Users\JackyLi(CTHK)\OneDrive - Continuous Technologies 
International 
Limited\Documents\ERP_Test\node_modules\router\lib\route.js:157:13)
          at requireAuth (C:\Users\JackyLi(CTHK)\OneDrive - Continuous 
Technologies International 
Limited\Documents\ERP_Test\server\src\middleware\requireAuth.ts:23:5)
          at Layer.handleRequest (C:\Users\JackyLi(CTHK)\OneDrive - Continuous 
Technologies International 
Limited\Documents\ERP_Test\node_modules\router\lib\layer.js:152:17)
          at next (C:\Users\JackyLi(CTHK)\OneDrive - Continuous Technologies 
International 
Limited\Documents\ERP_Test\node_modules\router\lib\route.js:157:13)
          at Route.dispatch (C:\Users\JackyLi(CTHK)\OneDrive - Continuous 
Technologies International 
Limited\Documents\ERP_Test\node_modules\router\lib\route.js:117:3)
          at handle (C:\Users\JackyLi(CTHK)\OneDrive - Continuous Technologies 
International Limited\Documents\ERP_Test\node_modules\router\index.js:435:11)
          at Layer.handleRequest (C:\Users\JackyLi(CTHK)\OneDrive - Continuous 
Technologies International 
Limited\Documents\ERP_Test\node_modules\router\lib\layer.js:152:17)
          at C:\Users\JackyLi(CTHK)\OneDrive - Continuous Technologies 
International Limited\Documents\ERP_Test\node_modules\router\index.js:295:15
          at param (C:\Users\JackyLi(CTHK)\OneDrive - Continuous Technologies 
International Limited\Documents\ERP_Test\node_modules\router\index.js:600:14)
          at param (C:\Users\JackyLi(CTHK)\OneDrive - Continuous Technologies 
International Limited\Documents\ERP_Test\node_modules\router\index.js:610:14)
          at processParams (C:\Users\JackyLi(CTHK)\OneDrive - Continuous 
Technologies International 
Limited\Documents\ERP_Test\node_modules\router\index.js:664:3)
          at next (C:\Users\JackyLi(CTHK)\OneDrive - Continuous Technologies 
International Limited\Documents\ERP_Test\node_modules\router\index.js:291:5)
          at router.handle (C:\Users\JackyLi(CTHK)\OneDrive - Continuous 
Technologies International 
Limited\Documents\ERP_Test\node_modules\router\index.js:186:3)
          at router (C:\Users\JackyLi(CTHK)\OneDrive - Continuous Technologies 
International Limited\Documents\ERP_Test\node_modules\router\index.js:60:12)
          at Layer.handleRequest (C:\Users\JackyLi(CTHK)\OneDrive - Continuous 
Technologies International 
Limited\Documents\ERP_Test\node_modules\router\lib\layer.js:152:17)
          at trimPrefix (C:\Users\JackyLi(CTHK)\OneDrive - Continuous 
Technologies International 
Limited\Documents\ERP_Test\node_modules\router\index.js:342:13)
          at C:\Users\JackyLi(CTHK)\OneDrive - Continuous Technologies 
International Limited\Documents\ERP_Test\node_modules\router\index.js:297:9
          at processParams (C:\Users\JackyLi(CTHK)\OneDrive - Continuous 
Technologies International 
Limited\Documents\ERP_Test\node_modules\router\index.js:582:12)
          at next (C:\Users\JackyLi(CTHK)\OneDrive - Continuous Technologies 
International Limited\Documents\ERP_Test\node_modules\router\index.js:291:5)
          at C:\Users\JackyLi(CTHK)\OneDrive - Continuous Technologies 
International Limited\Documents\ERP_Test\node_modules\router\index.js:688:15
          at next (C:\Users\JackyLi(CTHK)\OneDrive - Continuous Technologies 
International Limited\Documents\ERP_Test\node_modules\router\index.js:276:14)
          at router.handle (C:\Users\JackyLi(CTHK)\OneDrive - Continuous 
Technologies International 
Limited\Documents\ERP_Test\node_modules\router\index.js:186:3)
          at router (C:\Users\JackyLi(CTHK)\OneDrive - Continuous Technologies 
International Limited\Documents\ERP_Test\node_modules\router\index.js:60:12)
          at Layer.handleRequest (C:\Users\JackyLi(CTHK)\OneDrive - Continuous 
Technologies International 
Limited\Documents\ERP_Test\node_modules\router\lib\layer.js:152:17)
          at trimPrefix (C:\Users\JackyLi(CTHK)\OneDrive - Continuous 
Technologies International 
Limited\Documents\ERP_Test\node_modules\router\index.js:342:13)
          at C:\Users\JackyLi(CTHK)\OneDrive - Continuous Technologies 
International Limited\Documents\ERP_Test\node_modules\router\index.js:297:9
          at processParams (C:\Users\JackyLi(CTHK)\OneDrive - Continuous 
Technologies International 
Limited\Documents\ERP_Test\node_modules\router\index.js:582:12)
          at next (C:\Users\JackyLi(CTHK)\OneDrive - Continuous Technologies 
International Limited\Documents\ERP_Test\node_modules\router\index.js:291:5)
          ... collapsed 7 duplicate lines matching above lines ...
          at C:\Users\JackyLi(CTHK)\OneDrive - Continuous Technologies 
International 
Limited\Documents\ERP_Test\node_modules\express-rate-limit\dist\index.cjs:947:7
          at processTicksAndRejections 
(node:internal/process/task_queues:103:5)
          at C:\Users\JackyLi(CTHK)\OneDrive - Continuous Technologies 
International 
Limited\Documents\ERP_Test\node_modules\express-rate-limit\dist\index.cjs:830:5

    [0m [90m 59 |[39m   [90m// eslint-disable-next-line 
@typescript-eslint/no-unused-vars[39m
     [90m 60 |[39m   app[33m.[39muse((err[33m:[39m 
[33mError[39m[33m,[39m _req[33m:[39m [33mRequest[39m[33m,[39m 
res[33m:[39m [33mResponse[39m[33m,[39m _next[33m:[39m 
[33mNextFunction[39m) [33m=>[39m {
    [31m[1m>[22m[39m[90m 61 |[39m     
console[33m.[39merror(err)[33m;[39m
     [90m    |[39m             [31m[1m^[22m[39m
     [90m 62 |[39m     [36mif[39m 
(err[33m.[39mmessage[33m.[39mincludes([32m"Unauthorized"[39m)) {
     [90m 63 |[39m       
res[33m.[39mstatus([35m401[39m)[33m.[39mjson({ message[33m:[39m 
err[33m.[39mmessage })[33m;[39m
     [90m 64 |[39m     } [36melse[39m [36mif[39m 
(err[33m.[39mmessage[33m.[39mincludes([32m"Forbidden"[39m)) {[0m

      at C:\Users\JackyLi(CTHK)../../../../../../OneDrive - Continuous 
Technologies International Limited/Documents/ERP_Test/server/src/app.ts:61:13
      at Layer.handleError (C:\Users\JackyLi(CTHK)../../../../../../OneDrive - 
Continuous Technologies International 
Limited/Documents/ERP_Test/node_modules/router/lib/layer.js:116:17)
      at trimPrefix (C:\Users\JackyLi(CTHK)../../../../../../OneDrive - 
Continuous Technologies International 
Limited/Documents/ERP_Test/node_modules/router/index.js:340:13)
      at C:\Users\JackyLi(CTHK)../../../../../../OneDrive - Continuous 
Technologies International 
Limited/Documents/ERP_Test/node_modules/router/index.js:297:9
      at processParams (C:\Users\JackyLi(CTHK)../../../../../../OneDrive - 
Continuous Technologies International 
Limited/Documents/ERP_Test/node_modules/router/index.js:582:12)
      at next (C:\Users\JackyLi(CTHK)../../../../../../OneDrive - Continuous 
Technologies International 
Limited/Documents/ERP_Test/node_modules/router/index.js:291:5)
      at Layer.handleError (C:\Users\JackyLi(CTHK)../../../../../../OneDrive - 
Continuous Technologies International 
Limited/Documents/ERP_Test/node_modules/router/lib/layer.js:111:12)
      at trimPrefix (C:\Users\JackyLi(CTHK)../../../../../../OneDrive - 
Continuous Technologies International 
Limited/Documents/ERP_Test/node_modules/router/index.js:340:13)
      at C:\Users\JackyLi(CTHK)../../../../../../OneDrive - Continuous 
Technologies International 
Limited/Documents/ERP_Test/node_modules/router/index.js:297:9
      at processParams (C:\Users\JackyLi(CTHK)../../../../../../OneDrive - 
Continuous Technologies International 
Limited/Documents/ERP_Test/node_modules/router/index.js:582:12)
      at next (C:\Users\JackyLi(CTHK)../../../../../../OneDrive - Continuous 
Technologies International 
Limited/Documents/ERP_Test/node_modules/router/index.js:291:5)
      at C:\Users\JackyLi(CTHK)../../../../../../OneDrive - Continuous 
Technologies International 
Limited/Documents/ERP_Test/node_modules/router/index.js:688:15
      at next (C:\Users\JackyLi(CTHK)../../../../../../OneDrive - Continuous 
Technologies International 
Limited/Documents/ERP_Test/node_modules/router/index.js:276:14)
      at C:\Users\JackyLi(CTHK)../../../../../../OneDrive - Continuous 
Technologies International 
Limited/Documents/ERP_Test/node_modules/router/index.js:688:15
      at next (C:\Users\JackyLi(CTHK)../../../../../../OneDrive - Continuous 
Technologies International 
Limited/Documents/ERP_Test/node_modules/router/index.js:276:14)
      at next (C:\Users\JackyLi(CTHK)../../../../../../OneDrive - Continuous 
Technologies International 
Limited/Documents/ERP_Test/node_modules/router/lib/route.js:132:14)
      at Layer.handleError (C:\Users\JackyLi(CTHK)../../../../../../OneDrive - 
Continuous Technologies International 
Limited/Documents/ERP_Test/node_modules/router/lib/layer.js:111:12)
      at next (C:\Users\JackyLi(CTHK)../../../../../../OneDrive - Continuous 
Technologies International 
Limited/Documents/ERP_Test/node_modules/router/lib/route.js:155:13)
      at Layer.handleRequest (C:\Users\JackyLi(CTHK)../../../../../../OneDrive 
- Continuous Technologies International 
Limited/Documents/ERP_Test/node_modules/router/lib/layer.js:165:5)
      at next (C:\Users\JackyLi(CTHK)../../../../../../OneDrive - Continuous 
Technologies International 
Limited/Documents/ERP_Test/node_modules/router/lib/route.js:157:13)
      at requireAuth (C:\Users\JackyLi(CTHK)../../../../../../OneDrive - 
Continuous Technologies International 
Limited/Documents/ERP_Test/server/src/middleware/requireAuth.ts:23:5)
      at Layer.handleRequest (C:\Users\JackyLi(CTHK)../../../../../../OneDrive 
- Continuous Technologies International 
Limited/Documents/ERP_Test/node_modules/router/lib/layer.js:152:17)
      at next (C:\Users\JackyLi(CTHK)../../../../../../OneDrive - Continuous 
Technologies International 
Limited/Documents/ERP_Test/node_modules/router/lib/route.js:157:13)
      at Route.dispatch (C:\Users\JackyLi(CTHK)../../../../../../OneDrive - 
Continuous Technologies International 
Limited/Documents/ERP_Test/node_modules/router/lib/route.js:117:3)
      at handle (C:\Users\JackyLi(CTHK)../../../../../../OneDrive - Continuous 
Technologies International 
Limited/Documents/ERP_Test/node_modules/router/index.js:435:11)
      at Layer.handleRequest (C:\Users\JackyLi(CTHK)../../../../../../OneDrive 
- Continuous Technologies International 
Limited/Documents/ERP_Test/node_modules/router/lib/layer.js:152:17)
      at C:\Users\JackyLi(CTHK)../../../../../../OneDrive - Continuous 
Technologies International 
Limited/Documents/ERP_Test/node_modules/router/index.js:295:15
      at param (C:\Users\JackyLi(CTHK)../../../../../../OneDrive - Continuous 
Technologies International 
Limited/Documents/ERP_Test/node_modules/router/index.js:600:14)
      at param (C:\Users\JackyLi(CTHK)../../../../../../OneDrive - Continuous 
Technologies International 
Limited/Documents/ERP_Test/node_modules/router/index.js:610:14)
      at processParams (C:\Users\JackyLi(CTHK)../../../../../../OneDrive - 
Continuous Technologies International 
Limited/Documents/ERP_Test/node_modules/router/index.js:664:3)
      at next (C:\Users\JackyLi(CTHK)../../../../../../OneDrive - Continuous 
Technologies International 
Limited/Documents/ERP_Test/node_modules/router/index.js:291:5)
      at router.handle (C:\Users\JackyLi(CTHK)../../../../../../OneDrive - 
Continuous Technologies International 
Limited/Documents/ERP_Test/node_modules/router/index.js:186:3)
      at router (C:\Users\JackyLi(CTHK)../../../../../../OneDrive - Continuous 
Technologies International 
Limited/Documents/ERP_Test/node_modules/router/index.js:60:12)
      at Layer.handleRequest (C:\Users\JackyLi(CTHK)../../../../../../OneDrive 
- Continuous Technologies International 
Limited/Documents/ERP_Test/node_modules/router/lib/layer.js:152:17)
      at trimPrefix (C:\Users\JackyLi(CTHK)../../../../../../OneDrive - 
Continuous Technologies International 
Limited/Documents/ERP_Test/node_modules/router/index.js:342:13)
      at C:\Users\JackyLi(CTHK)../../../../../../OneDrive - Continuous 
Technologies International 
Limited/Documents/ERP_Test/node_modules/router/index.js:297:9
      at processParams (C:\Users\JackyLi(CTHK)../../../../../../OneDrive - 
Continuous Technologies International 
Limited/Documents/ERP_Test/node_modules/router/index.js:582:12)
      at next (C:\Users\JackyLi(CTHK)../../../../../../OneDrive - Continuous 
Technologies International 
Limited/Documents/ERP_Test/node_modules/router/index.js:291:5)
      at C:\Users\JackyLi(CTHK)../../../../../../OneDrive - Continuous 
Technologies International 
Limited/Documents/ERP_Test/node_modules/router/index.js:688:15
      at next (C:\Users\JackyLi(CTHK)../../../../../../OneDrive - Continuous 
Technologies International 
Limited/Documents/ERP_Test/node_modules/router/index.js:276:14)
      at router.handle (C:\Users\JackyLi(CTHK)../../../../../../OneDrive - 
Continuous Technologies International 
Limited/Documents/ERP_Test/node_modules/router/index.js:186:3)
      at router (C:\Users\JackyLi(CTHK)../../../../../../OneDrive - Continuous 
Technologies International 
Limited/Documents/ERP_Test/node_modules/router/index.js:60:12)
      at Layer.handleRequest (C:\Users\JackyLi(CTHK)../../../../../../OneDrive 
- Continuous Technologies International 
Limited/Documents/ERP_Test/node_modules/router/lib/layer.js:152:17)
      at trimPrefix (C:\Users\JackyLi(CTHK)../../../../../../OneDrive - 
Continuous Technologies International 
Limited/Documents/ERP_Test/node_modules/router/index.js:342:13)
      at C:\Users\JackyLi(CTHK)../../../../../../OneDrive - Continuous 
Technologies International 
Limited/Documents/ERP_Test/node_modules/router/index.js:297:9
      at processParams (C:\Users\JackyLi(CTHK)../../../../../../OneDrive - 
Continuous Technologies International 
Limited/Documents/ERP_Test/node_modules/router/index.js:582:12)
      at next (C:\Users\JackyLi(CTHK)../../../../../../OneDrive - Continuous 
Technologies International 
Limited/Documents/ERP_Test/node_modules/router/index.js:291:5)
      at router.handle (C:\Users\JackyLi(CTHK)../../../../../../OneDrive - 
Continuous Technologies International 
Limited/Documents/ERP_Test/node_modules/router/index.js:186:3)
      at router (C:\Users\JackyLi(CTHK)../../../../../../OneDrive - Continuous 
Technologies International 
Limited/Documents/ERP_Test/node_modules/router/index.js:60:12)
      at Layer.handleRequest (C:\Users\JackyLi(CTHK)../../../../../../OneDrive 
- Continuous Technologies International 
Limited/Documents/ERP_Test/node_modules/router/lib/layer.js:152:17)
      at trimPrefix (C:\Users\JackyLi(CTHK)../../../../../../OneDrive - 
Continuous Technologies International 
Limited/Documents/ERP_Test/node_modules/router/index.js:342:13)
      at C:\Users\JackyLi(CTHK)../../../../../../OneDrive - Continuous 
Technologies International 
Limited/Documents/ERP_Test/node_modules/router/index.js:297:9
      at processParams (C:\Users\JackyLi(CTHK)../../../../../../OneDrive - 
Continuous Technologies International 
Limited/Documents/ERP_Test/node_modules/router/index.js:582:12)
      at next (C:\Users\JackyLi(CTHK)../../../../../../OneDrive - Continuous 
Technologies International 
Limited/Documents/ERP_Test/node_modules/router/index.js:291:5)
      at C:\Users\JackyLi(CTHK)../../../../../../OneDrive - Continuous 
Technologies International 
Limited/Documents/ERP_Test/node_modules/express-rate-limit/dist/index.cjs:947:7
      at C:\Users\JackyLi(CTHK)../../../../../../OneDrive - Continuous 
Technologies International 
Limited/Documents/ERP_Test/node_modules/express-rate-limit/dist/index.cjs:830:5

PASS src/__tests__/adminLeaveRequests.route.test.ts
  ΓùÅ Console

    console.log
      [dotenv@17.3.1] injecting env (10) from ..\.env -- tip: ΓÜÖ∩╕Å  load 
multiple .env files with { path: ['.env.local', '.env'] }

      at _log (C:\Users\JackyLi(CTHK)../../../../../../OneDrive - Continuous 
Technologies International 
Limited/Documents/ERP_Test/node_modules/dotenv/lib/main.js:139:11)

    console.error
      Error: Unauthorized: Missing or invalid Authorization header
          at requireAuth (C:\Users\JackyLi(CTHK)\OneDrive - Continuous 
Technologies International 
Limited\Documents\ERP_Test\server\src\middleware\requireAuth.ts:12:11)
          at Layer.handleRequest (C:\Users\JackyLi(CTHK)\OneDrive - Continuous 
Technologies International 
Limited\Documents\ERP_Test\node_modules\router\lib\layer.js:152:17)
          at next (C:\Users\JackyLi(CTHK)\OneDrive - Continuous Technologies 
International 
Limited\Documents\ERP_Test\node_modules\router\lib\route.js:157:13)
          at Route.dispatch (C:\Users\JackyLi(CTHK)\OneDrive - Continuous 
Technologies International 
Limited\Documents\ERP_Test\node_modules\router\lib\route.js:117:3)
          at handle (C:\Users\JackyLi(CTHK)\OneDrive - Continuous Technologies 
International Limited\Documents\ERP_Test\node_modules\router\index.js:435:11)
          at Layer.handleRequest (C:\Users\JackyLi(CTHK)\OneDrive - Continuous 
Technologies International 
Limited\Documents\ERP_Test\node_modules\router\lib\layer.js:152:17)
          at C:\Users\JackyLi(CTHK)\OneDrive - Continuous Technologies 
International Limited\Documents\ERP_Test\node_modules\router\index.js:295:15
          at processParams (C:\Users\JackyLi(CTHK)\OneDrive - Continuous 
Technologies International 
Limited\Documents\ERP_Test\node_modules\router\index.js:582:12)
          at next (C:\Users\JackyLi(CTHK)\OneDrive - Continuous Technologies 
International Limited\Documents\ERP_Test\node_modules\router\index.js:291:5)
          at router.handle (C:\Users\JackyLi(CTHK)\OneDrive - Continuous 
Technologies International 
Limited\Documents\ERP_Test\node_modules\router\index.js:186:3)
          at router (C:\Users\JackyLi(CTHK)\OneDrive - Continuous Technologies 
International Limited\Documents\ERP_Test\node_modules\router\index.js:60:12)
          at Layer.handleRequest (C:\Users\JackyLi(CTHK)\OneDrive - Continuous 
Technologies International 
Limited\Documents\ERP_Test\node_modules\router\lib\layer.js:152:17)
          at trimPrefix (C:\Users\JackyLi(CTHK)\OneDrive - Continuous 
Technologies International 
Limited\Documents\ERP_Test\node_modules\router\index.js:342:13)
          at C:\Users\JackyLi(CTHK)\OneDrive - Continuous Technologies 
International Limited\Documents\ERP_Test\node_modules\router\index.js:297:9
          at processParams (C:\Users\JackyLi(CTHK)\OneDrive - Continuous 
Technologies International 
Limited\Documents\ERP_Test\node_modules\router\index.js:582:12)
          at next (C:\Users\JackyLi(CTHK)\OneDrive - Continuous Technologies 
International Limited\Documents\ERP_Test\node_modules\router\index.js:291:5)
          at C:\Users\JackyLi(CTHK)\OneDrive - Continuous Technologies 
International Limited\Documents\ERP_Test\node_modules\router\index.js:688:15
          at next (C:\Users\JackyLi(CTHK)\OneDrive - Continuous Technologies 
International Limited\Documents\ERP_Test\node_modules\router\index.js:276:14)
          at router.handle (C:\Users\JackyLi(CTHK)\OneDrive - Continuous 
Technologies International 
Limited\Documents\ERP_Test\node_modules\router\index.js:186:3)
          at router (C:\Users\JackyLi(CTHK)\OneDrive - Continuous Technologies 
International Limited\Documents\ERP_Test\node_modules\router\index.js:60:12)
          at Layer.handleRequest (C:\Users\JackyLi(CTHK)\OneDrive - Continuous 
Technologies International 
Limited\Documents\ERP_Test\node_modules\router\lib\layer.js:152:17)
          at trimPrefix (C:\Users\JackyLi(CTHK)\OneDrive - Continuous 
Technologies International 
Limited\Documents\ERP_Test\node_modules\router\index.js:342:13)
          at C:\Users\JackyLi(CTHK)\OneDrive - Continuous Technologies 
International Limited\Documents\ERP_Test\node_modules\router\index.js:297:9
          at processParams (C:\Users\JackyLi(CTHK)\OneDrive - Continuous 
Technologies International 
Limited\Documents\ERP_Test\node_modules\router\index.js:582:12)
          at next (C:\Users\JackyLi(CTHK)\OneDrive - Continuous Technologies 
International Limited\Documents\ERP_Test\node_modules\router\index.js:291:5)
          ... collapsed 7 duplicate lines matching above lines ...
          at C:\Users\JackyLi(CTHK)\OneDrive - Continuous Technologies 
International 
Limited\Documents\ERP_Test\node_modules\express-rate-limit\dist\index.cjs:947:7
          at processTicksAndRejections 
(node:internal/process/task_queues:103:5)
          at C:\Users\JackyLi(CTHK)\OneDrive - Continuous Technologies 
International 
Limited\Documents\ERP_Test\node_modules\express-rate-limit\dist\index.cjs:830:5

    [0m [90m 59 |[39m   [90m// eslint-disable-next-line 
@typescript-eslint/no-unused-vars[39m
     [90m 60 |[39m   app[33m.[39muse((err[33m:[39m 
[33mError[39m[33m,[39m _req[33m:[39m [33mRequest[39m[33m,[39m 
res[33m:[39m [33mResponse[39m[33m,[39m _next[33m:[39m 
[33mNextFunction[39m) [33m=>[39m {
    [31m[1m>[22m[39m[90m 61 |[39m     
console[33m.[39merror(err)[33m;[39m
     [90m    |[39m             [31m[1m^[22m[39m
     [90m 62 |[39m     [36mif[39m 
(err[33m.[39mmessage[33m.[39mincludes([32m"Unauthorized"[39m)) {
     [90m 63 |[39m       
res[33m.[39mstatus([35m401[39m)[33m.[39mjson({ message[33m:[39m 
err[33m.[39mmessage })[33m;[39m
     [90m 64 |[39m     } [36melse[39m [36mif[39m 
(err[33m.[39mmessage[33m.[39mincludes([32m"Forbidden"[39m)) {[0m

      at C:\Users\JackyLi(CTHK)../../../../../../OneDrive - Continuous 
Technologies International Limited/Documents/ERP_Test/server/src/app.ts:61:13
      at Layer.handleError (C:\Users\JackyLi(CTHK)../../../../../../OneDrive - 
Continuous Technologies International 
Limited/Documents/ERP_Test/node_modules/router/lib/layer.js:116:17)
      at trimPrefix (C:\Users\JackyLi(CTHK)../../../../../../OneDrive - 
Continuous Technologies International 
Limited/Documents/ERP_Test/node_modules/router/index.js:340:13)
      at C:\Users\JackyLi(CTHK)../../../../../../OneDrive - Continuous 
Technologies International 
Limited/Documents/ERP_Test/node_modules/router/index.js:297:9
      at processParams (C:\Users\JackyLi(CTHK)../../../../../../OneDrive - 
Continuous Technologies International 
Limited/Documents/ERP_Test/node_modules/router/index.js:582:12)
      at next (C:\Users\JackyLi(CTHK)../../../../../../OneDrive - Continuous 
Technologies International 
Limited/Documents/ERP_Test/node_modules/router/index.js:291:5)
      at Layer.handleError (C:\Users\JackyLi(CTHK)../../../../../../OneDrive - 
Continuous Technologies International 
Limited/Documents/ERP_Test/node_modules/router/lib/layer.js:111:12)
      at trimPrefix (C:\Users\JackyLi(CTHK)../../../../../../OneDrive - 
Continuous Technologies International 
Limited/Documents/ERP_Test/node_modules/router/index.js:340:13)
      at C:\Users\JackyLi(CTHK)../../../../../../OneDrive - Continuous 
Technologies International 
Limited/Documents/ERP_Test/node_modules/router/index.js:297:9
      at processParams (C:\Users\JackyLi(CTHK)../../../../../../OneDrive - 
Continuous Technologies International 
Limited/Documents/ERP_Test/node_modules/router/index.js:582:12)
      at next (C:\Users\JackyLi(CTHK)../../../../../../OneDrive - Continuous 
Technologies International 
Limited/Documents/ERP_Test/node_modules/router/index.js:291:5)
      at C:\Users\JackyLi(CTHK)../../../../../../OneDrive - Continuous 
Technologies International 
Limited/Documents/ERP_Test/node_modules/router/index.js:688:15
      at Immediate.next (C:\Users\JackyLi(CTHK)../../../../../../OneDrive - 
Continuous Technologies International 
Limited/Documents/ERP_Test/node_modules/router/index.js:276:14)
      at Immediate._onImmediate 
(C:\Users\JackyLi(CTHK)../../../../../../OneDrive - Continuous Technologies 
International Limited/Documents/ERP_Test/node_modules/router/index.js:688:15)

    console.error
      Error: Forbidden: User role 'MANAGER' does not have permission for this 
resource
          at C:\Users\JackyLi(CTHK)\OneDrive - Continuous Technologies 
International 
Limited\Documents\ERP_Test\server\src\middleware\requireRole.ts:17:13
          at Layer.handleRequest (C:\Users\JackyLi(CTHK)\OneDrive - Continuous 
Technologies International 
Limited\Documents\ERP_Test\node_modules\router\lib\layer.js:152:17)
          at next (C:\Users\JackyLi(CTHK)\OneDrive - Continuous Technologies 
International 
Limited\Documents\ERP_Test\node_modules\router\lib\route.js:157:13)
          at requireAuth (C:\Users\JackyLi(CTHK)\OneDrive - Continuous 
Technologies International 
Limited\Documents\ERP_Test\server\src\middleware\requireAuth.ts:23:5)
          at Layer.handleRequest (C:\Users\JackyLi(CTHK)\OneDrive - Continuous 
Technologies International 
Limited\Documents\ERP_Test\node_modules\router\lib\layer.js:152:17)
          at next (C:\Users\JackyLi(CTHK)\OneDrive - Continuous Technologies 
International 
Limited\Documents\ERP_Test\node_modules\router\lib\route.js:157:13)
          at Route.dispatch (C:\Users\JackyLi(CTHK)\OneDrive - Continuous 
Technologies International 
Limited\Documents\ERP_Test\node_modules\router\lib\route.js:117:3)
          at handle (C:\Users\JackyLi(CTHK)\OneDrive - Continuous Technologies 
International Limited\Documents\ERP_Test\node_modules\router\index.js:435:11)
          at Layer.handleRequest (C:\Users\JackyLi(CTHK)\OneDrive - Continuous 
Technologies International 
Limited\Documents\ERP_Test\node_modules\router\lib\layer.js:152:17)
          at C:\Users\JackyLi(CTHK)\OneDrive - Continuous Technologies 
International Limited\Documents\ERP_Test\node_modules\router\index.js:295:15
          at processParams (C:\Users\JackyLi(CTHK)\OneDrive - Continuous 
Technologies International 
Limited\Documents\ERP_Test\node_modules\router\index.js:582:12)
          at next (C:\Users\JackyLi(CTHK)\OneDrive - Continuous Technologies 
International Limited\Documents\ERP_Test\node_modules\router\index.js:291:5)
          at router.handle (C:\Users\JackyLi(CTHK)\OneDrive - Continuous 
Technologies International 
Limited\Documents\ERP_Test\node_modules\router\index.js:186:3)
          at router (C:\Users\JackyLi(CTHK)\OneDrive - Continuous Technologies 
International Limited\Documents\ERP_Test\node_modules\router\index.js:60:12)
          at Layer.handleRequest (C:\Users\JackyLi(CTHK)\OneDrive - Continuous 
Technologies International 
Limited\Documents\ERP_Test\node_modules\router\lib\layer.js:152:17)
          at trimPrefix (C:\Users\JackyLi(CTHK)\OneDrive - Continuous 
Technologies International 
Limited\Documents\ERP_Test\node_modules\router\index.js:342:13)
          at C:\Users\JackyLi(CTHK)\OneDrive - Continuous Technologies 
International Limited\Documents\ERP_Test\node_modules\router\index.js:297:9
          at processParams (C:\Users\JackyLi(CTHK)\OneDrive - Continuous 
Technologies International 
Limited\Documents\ERP_Test\node_modules\router\index.js:582:12)
          at next (C:\Users\JackyLi(CTHK)\OneDrive - Continuous Technologies 
International Limited\Documents\ERP_Test\node_modules\router\index.js:291:5)
          at C:\Users\JackyLi(CTHK)\OneDrive - Continuous Technologies 
International Limited\Documents\ERP_Test\node_modules\router\index.js:688:15
          at next (C:\Users\JackyLi(CTHK)\OneDrive - Continuous Technologies 
International Limited\Documents\ERP_Test\node_modules\router\index.js:276:14)
          at router.handle (C:\Users\JackyLi(CTHK)\OneDrive - Continuous 
Technologies International 
Limited\Documents\ERP_Test\node_modules\router\index.js:186:3)
          at router (C:\Users\JackyLi(CTHK)\OneDrive - Continuous Technologies 
International Limited\Documents\ERP_Test\node_modules\router\index.js:60:12)
          at Layer.handleRequest (C:\Users\JackyLi(CTHK)\OneDrive - Continuous 
Technologies International 
Limited\Documents\ERP_Test\node_modules\router\lib\layer.js:152:17)
          at trimPrefix (C:\Users\JackyLi(CTHK)\OneDrive - Continuous 
Technologies International 
Limited\Documents\ERP_Test\node_modules\router\index.js:342:13)
          at C:\Users\JackyLi(CTHK)\OneDrive - Continuous Technologies 
International Limited\Documents\ERP_Test\node_modules\router\index.js:297:9
          at processParams (C:\Users\JackyLi(CTHK)\OneDrive - Continuous 
Technologies International 
Limited\Documents\ERP_Test\node_modules\router\index.js:582:12)
          at next (C:\Users\JackyLi(CTHK)\OneDrive - Continuous Technologies 
International Limited\Documents\ERP_Test\node_modules\router\index.js:291:5)
          ... collapsed 7 duplicate lines matching above lines ...
          at C:\Users\JackyLi(CTHK)\OneDrive - Continuous Technologies 
International 
Limited\Documents\ERP_Test\node_modules\express-rate-limit\dist\index.cjs:947:7
          at processTicksAndRejections 
(node:internal/process/task_queues:103:5)
          at C:\Users\JackyLi(CTHK)\OneDrive - Continuous Technologies 
International 
Limited\Documents\ERP_Test\node_modules\express-rate-limit\dist\index.cjs:830:5

    [0m [90m 59 |[39m   [90m// eslint-disable-next-line 
@typescript-eslint/no-unused-vars[39m
     [90m 60 |[39m   app[33m.[39muse((err[33m:[39m 
[33mError[39m[33m,[39m _req[33m:[39m [33mRequest[39m[33m,[39m 
res[33m:[39m [33mResponse[39m[33m,[39m _next[33m:[39m 
[33mNextFunction[39m) [33m=>[39m {
    [31m[1m>[22m[39m[90m 61 |[39m     
console[33m.[39merror(err)[33m;[39m
     [90m    |[39m             [31m[1m^[22m[39m
     [90m 62 |[39m     [36mif[39m 
(err[33m.[39mmessage[33m.[39mincludes([32m"Unauthorized"[39m)) {
     [90m 63 |[39m       
res[33m.[39mstatus([35m401[39m)[33m.[39mjson({ message[33m:[39m 
err[33m.[39mmessage })[33m;[39m
     [90m 64 |[39m     } [36melse[39m [36mif[39m 
(err[33m.[39mmessage[33m.[39mincludes([32m"Forbidden"[39m)) {[0m

      at C:\Users\JackyLi(CTHK)../../../../../../OneDrive - Continuous 
Technologies International Limited/Documents/ERP_Test/server/src/app.ts:61:13
      at Layer.handleError (C:\Users\JackyLi(CTHK)../../../../../../OneDrive - 
Continuous Technologies International 
Limited/Documents/ERP_Test/node_modules/router/lib/layer.js:116:17)
      at trimPrefix (C:\Users\JackyLi(CTHK)../../../../../../OneDrive - 
Continuous Technologies International 
Limited/Documents/ERP_Test/node_modules/router/index.js:340:13)
      at C:\Users\JackyLi(CTHK)../../../../../../OneDrive - Continuous 
Technologies International 
Limited/Documents/ERP_Test/node_modules/router/index.js:297:9
      at processParams (C:\Users\JackyLi(CTHK)../../../../../../OneDrive - 
Continuous Technologies International 
Limited/Documents/ERP_Test/node_modules/router/index.js:582:12)
      at next (C:\Users\JackyLi(CTHK)../../../../../../OneDrive - Continuous 
Technologies International 
Limited/Documents/ERP_Test/node_modules/router/index.js:291:5)
      at Layer.handleError (C:\Users\JackyLi(CTHK)../../../../../../OneDrive - 
Continuous Technologies International 
Limited/Documents/ERP_Test/node_modules/router/lib/layer.js:111:12)
      at trimPrefix (C:\Users\JackyLi(CTHK)../../../../../../OneDrive - 
Continuous Technologies International 
Limited/Documents/ERP_Test/node_modules/router/index.js:340:13)
      at C:\Users\JackyLi(CTHK)../../../../../../OneDrive - Continuous 
Technologies International 
Limited/Documents/ERP_Test/node_modules/router/index.js:297:9
      at processParams (C:\Users\JackyLi(CTHK)../../../../../../OneDrive - 
Continuous Technologies International 
Limited/Documents/ERP_Test/node_modules/router/index.js:582:12)
      at next (C:\Users\JackyLi(CTHK)../../../../../../OneDrive - Continuous 
Technologies International 
Limited/Documents/ERP_Test/node_modules/router/index.js:291:5)
      at C:\Users\JackyLi(CTHK)../../../../../../OneDrive - Continuous 
Technologies International 
Limited/Documents/ERP_Test/node_modules/router/index.js:688:15
      at Immediate.next (C:\Users\JackyLi(CTHK)../../../../../../OneDrive - 
Continuous Technologies International 
Limited/Documents/ERP_Test/node_modules/router/index.js:276:14)
      at Immediate._onImmediate 
(C:\Users\JackyLi(CTHK)../../../../../../OneDrive - Continuous Technologies 
International Limited/Documents/ERP_Test/node_modules/router/index.js:688:15)

    console.error
      Error: Forbidden: User role 'EMPLOYEE' does not have permission for this 
resource
          at C:\Users\JackyLi(CTHK)\OneDrive - Continuous Technologies 
International 
Limited\Documents\ERP_Test\server\src\middleware\requireRole.ts:17:13
          at Layer.handleRequest (C:\Users\JackyLi(CTHK)\OneDrive - Continuous 
Technologies International 
Limited\Documents\ERP_Test\node_modules\router\lib\layer.js:152:17)
          at next (C:\Users\JackyLi(CTHK)\OneDrive - Continuous Technologies 
International 
Limited\Documents\ERP_Test\node_modules\router\lib\route.js:157:13)
          at requireAuth (C:\Users\JackyLi(CTHK)\OneDrive - Continuous 
Technologies International 
Limited\Documents\ERP_Test\server\src\middleware\requireAuth.ts:23:5)
          at Layer.handleRequest (C:\Users\JackyLi(CTHK)\OneDrive - Continuous 
Technologies International 
Limited\Documents\ERP_Test\node_modules\router\lib\layer.js:152:17)
          at next (C:\Users\JackyLi(CTHK)\OneDrive - Continuous Technologies 
International 
Limited\Documents\ERP_Test\node_modules\router\lib\route.js:157:13)
          at Route.dispatch (C:\Users\JackyLi(CTHK)\OneDrive - Continuous 
Technologies International 
Limited\Documents\ERP_Test\node_modules\router\lib\route.js:117:3)
          at handle (C:\Users\JackyLi(CTHK)\OneDrive - Continuous Technologies 
International Limited\Documents\ERP_Test\node_modules\router\index.js:435:11)
          at Layer.handleRequest (C:\Users\JackyLi(CTHK)\OneDrive - Continuous 
Technologies International 
Limited\Documents\ERP_Test\node_modules\router\lib\layer.js:152:17)
          at C:\Users\JackyLi(CTHK)\OneDrive - Continuous Technologies 
International Limited\Documents\ERP_Test\node_modules\router\index.js:295:15
          at processParams (C:\Users\JackyLi(CTHK)\OneDrive - Continuous 
Technologies International 
Limited\Documents\ERP_Test\node_modules\router\index.js:582:12)
          at next (C:\Users\JackyLi(CTHK)\OneDrive - Continuous Technologies 
International Limited\Documents\ERP_Test\node_modules\router\index.js:291:5)
          at router.handle (C:\Users\JackyLi(CTHK)\OneDrive - Continuous 
Technologies International 
Limited\Documents\ERP_Test\node_modules\router\index.js:186:3)
          at router (C:\Users\JackyLi(CTHK)\OneDrive - Continuous Technologies 
International Limited\Documents\ERP_Test\node_modules\router\index.js:60:12)
          at Layer.handleRequest (C:\Users\JackyLi(CTHK)\OneDrive - Continuous 
Technologies International 
Limited\Documents\ERP_Test\node_modules\router\lib\layer.js:152:17)
          at trimPrefix (C:\Users\JackyLi(CTHK)\OneDrive - Continuous 
Technologies International 
Limited\Documents\ERP_Test\node_modules\router\index.js:342:13)
          at C:\Users\JackyLi(CTHK)\OneDrive - Continuous Technologies 
International Limited\Documents\ERP_Test\node_modules\router\index.js:297:9
          at processParams (C:\Users\JackyLi(CTHK)\OneDrive - Continuous 
Technologies International 
Limited\Documents\ERP_Test\node_modules\router\index.js:582:12)
          at next (C:\Users\JackyLi(CTHK)\OneDrive - Continuous Technologies 
International Limited\Documents\ERP_Test\node_modules\router\index.js:291:5)
          at C:\Users\JackyLi(CTHK)\OneDrive - Continuous Technologies 
International Limited\Documents\ERP_Test\node_modules\router\index.js:688:15
          at next (C:\Users\JackyLi(CTHK)\OneDrive - Continuous Technologies 
International Limited\Documents\ERP_Test\node_modules\router\index.js:276:14)
          at router.handle (C:\Users\JackyLi(CTHK)\OneDrive - Continuous 
Technologies International 
Limited\Documents\ERP_Test\node_modules\router\index.js:186:3)
          at router (C:\Users\JackyLi(CTHK)\OneDrive - Continuous Technologies 
International Limited\Documents\ERP_Test\node_modules\router\index.js:60:12)
          at Layer.handleRequest (C:\Users\JackyLi(CTHK)\OneDrive - Continuous 
Technologies International 
Limited\Documents\ERP_Test\node_modules\router\lib\layer.js:152:17)
          at trimPrefix (C:\Users\JackyLi(CTHK)\OneDrive - Continuous 
Technologies International 
Limited\Documents\ERP_Test\node_modules\router\index.js:342:13)
          at C:\Users\JackyLi(CTHK)\OneDrive - Continuous Technologies 
International Limited\Documents\ERP_Test\node_modules\router\index.js:297:9
          at processParams (C:\Users\JackyLi(CTHK)\OneDrive - Continuous 
Technologies International 
Limited\Documents\ERP_Test\node_modules\router\index.js:582:12)
          at next (C:\Users\JackyLi(CTHK)\OneDrive - Continuous Technologies 
International Limited\Documents\ERP_Test\node_modules\router\index.js:291:5)
          ... collapsed 7 duplicate lines matching above lines ...
          at C:\Users\JackyLi(CTHK)\OneDrive - Continuous Technologies 
International 
Limited\Documents\ERP_Test\node_modules\express-rate-limit\dist\index.cjs:947:7
          at processTicksAndRejections 
(node:internal/process/task_queues:103:5)
          at C:\Users\JackyLi(CTHK)\OneDrive - Continuous Technologies 
International 
Limited\Documents\ERP_Test\node_modules\express-rate-limit\dist\index.cjs:830:5

    [0m [90m 59 |[39m   [90m// eslint-disable-next-line 
@typescript-eslint/no-unused-vars[39m
     [90m 60 |[39m   app[33m.[39muse((err[33m:[39m 
[33mError[39m[33m,[39m _req[33m:[39m [33mRequest[39m[33m,[39m 
res[33m:[39m [33mResponse[39m[33m,[39m _next[33m:[39m 
[33mNextFunction[39m) [33m=>[39m {
    [31m[1m>[22m[39m[90m 61 |[39m     
console[33m.[39merror(err)[33m;[39m
     [90m    |[39m             [31m[1m^[22m[39m
     [90m 62 |[39m     [36mif[39m 
(err[33m.[39mmessage[33m.[39mincludes([32m"Unauthorized"[39m)) {
     [90m 63 |[39m       
res[33m.[39mstatus([35m401[39m)[33m.[39mjson({ message[33m:[39m 
err[33m.[39mmessage })[33m;[39m
     [90m 64 |[39m     } [36melse[39m [36mif[39m 
(err[33m.[39mmessage[33m.[39mincludes([32m"Forbidden"[39m)) {[0m

      at C:\Users\JackyLi(CTHK)../../../../../../OneDrive - Continuous 
Technologies International Limited/Documents/ERP_Test/server/src/app.ts:61:13
      at Layer.handleError (C:\Users\JackyLi(CTHK)../../../../../../OneDrive - 
Continuous Technologies International 
Limited/Documents/ERP_Test/node_modules/router/lib/layer.js:116:17)
      at trimPrefix (C:\Users\JackyLi(CTHK)../../../../../../OneDrive - 
Continuous Technologies International 
Limited/Documents/ERP_Test/node_modules/router/index.js:340:13)
      at C:\Users\JackyLi(CTHK)../../../../../../OneDrive - Continuous 
Technologies International 
Limited/Documents/ERP_Test/node_modules/router/index.js:297:9
      at processParams (C:\Users\JackyLi(CTHK)../../../../../../OneDrive - 
Continuous Technologies International 
Limited/Documents/ERP_Test/node_modules/router/index.js:582:12)
      at next (C:\Users\JackyLi(CTHK)../../../../../../OneDrive - Continuous 
Technologies International 
Limited/Documents/ERP_Test/node_modules/router/index.js:291:5)
      at Layer.handleError (C:\Users\JackyLi(CTHK)../../../../../../OneDrive - 
Continuous Technologies International 
Limited/Documents/ERP_Test/node_modules/router/lib/layer.js:111:12)
      at trimPrefix (C:\Users\JackyLi(CTHK)../../../../../../OneDrive - 
Continuous Technologies International 
Limited/Documents/ERP_Test/node_modules/router/index.js:340:13)
      at C:\Users\JackyLi(CTHK)../../../../../../OneDrive - Continuous 
Technologies International 
Limited/Documents/ERP_Test/node_modules/router/index.js:297:9
      at processParams (C:\Users\JackyLi(CTHK)../../../../../../OneDrive - 
Continuous Technologies International 
Limited/Documents/ERP_Test/node_modules/router/index.js:582:12)
      at next (C:\Users\JackyLi(CTHK)../../../../../../OneDrive - Continuous 
Technologies International 
Limited/Documents/ERP_Test/node_modules/router/index.js:291:5)
      at C:\Users\JackyLi(CTHK)../../../../../../OneDrive - Continuous 
Technologies International 
Limited/Documents/ERP_Test/node_modules/router/index.js:688:15
      at Immediate.next (C:\Users\JackyLi(CTHK)../../../../../../OneDrive - 
Continuous Technologies International 
Limited/Documents/ERP_Test/node_modules/router/index.js:276:14)
      at Immediate._onImmediate 
(C:\Users\JackyLi(CTHK)../../../../../../OneDrive - Continuous Technologies 
International Limited/Documents/ERP_Test/node_modules/router/index.js:688:15)

PASS src/__tests__/adminAuditLogs.route.test.ts
  ΓùÅ Console

    console.log
      [dotenv@17.3.1] injecting env (10) from ..\.env -- tip: ≡ƒöÉ encrypt 
with Dotenvx: https://dotenvx.com

      at _log (C:\Users\JackyLi(CTHK)../../../../../../OneDrive - Continuous 
Technologies International 
Limited/Documents/ERP_Test/node_modules/dotenv/lib/main.js:139:11)

    console.error
      Error: Unauthorized: Missing or invalid Authorization header
          at requireAuth (C:\Users\JackyLi(CTHK)\OneDrive - Continuous 
Technologies International 
Limited\Documents\ERP_Test\server\src\middleware\requireAuth.ts:12:11)
          at Layer.handleRequest (C:\Users\JackyLi(CTHK)\OneDrive - Continuous 
Technologies International 
Limited\Documents\ERP_Test\node_modules\router\lib\layer.js:152:17)
          at next (C:\Users\JackyLi(CTHK)\OneDrive - Continuous Technologies 
International 
Limited\Documents\ERP_Test\node_modules\router\lib\route.js:157:13)
          at Route.dispatch (C:\Users\JackyLi(CTHK)\OneDrive - Continuous 
Technologies International 
Limited\Documents\ERP_Test\node_modules\router\lib\route.js:117:3)
          at handle (C:\Users\JackyLi(CTHK)\OneDrive - Continuous Technologies 
International Limited\Documents\ERP_Test\node_modules\router\index.js:435:11)
          at Layer.handleRequest (C:\Users\JackyLi(CTHK)\OneDrive - Continuous 
Technologies International 
Limited\Documents\ERP_Test\node_modules\router\lib\layer.js:152:17)
          at C:\Users\JackyLi(CTHK)\OneDrive - Continuous Technologies 
International Limited\Documents\ERP_Test\node_modules\router\index.js:295:15
          at processParams (C:\Users\JackyLi(CTHK)\OneDrive - Continuous 
Technologies International 
Limited\Documents\ERP_Test\node_modules\router\index.js:582:12)
          at next (C:\Users\JackyLi(CTHK)\OneDrive - Continuous Technologies 
International Limited\Documents\ERP_Test\node_modules\router\index.js:291:5)
          at router.handle (C:\Users\JackyLi(CTHK)\OneDrive - Continuous 
Technologies International 
Limited\Documents\ERP_Test\node_modules\router\index.js:186:3)
          at router (C:\Users\JackyLi(CTHK)\OneDrive - Continuous Technologies 
International Limited\Documents\ERP_Test\node_modules\router\index.js:60:12)
          at Layer.handleRequest (C:\Users\JackyLi(CTHK)\OneDrive - Continuous 
Technologies International 
Limited\Documents\ERP_Test\node_modules\router\lib\layer.js:152:17)
          at trimPrefix (C:\Users\JackyLi(CTHK)\OneDrive - Continuous 
Technologies International 
Limited\Documents\ERP_Test\node_modules\router\index.js:342:13)
          at C:\Users\JackyLi(CTHK)\OneDrive - Continuous Technologies 
International Limited\Documents\ERP_Test\node_modules\router\index.js:297:9
          at processParams (C:\Users\JackyLi(CTHK)\OneDrive - Continuous 
Technologies International 
Limited\Documents\ERP_Test\node_modules\router\index.js:582:12)
          at next (C:\Users\JackyLi(CTHK)\OneDrive - Continuous Technologies 
International Limited\Documents\ERP_Test\node_modules\router\index.js:291:5)
          at C:\Users\JackyLi(CTHK)\OneDrive - Continuous Technologies 
International Limited\Documents\ERP_Test\node_modules\router\index.js:688:15
          at next (C:\Users\JackyLi(CTHK)\OneDrive - Continuous Technologies 
International Limited\Documents\ERP_Test\node_modules\router\index.js:276:14)
          at router.handle (C:\Users\JackyLi(CTHK)\OneDrive - Continuous 
Technologies International 
Limited\Documents\ERP_Test\node_modules\router\index.js:186:3)
          at router (C:\Users\JackyLi(CTHK)\OneDrive - Continuous Technologies 
International Limited\Documents\ERP_Test\node_modules\router\index.js:60:12)
          at Layer.handleRequest (C:\Users\JackyLi(CTHK)\OneDrive - Continuous 
Technologies International 
Limited\Documents\ERP_Test\node_modules\router\lib\layer.js:152:17)
          at trimPrefix (C:\Users\JackyLi(CTHK)\OneDrive - Continuous 
Technologies International 
Limited\Documents\ERP_Test\node_modules\router\index.js:342:13)
          at C:\Users\JackyLi(CTHK)\OneDrive - Continuous Technologies 
International Limited\Documents\ERP_Test\node_modules\router\index.js:297:9
          at processParams (C:\Users\JackyLi(CTHK)\OneDrive - Continuous 
Technologies International 
Limited\Documents\ERP_Test\node_modules\router\index.js:582:12)
          at next (C:\Users\JackyLi(CTHK)\OneDrive - Continuous Technologies 
International Limited\Documents\ERP_Test\node_modules\router\index.js:291:5)
          ... collapsed 7 duplicate lines matching above lines ...
          at C:\Users\JackyLi(CTHK)\OneDrive - Continuous Technologies 
International 
Limited\Documents\ERP_Test\node_modules\express-rate-limit\dist\index.cjs:947:7
          at processTicksAndRejections 
(node:internal/process/task_queues:103:5)
          at C:\Users\JackyLi(CTHK)\OneDrive - Continuous Technologies 
International 
Limited\Documents\ERP_Test\node_modules\express-rate-limit\dist\index.cjs:830:5

    [0m [90m 59 |[39m   [90m// eslint-disable-next-line 
@typescript-eslint/no-unused-vars[39m
     [90m 60 |[39m   app[33m.[39muse((err[33m:[39m 
[33mError[39m[33m,[39m _req[33m:[39m [33mRequest[39m[33m,[39m 
res[33m:[39m [33mResponse[39m[33m,[39m _next[33m:[39m 
[33mNextFunction[39m) [33m=>[39m {
    [31m[1m>[22m[39m[90m 61 |[39m     
console[33m.[39merror(err)[33m;[39m
     [90m    |[39m             [31m[1m^[22m[39m
     [90m 62 |[39m     [36mif[39m 
(err[33m.[39mmessage[33m.[39mincludes([32m"Unauthorized"[39m)) {
     [90m 63 |[39m       
res[33m.[39mstatus([35m401[39m)[33m.[39mjson({ message[33m:[39m 
err[33m.[39mmessage })[33m;[39m
     [90m 64 |[39m     } [36melse[39m [36mif[39m 
(err[33m.[39mmessage[33m.[39mincludes([32m"Forbidden"[39m)) {[0m

      at C:\Users\JackyLi(CTHK)../../../../../../OneDrive - Continuous 
Technologies International Limited/Documents/ERP_Test/server/src/app.ts:61:13
      at Layer.handleError (C:\Users\JackyLi(CTHK)../../../../../../OneDrive - 
Continuous Technologies International 
Limited/Documents/ERP_Test/node_modules/router/lib/layer.js:116:17)
      at trimPrefix (C:\Users\JackyLi(CTHK)../../../../../../OneDrive - 
Continuous Technologies International 
Limited/Documents/ERP_Test/node_modules/router/index.js:340:13)
      at C:\Users\JackyLi(CTHK)../../../../../../OneDrive - Continuous 
Technologies International 
Limited/Documents/ERP_Test/node_modules/router/index.js:297:9
      at processParams (C:\Users\JackyLi(CTHK)../../../../../../OneDrive - 
Continuous Technologies International 
Limited/Documents/ERP_Test/node_modules/router/index.js:582:12)
      at next (C:\Users\JackyLi(CTHK)../../../../../../OneDrive - Continuous 
Technologies International 
Limited/Documents/ERP_Test/node_modules/router/index.js:291:5)
      at Layer.handleError (C:\Users\JackyLi(CTHK)../../../../../../OneDrive - 
Continuous Technologies International 
Limited/Documents/ERP_Test/node_modules/router/lib/layer.js:111:12)
      at trimPrefix (C:\Users\JackyLi(CTHK)../../../../../../OneDrive - 
Continuous Technologies International 
Limited/Documents/ERP_Test/node_modules/router/index.js:340:13)
      at C:\Users\JackyLi(CTHK)../../../../../../OneDrive - Continuous 
Technologies International 
Limited/Documents/ERP_Test/node_modules/router/index.js:297:9
      at processParams (C:\Users\JackyLi(CTHK)../../../../../../OneDrive - 
Continuous Technologies International 
Limited/Documents/ERP_Test/node_modules/router/index.js:582:12)
      at Immediate.next (C:\Users\JackyLi(CTHK)../../../../../../OneDrive - 
Continuous Technologies International 
Limited/Documents/ERP_Test/node_modules/router/index.js:291:5)
      at Immediate._onImmediate 
(C:\Users\JackyLi(CTHK)../../../../../../OneDrive - Continuous Technologies 
International Limited/Documents/ERP_Test/node_modules/router/index.js:688:15)

    console.error
      Error: Forbidden: User role 'MANAGER' does not have permission for this 
resource
          at C:\Users\JackyLi(CTHK)\OneDrive - Continuous Technologies 
International 
Limited\Documents\ERP_Test\server\src\middleware\requireRole.ts:17:13
          at Layer.handleRequest (C:\Users\JackyLi(CTHK)\OneDrive - Continuous 
Technologies International 
Limited\Documents\ERP_Test\node_modules\router\lib\layer.js:152:17)
          at next (C:\Users\JackyLi(CTHK)\OneDrive - Continuous Technologies 
International 
Limited\Documents\ERP_Test\node_modules\router\lib\route.js:157:13)
          at requireAuth (C:\Users\JackyLi(CTHK)\OneDrive - Continuous 
Technologies International 
Limited\Documents\ERP_Test\server\src\middleware\requireAuth.ts:23:5)
          at Layer.handleRequest (C:\Users\JackyLi(CTHK)\OneDrive - Continuous 
Technologies International 
Limited\Documents\ERP_Test\node_modules\router\lib\layer.js:152:17)
          at next (C:\Users\JackyLi(CTHK)\OneDrive - Continuous Technologies 
International 
Limited\Documents\ERP_Test\node_modules\router\lib\route.js:157:13)
          at Route.dispatch (C:\Users\JackyLi(CTHK)\OneDrive - Continuous 
Technologies International 
Limited\Documents\ERP_Test\node_modules\router\lib\route.js:117:3)
          at handle (C:\Users\JackyLi(CTHK)\OneDrive - Continuous Technologies 
International Limited\Documents\ERP_Test\node_modules\router\index.js:435:11)
          at Layer.handleRequest (C:\Users\JackyLi(CTHK)\OneDrive - Continuous 
Technologies International 
Limited\Documents\ERP_Test\node_modules\router\lib\layer.js:152:17)
          at C:\Users\JackyLi(CTHK)\OneDrive - Continuous Technologies 
International Limited\Documents\ERP_Test\node_modules\router\index.js:295:15
          at processParams (C:\Users\JackyLi(CTHK)\OneDrive - Continuous 
Technologies International 
Limited\Documents\ERP_Test\node_modules\router\index.js:582:12)
          at next (C:\Users\JackyLi(CTHK)\OneDrive - Continuous Technologies 
International Limited\Documents\ERP_Test\node_modules\router\index.js:291:5)
          at router.handle (C:\Users\JackyLi(CTHK)\OneDrive - Continuous 
Technologies International 
Limited\Documents\ERP_Test\node_modules\router\index.js:186:3)
          at router (C:\Users\JackyLi(CTHK)\OneDrive - Continuous Technologies 
International Limited\Documents\ERP_Test\node_modules\router\index.js:60:12)
          at Layer.handleRequest (C:\Users\JackyLi(CTHK)\OneDrive - Continuous 
Technologies International 
Limited\Documents\ERP_Test\node_modules\router\lib\layer.js:152:17)
          at trimPrefix (C:\Users\JackyLi(CTHK)\OneDrive - Continuous 
Technologies International 
Limited\Documents\ERP_Test\node_modules\router\index.js:342:13)
          at C:\Users\JackyLi(CTHK)\OneDrive - Continuous Technologies 
International Limited\Documents\ERP_Test\node_modules\router\index.js:297:9
          at processParams (C:\Users\JackyLi(CTHK)\OneDrive - Continuous 
Technologies International 
Limited\Documents\ERP_Test\node_modules\router\index.js:582:12)
          at next (C:\Users\JackyLi(CTHK)\OneDrive - Continuous Technologies 
International Limited\Documents\ERP_Test\node_modules\router\index.js:291:5)
          at C:\Users\JackyLi(CTHK)\OneDrive - Continuous Technologies 
International Limited\Documents\ERP_Test\node_modules\router\index.js:688:15
          at next (C:\Users\JackyLi(CTHK)\OneDrive - Continuous Technologies 
International Limited\Documents\ERP_Test\node_modules\router\index.js:276:14)
          at router.handle (C:\Users\JackyLi(CTHK)\OneDrive - Continuous 
Technologies International 
Limited\Documents\ERP_Test\node_modules\router\index.js:186:3)
          at router (C:\Users\JackyLi(CTHK)\OneDrive - Continuous Technologies 
International Limited\Documents\ERP_Test\node_modules\router\index.js:60:12)
          at Layer.handleRequest (C:\Users\JackyLi(CTHK)\OneDrive - Continuous 
Technologies International 
Limited\Documents\ERP_Test\node_modules\router\lib\layer.js:152:17)
          at trimPrefix (C:\Users\JackyLi(CTHK)\OneDrive - Continuous 
Technologies International 
Limited\Documents\ERP_Test\node_modules\router\index.js:342:13)
          at C:\Users\JackyLi(CTHK)\OneDrive - Continuous Technologies 
International Limited\Documents\ERP_Test\node_modules\router\index.js:297:9
          at processParams (C:\Users\JackyLi(CTHK)\OneDrive - Continuous 
Technologies International 
Limited\Documents\ERP_Test\node_modules\router\index.js:582:12)
          at next (C:\Users\JackyLi(CTHK)\OneDrive - Continuous Technologies 
International Limited\Documents\ERP_Test\node_modules\router\index.js:291:5)
          ... collapsed 7 duplicate lines matching above lines ...
          at C:\Users\JackyLi(CTHK)\OneDrive - Continuous Technologies 
International 
Limited\Documents\ERP_Test\node_modules\express-rate-limit\dist\index.cjs:947:7
          at processTicksAndRejections 
(node:internal/process/task_queues:103:5)
          at C:\Users\JackyLi(CTHK)\OneDrive - Continuous Technologies 
International 
Limited\Documents\ERP_Test\node_modules\express-rate-limit\dist\index.cjs:830:5

    [0m [90m 59 |[39m   [90m// eslint-disable-next-line 
@typescript-eslint/no-unused-vars[39m
     [90m 60 |[39m   app[33m.[39muse((err[33m:[39m 
[33mError[39m[33m,[39m _req[33m:[39m [33mRequest[39m[33m,[39m 
res[33m:[39m [33mResponse[39m[33m,[39m _next[33m:[39m 
[33mNextFunction[39m) [33m=>[39m {
    [31m[1m>[22m[39m[90m 61 |[39m     
console[33m.[39merror(err)[33m;[39m
     [90m    |[39m             [31m[1m^[22m[39m
     [90m 62 |[39m     [36mif[39m 
(err[33m.[39mmessage[33m.[39mincludes([32m"Unauthorized"[39m)) {
     [90m 63 |[39m       
res[33m.[39mstatus([35m401[39m)[33m.[39mjson({ message[33m:[39m 
err[33m.[39mmessage })[33m;[39m
     [90m 64 |[39m     } [36melse[39m [36mif[39m 
(err[33m.[39mmessage[33m.[39mincludes([32m"Forbidden"[39m)) {[0m

      at C:\Users\JackyLi(CTHK)../../../../../../OneDrive - Continuous 
Technologies International Limited/Documents/ERP_Test/server/src/app.ts:61:13
      at Layer.handleError (C:\Users\JackyLi(CTHK)../../../../../../OneDrive - 
Continuous Technologies International 
Limited/Documents/ERP_Test/node_modules/router/lib/layer.js:116:17)
      at trimPrefix (C:\Users\JackyLi(CTHK)../../../../../../OneDrive - 
Continuous Technologies International 
Limited/Documents/ERP_Test/node_modules/router/index.js:340:13)
      at C:\Users\JackyLi(CTHK)../../../../../../OneDrive - Continuous 
Technologies International 
Limited/Documents/ERP_Test/node_modules/router/index.js:297:9
      at processParams (C:\Users\JackyLi(CTHK)../../../../../../OneDrive - 
Continuous Technologies International 
Limited/Documents/ERP_Test/node_modules/router/index.js:582:12)
      at next (C:\Users\JackyLi(CTHK)../../../../../../OneDrive - Continuous 
Technologies International 
Limited/Documents/ERP_Test/node_modules/router/index.js:291:5)
      at Layer.handleError (C:\Users\JackyLi(CTHK)../../../../../../OneDrive - 
Continuous Technologies International 
Limited/Documents/ERP_Test/node_modules/router/lib/layer.js:111:12)
      at trimPrefix (C:\Users\JackyLi(CTHK)../../../../../../OneDrive - 
Continuous Technologies International 
Limited/Documents/ERP_Test/node_modules/router/index.js:340:13)
      at C:\Users\JackyLi(CTHK)../../../../../../OneDrive - Continuous 
Technologies International 
Limited/Documents/ERP_Test/node_modules/router/index.js:297:9
      at processParams (C:\Users\JackyLi(CTHK)../../../../../../OneDrive - 
Continuous Technologies International 
Limited/Documents/ERP_Test/node_modules/router/index.js:582:12)
      at Immediate.next (C:\Users\JackyLi(CTHK)../../../../../../OneDrive - 
Continuous Technologies International 
Limited/Documents/ERP_Test/node_modules/router/index.js:291:5)
      at Immediate._onImmediate 
(C:\Users\JackyLi(CTHK)../../../../../../OneDrive - Continuous Technologies 
International Limited/Documents/ERP_Test/node_modules/router/index.js:688:15)

PASS src/__tests__/leaveBalance.query.test.ts
  ΓùÅ Console

    console.log
      [dotenv@17.3.1] injecting env (10) from ..\.env -- tip: ΓÜÖ∩╕Å  write to 
custom object with { processEnv: myObject }

      at _log (C:\Users\JackyLi(CTHK)../../../../../../OneDrive - Continuous 
Technologies International 
Limited/Documents/ERP_Test/node_modules/dotenv/lib/main.js:139:11)

    console.error
      Error: Unauthorized: Missing or invalid Authorization header
          at requireAuth (C:\Users\JackyLi(CTHK)\OneDrive - Continuous 
Technologies International 
Limited\Documents\ERP_Test\server\src\middleware\requireAuth.ts:12:11)
          at Layer.handleRequest (C:\Users\JackyLi(CTHK)\OneDrive - Continuous 
Technologies International 
Limited\Documents\ERP_Test\node_modules\router\lib\layer.js:152:17)
          at next (C:\Users\JackyLi(CTHK)\OneDrive - Continuous Technologies 
International 
Limited\Documents\ERP_Test\node_modules\router\lib\route.js:157:13)
          at Route.dispatch (C:\Users\JackyLi(CTHK)\OneDrive - Continuous 
Technologies International 
Limited\Documents\ERP_Test\node_modules\router\lib\route.js:117:3)
          at handle (C:\Users\JackyLi(CTHK)\OneDrive - Continuous Technologies 
International Limited\Documents\ERP_Test\node_modules\router\index.js:435:11)
          at Layer.handleRequest (C:\Users\JackyLi(CTHK)\OneDrive - Continuous 
Technologies International 
Limited\Documents\ERP_Test\node_modules\router\lib\layer.js:152:17)
          at C:\Users\JackyLi(CTHK)\OneDrive - Continuous Technologies 
International Limited\Documents\ERP_Test\node_modules\router\index.js:295:15
          at processParams (C:\Users\JackyLi(CTHK)\OneDrive - Continuous 
Technologies International 
Limited\Documents\ERP_Test\node_modules\router\index.js:582:12)
          at next (C:\Users\JackyLi(CTHK)\OneDrive - Continuous Technologies 
International Limited\Documents\ERP_Test\node_modules\router\index.js:291:5)
          at router.handle (C:\Users\JackyLi(CTHK)\OneDrive - Continuous 
Technologies International 
Limited\Documents\ERP_Test\node_modules\router\index.js:186:3)
          at router (C:\Users\JackyLi(CTHK)\OneDrive - Continuous Technologies 
International Limited\Documents\ERP_Test\node_modules\router\index.js:60:12)
          at Layer.handleRequest (C:\Users\JackyLi(CTHK)\OneDrive - Continuous 
Technologies International 
Limited\Documents\ERP_Test\node_modules\router\lib\layer.js:152:17)
          at trimPrefix (C:\Users\JackyLi(CTHK)\OneDrive - Continuous 
Technologies International 
Limited\Documents\ERP_Test\node_modules\router\index.js:342:13)
          at C:\Users\JackyLi(CTHK)\OneDrive - Continuous Technologies 
International Limited\Documents\ERP_Test\node_modules\router\index.js:297:9
          ... collapsed 7 duplicate lines matching above lines ...
          at processParams (C:\Users\JackyLi(CTHK)\OneDrive - Continuous 
Technologies International 
Limited\Documents\ERP_Test\node_modules\router\index.js:582:12)
          at next (C:\Users\JackyLi(CTHK)\OneDrive - Continuous Technologies 
International Limited\Documents\ERP_Test\node_modules\router\index.js:291:5)
          at C:\Users\JackyLi(CTHK)\OneDrive - Continuous Technologies 
International 
Limited\Documents\ERP_Test\node_modules\express-rate-limit\dist\index.cjs:947:7
          at processTicksAndRejections 
(node:internal/process/task_queues:103:5)
          at C:\Users\JackyLi(CTHK)\OneDrive - Continuous Technologies 
International 
Limited\Documents\ERP_Test\node_modules\express-rate-limit\dist\index.cjs:830:5

    [0m [90m 59 |[39m   [90m// eslint-disable-next-line 
@typescript-eslint/no-unused-vars[39m
     [90m 60 |[39m   app[33m.[39muse((err[33m:[39m 
[33mError[39m[33m,[39m _req[33m:[39m [33mRequest[39m[33m,[39m 
res[33m:[39m [33mResponse[39m[33m,[39m _next[33m:[39m 
[33mNextFunction[39m) [33m=>[39m {
    [31m[1m>[22m[39m[90m 61 |[39m     
console[33m.[39merror(err)[33m;[39m
     [90m    |[39m             [31m[1m^[22m[39m
     [90m 62 |[39m     [36mif[39m 
(err[33m.[39mmessage[33m.[39mincludes([32m"Unauthorized"[39m)) {
     [90m 63 |[39m       
res[33m.[39mstatus([35m401[39m)[33m.[39mjson({ message[33m:[39m 
err[33m.[39mmessage })[33m;[39m
     [90m 64 |[39m     } [36melse[39m [36mif[39m 
(err[33m.[39mmessage[33m.[39mincludes([32m"Forbidden"[39m)) {[0m

      at C:\Users\JackyLi(CTHK)../../../../../../OneDrive - Continuous 
Technologies International Limited/Documents/ERP_Test/server/src/app.ts:61:13
      at Layer.handleError (C:\Users\JackyLi(CTHK)../../../../../../OneDrive - 
Continuous Technologies International 
Limited/Documents/ERP_Test/node_modules/router/lib/layer.js:116:17)
      at trimPrefix (C:\Users\JackyLi(CTHK)../../../../../../OneDrive - 
Continuous Technologies International 
Limited/Documents/ERP_Test/node_modules/router/index.js:340:13)
      at C:\Users\JackyLi(CTHK)../../../../../../OneDrive - Continuous 
Technologies International 
Limited/Documents/ERP_Test/node_modules/router/index.js:297:9
      at processParams (C:\Users\JackyLi(CTHK)../../../../../../OneDrive - 
Continuous Technologies International 
Limited/Documents/ERP_Test/node_modules/router/index.js:582:12)
      at next (C:\Users\JackyLi(CTHK)../../../../../../OneDrive - Continuous 
Technologies International 
Limited/Documents/ERP_Test/node_modules/router/index.js:291:5)
      at Layer.handleError (C:\Users\JackyLi(CTHK)../../../../../../OneDrive - 
Continuous Technologies International 
Limited/Documents/ERP_Test/node_modules/router/lib/layer.js:111:12)
      at trimPrefix (C:\Users\JackyLi(CTHK)../../../../../../OneDrive - 
Continuous Technologies International 
Limited/Documents/ERP_Test/node_modules/router/index.js:340:13)
      at C:\Users\JackyLi(CTHK)../../../../../../OneDrive - Continuous 
Technologies International 
Limited/Documents/ERP_Test/node_modules/router/index.js:297:9
      at processParams (C:\Users\JackyLi(CTHK)../../../../../../OneDrive - 
Continuous Technologies International 
Limited/Documents/ERP_Test/node_modules/router/index.js:582:12)
      at next (C:\Users\JackyLi(CTHK)../../../../../../OneDrive - Continuous 
Technologies International 
Limited/Documents/ERP_Test/node_modules/router/index.js:291:5)
      at C:\Users\JackyLi(CTHK)../../../../../../OneDrive - Continuous 
Technologies International 
Limited/Documents/ERP_Test/node_modules/router/index.js:688:15
      at next (C:\Users\JackyLi(CTHK)../../../../../../OneDrive - Continuous 
Technologies International 
Limited/Documents/ERP_Test/node_modules/router/index.js:276:14)
      at C:\Users\JackyLi(CTHK)../../../../../../OneDrive - Continuous 
Technologies International 
Limited/Documents/ERP_Test/node_modules/router/index.js:688:15
      at next (C:\Users\JackyLi(CTHK)../../../../../../OneDrive - Continuous 
Technologies International 
Limited/Documents/ERP_Test/node_modules/router/index.js:276:14)
      at next (C:\Users\JackyLi(CTHK)../../../../../../OneDrive - Continuous 
Technologies International 
Limited/Documents/ERP_Test/node_modules/router/lib/route.js:132:14)
      at Layer.handleError (C:\Users\JackyLi(CTHK)../../../../../../OneDrive - 
Continuous Technologies International 
Limited/Documents/ERP_Test/node_modules/router/lib/layer.js:111:12)
      at next (C:\Users\JackyLi(CTHK)../../../../../../OneDrive - Continuous 
Technologies International 
Limited/Documents/ERP_Test/node_modules/router/lib/route.js:155:13)
      at Layer.handleRequest (C:\Users\JackyLi(CTHK)../../../../../../OneDrive 
- Continuous Technologies International 
Limited/Documents/ERP_Test/node_modules/router/lib/layer.js:165:5)
      at next (C:\Users\JackyLi(CTHK)../../../../../../OneDrive - Continuous 
Technologies International 
Limited/Documents/ERP_Test/node_modules/router/lib/route.js:157:13)
      at Route.dispatch (C:\Users\JackyLi(CTHK)../../../../../../OneDrive - 
Continuous Technologies International 
Limited/Documents/ERP_Test/node_modules/router/lib/route.js:117:3)
      at handle (C:\Users\JackyLi(CTHK)../../../../../../OneDrive - Continuous 
Technologies International 
Limited/Documents/ERP_Test/node_modules/router/index.js:435:11)
      at Layer.handleRequest (C:\Users\JackyLi(CTHK)../../../../../../OneDrive 
- Continuous Technologies International 
Limited/Documents/ERP_Test/node_modules/router/lib/layer.js:152:17)
      at C:\Users\JackyLi(CTHK)../../../../../../OneDrive - Continuous 
Technologies International 
Limited/Documents/ERP_Test/node_modules/router/index.js:295:15
      at processParams (C:\Users\JackyLi(CTHK)../../../../../../OneDrive - 
Continuous Technologies International 
Limited/Documents/ERP_Test/node_modules/router/index.js:582:12)
      at next (C:\Users\JackyLi(CTHK)../../../../../../OneDrive - Continuous 
Technologies International 
Limited/Documents/ERP_Test/node_modules/router/index.js:291:5)
      at router.handle (C:\Users\JackyLi(CTHK)../../../../../../OneDrive - 
Continuous Technologies International 
Limited/Documents/ERP_Test/node_modules/router/index.js:186:3)
      at router (C:\Users\JackyLi(CTHK)../../../../../../OneDrive - Continuous 
Technologies International 
Limited/Documents/ERP_Test/node_modules/router/index.js:60:12)
      at Layer.handleRequest (C:\Users\JackyLi(CTHK)../../../../../../OneDrive 
- Continuous Technologies International 
Limited/Documents/ERP_Test/node_modules/router/lib/layer.js:152:17)
      at trimPrefix (C:\Users\JackyLi(CTHK)../../../../../../OneDrive - 
Continuous Technologies International 
Limited/Documents/ERP_Test/node_modules/router/index.js:342:13)
      at C:\Users\JackyLi(CTHK)../../../../../../OneDrive - Continuous 
Technologies International 
Limited/Documents/ERP_Test/node_modules/router/index.js:297:9
      at processParams (C:\Users\JackyLi(CTHK)../../../../../../OneDrive - 
Continuous Technologies International 
Limited/Documents/ERP_Test/node_modules/router/index.js:582:12)
      at next (C:\Users\JackyLi(CTHK)../../../../../../OneDrive - Continuous 
Technologies International 
Limited/Documents/ERP_Test/node_modules/router/index.js:291:5)
      at router.handle (C:\Users\JackyLi(CTHK)../../../../../../OneDrive - 
Continuous Technologies International 
Limited/Documents/ERP_Test/node_modules/router/index.js:186:3)
      at router (C:\Users\JackyLi(CTHK)../../../../../../OneDrive - Continuous 
Technologies International 
Limited/Documents/ERP_Test/node_modules/router/index.js:60:12)
      at Layer.handleRequest (C:\Users\JackyLi(CTHK)../../../../../../OneDrive 
- Continuous Technologies International 
Limited/Documents/ERP_Test/node_modules/router/lib/layer.js:152:17)
      at trimPrefix (C:\Users\JackyLi(CTHK)../../../../../../OneDrive - 
Continuous Technologies International 
Limited/Documents/ERP_Test/node_modules/router/index.js:342:13)
      at C:\Users\JackyLi(CTHK)../../../../../../OneDrive - Continuous 
Technologies International 
Limited/Documents/ERP_Test/node_modules/router/index.js:297:9
      at processParams (C:\Users\JackyLi(CTHK)../../../../../../OneDrive - 
Continuous Technologies International 
Limited/Documents/ERP_Test/node_modules/router/index.js:582:12)
      at next (C:\Users\JackyLi(CTHK)../../../../../../OneDrive - Continuous 
Technologies International 
Limited/Documents/ERP_Test/node_modules/router/index.js:291:5)
      at C:\Users\JackyLi(CTHK)../../../../../../OneDrive - Continuous 
Technologies International 
Limited/Documents/ERP_Test/node_modules/express-rate-limit/dist/index.cjs:947:7
      at C:\Users\JackyLi(CTHK)../../../../../../OneDrive - Continuous 
Technologies International 
Limited/Documents/ERP_Test/node_modules/express-rate-limit/dist/index.cjs:830:5

    console.error
      Error: Unauthorized: Missing or invalid Authorization header
          at requireAuth (C:\Users\JackyLi(CTHK)\OneDrive - Continuous 
Technologies International 
Limited\Documents\ERP_Test\server\src\middleware\requireAuth.ts:12:11)
          at Layer.handleRequest (C:\Users\JackyLi(CTHK)\OneDrive - Continuous 
Technologies International 
Limited\Documents\ERP_Test\node_modules\router\lib\layer.js:152:17)
          at next (C:\Users\JackyLi(CTHK)\OneDrive - Continuous Technologies 
International 
Limited\Documents\ERP_Test\node_modules\router\lib\route.js:157:13)
          at Route.dispatch (C:\Users\JackyLi(CTHK)\OneDrive - Continuous 
Technologies International 
Limited\Documents\ERP_Test\node_modules\router\lib\route.js:117:3)
          at handle (C:\Users\JackyLi(CTHK)\OneDrive - Continuous Technologies 
International Limited\Documents\ERP_Test\node_modules\router\index.js:435:11)
          at Layer.handleRequest (C:\Users\JackyLi(CTHK)\OneDrive - Continuous 
Technologies International 
Limited\Documents\ERP_Test\node_modules\router\lib\layer.js:152:17)
          at C:\Users\JackyLi(CTHK)\OneDrive - Continuous Technologies 
International Limited\Documents\ERP_Test\node_modules\router\index.js:295:15
          at param (C:\Users\JackyLi(CTHK)\OneDrive - Continuous Technologies 
International Limited\Documents\ERP_Test\node_modules\router\index.js:600:14)
          at param (C:\Users\JackyLi(CTHK)\OneDrive - Continuous Technologies 
International Limited\Documents\ERP_Test\node_modules\router\index.js:610:14)
          at processParams (C:\Users\JackyLi(CTHK)\OneDrive - Continuous 
Technologies International 
Limited\Documents\ERP_Test\node_modules\router\index.js:664:3)
          at next (C:\Users\JackyLi(CTHK)\OneDrive - Continuous Technologies 
International Limited\Documents\ERP_Test\node_modules\router\index.js:291:5)
          at router.handle (C:\Users\JackyLi(CTHK)\OneDrive - Continuous 
Technologies International 
Limited\Documents\ERP_Test\node_modules\router\index.js:186:3)
          at router (C:\Users\JackyLi(CTHK)\OneDrive - Continuous Technologies 
International Limited\Documents\ERP_Test\node_modules\router\index.js:60:12)
          at Layer.handleRequest (C:\Users\JackyLi(CTHK)\OneDrive - Continuous 
Technologies International 
Limited\Documents\ERP_Test\node_modules\router\lib\layer.js:152:17)
          at trimPrefix (C:\Users\JackyLi(CTHK)\OneDrive - Continuous 
Technologies International 
Limited\Documents\ERP_Test\node_modules\router\index.js:342:13)
          at C:\Users\JackyLi(CTHK)\OneDrive - Continuous Technologies 
International Limited\Documents\ERP_Test\node_modules\router\index.js:297:9
          at processParams (C:\Users\JackyLi(CTHK)\OneDrive - Continuous 
Technologies International 
Limited\Documents\ERP_Test\node_modules\router\index.js:582:12)
          ... collapsed 7 duplicate lines matching above lines ...
          at next (C:\Users\JackyLi(CTHK)\OneDrive - Continuous Technologies 
International Limited\Documents\ERP_Test\node_modules\router\index.js:291:5)
          at C:\Users\JackyLi(CTHK)\OneDrive - Continuous Technologies 
International 
Limited\Documents\ERP_Test\node_modules\express-rate-limit\dist\index.cjs:947:7
          at processTicksAndRejections 
(node:internal/process/task_queues:103:5)
          at C:\Users\JackyLi(CTHK)\OneDrive - Continuous Technologies 
International 
Limited\Documents\ERP_Test\node_modules\express-rate-limit\dist\index.cjs:830:5

    [0m [90m 59 |[39m   [90m// eslint-disable-next-line 
@typescript-eslint/no-unused-vars[39m
     [90m 60 |[39m   app[33m.[39muse((err[33m:[39m 
[33mError[39m[33m,[39m _req[33m:[39m [33mRequest[39m[33m,[39m 
res[33m:[39m [33mResponse[39m[33m,[39m _next[33m:[39m 
[33mNextFunction[39m) [33m=>[39m {
    [31m[1m>[22m[39m[90m 61 |[39m     
console[33m.[39merror(err)[33m;[39m
     [90m    |[39m             [31m[1m^[22m[39m
     [90m 62 |[39m     [36mif[39m 
(err[33m.[39mmessage[33m.[39mincludes([32m"Unauthorized"[39m)) {
     [90m 63 |[39m       
res[33m.[39mstatus([35m401[39m)[33m.[39mjson({ message[33m:[39m 
err[33m.[39mmessage })[33m;[39m
     [90m 64 |[39m     } [36melse[39m [36mif[39m 
(err[33m.[39mmessage[33m.[39mincludes([32m"Forbidden"[39m)) {[0m

      at C:\Users\JackyLi(CTHK)../../../../../../OneDrive - Continuous 
Technologies International Limited/Documents/ERP_Test/server/src/app.ts:61:13
      at Layer.handleError (C:\Users\JackyLi(CTHK)../../../../../../OneDrive - 
Continuous Technologies International 
Limited/Documents/ERP_Test/node_modules/router/lib/layer.js:116:17)
      at trimPrefix (C:\Users\JackyLi(CTHK)../../../../../../OneDrive - 
Continuous Technologies International 
Limited/Documents/ERP_Test/node_modules/router/index.js:340:13)
      at C:\Users\JackyLi(CTHK)../../../../../../OneDrive - Continuous 
Technologies International 
Limited/Documents/ERP_Test/node_modules/router/index.js:297:9
      at processParams (C:\Users\JackyLi(CTHK)../../../../../../OneDrive - 
Continuous Technologies International 
Limited/Documents/ERP_Test/node_modules/router/index.js:582:12)
      at next (C:\Users\JackyLi(CTHK)../../../../../../OneDrive - Continuous 
Technologies International 
Limited/Documents/ERP_Test/node_modules/router/index.js:291:5)
      at Layer.handleError (C:\Users\JackyLi(CTHK)../../../../../../OneDrive - 
Continuous Technologies International 
Limited/Documents/ERP_Test/node_modules/router/lib/layer.js:111:12)
      at trimPrefix (C:\Users\JackyLi(CTHK)../../../../../../OneDrive - 
Continuous Technologies International 
Limited/Documents/ERP_Test/node_modules/router/index.js:340:13)
      at C:\Users\JackyLi(CTHK)../../../../../../OneDrive - Continuous 
Technologies International 
Limited/Documents/ERP_Test/node_modules/router/index.js:297:9
      at processParams (C:\Users\JackyLi(CTHK)../../../../../../OneDrive - 
Continuous Technologies International 
Limited/Documents/ERP_Test/node_modules/router/index.js:582:12)
      at next (C:\Users\JackyLi(CTHK)../../../../../../OneDrive - Continuous 
Technologies International 
Limited/Documents/ERP_Test/node_modules/router/index.js:291:5)
      at C:\Users\JackyLi(CTHK)../../../../../../OneDrive - Continuous 
Technologies International 
Limited/Documents/ERP_Test/node_modules/router/index.js:688:15
      at next (C:\Users\JackyLi(CTHK)../../../../../../OneDrive - Continuous 
Technologies International 
Limited/Documents/ERP_Test/node_modules/router/index.js:276:14)
      at Layer.handleError (C:\Users\JackyLi(CTHK)../../../../../../OneDrive - 
Continuous Technologies International 
Limited/Documents/ERP_Test/node_modules/router/lib/layer.js:111:12)
      at trimPrefix (C:\Users\JackyLi(CTHK)../../../../../../OneDrive - 
Continuous Technologies International 
Limited/Documents/ERP_Test/node_modules/router/index.js:340:13)
      at C:\Users\JackyLi(CTHK)../../../../../../OneDrive - Continuous 
Technologies International 
Limited/Documents/ERP_Test/node_modules/router/index.js:297:9
      at processParams (C:\Users\JackyLi(CTHK)../../../../../../OneDrive - 
Continuous Technologies International 
Limited/Documents/ERP_Test/node_modules/router/index.js:582:12)
      at Immediate.next (C:\Users\JackyLi(CTHK)../../../../../../OneDrive - 
Continuous Technologies International 
Limited/Documents/ERP_Test/node_modules/router/index.js:291:5)
      at Immediate._onImmediate 
(C:\Users\JackyLi(CTHK)../../../../../../OneDrive - Continuous Technologies 
International Limited/Documents/ERP_Test/node_modules/router/index.js:688:15)

    console.error
      Error: Forbidden: User role 'EMPLOYEE' does not have permission for this 
resource
          at C:\Users\JackyLi(CTHK)\OneDrive - Continuous Technologies 
International 
Limited\Documents\ERP_Test\server\src\middleware\requireRole.ts:17:13
          at Layer.handleRequest (C:\Users\JackyLi(CTHK)\OneDrive - Continuous 
Technologies International 
Limited\Documents\ERP_Test\node_modules\router\lib\layer.js:152:17)
          at next (C:\Users\JackyLi(CTHK)\OneDrive - Continuous Technologies 
International 
Limited\Documents\ERP_Test\node_modules\router\lib\route.js:157:13)
          at requireAuth (C:\Users\JackyLi(CTHK)\OneDrive - Continuous 
Technologies International 
Limited\Documents\ERP_Test\server\src\middleware\requireAuth.ts:23:5)
          at Layer.handleRequest (C:\Users\JackyLi(CTHK)\OneDrive - Continuous 
Technologies International 
Limited\Documents\ERP_Test\node_modules\router\lib\layer.js:152:17)
          at next (C:\Users\JackyLi(CTHK)\OneDrive - Continuous Technologies 
International 
Limited\Documents\ERP_Test\node_modules\router\lib\route.js:157:13)
          at Route.dispatch (C:\Users\JackyLi(CTHK)\OneDrive - Continuous 
Technologies International 
Limited\Documents\ERP_Test\node_modules\router\lib\route.js:117:3)
          at handle (C:\Users\JackyLi(CTHK)\OneDrive - Continuous Technologies 
International Limited\Documents\ERP_Test\node_modules\router\index.js:435:11)
          at Layer.handleRequest (C:\Users\JackyLi(CTHK)\OneDrive - Continuous 
Technologies International 
Limited\Documents\ERP_Test\node_modules\router\lib\layer.js:152:17)
          at C:\Users\JackyLi(CTHK)\OneDrive - Continuous Technologies 
International Limited\Documents\ERP_Test\node_modules\router\index.js:295:15
          at param (C:\Users\JackyLi(CTHK)\OneDrive - Continuous Technologies 
International Limited\Documents\ERP_Test\node_modules\router\index.js:600:14)
          at param (C:\Users\JackyLi(CTHK)\OneDrive - Continuous Technologies 
International Limited\Documents\ERP_Test\node_modules\router\index.js:610:14)
          at processParams (C:\Users\JackyLi(CTHK)\OneDrive - Continuous 
Technologies International 
Limited\Documents\ERP_Test\node_modules\router\index.js:664:3)
          at next (C:\Users\JackyLi(CTHK)\OneDrive - Continuous Technologies 
International Limited\Documents\ERP_Test\node_modules\router\index.js:291:5)
          at router.handle (C:\Users\JackyLi(CTHK)\OneDrive - Continuous 
Technologies International 
Limited\Documents\ERP_Test\node_modules\router\index.js:186:3)
          at router (C:\Users\JackyLi(CTHK)\OneDrive - Continuous Technologies 
International Limited\Documents\ERP_Test\node_modules\router\index.js:60:12)
          at Layer.handleRequest (C:\Users\JackyLi(CTHK)\OneDrive - Continuous 
Technologies International 
Limited\Documents\ERP_Test\node_modules\router\lib\layer.js:152:17)
          at trimPrefix (C:\Users\JackyLi(CTHK)\OneDrive - Continuous 
Technologies International 
Limited\Documents\ERP_Test\node_modules\router\index.js:342:13)
          at C:\Users\JackyLi(CTHK)\OneDrive - Continuous Technologies 
International Limited\Documents\ERP_Test\node_modules\router\index.js:297:9
          at processParams (C:\Users\JackyLi(CTHK)\OneDrive - Continuous 
Technologies International 
Limited\Documents\ERP_Test\node_modules\router\index.js:582:12)
          ... collapsed 7 duplicate lines matching above lines ...
          at next (C:\Users\JackyLi(CTHK)\OneDrive - Continuous Technologies 
International Limited\Documents\ERP_Test\node_modules\router\index.js:291:5)
          at C:\Users\JackyLi(CTHK)\OneDrive - Continuous Technologies 
International 
Limited\Documents\ERP_Test\node_modules\express-rate-limit\dist\index.cjs:947:7
          at processTicksAndRejections 
(node:internal/process/task_queues:103:5)
          at C:\Users\JackyLi(CTHK)\OneDrive - Continuous Technologies 
International 
Limited\Documents\ERP_Test\node_modules\express-rate-limit\dist\index.cjs:830:5

    [0m [90m 59 |[39m   [90m// eslint-disable-next-line 
@typescript-eslint/no-unused-vars[39m
     [90m 60 |[39m   app[33m.[39muse((err[33m:[39m 
[33mError[39m[33m,[39m _req[33m:[39m [33mRequest[39m[33m,[39m 
res[33m:[39m [33mResponse[39m[33m,[39m _next[33m:[39m 
[33mNextFunction[39m) [33m=>[39m {
    [31m[1m>[22m[39m[90m 61 |[39m     
console[33m.[39merror(err)[33m;[39m
     [90m    |[39m             [31m[1m^[22m[39m
     [90m 62 |[39m     [36mif[39m 
(err[33m.[39mmessage[33m.[39mincludes([32m"Unauthorized"[39m)) {
     [90m 63 |[39m       
res[33m.[39mstatus([35m401[39m)[33m.[39mjson({ message[33m:[39m 
err[33m.[39mmessage })[33m;[39m
     [90m 64 |[39m     } [36melse[39m [36mif[39m 
(err[33m.[39mmessage[33m.[39mincludes([32m"Forbidden"[39m)) {[0m

      at C:\Users\JackyLi(CTHK)../../../../../../OneDrive - Continuous 
Technologies International Limited/Documents/ERP_Test/server/src/app.ts:61:13
      at Layer.handleError (C:\Users\JackyLi(CTHK)../../../../../../OneDrive - 
Continuous Technologies International 
Limited/Documents/ERP_Test/node_modules/router/lib/layer.js:116:17)
      at trimPrefix (C:\Users\JackyLi(CTHK)../../../../../../OneDrive - 
Continuous Technologies International 
Limited/Documents/ERP_Test/node_modules/router/index.js:340:13)
      at C:\Users\JackyLi(CTHK)../../../../../../OneDrive - Continuous 
Technologies International 
Limited/Documents/ERP_Test/node_modules/router/index.js:297:9
      at processParams (C:\Users\JackyLi(CTHK)../../../../../../OneDrive - 
Continuous Technologies International 
Limited/Documents/ERP_Test/node_modules/router/index.js:582:12)
      at next (C:\Users\JackyLi(CTHK)../../../../../../OneDrive - Continuous 
Technologies International 
Limited/Documents/ERP_Test/node_modules/router/index.js:291:5)
      at Layer.handleError (C:\Users\JackyLi(CTHK)../../../../../../OneDrive - 
Continuous Technologies International 
Limited/Documents/ERP_Test/node_modules/router/lib/layer.js:111:12)
      at trimPrefix (C:\Users\JackyLi(CTHK)../../../../../../OneDrive - 
Continuous Technologies International 
Limited/Documents/ERP_Test/node_modules/router/index.js:340:13)
      at C:\Users\JackyLi(CTHK)../../../../../../OneDrive - Continuous 
Technologies International 
Limited/Documents/ERP_Test/node_modules/router/index.js:297:9
      at processParams (C:\Users\JackyLi(CTHK)../../../../../../OneDrive - 
Continuous Technologies International 
Limited/Documents/ERP_Test/node_modules/router/index.js:582:12)
      at next (C:\Users\JackyLi(CTHK)../../../../../../OneDrive - Continuous 
Technologies International 
Limited/Documents/ERP_Test/node_modules/router/index.js:291:5)
      at C:\Users\JackyLi(CTHK)../../../../../../OneDrive - Continuous 
Technologies International 
Limited/Documents/ERP_Test/node_modules/router/index.js:688:15
      at next (C:\Users\JackyLi(CTHK)../../../../../../OneDrive - Continuous 
Technologies International 
Limited/Documents/ERP_Test/node_modules/router/index.js:276:14)
      at Layer.handleError (C:\Users\JackyLi(CTHK)../../../../../../OneDrive - 
Continuous Technologies International 
Limited/Documents/ERP_Test/node_modules/router/lib/layer.js:111:12)
      at trimPrefix (C:\Users\JackyLi(CTHK)../../../../../../OneDrive - 
Continuous Technologies International 
Limited/Documents/ERP_Test/node_modules/router/index.js:340:13)
      at C:\Users\JackyLi(CTHK)../../../../../../OneDrive - Continuous 
Technologies International 
Limited/Documents/ERP_Test/node_modules/router/index.js:297:9
      at processParams (C:\Users\JackyLi(CTHK)../../../../../../OneDrive - 
Continuous Technologies International 
Limited/Documents/ERP_Test/node_modules/router/index.js:582:12)
      at Immediate.next (C:\Users\JackyLi(CTHK)../../../../../../OneDrive - 
Continuous Technologies International 
Limited/Documents/ERP_Test/node_modules/router/index.js:291:5)
      at Immediate._onImmediate 
(C:\Users\JackyLi(CTHK)../../../../../../OneDrive - Continuous Technologies 
International Limited/Documents/ERP_Test/node_modules/router/index.js:688:15)

    console.error
      Error: Forbidden: User role 'MANAGER' does not have permission for this 
resource
          at C:\Users\JackyLi(CTHK)\OneDrive - Continuous Technologies 
International 
Limited\Documents\ERP_Test\server\src\middleware\requireRole.ts:17:13
          at Layer.handleRequest (C:\Users\JackyLi(CTHK)\OneDrive - Continuous 
Technologies International 
Limited\Documents\ERP_Test\node_modules\router\lib\layer.js:152:17)
          at next (C:\Users\JackyLi(CTHK)\OneDrive - Continuous Technologies 
International 
Limited\Documents\ERP_Test\node_modules\router\lib\route.js:157:13)
          at requireAuth (C:\Users\JackyLi(CTHK)\OneDrive - Continuous 
Technologies International 
Limited\Documents\ERP_Test\server\src\middleware\requireAuth.ts:23:5)
          at Layer.handleRequest (C:\Users\JackyLi(CTHK)\OneDrive - Continuous 
Technologies International 
Limited\Documents\ERP_Test\node_modules\router\lib\layer.js:152:17)
          at next (C:\Users\JackyLi(CTHK)\OneDrive - Continuous Technologies 
International 
Limited\Documents\ERP_Test\node_modules\router\lib\route.js:157:13)
          at Route.dispatch (C:\Users\JackyLi(CTHK)\OneDrive - Continuous 
Technologies International 
Limited\Documents\ERP_Test\node_modules\router\lib\route.js:117:3)
          at handle (C:\Users\JackyLi(CTHK)\OneDrive - Continuous Technologies 
International Limited\Documents\ERP_Test\node_modules\router\index.js:435:11)
          at Layer.handleRequest (C:\Users\JackyLi(CTHK)\OneDrive - Continuous 
Technologies International 
Limited\Documents\ERP_Test\node_modules\router\lib\layer.js:152:17)
          at C:\Users\JackyLi(CTHK)\OneDrive - Continuous Technologies 
International Limited\Documents\ERP_Test\node_modules\router\index.js:295:15
          at param (C:\Users\JackyLi(CTHK)\OneDrive - Continuous Technologies 
International Limited\Documents\ERP_Test\node_modules\router\index.js:600:14)
          at param (C:\Users\JackyLi(CTHK)\OneDrive - Continuous Technologies 
International Limited\Documents\ERP_Test\node_modules\router\index.js:610:14)
          at processParams (C:\Users\JackyLi(CTHK)\OneDrive - Continuous 
Technologies International 
Limited\Documents\ERP_Test\node_modules\router\index.js:664:3)
          at next (C:\Users\JackyLi(CTHK)\OneDrive - Continuous Technologies 
International Limited\Documents\ERP_Test\node_modules\router\index.js:291:5)
          at router.handle (C:\Users\JackyLi(CTHK)\OneDrive - Continuous 
Technologies International 
Limited\Documents\ERP_Test\node_modules\router\index.js:186:3)
          at router (C:\Users\JackyLi(CTHK)\OneDrive - Continuous Technologies 
International Limited\Documents\ERP_Test\node_modules\router\index.js:60:12)
          at Layer.handleRequest (C:\Users\JackyLi(CTHK)\OneDrive - Continuous 
Technologies International 
Limited\Documents\ERP_Test\node_modules\router\lib\layer.js:152:17)
          at trimPrefix (C:\Users\JackyLi(CTHK)\OneDrive - Continuous 
Technologies International 
Limited\Documents\ERP_Test\node_modules\router\index.js:342:13)
          at C:\Users\JackyLi(CTHK)\OneDrive - Continuous Technologies 
International Limited\Documents\ERP_Test\node_modules\router\index.js:297:9
          at processParams (C:\Users\JackyLi(CTHK)\OneDrive - Continuous 
Technologies International 
Limited\Documents\ERP_Test\node_modules\router\index.js:582:12)
          ... collapsed 7 duplicate lines matching above lines ...
          at next (C:\Users\JackyLi(CTHK)\OneDrive - Continuous Technologies 
International Limited\Documents\ERP_Test\node_modules\router\index.js:291:5)
          at C:\Users\JackyLi(CTHK)\OneDrive - Continuous Technologies 
International 
Limited\Documents\ERP_Test\node_modules\express-rate-limit\dist\index.cjs:947:7
          at processTicksAndRejections 
(node:internal/process/task_queues:103:5)
          at C:\Users\JackyLi(CTHK)\OneDrive - Continuous Technologies 
International 
Limited\Documents\ERP_Test\node_modules\express-rate-limit\dist\index.cjs:830:5

    [0m [90m 59 |[39m   [90m// eslint-disable-next-line 
@typescript-eslint/no-unused-vars[39m
     [90m 60 |[39m   app[33m.[39muse((err[33m:[39m 
[33mError[39m[33m,[39m _req[33m:[39m [33mRequest[39m[33m,[39m 
res[33m:[39m [33mResponse[39m[33m,[39m _next[33m:[39m 
[33mNextFunction[39m) [33m=>[39m {
    [31m[1m>[22m[39m[90m 61 |[39m     
console[33m.[39merror(err)[33m;[39m
     [90m    |[39m             [31m[1m^[22m[39m
     [90m 62 |[39m     [36mif[39m 
(err[33m.[39mmessage[33m.[39mincludes([32m"Unauthorized"[39m)) {
     [90m 63 |[39m       
res[33m.[39mstatus([35m401[39m)[33m.[39mjson({ message[33m:[39m 
err[33m.[39mmessage })[33m;[39m
     [90m 64 |[39m     } [36melse[39m [36mif[39m 
(err[33m.[39mmessage[33m.[39mincludes([32m"Forbidden"[39m)) {[0m

      at C:\Users\JackyLi(CTHK)../../../../../../OneDrive - Continuous 
Technologies International Limited/Documents/ERP_Test/server/src/app.ts:61:13
      at Layer.handleError (C:\Users\JackyLi(CTHK)../../../../../../OneDrive - 
Continuous Technologies International 
Limited/Documents/ERP_Test/node_modules/router/lib/layer.js:116:17)
      at trimPrefix (C:\Users\JackyLi(CTHK)../../../../../../OneDrive - 
Continuous Technologies International 
Limited/Documents/ERP_Test/node_modules/router/index.js:340:13)
      at C:\Users\JackyLi(CTHK)../../../../../../OneDrive - Continuous 
Technologies International 
Limited/Documents/ERP_Test/node_modules/router/index.js:297:9
      at processParams (C:\Users\JackyLi(CTHK)../../../../../../OneDrive - 
Continuous Technologies International 
Limited/Documents/ERP_Test/node_modules/router/index.js:582:12)
      at next (C:\Users\JackyLi(CTHK)../../../../../../OneDrive - Continuous 
Technologies International 
Limited/Documents/ERP_Test/node_modules/router/index.js:291:5)
      at Layer.handleError (C:\Users\JackyLi(CTHK)../../../../../../OneDrive - 
Continuous Technologies International 
Limited/Documents/ERP_Test/node_modules/router/lib/layer.js:111:12)
      at trimPrefix (C:\Users\JackyLi(CTHK)../../../../../../OneDrive - 
Continuous Technologies International 
Limited/Documents/ERP_Test/node_modules/router/index.js:340:13)
      at C:\Users\JackyLi(CTHK)../../../../../../OneDrive - Continuous 
Technologies International 
Limited/Documents/ERP_Test/node_modules/router/index.js:297:9
      at processParams (C:\Users\JackyLi(CTHK)../../../../../../OneDrive - 
Continuous Technologies International 
Limited/Documents/ERP_Test/node_modules/router/index.js:582:12)
      at next (C:\Users\JackyLi(CTHK)../../../../../../OneDrive - Continuous 
Technologies International 
Limited/Documents/ERP_Test/node_modules/router/index.js:291:5)
      at C:\Users\JackyLi(CTHK)../../../../../../OneDrive - Continuous 
Technologies International 
Limited/Documents/ERP_Test/node_modules/router/index.js:688:15
      at next (C:\Users\JackyLi(CTHK)../../../../../../OneDrive - Continuous 
Technologies International 
Limited/Documents/ERP_Test/node_modules/router/index.js:276:14)
      at Layer.handleError (C:\Users\JackyLi(CTHK)../../../../../../OneDrive - 
Continuous Technologies International 
Limited/Documents/ERP_Test/node_modules/router/lib/layer.js:111:12)
      at trimPrefix (C:\Users\JackyLi(CTHK)../../../../../../OneDrive - 
Continuous Technologies International 
Limited/Documents/ERP_Test/node_modules/router/index.js:340:13)
      at C:\Users\JackyLi(CTHK)../../../../../../OneDrive - Continuous 
Technologies International 
Limited/Documents/ERP_Test/node_modules/router/index.js:297:9
      at processParams (C:\Users\JackyLi(CTHK)../../../../../../OneDrive - 
Continuous Technologies International 
Limited/Documents/ERP_Test/node_modules/router/index.js:582:12)
      at Immediate.next (C:\Users\JackyLi(CTHK)../../../../../../OneDrive - 
Continuous Technologies International 
Limited/Documents/ERP_Test/node_modules/router/index.js:291:5)
      at Immediate._onImmediate 
(C:\Users\JackyLi(CTHK)../../../../../../OneDrive - Continuous Technologies 
International Limited/Documents/ERP_Test/node_modules/router/index.js:688:15)

PASS src/__tests__/leaveCalendar.route.test.ts
  ΓùÅ Console

    console.log
      [dotenv@17.3.1] injecting env (10) from ..\.env -- tip: ≡ƒ¢á∩╕Å  run 
anywhere with `dotenvx run -- yourcommand`

      at _log (C:\Users\JackyLi(CTHK)../../../../../../OneDrive - Continuous 
Technologies International 
Limited/Documents/ERP_Test/node_modules/dotenv/lib/main.js:139:11)

    console.error
      Error: Unauthorized: Missing or invalid Authorization header
          at requireAuth (C:\Users\JackyLi(CTHK)\OneDrive - Continuous 
Technologies International 
Limited\Documents\ERP_Test\server\src\middleware\requireAuth.ts:12:11)
          at Layer.handleRequest (C:\Users\JackyLi(CTHK)\OneDrive - Continuous 
Technologies International 
Limited\Documents\ERP_Test\node_modules\router\lib\layer.js:152:17)
          at next (C:\Users\JackyLi(CTHK)\OneDrive - Continuous Technologies 
International 
Limited\Documents\ERP_Test\node_modules\router\lib\route.js:157:13)
          at Route.dispatch (C:\Users\JackyLi(CTHK)\OneDrive - Continuous 
Technologies International 
Limited\Documents\ERP_Test\node_modules\router\lib\route.js:117:3)
          at handle (C:\Users\JackyLi(CTHK)\OneDrive - Continuous Technologies 
International Limited\Documents\ERP_Test\node_modules\router\index.js:435:11)
          at Layer.handleRequest (C:\Users\JackyLi(CTHK)\OneDrive - Continuous 
Technologies International 
Limited\Documents\ERP_Test\node_modules\router\lib\layer.js:152:17)
          at C:\Users\JackyLi(CTHK)\OneDrive - Continuous Technologies 
International Limited\Documents\ERP_Test\node_modules\router\index.js:295:15
          at processParams (C:\Users\JackyLi(CTHK)\OneDrive - Continuous 
Technologies International 
Limited\Documents\ERP_Test\node_modules\router\index.js:582:12)
          at next (C:\Users\JackyLi(CTHK)\OneDrive - Continuous Technologies 
International Limited\Documents\ERP_Test\node_modules\router\index.js:291:5)
          at router.handle (C:\Users\JackyLi(CTHK)\OneDrive - Continuous 
Technologies International 
Limited\Documents\ERP_Test\node_modules\router\index.js:186:3)
          at router (C:\Users\JackyLi(CTHK)\OneDrive - Continuous Technologies 
International Limited\Documents\ERP_Test\node_modules\router\index.js:60:12)
          at Layer.handleRequest (C:\Users\JackyLi(CTHK)\OneDrive - Continuous 
Technologies International 
Limited\Documents\ERP_Test\node_modules\router\lib\layer.js:152:17)
          at trimPrefix (C:\Users\JackyLi(CTHK)\OneDrive - Continuous 
Technologies International 
Limited\Documents\ERP_Test\node_modules\router\index.js:342:13)
          at C:\Users\JackyLi(CTHK)\OneDrive - Continuous Technologies 
International Limited\Documents\ERP_Test\node_modules\router\index.js:297:9
          at processParams (C:\Users\JackyLi(CTHK)\OneDrive - Continuous 
Technologies International 
Limited\Documents\ERP_Test\node_modules\router\index.js:582:12)
          at next (C:\Users\JackyLi(CTHK)\OneDrive - Continuous Technologies 
International Limited\Documents\ERP_Test\node_modules\router\index.js:291:5)
          at C:\Users\JackyLi(CTHK)\OneDrive - Continuous Technologies 
International Limited\Documents\ERP_Test\node_modules\router\index.js:688:15
          at next (C:\Users\JackyLi(CTHK)\OneDrive - Continuous Technologies 
International Limited\Documents\ERP_Test\node_modules\router\index.js:276:14)
          at router.handle (C:\Users\JackyLi(CTHK)\OneDrive - Continuous 
Technologies International 
Limited\Documents\ERP_Test\node_modules\router\index.js:186:3)
          at router (C:\Users\JackyLi(CTHK)\OneDrive - Continuous Technologies 
International Limited\Documents\ERP_Test\node_modules\router\index.js:60:12)
          at Layer.handleRequest (C:\Users\JackyLi(CTHK)\OneDrive - Continuous 
Technologies International 
Limited\Documents\ERP_Test\node_modules\router\lib\layer.js:152:17)
          at trimPrefix (C:\Users\JackyLi(CTHK)\OneDrive - Continuous 
Technologies International 
Limited\Documents\ERP_Test\node_modules\router\index.js:342:13)
          at C:\Users\JackyLi(CTHK)\OneDrive - Continuous Technologies 
International Limited\Documents\ERP_Test\node_modules\router\index.js:297:9
          at processParams (C:\Users\JackyLi(CTHK)\OneDrive - Continuous 
Technologies International 
Limited\Documents\ERP_Test\node_modules\router\index.js:582:12)
          at next (C:\Users\JackyLi(CTHK)\OneDrive - Continuous Technologies 
International Limited\Documents\ERP_Test\node_modules\router\index.js:291:5)
          ... collapsed 7 duplicate lines matching above lines ...
          at C:\Users\JackyLi(CTHK)\OneDrive - Continuous Technologies 
International 
Limited\Documents\ERP_Test\node_modules\express-rate-limit\dist\index.cjs:947:7
          at processTicksAndRejections 
(node:internal/process/task_queues:103:5)
          at C:\Users\JackyLi(CTHK)\OneDrive - Continuous Technologies 
International 
Limited\Documents\ERP_Test\node_modules\express-rate-limit\dist\index.cjs:830:5

    [0m [90m 59 |[39m   [90m// eslint-disable-next-line 
@typescript-eslint/no-unused-vars[39m
     [90m 60 |[39m   app[33m.[39muse((err[33m:[39m 
[33mError[39m[33m,[39m _req[33m:[39m [33mRequest[39m[33m,[39m 
res[33m:[39m [33mResponse[39m[33m,[39m _next[33m:[39m 
[33mNextFunction[39m) [33m=>[39m {
    [31m[1m>[22m[39m[90m 61 |[39m     
console[33m.[39merror(err)[33m;[39m
     [90m    |[39m             [31m[1m^[22m[39m
     [90m 62 |[39m     [36mif[39m 
(err[33m.[39mmessage[33m.[39mincludes([32m"Unauthorized"[39m)) {
     [90m 63 |[39m       
res[33m.[39mstatus([35m401[39m)[33m.[39mjson({ message[33m:[39m 
err[33m.[39mmessage })[33m;[39m
     [90m 64 |[39m     } [36melse[39m [36mif[39m 
(err[33m.[39mmessage[33m.[39mincludes([32m"Forbidden"[39m)) {[0m

      at C:\Users\JackyLi(CTHK)../../../../../../OneDrive - Continuous 
Technologies International Limited/Documents/ERP_Test/server/src/app.ts:61:13
      at Layer.handleError (C:\Users\JackyLi(CTHK)../../../../../../OneDrive - 
Continuous Technologies International 
Limited/Documents/ERP_Test/node_modules/router/lib/layer.js:116:17)
      at trimPrefix (C:\Users\JackyLi(CTHK)../../../../../../OneDrive - 
Continuous Technologies International 
Limited/Documents/ERP_Test/node_modules/router/index.js:340:13)
      at C:\Users\JackyLi(CTHK)../../../../../../OneDrive - Continuous 
Technologies International 
Limited/Documents/ERP_Test/node_modules/router/index.js:297:9
      at processParams (C:\Users\JackyLi(CTHK)../../../../../../OneDrive - 
Continuous Technologies International 
Limited/Documents/ERP_Test/node_modules/router/index.js:582:12)
      at next (C:\Users\JackyLi(CTHK)../../../../../../OneDrive - Continuous 
Technologies International 
Limited/Documents/ERP_Test/node_modules/router/index.js:291:5)
      at Layer.handleError (C:\Users\JackyLi(CTHK)../../../../../../OneDrive - 
Continuous Technologies International 
Limited/Documents/ERP_Test/node_modules/router/lib/layer.js:111:12)
      at trimPrefix (C:\Users\JackyLi(CTHK)../../../../../../OneDrive - 
Continuous Technologies International 
Limited/Documents/ERP_Test/node_modules/router/index.js:340:13)
      at C:\Users\JackyLi(CTHK)../../../../../../OneDrive - Continuous 
Technologies International 
Limited/Documents/ERP_Test/node_modules/router/index.js:297:9
      at processParams (C:\Users\JackyLi(CTHK)../../../../../../OneDrive - 
Continuous Technologies International 
Limited/Documents/ERP_Test/node_modules/router/index.js:582:12)
      at next (C:\Users\JackyLi(CTHK)../../../../../../OneDrive - Continuous 
Technologies International 
Limited/Documents/ERP_Test/node_modules/router/index.js:291:5)
      at C:\Users\JackyLi(CTHK)../../../../../../OneDrive - Continuous 
Technologies International 
Limited/Documents/ERP_Test/node_modules/router/index.js:688:15
      at Immediate.next (C:\Users\JackyLi(CTHK)../../../../../../OneDrive - 
Continuous Technologies International 
Limited/Documents/ERP_Test/node_modules/router/index.js:276:14)
      at Immediate._onImmediate 
(C:\Users\JackyLi(CTHK)../../../../../../OneDrive - Continuous Technologies 
International Limited/Documents/ERP_Test/node_modules/router/index.js:688:15)

PASS src/__tests__/leaveRequest.cancel.test.ts
  ΓùÅ Console

    console.log
      [dotenv@17.3.1] injecting env (10) from ..\.env -- tip: ΓÜÖ∩╕Å  enable 
debug logging with { debug: true }

      at _log (C:\Users\JackyLi(CTHK)../../../../../../OneDrive - Continuous 
Technologies International 
Limited/Documents/ERP_Test/node_modules/dotenv/lib/main.js:139:11)

    console.error
      Error: Unauthorized: Missing or invalid Authorization header
          at requireAuth (C:\Users\JackyLi(CTHK)\OneDrive - Continuous 
Technologies International 
Limited\Documents\ERP_Test\server\src\middleware\requireAuth.ts:12:11)
          at Layer.handleRequest (C:\Users\JackyLi(CTHK)\OneDrive - Continuous 
Technologies International 
Limited\Documents\ERP_Test\node_modules\router\lib\layer.js:152:17)
          at next (C:\Users\JackyLi(CTHK)\OneDrive - Continuous Technologies 
International 
Limited\Documents\ERP_Test\node_modules\router\lib\route.js:157:13)
          at Route.dispatch (C:\Users\JackyLi(CTHK)\OneDrive - Continuous 
Technologies International 
Limited\Documents\ERP_Test\node_modules\router\lib\route.js:117:3)
          at handle (C:\Users\JackyLi(CTHK)\OneDrive - Continuous Technologies 
International Limited\Documents\ERP_Test\node_modules\router\index.js:435:11)
          at Layer.handleRequest (C:\Users\JackyLi(CTHK)\OneDrive - Continuous 
Technologies International 
Limited\Documents\ERP_Test\node_modules\router\lib\layer.js:152:17)
          at C:\Users\JackyLi(CTHK)\OneDrive - Continuous Technologies 
International Limited\Documents\ERP_Test\node_modules\router\index.js:295:15
          at param (C:\Users\JackyLi(CTHK)\OneDrive - Continuous Technologies 
International Limited\Documents\ERP_Test\node_modules\router\index.js:600:14)
          at param (C:\Users\JackyLi(CTHK)\OneDrive - Continuous Technologies 
International Limited\Documents\ERP_Test\node_modules\router\index.js:610:14)
          at processParams (C:\Users\JackyLi(CTHK)\OneDrive - Continuous 
Technologies International 
Limited\Documents\ERP_Test\node_modules\router\index.js:664:3)
          at next (C:\Users\JackyLi(CTHK)\OneDrive - Continuous Technologies 
International Limited\Documents\ERP_Test\node_modules\router\index.js:291:5)
          at router.handle (C:\Users\JackyLi(CTHK)\OneDrive - Continuous 
Technologies International 
Limited\Documents\ERP_Test\node_modules\router\index.js:186:3)
          at router (C:\Users\JackyLi(CTHK)\OneDrive - Continuous Technologies 
International Limited\Documents\ERP_Test\node_modules\router\index.js:60:12)
          at Layer.handleRequest (C:\Users\JackyLi(CTHK)\OneDrive - Continuous 
Technologies International 
Limited\Documents\ERP_Test\node_modules\router\lib\layer.js:152:17)
          at trimPrefix (C:\Users\JackyLi(CTHK)\OneDrive - Continuous 
Technologies International 
Limited\Documents\ERP_Test\node_modules\router\index.js:342:13)
          at C:\Users\JackyLi(CTHK)\OneDrive - Continuous Technologies 
International Limited\Documents\ERP_Test\node_modules\router\index.js:297:9
          at processParams (C:\Users\JackyLi(CTHK)\OneDrive - Continuous 
Technologies International 
Limited\Documents\ERP_Test\node_modules\router\index.js:582:12)
          at next (C:\Users\JackyLi(CTHK)\OneDrive - Continuous Technologies 
International Limited\Documents\ERP_Test\node_modules\router\index.js:291:5)
          at C:\Users\JackyLi(CTHK)\OneDrive - Continuous Technologies 
International Limited\Documents\ERP_Test\node_modules\router\index.js:688:15
          at next (C:\Users\JackyLi(CTHK)\OneDrive - Continuous Technologies 
International Limited\Documents\ERP_Test\node_modules\router\index.js:276:14)
          at router.handle (C:\Users\JackyLi(CTHK)\OneDrive - Continuous 
Technologies International 
Limited\Documents\ERP_Test\node_modules\router\index.js:186:3)
          at router (C:\Users\JackyLi(CTHK)\OneDrive - Continuous Technologies 
International Limited\Documents\ERP_Test\node_modules\router\index.js:60:12)
          at Layer.handleRequest (C:\Users\JackyLi(CTHK)\OneDrive - Continuous 
Technologies International 
Limited\Documents\ERP_Test\node_modules\router\lib\layer.js:152:17)
          at trimPrefix (C:\Users\JackyLi(CTHK)\OneDrive - Continuous 
Technologies International 
Limited\Documents\ERP_Test\node_modules\router\index.js:342:13)
          at C:\Users\JackyLi(CTHK)\OneDrive - Continuous Technologies 
International Limited\Documents\ERP_Test\node_modules\router\index.js:297:9
          at processParams (C:\Users\JackyLi(CTHK)\OneDrive - Continuous 
Technologies International 
Limited\Documents\ERP_Test\node_modules\router\index.js:582:12)
          at next (C:\Users\JackyLi(CTHK)\OneDrive - Continuous Technologies 
International Limited\Documents\ERP_Test\node_modules\router\index.js:291:5)
          ... collapsed 7 duplicate lines matching above lines ...
          at C:\Users\JackyLi(CTHK)\OneDrive - Continuous Technologies 
International 
Limited\Documents\ERP_Test\node_modules\express-rate-limit\dist\index.cjs:947:7
          at processTicksAndRejections 
(node:internal/process/task_queues:103:5)
          at C:\Users\JackyLi(CTHK)\OneDrive - Continuous Technologies 
International 
Limited\Documents\ERP_Test\node_modules\express-rate-limit\dist\index.cjs:830:5

    [0m [90m 59 |[39m   [90m// eslint-disable-next-line 
@typescript-eslint/no-unused-vars[39m
     [90m 60 |[39m   app[33m.[39muse((err[33m:[39m 
[33mError[39m[33m,[39m _req[33m:[39m [33mRequest[39m[33m,[39m 
res[33m:[39m [33mResponse[39m[33m,[39m _next[33m:[39m 
[33mNextFunction[39m) [33m=>[39m {
    [31m[1m>[22m[39m[90m 61 |[39m     
console[33m.[39merror(err)[33m;[39m
     [90m    |[39m             [31m[1m^[22m[39m
     [90m 62 |[39m     [36mif[39m 
(err[33m.[39mmessage[33m.[39mincludes([32m"Unauthorized"[39m)) {
     [90m 63 |[39m       
res[33m.[39mstatus([35m401[39m)[33m.[39mjson({ message[33m:[39m 
err[33m.[39mmessage })[33m;[39m
     [90m 64 |[39m     } [36melse[39m [36mif[39m 
(err[33m.[39mmessage[33m.[39mincludes([32m"Forbidden"[39m)) {[0m

      at C:\Users\JackyLi(CTHK)../../../../../../OneDrive - Continuous 
Technologies International Limited/Documents/ERP_Test/server/src/app.ts:61:13
      at Layer.handleError (C:\Users\JackyLi(CTHK)../../../../../../OneDrive - 
Continuous Technologies International 
Limited/Documents/ERP_Test/node_modules/router/lib/layer.js:116:17)
      at trimPrefix (C:\Users\JackyLi(CTHK)../../../../../../OneDrive - 
Continuous Technologies International 
Limited/Documents/ERP_Test/node_modules/router/index.js:340:13)
      at C:\Users\JackyLi(CTHK)../../../../../../OneDrive - Continuous 
Technologies International 
Limited/Documents/ERP_Test/node_modules/router/index.js:297:9
      at processParams (C:\Users\JackyLi(CTHK)../../../../../../OneDrive - 
Continuous Technologies International 
Limited/Documents/ERP_Test/node_modules/router/index.js:582:12)
      at next (C:\Users\JackyLi(CTHK)../../../../../../OneDrive - Continuous 
Technologies International 
Limited/Documents/ERP_Test/node_modules/router/index.js:291:5)
      at Layer.handleError (C:\Users\JackyLi(CTHK)../../../../../../OneDrive - 
Continuous Technologies International 
Limited/Documents/ERP_Test/node_modules/router/lib/layer.js:111:12)
      at trimPrefix (C:\Users\JackyLi(CTHK)../../../../../../OneDrive - 
Continuous Technologies International 
Limited/Documents/ERP_Test/node_modules/router/index.js:340:13)
      at C:\Users\JackyLi(CTHK)../../../../../../OneDrive - Continuous 
Technologies International 
Limited/Documents/ERP_Test/node_modules/router/index.js:297:9
      at processParams (C:\Users\JackyLi(CTHK)../../../../../../OneDrive - 
Continuous Technologies International 
Limited/Documents/ERP_Test/node_modules/router/index.js:582:12)
      at next (C:\Users\JackyLi(CTHK)../../../../../../OneDrive - Continuous 
Technologies International 
Limited/Documents/ERP_Test/node_modules/router/index.js:291:5)
      at C:\Users\JackyLi(CTHK)../../../../../../OneDrive - Continuous 
Technologies International 
Limited/Documents/ERP_Test/node_modules/router/index.js:688:15
      at next (C:\Users\JackyLi(CTHK)../../../../../../OneDrive - Continuous 
Technologies International 
Limited/Documents/ERP_Test/node_modules/router/index.js:276:14)
      at Layer.handleError (C:\Users\JackyLi(CTHK)../../../../../../OneDrive - 
Continuous Technologies International 
Limited/Documents/ERP_Test/node_modules/router/lib/layer.js:111:12)
      at trimPrefix (C:\Users\JackyLi(CTHK)../../../../../../OneDrive - 
Continuous Technologies International 
Limited/Documents/ERP_Test/node_modules/router/index.js:340:13)
      at C:\Users\JackyLi(CTHK)../../../../../../OneDrive - Continuous 
Technologies International 
Limited/Documents/ERP_Test/node_modules/router/index.js:297:9
      at processParams (C:\Users\JackyLi(CTHK)../../../../../../OneDrive - 
Continuous Technologies International 
Limited/Documents/ERP_Test/node_modules/router/index.js:582:12)
      at next (C:\Users\JackyLi(CTHK)../../../../../../OneDrive - Continuous 
Technologies International 
Limited/Documents/ERP_Test/node_modules/router/index.js:291:5)
      at Layer.handleError (C:\Users\JackyLi(CTHK)../../../../../../OneDrive - 
Continuous Technologies International 
Limited/Documents/ERP_Test/node_modules/router/lib/layer.js:111:12)
      at trimPrefix (C:\Users\JackyLi(CTHK)../../../../../../OneDrive - 
Continuous Technologies International 
Limited/Documents/ERP_Test/node_modules/router/index.js:340:13)
      at C:\Users\JackyLi(CTHK)../../../../../../OneDrive - Continuous 
Technologies International 
Limited/Documents/ERP_Test/node_modules/router/index.js:297:9
      at processParams (C:\Users\JackyLi(CTHK)../../../../../../OneDrive - 
Continuous Technologies International 
Limited/Documents/ERP_Test/node_modules/router/index.js:582:12)
      at Immediate.next (C:\Users\JackyLi(CTHK)../../../../../../OneDrive - 
Continuous Technologies International 
Limited/Documents/ERP_Test/node_modules/router/index.js:291:5)
      at Immediate._onImmediate 
(C:\Users\JackyLi(CTHK)../../../../../../OneDrive - Continuous Technologies 
International Limited/Documents/ERP_Test/node_modules/router/index.js:688:15)

PASS src/__tests__/leaveTypes.test.ts
  ΓùÅ Console

    console.log
      [dotenv@17.3.1] injecting env (10) from ..\.env -- tip: ≡ƒöÉ encrypt 
with Dotenvx: https://dotenvx.com

      at _log (C:\Users\JackyLi(CTHK)../../../../../../OneDrive - Continuous 
Technologies International 
Limited/Documents/ERP_Test/node_modules/dotenv/lib/main.js:139:11)

    console.error
      Error: Unauthorized: Missing or invalid Authorization header
          at requireAuth (C:\Users\JackyLi(CTHK)\OneDrive - Continuous 
Technologies International 
Limited\Documents\ERP_Test\server\src\middleware\requireAuth.ts:12:11)
          at Layer.handleRequest (C:\Users\JackyLi(CTHK)\OneDrive - Continuous 
Technologies International 
Limited\Documents\ERP_Test\node_modules\router\lib\layer.js:152:17)
          at next (C:\Users\JackyLi(CTHK)\OneDrive - Continuous Technologies 
International 
Limited\Documents\ERP_Test\node_modules\router\lib\route.js:157:13)
          at Route.dispatch (C:\Users\JackyLi(CTHK)\OneDrive - Continuous 
Technologies International 
Limited\Documents\ERP_Test\node_modules\router\lib\route.js:117:3)
          at handle (C:\Users\JackyLi(CTHK)\OneDrive - Continuous Technologies 
International Limited\Documents\ERP_Test\node_modules\router\index.js:435:11)
          at Layer.handleRequest (C:\Users\JackyLi(CTHK)\OneDrive - Continuous 
Technologies International 
Limited\Documents\ERP_Test\node_modules\router\lib\layer.js:152:17)
          at C:\Users\JackyLi(CTHK)\OneDrive - Continuous Technologies 
International Limited\Documents\ERP_Test\node_modules\router\index.js:295:15
          at processParams (C:\Users\JackyLi(CTHK)\OneDrive - Continuous 
Technologies International 
Limited\Documents\ERP_Test\node_modules\router\index.js:582:12)
          at next (C:\Users\JackyLi(CTHK)\OneDrive - Continuous Technologies 
International Limited\Documents\ERP_Test\node_modules\router\index.js:291:5)
          at router.handle (C:\Users\JackyLi(CTHK)\OneDrive - Continuous 
Technologies International 
Limited\Documents\ERP_Test\node_modules\router\index.js:186:3)
          at router (C:\Users\JackyLi(CTHK)\OneDrive - Continuous Technologies 
International Limited\Documents\ERP_Test\node_modules\router\index.js:60:12)
          at Layer.handleRequest (C:\Users\JackyLi(CTHK)\OneDrive - Continuous 
Technologies International 
Limited\Documents\ERP_Test\node_modules\router\lib\layer.js:152:17)
          at trimPrefix (C:\Users\JackyLi(CTHK)\OneDrive - Continuous 
Technologies International 
Limited\Documents\ERP_Test\node_modules\router\index.js:342:13)
          at C:\Users\JackyLi(CTHK)\OneDrive - Continuous Technologies 
International Limited\Documents\ERP_Test\node_modules\router\index.js:297:9
          ... collapsed 7 duplicate lines matching above lines ...
          at processParams (C:\Users\JackyLi(CTHK)\OneDrive - Continuous 
Technologies International 
Limited\Documents\ERP_Test\node_modules\router\index.js:582:12)
          at next (C:\Users\JackyLi(CTHK)\OneDrive - Continuous Technologies 
International Limited\Documents\ERP_Test\node_modules\router\index.js:291:5)
          at C:\Users\JackyLi(CTHK)\OneDrive - Continuous Technologies 
International 
Limited\Documents\ERP_Test\node_modules\express-rate-limit\dist\index.cjs:947:7
          at processTicksAndRejections 
(node:internal/process/task_queues:103:5)
          at C:\Users\JackyLi(CTHK)\OneDrive - Continuous Technologies 
International 
Limited\Documents\ERP_Test\node_modules\express-rate-limit\dist\index.cjs:830:5

    [0m [90m 59 |[39m   [90m// eslint-disable-next-line 
@typescript-eslint/no-unused-vars[39m
     [90m 60 |[39m   app[33m.[39muse((err[33m:[39m 
[33mError[39m[33m,[39m _req[33m:[39m [33mRequest[39m[33m,[39m 
res[33m:[39m [33mResponse[39m[33m,[39m _next[33m:[39m 
[33mNextFunction[39m) [33m=>[39m {
    [31m[1m>[22m[39m[90m 61 |[39m     
console[33m.[39merror(err)[33m;[39m
     [90m    |[39m             [31m[1m^[22m[39m
     [90m 62 |[39m     [36mif[39m 
(err[33m.[39mmessage[33m.[39mincludes([32m"Unauthorized"[39m)) {
     [90m 63 |[39m       
res[33m.[39mstatus([35m401[39m)[33m.[39mjson({ message[33m:[39m 
err[33m.[39mmessage })[33m;[39m
     [90m 64 |[39m     } [36melse[39m [36mif[39m 
(err[33m.[39mmessage[33m.[39mincludes([32m"Forbidden"[39m)) {[0m

      at C:\Users\JackyLi(CTHK)../../../../../../OneDrive - Continuous 
Technologies International Limited/Documents/ERP_Test/server/src/app.ts:61:13
      at Layer.handleError (C:\Users\JackyLi(CTHK)../../../../../../OneDrive - 
Continuous Technologies International 
Limited/Documents/ERP_Test/node_modules/router/lib/layer.js:116:17)
      at trimPrefix (C:\Users\JackyLi(CTHK)../../../../../../OneDrive - 
Continuous Technologies International 
Limited/Documents/ERP_Test/node_modules/router/index.js:340:13)
      at C:\Users\JackyLi(CTHK)../../../../../../OneDrive - Continuous 
Technologies International 
Limited/Documents/ERP_Test/node_modules/router/index.js:297:9
      at processParams (C:\Users\JackyLi(CTHK)../../../../../../OneDrive - 
Continuous Technologies International 
Limited/Documents/ERP_Test/node_modules/router/index.js:582:12)
      at next (C:\Users\JackyLi(CTHK)../../../../../../OneDrive - Continuous 
Technologies International 
Limited/Documents/ERP_Test/node_modules/router/index.js:291:5)
      at Layer.handleError (C:\Users\JackyLi(CTHK)../../../../../../OneDrive - 
Continuous Technologies International 
Limited/Documents/ERP_Test/node_modules/router/lib/layer.js:111:12)
      at trimPrefix (C:\Users\JackyLi(CTHK)../../../../../../OneDrive - 
Continuous Technologies International 
Limited/Documents/ERP_Test/node_modules/router/index.js:340:13)
      at C:\Users\JackyLi(CTHK)../../../../../../OneDrive - Continuous 
Technologies International 
Limited/Documents/ERP_Test/node_modules/router/index.js:297:9
      at processParams (C:\Users\JackyLi(CTHK)../../../../../../OneDrive - 
Continuous Technologies International 
Limited/Documents/ERP_Test/node_modules/router/index.js:582:12)
      at next (C:\Users\JackyLi(CTHK)../../../../../../OneDrive - Continuous 
Technologies International 
Limited/Documents/ERP_Test/node_modules/router/index.js:291:5)
      at C:\Users\JackyLi(CTHK)../../../../../../OneDrive - Continuous 
Technologies International 
Limited/Documents/ERP_Test/node_modules/router/index.js:688:15
      at next (C:\Users\JackyLi(CTHK)../../../../../../OneDrive - Continuous 
Technologies International 
Limited/Documents/ERP_Test/node_modules/router/index.js:276:14)
      at Layer.handleError (C:\Users\JackyLi(CTHK)../../../../../../OneDrive - 
Continuous Technologies International 
Limited/Documents/ERP_Test/node_modules/router/lib/layer.js:111:12)
      at trimPrefix (C:\Users\JackyLi(CTHK)../../../../../../OneDrive - 
Continuous Technologies International 
Limited/Documents/ERP_Test/node_modules/router/index.js:340:13)
      at C:\Users\JackyLi(CTHK)../../../../../../OneDrive - Continuous 
Technologies International 
Limited/Documents/ERP_Test/node_modules/router/index.js:297:9
      at processParams (C:\Users\JackyLi(CTHK)../../../../../../OneDrive - 
Continuous Technologies International 
Limited/Documents/ERP_Test/node_modules/router/index.js:582:12)
      at next (C:\Users\JackyLi(CTHK)../../../../../../OneDrive - Continuous 
Technologies International 
Limited/Documents/ERP_Test/node_modules/router/index.js:291:5)
      at C:\Users\JackyLi(CTHK)../../../../../../OneDrive - Continuous 
Technologies International 
Limited/Documents/ERP_Test/node_modules/router/index.js:688:15
      at next (C:\Users\JackyLi(CTHK)../../../../../../OneDrive - Continuous 
Technologies International 
Limited/Documents/ERP_Test/node_modules/router/index.js:276:14)
      at next (C:\Users\JackyLi(CTHK)../../../../../../OneDrive - Continuous 
Technologies International 
Limited/Documents/ERP_Test/node_modules/router/lib/route.js:132:14)
      at Layer.handleError (C:\Users\JackyLi(CTHK)../../../../../../OneDrive - 
Continuous Technologies International 
Limited/Documents/ERP_Test/node_modules/router/lib/layer.js:111:12)
      at next (C:\Users\JackyLi(CTHK)../../../../../../OneDrive - Continuous 
Technologies International 
Limited/Documents/ERP_Test/node_modules/router/lib/route.js:155:13)
      at Layer.handleRequest (C:\Users\JackyLi(CTHK)../../../../../../OneDrive 
- Continuous Technologies International 
Limited/Documents/ERP_Test/node_modules/router/lib/layer.js:165:5)
      at next (C:\Users\JackyLi(CTHK)../../../../../../OneDrive - Continuous 
Technologies International 
Limited/Documents/ERP_Test/node_modules/router/lib/route.js:157:13)
      at Route.dispatch (C:\Users\JackyLi(CTHK)../../../../../../OneDrive - 
Continuous Technologies International 
Limited/Documents/ERP_Test/node_modules/router/lib/route.js:117:3)
      at handle (C:\Users\JackyLi(CTHK)../../../../../../OneDrive - Continuous 
Technologies International 
Limited/Documents/ERP_Test/node_modules/router/index.js:435:11)
      at Layer.handleRequest (C:\Users\JackyLi(CTHK)../../../../../../OneDrive 
- Continuous Technologies International 
Limited/Documents/ERP_Test/node_modules/router/lib/layer.js:152:17)
      at C:\Users\JackyLi(CTHK)../../../../../../OneDrive - Continuous 
Technologies International 
Limited/Documents/ERP_Test/node_modules/router/index.js:295:15
      at processParams (C:\Users\JackyLi(CTHK)../../../../../../OneDrive - 
Continuous Technologies International 
Limited/Documents/ERP_Test/node_modules/router/index.js:582:12)
      at next (C:\Users\JackyLi(CTHK)../../../../../../OneDrive - Continuous 
Technologies International 
Limited/Documents/ERP_Test/node_modules/router/index.js:291:5)
      at router.handle (C:\Users\JackyLi(CTHK)../../../../../../OneDrive - 
Continuous Technologies International 
Limited/Documents/ERP_Test/node_modules/router/index.js:186:3)
      at router (C:\Users\JackyLi(CTHK)../../../../../../OneDrive - Continuous 
Technologies International 
Limited/Documents/ERP_Test/node_modules/router/index.js:60:12)
      at Layer.handleRequest (C:\Users\JackyLi(CTHK)../../../../../../OneDrive 
- Continuous Technologies International 
Limited/Documents/ERP_Test/node_modules/router/lib/layer.js:152:17)
      at trimPrefix (C:\Users\JackyLi(CTHK)../../../../../../OneDrive - 
Continuous Technologies International 
Limited/Documents/ERP_Test/node_modules/router/index.js:342:13)
      at C:\Users\JackyLi(CTHK)../../../../../../OneDrive - Continuous 
Technologies International 
Limited/Documents/ERP_Test/node_modules/router/index.js:297:9
      at processParams (C:\Users\JackyLi(CTHK)../../../../../../OneDrive - 
Continuous Technologies International 
Limited/Documents/ERP_Test/node_modules/router/index.js:582:12)
      at next (C:\Users\JackyLi(CTHK)../../../../../../OneDrive - Continuous 
Technologies International 
Limited/Documents/ERP_Test/node_modules/router/index.js:291:5)
      at router.handle (C:\Users\JackyLi(CTHK)../../../../../../OneDrive - 
Continuous Technologies International 
Limited/Documents/ERP_Test/node_modules/router/index.js:186:3)
      at router (C:\Users\JackyLi(CTHK)../../../../../../OneDrive - Continuous 
Technologies International 
Limited/Documents/ERP_Test/node_modules/router/index.js:60:12)
      at Layer.handleRequest (C:\Users\JackyLi(CTHK)../../../../../../OneDrive 
- Continuous Technologies International 
Limited/Documents/ERP_Test/node_modules/router/lib/layer.js:152:17)
      at trimPrefix (C:\Users\JackyLi(CTHK)../../../../../../OneDrive - 
Continuous Technologies International 
Limited/Documents/ERP_Test/node_modules/router/index.js:342:13)
      at C:\Users\JackyLi(CTHK)../../../../../../OneDrive - Continuous 
Technologies International 
Limited/Documents/ERP_Test/node_modules/router/index.js:297:9
      at processParams (C:\Users\JackyLi(CTHK)../../../../../../OneDrive - 
Continuous Technologies International 
Limited/Documents/ERP_Test/node_modules/router/index.js:582:12)
      at next (C:\Users\JackyLi(CTHK)../../../../../../OneDrive - Continuous 
Technologies International 
Limited/Documents/ERP_Test/node_modules/router/index.js:291:5)
      at C:\Users\JackyLi(CTHK)../../../../../../OneDrive - Continuous 
Technologies International 
Limited/Documents/ERP_Test/node_modules/express-rate-limit/dist/index.cjs:947:7
      at C:\Users\JackyLi(CTHK)../../../../../../OneDrive - Continuous 
Technologies International 
Limited/Documents/ERP_Test/node_modules/express-rate-limit/dist/index.cjs:830:5

    console.error
      Error: Forbidden: User role 'EMPLOYEE' does not have permission for this 
resource
          at C:\Users\JackyLi(CTHK)\OneDrive - Continuous Technologies 
International 
Limited\Documents\ERP_Test\server\src\middleware\requireRole.ts:17:13
          at Layer.handleRequest (C:\Users\JackyLi(CTHK)\OneDrive - Continuous 
Technologies International 
Limited\Documents\ERP_Test\node_modules\router\lib\layer.js:152:17)
          at next (C:\Users\JackyLi(CTHK)\OneDrive - Continuous Technologies 
International 
Limited\Documents\ERP_Test\node_modules\router\lib\route.js:157:13)
          at requireAuth (C:\Users\JackyLi(CTHK)\OneDrive - Continuous 
Technologies International 
Limited\Documents\ERP_Test\server\src\middleware\requireAuth.ts:23:5)
          at Layer.handleRequest (C:\Users\JackyLi(CTHK)\OneDrive - Continuous 
Technologies International 
Limited\Documents\ERP_Test\node_modules\router\lib\layer.js:152:17)
          at next (C:\Users\JackyLi(CTHK)\OneDrive - Continuous Technologies 
International 
Limited\Documents\ERP_Test\node_modules\router\lib\route.js:157:13)
          at Route.dispatch (C:\Users\JackyLi(CTHK)\OneDrive - Continuous 
Technologies International 
Limited\Documents\ERP_Test\node_modules\router\lib\route.js:117:3)
          at handle (C:\Users\JackyLi(CTHK)\OneDrive - Continuous Technologies 
International Limited\Documents\ERP_Test\node_modules\router\index.js:435:11)
          at Layer.handleRequest (C:\Users\JackyLi(CTHK)\OneDrive - Continuous 
Technologies International 
Limited\Documents\ERP_Test\node_modules\router\lib\layer.js:152:17)
          at C:\Users\JackyLi(CTHK)\OneDrive - Continuous Technologies 
International Limited\Documents\ERP_Test\node_modules\router\index.js:295:15
          at processParams (C:\Users\JackyLi(CTHK)\OneDrive - Continuous 
Technologies International 
Limited\Documents\ERP_Test\node_modules\router\index.js:582:12)
          at next (C:\Users\JackyLi(CTHK)\OneDrive - Continuous Technologies 
International Limited\Documents\ERP_Test\node_modules\router\index.js:291:5)
          at router.handle (C:\Users\JackyLi(CTHK)\OneDrive - Continuous 
Technologies International 
Limited\Documents\ERP_Test\node_modules\router\index.js:186:3)
          at router (C:\Users\JackyLi(CTHK)\OneDrive - Continuous Technologies 
International Limited\Documents\ERP_Test\node_modules\router\index.js:60:12)
          at Layer.handleRequest (C:\Users\JackyLi(CTHK)\OneDrive - Continuous 
Technologies International 
Limited\Documents\ERP_Test\node_modules\router\lib\layer.js:152:17)
          at trimPrefix (C:\Users\JackyLi(CTHK)\OneDrive - Continuous 
Technologies International 
Limited\Documents\ERP_Test\node_modules\router\index.js:342:13)
          at C:\Users\JackyLi(CTHK)\OneDrive - Continuous Technologies 
International Limited\Documents\ERP_Test\node_modules\router\index.js:297:9
          ... collapsed 7 duplicate lines matching above lines ...
          at processParams (C:\Users\JackyLi(CTHK)\OneDrive - Continuous 
Technologies International 
Limited\Documents\ERP_Test\node_modules\router\index.js:582:12)
          at next (C:\Users\JackyLi(CTHK)\OneDrive - Continuous Technologies 
International Limited\Documents\ERP_Test\node_modules\router\index.js:291:5)
          at C:\Users\JackyLi(CTHK)\OneDrive - Continuous Technologies 
International 
Limited\Documents\ERP_Test\node_modules\express-rate-limit\dist\index.cjs:947:7
          at processTicksAndRejections 
(node:internal/process/task_queues:103:5)
          at C:\Users\JackyLi(CTHK)\OneDrive - Continuous Technologies 
International 
Limited\Documents\ERP_Test\node_modules\express-rate-limit\dist\index.cjs:830:5

    [0m [90m 59 |[39m   [90m// eslint-disable-next-line 
@typescript-eslint/no-unused-vars[39m
     [90m 60 |[39m   app[33m.[39muse((err[33m:[39m 
[33mError[39m[33m,[39m _req[33m:[39m [33mRequest[39m[33m,[39m 
res[33m:[39m [33mResponse[39m[33m,[39m _next[33m:[39m 
[33mNextFunction[39m) [33m=>[39m {
    [31m[1m>[22m[39m[90m 61 |[39m     
console[33m.[39merror(err)[33m;[39m
     [90m    |[39m             [31m[1m^[22m[39m
     [90m 62 |[39m     [36mif[39m 
(err[33m.[39mmessage[33m.[39mincludes([32m"Unauthorized"[39m)) {
     [90m 63 |[39m       
res[33m.[39mstatus([35m401[39m)[33m.[39mjson({ message[33m:[39m 
err[33m.[39mmessage })[33m;[39m
     [90m 64 |[39m     } [36melse[39m [36mif[39m 
(err[33m.[39mmessage[33m.[39mincludes([32m"Forbidden"[39m)) {[0m

      at C:\Users\JackyLi(CTHK)../../../../../../OneDrive - Continuous 
Technologies International Limited/Documents/ERP_Test/server/src/app.ts:61:13
      at Layer.handleError (C:\Users\JackyLi(CTHK)../../../../../../OneDrive - 
Continuous Technologies International 
Limited/Documents/ERP_Test/node_modules/router/lib/layer.js:116:17)
      at trimPrefix (C:\Users\JackyLi(CTHK)../../../../../../OneDrive - 
Continuous Technologies International 
Limited/Documents/ERP_Test/node_modules/router/index.js:340:13)
      at C:\Users\JackyLi(CTHK)../../../../../../OneDrive - Continuous 
Technologies International 
Limited/Documents/ERP_Test/node_modules/router/index.js:297:9
      at processParams (C:\Users\JackyLi(CTHK)../../../../../../OneDrive - 
Continuous Technologies International 
Limited/Documents/ERP_Test/node_modules/router/index.js:582:12)
      at next (C:\Users\JackyLi(CTHK)../../../../../../OneDrive - Continuous 
Technologies International 
Limited/Documents/ERP_Test/node_modules/router/index.js:291:5)
      at Layer.handleError (C:\Users\JackyLi(CTHK)../../../../../../OneDrive - 
Continuous Technologies International 
Limited/Documents/ERP_Test/node_modules/router/lib/layer.js:111:12)
      at trimPrefix (C:\Users\JackyLi(CTHK)../../../../../../OneDrive - 
Continuous Technologies International 
Limited/Documents/ERP_Test/node_modules/router/index.js:340:13)
      at C:\Users\JackyLi(CTHK)../../../../../../OneDrive - Continuous 
Technologies International 
Limited/Documents/ERP_Test/node_modules/router/index.js:297:9
      at processParams (C:\Users\JackyLi(CTHK)../../../../../../OneDrive - 
Continuous Technologies International 
Limited/Documents/ERP_Test/node_modules/router/index.js:582:12)
      at next (C:\Users\JackyLi(CTHK)../../../../../../OneDrive - Continuous 
Technologies International 
Limited/Documents/ERP_Test/node_modules/router/index.js:291:5)
      at C:\Users\JackyLi(CTHK)../../../../../../OneDrive - Continuous 
Technologies International 
Limited/Documents/ERP_Test/node_modules/router/index.js:688:15
      at next (C:\Users\JackyLi(CTHK)../../../../../../OneDrive - Continuous 
Technologies International 
Limited/Documents/ERP_Test/node_modules/router/index.js:276:14)
      at Layer.handleError (C:\Users\JackyLi(CTHK)../../../../../../OneDrive - 
Continuous Technologies International 
Limited/Documents/ERP_Test/node_modules/router/lib/layer.js:111:12)
      at trimPrefix (C:\Users\JackyLi(CTHK)../../../../../../OneDrive - 
Continuous Technologies International 
Limited/Documents/ERP_Test/node_modules/router/index.js:340:13)
      at C:\Users\JackyLi(CTHK)../../../../../../OneDrive - Continuous 
Technologies International 
Limited/Documents/ERP_Test/node_modules/router/index.js:297:9
      at processParams (C:\Users\JackyLi(CTHK)../../../../../../OneDrive - 
Continuous Technologies International 
Limited/Documents/ERP_Test/node_modules/router/index.js:582:12)
      at next (C:\Users\JackyLi(CTHK)../../../../../../OneDrive - Continuous 
Technologies International 
Limited/Documents/ERP_Test/node_modules/router/index.js:291:5)
      at C:\Users\JackyLi(CTHK)../../../../../../OneDrive - Continuous 
Technologies International 
Limited/Documents/ERP_Test/node_modules/router/index.js:688:15
      at next (C:\Users\JackyLi(CTHK)../../../../../../OneDrive - Continuous 
Technologies International 
Limited/Documents/ERP_Test/node_modules/router/index.js:276:14)
      at next (C:\Users\JackyLi(CTHK)../../../../../../OneDrive - Continuous 
Technologies International 
Limited/Documents/ERP_Test/node_modules/router/lib/route.js:132:14)
      at Layer.handleError (C:\Users\JackyLi(CTHK)../../../../../../OneDrive - 
Continuous Technologies International 
Limited/Documents/ERP_Test/node_modules/router/lib/layer.js:111:12)
      at next (C:\Users\JackyLi(CTHK)../../../../../../OneDrive - Continuous 
Technologies International 
Limited/Documents/ERP_Test/node_modules/router/lib/route.js:155:13)
      at Layer.handleRequest (C:\Users\JackyLi(CTHK)../../../../../../OneDrive 
- Continuous Technologies International 
Limited/Documents/ERP_Test/node_modules/router/lib/layer.js:165:5)
      at next (C:\Users\JackyLi(CTHK)../../../../../../OneDrive - Continuous 
Technologies International 
Limited/Documents/ERP_Test/node_modules/router/lib/route.js:157:13)
      at requireAuth (C:\Users\JackyLi(CTHK)../../../../../../OneDrive - 
Continuous Technologies International 
Limited/Documents/ERP_Test/server/src/middleware/requireAuth.ts:23:5)
      at Layer.handleRequest (C:\Users\JackyLi(CTHK)../../../../../../OneDrive 
- Continuous Technologies International 
Limited/Documents/ERP_Test/node_modules/router/lib/layer.js:152:17)
      at next (C:\Users\JackyLi(CTHK)../../../../../../OneDrive - Continuous 
Technologies International 
Limited/Documents/ERP_Test/node_modules/router/lib/route.js:157:13)
      at Route.dispatch (C:\Users\JackyLi(CTHK)../../../../../../OneDrive - 
Continuous Technologies International 
Limited/Documents/ERP_Test/node_modules/router/lib/route.js:117:3)
      at handle (C:\Users\JackyLi(CTHK)../../../../../../OneDrive - Continuous 
Technologies International 
Limited/Documents/ERP_Test/node_modules/router/index.js:435:11)
      at Layer.handleRequest (C:\Users\JackyLi(CTHK)../../../../../../OneDrive 
- Continuous Technologies International 
Limited/Documents/ERP_Test/node_modules/router/lib/layer.js:152:17)
      at C:\Users\JackyLi(CTHK)../../../../../../OneDrive - Continuous 
Technologies International 
Limited/Documents/ERP_Test/node_modules/router/index.js:295:15
      at processParams (C:\Users\JackyLi(CTHK)../../../../../../OneDrive - 
Continuous Technologies International 
Limited/Documents/ERP_Test/node_modules/router/index.js:582:12)
      at next (C:\Users\JackyLi(CTHK)../../../../../../OneDrive - Continuous 
Technologies International 
Limited/Documents/ERP_Test/node_modules/router/index.js:291:5)
      at router.handle (C:\Users\JackyLi(CTHK)../../../../../../OneDrive - 
Continuous Technologies International 
Limited/Documents/ERP_Test/node_modules/router/index.js:186:3)
      at router (C:\Users\JackyLi(CTHK)../../../../../../OneDrive - Continuous 
Technologies International 
Limited/Documents/ERP_Test/node_modules/router/index.js:60:12)
      at Layer.handleRequest (C:\Users\JackyLi(CTHK)../../../../../../OneDrive 
- Continuous Technologies International 
Limited/Documents/ERP_Test/node_modules/router/lib/layer.js:152:17)
      at trimPrefix (C:\Users\JackyLi(CTHK)../../../../../../OneDrive - 
Continuous Technologies International 
Limited/Documents/ERP_Test/node_modules/router/index.js:342:13)
      at C:\Users\JackyLi(CTHK)../../../../../../OneDrive - Continuous 
Technologies International 
Limited/Documents/ERP_Test/node_modules/router/index.js:297:9
      at processParams (C:\Users\JackyLi(CTHK)../../../../../../OneDrive - 
Continuous Technologies International 
Limited/Documents/ERP_Test/node_modules/router/index.js:582:12)
      at next (C:\Users\JackyLi(CTHK)../../../../../../OneDrive - Continuous 
Technologies International 
Limited/Documents/ERP_Test/node_modules/router/index.js:291:5)
      at router.handle (C:\Users\JackyLi(CTHK)../../../../../../OneDrive - 
Continuous Technologies International 
Limited/Documents/ERP_Test/node_modules/router/index.js:186:3)
      at router (C:\Users\JackyLi(CTHK)../../../../../../OneDrive - Continuous 
Technologies International 
Limited/Documents/ERP_Test/node_modules/router/index.js:60:12)
      at Layer.handleRequest (C:\Users\JackyLi(CTHK)../../../../../../OneDrive 
- Continuous Technologies International 
Limited/Documents/ERP_Test/node_modules/router/lib/layer.js:152:17)
      at trimPrefix (C:\Users\JackyLi(CTHK)../../../../../../OneDrive - 
Continuous Technologies International 
Limited/Documents/ERP_Test/node_modules/router/index.js:342:13)
      at C:\Users\JackyLi(CTHK)../../../../../../OneDrive - Continuous 
Technologies International 
Limited/Documents/ERP_Test/node_modules/router/index.js:297:9
      at processParams (C:\Users\JackyLi(CTHK)../../../../../../OneDrive - 
Continuous Technologies International 
Limited/Documents/ERP_Test/node_modules/router/index.js:582:12)
      at next (C:\Users\JackyLi(CTHK)../../../../../../OneDrive - Continuous 
Technologies International 
Limited/Documents/ERP_Test/node_modules/router/index.js:291:5)
      at C:\Users\JackyLi(CTHK)../../../../../../OneDrive - Continuous 
Technologies International 
Limited/Documents/ERP_Test/node_modules/express-rate-limit/dist/index.cjs:947:7
      at C:\Users\JackyLi(CTHK)../../../../../../OneDrive - Continuous 
Technologies International 
Limited/Documents/ERP_Test/node_modules/express-rate-limit/dist/index.cjs:830:5

    console.error
      Error: Forbidden: User role 'MANAGER' does not have permission for this 
resource
          at C:\Users\JackyLi(CTHK)\OneDrive - Continuous Technologies 
International 
Limited\Documents\ERP_Test\server\src\middleware\requireRole.ts:17:13
          at Layer.handleRequest (C:\Users\JackyLi(CTHK)\OneDrive - Continuous 
Technologies International 
Limited\Documents\ERP_Test\node_modules\router\lib\layer.js:152:17)
          at next (C:\Users\JackyLi(CTHK)\OneDrive - Continuous Technologies 
International 
Limited\Documents\ERP_Test\node_modules\router\lib\route.js:157:13)
          at requireAuth (C:\Users\JackyLi(CTHK)\OneDrive - Continuous 
Technologies International 
Limited\Documents\ERP_Test\server\src\middleware\requireAuth.ts:23:5)
          at Layer.handleRequest (C:\Users\JackyLi(CTHK)\OneDrive - Continuous 
Technologies International 
Limited\Documents\ERP_Test\node_modules\router\lib\layer.js:152:17)
          at next (C:\Users\JackyLi(CTHK)\OneDrive - Continuous Technologies 
International 
Limited\Documents\ERP_Test\node_modules\router\lib\route.js:157:13)
          at Route.dispatch (C:\Users\JackyLi(CTHK)\OneDrive - Continuous 
Technologies International 
Limited\Documents\ERP_Test\node_modules\router\lib\route.js:117:3)
          at handle (C:\Users\JackyLi(CTHK)\OneDrive - Continuous Technologies 
International Limited\Documents\ERP_Test\node_modules\router\index.js:435:11)
          at Layer.handleRequest (C:\Users\JackyLi(CTHK)\OneDrive - Continuous 
Technologies International 
Limited\Documents\ERP_Test\node_modules\router\lib\layer.js:152:17)
          at C:\Users\JackyLi(CTHK)\OneDrive - Continuous Technologies 
International Limited\Documents\ERP_Test\node_modules\router\index.js:295:15
          at processParams (C:\Users\JackyLi(CTHK)\OneDrive - Continuous 
Technologies International 
Limited\Documents\ERP_Test\node_modules\router\index.js:582:12)
          at next (C:\Users\JackyLi(CTHK)\OneDrive - Continuous Technologies 
International Limited\Documents\ERP_Test\node_modules\router\index.js:291:5)
          at router.handle (C:\Users\JackyLi(CTHK)\OneDrive - Continuous 
Technologies International 
Limited\Documents\ERP_Test\node_modules\router\index.js:186:3)
          at router (C:\Users\JackyLi(CTHK)\OneDrive - Continuous Technologies 
International Limited\Documents\ERP_Test\node_modules\router\index.js:60:12)
          at Layer.handleRequest (C:\Users\JackyLi(CTHK)\OneDrive - Continuous 
Technologies International 
Limited\Documents\ERP_Test\node_modules\router\lib\layer.js:152:17)
          at trimPrefix (C:\Users\JackyLi(CTHK)\OneDrive - Continuous 
Technologies International 
Limited\Documents\ERP_Test\node_modules\router\index.js:342:13)
          at C:\Users\JackyLi(CTHK)\OneDrive - Continuous Technologies 
International Limited\Documents\ERP_Test\node_modules\router\index.js:297:9
          ... collapsed 7 duplicate lines matching above lines ...
          at processParams (C:\Users\JackyLi(CTHK)\OneDrive - Continuous 
Technologies International 
Limited\Documents\ERP_Test\node_modules\router\index.js:582:12)
          at next (C:\Users\JackyLi(CTHK)\OneDrive - Continuous Technologies 
International Limited\Documents\ERP_Test\node_modules\router\index.js:291:5)
          at C:\Users\JackyLi(CTHK)\OneDrive - Continuous Technologies 
International 
Limited\Documents\ERP_Test\node_modules\express-rate-limit\dist\index.cjs:947:7
          at processTicksAndRejections 
(node:internal/process/task_queues:103:5)
          at C:\Users\JackyLi(CTHK)\OneDrive - Continuous Technologies 
International 
Limited\Documents\ERP_Test\node_modules\express-rate-limit\dist\index.cjs:830:5

    [0m [90m 59 |[39m   [90m// eslint-disable-next-line 
@typescript-eslint/no-unused-vars[39m
     [90m 60 |[39m   app[33m.[39muse((err[33m:[39m 
[33mError[39m[33m,[39m _req[33m:[39m [33mRequest[39m[33m,[39m 
res[33m:[39m [33mResponse[39m[33m,[39m _next[33m:[39m 
[33mNextFunction[39m) [33m=>[39m {
    [31m[1m>[22m[39m[90m 61 |[39m     
console[33m.[39merror(err)[33m;[39m
     [90m    |[39m             [31m[1m^[22m[39m
     [90m 62 |[39m     [36mif[39m 
(err[33m.[39mmessage[33m.[39mincludes([32m"Unauthorized"[39m)) {
     [90m 63 |[39m       
res[33m.[39mstatus([35m401[39m)[33m.[39mjson({ message[33m:[39m 
err[33m.[39mmessage })[33m;[39m
     [90m 64 |[39m     } [36melse[39m [36mif[39m 
(err[33m.[39mmessage[33m.[39mincludes([32m"Forbidden"[39m)) {[0m

      at C:\Users\JackyLi(CTHK)../../../../../../OneDrive - Continuous 
Technologies International Limited/Documents/ERP_Test/server/src/app.ts:61:13
      at Layer.handleError (C:\Users\JackyLi(CTHK)../../../../../../OneDrive - 
Continuous Technologies International 
Limited/Documents/ERP_Test/node_modules/router/lib/layer.js:116:17)
      at trimPrefix (C:\Users\JackyLi(CTHK)../../../../../../OneDrive - 
Continuous Technologies International 
Limited/Documents/ERP_Test/node_modules/router/index.js:340:13)
      at C:\Users\JackyLi(CTHK)../../../../../../OneDrive - Continuous 
Technologies International 
Limited/Documents/ERP_Test/node_modules/router/index.js:297:9
      at processParams (C:\Users\JackyLi(CTHK)../../../../../../OneDrive - 
Continuous Technologies International 
Limited/Documents/ERP_Test/node_modules/router/index.js:582:12)
      at next (C:\Users\JackyLi(CTHK)../../../../../../OneDrive - Continuous 
Technologies International 
Limited/Documents/ERP_Test/node_modules/router/index.js:291:5)
      at Layer.handleError (C:\Users\JackyLi(CTHK)../../../../../../OneDrive - 
Continuous Technologies International 
Limited/Documents/ERP_Test/node_modules/router/lib/layer.js:111:12)
      at trimPrefix (C:\Users\JackyLi(CTHK)../../../../../../OneDrive - 
Continuous Technologies International 
Limited/Documents/ERP_Test/node_modules/router/index.js:340:13)
      at C:\Users\JackyLi(CTHK)../../../../../../OneDrive - Continuous 
Technologies International 
Limited/Documents/ERP_Test/node_modules/router/index.js:297:9
      at processParams (C:\Users\JackyLi(CTHK)../../../../../../OneDrive - 
Continuous Technologies International 
Limited/Documents/ERP_Test/node_modules/router/index.js:582:12)
      at next (C:\Users\JackyLi(CTHK)../../../../../../OneDrive - Continuous 
Technologies International 
Limited/Documents/ERP_Test/node_modules/router/index.js:291:5)
      at C:\Users\JackyLi(CTHK)../../../../../../OneDrive - Continuous 
Technologies International 
Limited/Documents/ERP_Test/node_modules/router/index.js:688:15
      at next (C:\Users\JackyLi(CTHK)../../../../../../OneDrive - Continuous 
Technologies International 
Limited/Documents/ERP_Test/node_modules/router/index.js:276:14)
      at Layer.handleError (C:\Users\JackyLi(CTHK)../../../../../../OneDrive - 
Continuous Technologies International 
Limited/Documents/ERP_Test/node_modules/router/lib/layer.js:111:12)
      at trimPrefix (C:\Users\JackyLi(CTHK)../../../../../../OneDrive - 
Continuous Technologies International 
Limited/Documents/ERP_Test/node_modules/router/index.js:340:13)
      at C:\Users\JackyLi(CTHK)../../../../../../OneDrive - Continuous 
Technologies International 
Limited/Documents/ERP_Test/node_modules/router/index.js:297:9
      at processParams (C:\Users\JackyLi(CTHK)../../../../../../OneDrive - 
Continuous Technologies International 
Limited/Documents/ERP_Test/node_modules/router/index.js:582:12)
      at next (C:\Users\JackyLi(CTHK)../../../../../../OneDrive - Continuous 
Technologies International 
Limited/Documents/ERP_Test/node_modules/router/index.js:291:5)
      at C:\Users\JackyLi(CTHK)../../../../../../OneDrive - Continuous 
Technologies International 
Limited/Documents/ERP_Test/node_modules/router/index.js:688:15
      at next (C:\Users\JackyLi(CTHK)../../../../../../OneDrive - Continuous 
Technologies International 
Limited/Documents/ERP_Test/node_modules/router/index.js:276:14)
      at next (C:\Users\JackyLi(CTHK)../../../../../../OneDrive - Continuous 
Technologies International 
Limited/Documents/ERP_Test/node_modules/router/lib/route.js:132:14)
      at Layer.handleError (C:\Users\JackyLi(CTHK)../../../../../../OneDrive - 
Continuous Technologies International 
Limited/Documents/ERP_Test/node_modules/router/lib/layer.js:111:12)
      at next (C:\Users\JackyLi(CTHK)../../../../../../OneDrive - Continuous 
Technologies International 
Limited/Documents/ERP_Test/node_modules/router/lib/route.js:155:13)
      at Layer.handleRequest (C:\Users\JackyLi(CTHK)../../../../../../OneDrive 
- Continuous Technologies International 
Limited/Documents/ERP_Test/node_modules/router/lib/layer.js:165:5)
      at next (C:\Users\JackyLi(CTHK)../../../../../../OneDrive - Continuous 
Technologies International 
Limited/Documents/ERP_Test/node_modules/router/lib/route.js:157:13)
      at requireAuth (C:\Users\JackyLi(CTHK)../../../../../../OneDrive - 
Continuous Technologies International 
Limited/Documents/ERP_Test/server/src/middleware/requireAuth.ts:23:5)
      at Layer.handleRequest (C:\Users\JackyLi(CTHK)../../../../../../OneDrive 
- Continuous Technologies International 
Limited/Documents/ERP_Test/node_modules/router/lib/layer.js:152:17)
      at next (C:\Users\JackyLi(CTHK)../../../../../../OneDrive - Continuous 
Technologies International 
Limited/Documents/ERP_Test/node_modules/router/lib/route.js:157:13)
      at Route.dispatch (C:\Users\JackyLi(CTHK)../../../../../../OneDrive - 
Continuous Technologies International 
Limited/Documents/ERP_Test/node_modules/router/lib/route.js:117:3)
      at handle (C:\Users\JackyLi(CTHK)../../../../../../OneDrive - Continuous 
Technologies International 
Limited/Documents/ERP_Test/node_modules/router/index.js:435:11)
      at Layer.handleRequest (C:\Users\JackyLi(CTHK)../../../../../../OneDrive 
- Continuous Technologies International 
Limited/Documents/ERP_Test/node_modules/router/lib/layer.js:152:17)
      at C:\Users\JackyLi(CTHK)../../../../../../OneDrive - Continuous 
Technologies International 
Limited/Documents/ERP_Test/node_modules/router/index.js:295:15
      at processParams (C:\Users\JackyLi(CTHK)../../../../../../OneDrive - 
Continuous Technologies International 
Limited/Documents/ERP_Test/node_modules/router/index.js:582:12)
      at next (C:\Users\JackyLi(CTHK)../../../../../../OneDrive - Continuous 
Technologies International 
Limited/Documents/ERP_Test/node_modules/router/index.js:291:5)
      at router.handle (C:\Users\JackyLi(CTHK)../../../../../../OneDrive - 
Continuous Technologies International 
Limited/Documents/ERP_Test/node_modules/router/index.js:186:3)
      at router (C:\Users\JackyLi(CTHK)../../../../../../OneDrive - Continuous 
Technologies International 
Limited/Documents/ERP_Test/node_modules/router/index.js:60:12)
      at Layer.handleRequest (C:\Users\JackyLi(CTHK)../../../../../../OneDrive 
- Continuous Technologies International 
Limited/Documents/ERP_Test/node_modules/router/lib/layer.js:152:17)
      at trimPrefix (C:\Users\JackyLi(CTHK)../../../../../../OneDrive - 
Continuous Technologies International 
Limited/Documents/ERP_Test/node_modules/router/index.js:342:13)
      at C:\Users\JackyLi(CTHK)../../../../../../OneDrive - Continuous 
Technologies International 
Limited/Documents/ERP_Test/node_modules/router/index.js:297:9
      at processParams (C:\Users\JackyLi(CTHK)../../../../../../OneDrive - 
Continuous Technologies International 
Limited/Documents/ERP_Test/node_modules/router/index.js:582:12)
      at next (C:\Users\JackyLi(CTHK)../../../../../../OneDrive - Continuous 
Technologies International 
Limited/Documents/ERP_Test/node_modules/router/index.js:291:5)
      at router.handle (C:\Users\JackyLi(CTHK)../../../../../../OneDrive - 
Continuous Technologies International 
Limited/Documents/ERP_Test/node_modules/router/index.js:186:3)
      at router (C:\Users\JackyLi(CTHK)../../../../../../OneDrive - Continuous 
Technologies International 
Limited/Documents/ERP_Test/node_modules/router/index.js:60:12)
      at Layer.handleRequest (C:\Users\JackyLi(CTHK)../../../../../../OneDrive 
- Continuous Technologies International 
Limited/Documents/ERP_Test/node_modules/router/lib/layer.js:152:17)
      at trimPrefix (C:\Users\JackyLi(CTHK)../../../../../../OneDrive - 
Continuous Technologies International 
Limited/Documents/ERP_Test/node_modules/router/index.js:342:13)
      at C:\Users\JackyLi(CTHK)../../../../../../OneDrive - Continuous 
Technologies International 
Limited/Documents/ERP_Test/node_modules/router/index.js:297:9
      at processParams (C:\Users\JackyLi(CTHK)../../../../../../OneDrive - 
Continuous Technologies International 
Limited/Documents/ERP_Test/node_modules/router/index.js:582:12)
      at next (C:\Users\JackyLi(CTHK)../../../../../../OneDrive - Continuous 
Technologies International 
Limited/Documents/ERP_Test/node_modules/router/index.js:291:5)
      at C:\Users\JackyLi(CTHK)../../../../../../OneDrive - Continuous 
Technologies International 
Limited/Documents/ERP_Test/node_modules/express-rate-limit/dist/index.cjs:947:7
      at C:\Users\JackyLi(CTHK)../../../../../../OneDrive - Continuous 
Technologies International 
Limited/Documents/ERP_Test/node_modules/express-rate-limit/dist/index.cjs:830:5

    console.error
      Error: Forbidden: User role 'EMPLOYEE' does not have permission for this 
resource
          at C:\Users\JackyLi(CTHK)\OneDrive - Continuous Technologies 
International 
Limited\Documents\ERP_Test\server\src\middleware\requireRole.ts:17:13
          at Layer.handleRequest (C:\Users\JackyLi(CTHK)\OneDrive - Continuous 
Technologies International 
Limited\Documents\ERP_Test\node_modules\router\lib\layer.js:152:17)
          at next (C:\Users\JackyLi(CTHK)\OneDrive - Continuous Technologies 
International 
Limited\Documents\ERP_Test\node_modules\router\lib\route.js:157:13)
          at requireAuth (C:\Users\JackyLi(CTHK)\OneDrive - Continuous 
Technologies International 
Limited\Documents\ERP_Test\server\src\middleware\requireAuth.ts:23:5)
          at Layer.handleRequest (C:\Users\JackyLi(CTHK)\OneDrive - Continuous 
Technologies International 
Limited\Documents\ERP_Test\node_modules\router\lib\layer.js:152:17)
          at next (C:\Users\JackyLi(CTHK)\OneDrive - Continuous Technologies 
International 
Limited\Documents\ERP_Test\node_modules\router\lib\route.js:157:13)
          at Route.dispatch (C:\Users\JackyLi(CTHK)\OneDrive - Continuous 
Technologies International 
Limited\Documents\ERP_Test\node_modules\router\lib\route.js:117:3)
          at handle (C:\Users\JackyLi(CTHK)\OneDrive - Continuous Technologies 
International Limited\Documents\ERP_Test\node_modules\router\index.js:435:11)
          at Layer.handleRequest (C:\Users\JackyLi(CTHK)\OneDrive - Continuous 
Technologies International 
Limited\Documents\ERP_Test\node_modules\router\lib\layer.js:152:17)
          at C:\Users\JackyLi(CTHK)\OneDrive - Continuous Technologies 
International Limited\Documents\ERP_Test\node_modules\router\index.js:295:15
          at param (C:\Users\JackyLi(CTHK)\OneDrive - Continuous Technologies 
International Limited\Documents\ERP_Test\node_modules\router\index.js:600:14)
          at param (C:\Users\JackyLi(CTHK)\OneDrive - Continuous Technologies 
International Limited\Documents\ERP_Test\node_modules\router\index.js:610:14)
          at processParams (C:\Users\JackyLi(CTHK)\OneDrive - Continuous 
Technologies International 
Limited\Documents\ERP_Test\node_modules\router\index.js:664:3)
          at next (C:\Users\JackyLi(CTHK)\OneDrive - Continuous Technologies 
International Limited\Documents\ERP_Test\node_modules\router\index.js:291:5)
          at router.handle (C:\Users\JackyLi(CTHK)\OneDrive - Continuous 
Technologies International 
Limited\Documents\ERP_Test\node_modules\router\index.js:186:3)
          at router (C:\Users\JackyLi(CTHK)\OneDrive - Continuous Technologies 
International Limited\Documents\ERP_Test\node_modules\router\index.js:60:12)
          at Layer.handleRequest (C:\Users\JackyLi(CTHK)\OneDrive - Continuous 
Technologies International 
Limited\Documents\ERP_Test\node_modules\router\lib\layer.js:152:17)
          at trimPrefix (C:\Users\JackyLi(CTHK)\OneDrive - Continuous 
Technologies International 
Limited\Documents\ERP_Test\node_modules\router\index.js:342:13)
          at C:\Users\JackyLi(CTHK)\OneDrive - Continuous Technologies 
International Limited\Documents\ERP_Test\node_modules\router\index.js:297:9
          at processParams (C:\Users\JackyLi(CTHK)\OneDrive - Continuous 
Technologies International 
Limited\Documents\ERP_Test\node_modules\router\index.js:582:12)
          ... collapsed 7 duplicate lines matching above lines ...
          at next (C:\Users\JackyLi(CTHK)\OneDrive - Continuous Technologies 
International Limited\Documents\ERP_Test\node_modules\router\index.js:291:5)
          at C:\Users\JackyLi(CTHK)\OneDrive - Continuous Technologies 
International 
Limited\Documents\ERP_Test\node_modules\express-rate-limit\dist\index.cjs:947:7
          at processTicksAndRejections 
(node:internal/process/task_queues:103:5)
          at C:\Users\JackyLi(CTHK)\OneDrive - Continuous Technologies 
International 
Limited\Documents\ERP_Test\node_modules\express-rate-limit\dist\index.cjs:830:5

    [0m [90m 59 |[39m   [90m// eslint-disable-next-line 
@typescript-eslint/no-unused-vars[39m
     [90m 60 |[39m   app[33m.[39muse((err[33m:[39m 
[33mError[39m[33m,[39m _req[33m:[39m [33mRequest[39m[33m,[39m 
res[33m:[39m [33mResponse[39m[33m,[39m _next[33m:[39m 
[33mNextFunction[39m) [33m=>[39m {
    [31m[1m>[22m[39m[90m 61 |[39m     
console[33m.[39merror(err)[33m;[39m
     [90m    |[39m             [31m[1m^[22m[39m
     [90m 62 |[39m     [36mif[39m 
(err[33m.[39mmessage[33m.[39mincludes([32m"Unauthorized"[39m)) {
     [90m 63 |[39m       
res[33m.[39mstatus([35m401[39m)[33m.[39mjson({ message[33m:[39m 
err[33m.[39mmessage })[33m;[39m
     [90m 64 |[39m     } [36melse[39m [36mif[39m 
(err[33m.[39mmessage[33m.[39mincludes([32m"Forbidden"[39m)) {[0m

      at C:\Users\JackyLi(CTHK)../../../../../../OneDrive - Continuous 
Technologies International Limited/Documents/ERP_Test/server/src/app.ts:61:13
      at Layer.handleError (C:\Users\JackyLi(CTHK)../../../../../../OneDrive - 
Continuous Technologies International 
Limited/Documents/ERP_Test/node_modules/router/lib/layer.js:116:17)
      at trimPrefix (C:\Users\JackyLi(CTHK)../../../../../../OneDrive - 
Continuous Technologies International 
Limited/Documents/ERP_Test/node_modules/router/index.js:340:13)
      at C:\Users\JackyLi(CTHK)../../../../../../OneDrive - Continuous 
Technologies International 
Limited/Documents/ERP_Test/node_modules/router/index.js:297:9
      at processParams (C:\Users\JackyLi(CTHK)../../../../../../OneDrive - 
Continuous Technologies International 
Limited/Documents/ERP_Test/node_modules/router/index.js:582:12)
      at next (C:\Users\JackyLi(CTHK)../../../../../../OneDrive - Continuous 
Technologies International 
Limited/Documents/ERP_Test/node_modules/router/index.js:291:5)
      at Layer.handleError (C:\Users\JackyLi(CTHK)../../../../../../OneDrive - 
Continuous Technologies International 
Limited/Documents/ERP_Test/node_modules/router/lib/layer.js:111:12)
      at trimPrefix (C:\Users\JackyLi(CTHK)../../../../../../OneDrive - 
Continuous Technologies International 
Limited/Documents/ERP_Test/node_modules/router/index.js:340:13)
      at C:\Users\JackyLi(CTHK)../../../../../../OneDrive - Continuous 
Technologies International 
Limited/Documents/ERP_Test/node_modules/router/index.js:297:9
      at processParams (C:\Users\JackyLi(CTHK)../../../../../../OneDrive - 
Continuous Technologies International 
Limited/Documents/ERP_Test/node_modules/router/index.js:582:12)
      at next (C:\Users\JackyLi(CTHK)../../../../../../OneDrive - Continuous 
Technologies International 
Limited/Documents/ERP_Test/node_modules/router/index.js:291:5)
      at C:\Users\JackyLi(CTHK)../../../../../../OneDrive - Continuous 
Technologies International 
Limited/Documents/ERP_Test/node_modules/router/index.js:688:15
      at next (C:\Users\JackyLi(CTHK)../../../../../../OneDrive - Continuous 
Technologies International 
Limited/Documents/ERP_Test/node_modules/router/index.js:276:14)
      at Layer.handleError (C:\Users\JackyLi(CTHK)../../../../../../OneDrive - 
Continuous Technologies International 
Limited/Documents/ERP_Test/node_modules/router/lib/layer.js:111:12)
      at trimPrefix (C:\Users\JackyLi(CTHK)../../../../../../OneDrive - 
Continuous Technologies International 
Limited/Documents/ERP_Test/node_modules/router/index.js:340:13)
      at C:\Users\JackyLi(CTHK)../../../../../../OneDrive - Continuous 
Technologies International 
Limited/Documents/ERP_Test/node_modules/router/index.js:297:9
      at processParams (C:\Users\JackyLi(CTHK)../../../../../../OneDrive - 
Continuous Technologies International 
Limited/Documents/ERP_Test/node_modules/router/index.js:582:12)
      at next (C:\Users\JackyLi(CTHK)../../../../../../OneDrive - Continuous 
Technologies International 
Limited/Documents/ERP_Test/node_modules/router/index.js:291:5)
      at C:\Users\JackyLi(CTHK)../../../../../../OneDrive - Continuous 
Technologies International 
Limited/Documents/ERP_Test/node_modules/router/index.js:688:15
      at next (C:\Users\JackyLi(CTHK)../../../../../../OneDrive - Continuous 
Technologies International 
Limited/Documents/ERP_Test/node_modules/router/index.js:276:14)
      at next (C:\Users\JackyLi(CTHK)../../../../../../OneDrive - Continuous 
Technologies International 
Limited/Documents/ERP_Test/node_modules/router/lib/route.js:132:14)
      at Layer.handleError (C:\Users\JackyLi(CTHK)../../../../../../OneDrive - 
Continuous Technologies International 
Limited/Documents/ERP_Test/node_modules/router/lib/layer.js:111:12)
      at next (C:\Users\JackyLi(CTHK)../../../../../../OneDrive - Continuous 
Technologies International 
Limited/Documents/ERP_Test/node_modules/router/lib/route.js:155:13)
      at Layer.handleRequest (C:\Users\JackyLi(CTHK)../../../../../../OneDrive 
- Continuous Technologies International 
Limited/Documents/ERP_Test/node_modules/router/lib/layer.js:165:5)
      at next (C:\Users\JackyLi(CTHK)../../../../../../OneDrive - Continuous 
Technologies International 
Limited/Documents/ERP_Test/node_modules/router/lib/route.js:157:13)
      at requireAuth (C:\Users\JackyLi(CTHK)../../../../../../OneDrive - 
Continuous Technologies International 
Limited/Documents/ERP_Test/server/src/middleware/requireAuth.ts:23:5)
      at Layer.handleRequest (C:\Users\JackyLi(CTHK)../../../../../../OneDrive 
- Continuous Technologies International 
Limited/Documents/ERP_Test/node_modules/router/lib/layer.js:152:17)
      at next (C:\Users\JackyLi(CTHK)../../../../../../OneDrive - Continuous 
Technologies International 
Limited/Documents/ERP_Test/node_modules/router/lib/route.js:157:13)
      at Route.dispatch (C:\Users\JackyLi(CTHK)../../../../../../OneDrive - 
Continuous Technologies International 
Limited/Documents/ERP_Test/node_modules/router/lib/route.js:117:3)
      at handle (C:\Users\JackyLi(CTHK)../../../../../../OneDrive - Continuous 
Technologies International 
Limited/Documents/ERP_Test/node_modules/router/index.js:435:11)
      at Layer.handleRequest (C:\Users\JackyLi(CTHK)../../../../../../OneDrive 
- Continuous Technologies International 
Limited/Documents/ERP_Test/node_modules/router/lib/layer.js:152:17)
      at C:\Users\JackyLi(CTHK)../../../../../../OneDrive - Continuous 
Technologies International 
Limited/Documents/ERP_Test/node_modules/router/index.js:295:15
      at param (C:\Users\JackyLi(CTHK)../../../../../../OneDrive - Continuous 
Technologies International 
Limited/Documents/ERP_Test/node_modules/router/index.js:600:14)
      at param (C:\Users\JackyLi(CTHK)../../../../../../OneDrive - Continuous 
Technologies International 
Limited/Documents/ERP_Test/node_modules/router/index.js:610:14)
      at processParams (C:\Users\JackyLi(CTHK)../../../../../../OneDrive - 
Continuous Technologies International 
Limited/Documents/ERP_Test/node_modules/router/index.js:664:3)
      at next (C:\Users\JackyLi(CTHK)../../../../../../OneDrive - Continuous 
Technologies International 
Limited/Documents/ERP_Test/node_modules/router/index.js:291:5)
      at router.handle (C:\Users\JackyLi(CTHK)../../../../../../OneDrive - 
Continuous Technologies International 
Limited/Documents/ERP_Test/node_modules/router/index.js:186:3)
      at router (C:\Users\JackyLi(CTHK)../../../../../../OneDrive - Continuous 
Technologies International 
Limited/Documents/ERP_Test/node_modules/router/index.js:60:12)
      at Layer.handleRequest (C:\Users\JackyLi(CTHK)../../../../../../OneDrive 
- Continuous Technologies International 
Limited/Documents/ERP_Test/node_modules/router/lib/layer.js:152:17)
      at trimPrefix (C:\Users\JackyLi(CTHK)../../../../../../OneDrive - 
Continuous Technologies International 
Limited/Documents/ERP_Test/node_modules/router/index.js:342:13)
      at C:\Users\JackyLi(CTHK)../../../../../../OneDrive - Continuous 
Technologies International 
Limited/Documents/ERP_Test/node_modules/router/index.js:297:9
      at processParams (C:\Users\JackyLi(CTHK)../../../../../../OneDrive - 
Continuous Technologies International 
Limited/Documents/ERP_Test/node_modules/router/index.js:582:12)
      at next (C:\Users\JackyLi(CTHK)../../../../../../OneDrive - Continuous 
Technologies International 
Limited/Documents/ERP_Test/node_modules/router/index.js:291:5)
      at router.handle (C:\Users\JackyLi(CTHK)../../../../../../OneDrive - 
Continuous Technologies International 
Limited/Documents/ERP_Test/node_modules/router/index.js:186:3)
      at router (C:\Users\JackyLi(CTHK)../../../../../../OneDrive - Continuous 
Technologies International 
Limited/Documents/ERP_Test/node_modules/router/index.js:60:12)
      at Layer.handleRequest (C:\Users\JackyLi(CTHK)../../../../../../OneDrive 
- Continuous Technologies International 
Limited/Documents/ERP_Test/node_modules/router/lib/layer.js:152:17)
      at trimPrefix (C:\Users\JackyLi(CTHK)../../../../../../OneDrive - 
Continuous Technologies International 
Limited/Documents/ERP_Test/node_modules/router/index.js:342:13)
      at C:\Users\JackyLi(CTHK)../../../../../../OneDrive - Continuous 
Technologies International 
Limited/Documents/ERP_Test/node_modules/router/index.js:297:9
      at processParams (C:\Users\JackyLi(CTHK)../../../../../../OneDrive - 
Continuous Technologies International 
Limited/Documents/ERP_Test/node_modules/router/index.js:582:12)
      at next (C:\Users\JackyLi(CTHK)../../../../../../OneDrive - Continuous 
Technologies International 
Limited/Documents/ERP_Test/node_modules/router/index.js:291:5)
      at C:\Users\JackyLi(CTHK)../../../../../../OneDrive - Continuous 
Technologies International 
Limited/Documents/ERP_Test/node_modules/express-rate-limit/dist/index.cjs:947:7
      at C:\Users\JackyLi(CTHK)../../../../../../OneDrive - Continuous 
Technologies International 
Limited/Documents/ERP_Test/node_modules/express-rate-limit/dist/index.cjs:830:5

    console.error
      Error: Forbidden: User role 'EMPLOYEE' does not have permission for this 
resource
          at C:\Users\JackyLi(CTHK)\OneDrive - Continuous Technologies 
International 
Limited\Documents\ERP_Test\server\src\middleware\requireRole.ts:17:13
          at Layer.handleRequest (C:\Users\JackyLi(CTHK)\OneDrive - Continuous 
Technologies International 
Limited\Documents\ERP_Test\node_modules\router\lib\layer.js:152:17)
          at next (C:\Users\JackyLi(CTHK)\OneDrive - Continuous Technologies 
International 
Limited\Documents\ERP_Test\node_modules\router\lib\route.js:157:13)
          at requireAuth (C:\Users\JackyLi(CTHK)\OneDrive - Continuous 
Technologies International 
Limited\Documents\ERP_Test\server\src\middleware\requireAuth.ts:23:5)
          at Layer.handleRequest (C:\Users\JackyLi(CTHK)\OneDrive - Continuous 
Technologies International 
Limited\Documents\ERP_Test\node_modules\router\lib\layer.js:152:17)
          at next (C:\Users\JackyLi(CTHK)\OneDrive - Continuous Technologies 
International 
Limited\Documents\ERP_Test\node_modules\router\lib\route.js:157:13)
          at Route.dispatch (C:\Users\JackyLi(CTHK)\OneDrive - Continuous 
Technologies International 
Limited\Documents\ERP_Test\node_modules\router\lib\route.js:117:3)
          at handle (C:\Users\JackyLi(CTHK)\OneDrive - Continuous Technologies 
International Limited\Documents\ERP_Test\node_modules\router\index.js:435:11)
          at Layer.handleRequest (C:\Users\JackyLi(CTHK)\OneDrive - Continuous 
Technologies International 
Limited\Documents\ERP_Test\node_modules\router\lib\layer.js:152:17)
          at C:\Users\JackyLi(CTHK)\OneDrive - Continuous Technologies 
International Limited\Documents\ERP_Test\node_modules\router\index.js:295:15
          at param (C:\Users\JackyLi(CTHK)\OneDrive - Continuous Technologies 
International Limited\Documents\ERP_Test\node_modules\router\index.js:600:14)
          at param (C:\Users\JackyLi(CTHK)\OneDrive - Continuous Technologies 
International Limited\Documents\ERP_Test\node_modules\router\index.js:610:14)
          at processParams (C:\Users\JackyLi(CTHK)\OneDrive - Continuous 
Technologies International 
Limited\Documents\ERP_Test\node_modules\router\index.js:664:3)
          at next (C:\Users\JackyLi(CTHK)\OneDrive - Continuous Technologies 
International Limited\Documents\ERP_Test\node_modules\router\index.js:291:5)
          at router.handle (C:\Users\JackyLi(CTHK)\OneDrive - Continuous 
Technologies International 
Limited\Documents\ERP_Test\node_modules\router\index.js:186:3)
          at router (C:\Users\JackyLi(CTHK)\OneDrive - Continuous Technologies 
International Limited\Documents\ERP_Test\node_modules\router\index.js:60:12)
          at Layer.handleRequest (C:\Users\JackyLi(CTHK)\OneDrive - Continuous 
Technologies International 
Limited\Documents\ERP_Test\node_modules\router\lib\layer.js:152:17)
          at trimPrefix (C:\Users\JackyLi(CTHK)\OneDrive - Continuous 
Technologies International 
Limited\Documents\ERP_Test\node_modules\router\index.js:342:13)
          at C:\Users\JackyLi(CTHK)\OneDrive - Continuous Technologies 
International Limited\Documents\ERP_Test\node_modules\router\index.js:297:9
          at processParams (C:\Users\JackyLi(CTHK)\OneDrive - Continuous 
Technologies International 
Limited\Documents\ERP_Test\node_modules\router\index.js:582:12)
          ... collapsed 7 duplicate lines matching above lines ...
          at next (C:\Users\JackyLi(CTHK)\OneDrive - Continuous Technologies 
International Limited\Documents\ERP_Test\node_modules\router\index.js:291:5)
          at C:\Users\JackyLi(CTHK)\OneDrive - Continuous Technologies 
International 
Limited\Documents\ERP_Test\node_modules\express-rate-limit\dist\index.cjs:947:7
          at processTicksAndRejections 
(node:internal/process/task_queues:103:5)
          at C:\Users\JackyLi(CTHK)\OneDrive - Continuous Technologies 
International 
Limited\Documents\ERP_Test\node_modules\express-rate-limit\dist\index.cjs:830:5

    [0m [90m 59 |[39m   [90m// eslint-disable-next-line 
@typescript-eslint/no-unused-vars[39m
     [90m 60 |[39m   app[33m.[39muse((err[33m:[39m 
[33mError[39m[33m,[39m _req[33m:[39m [33mRequest[39m[33m,[39m 
res[33m:[39m [33mResponse[39m[33m,[39m _next[33m:[39m 
[33mNextFunction[39m) [33m=>[39m {
    [31m[1m>[22m[39m[90m 61 |[39m     
console[33m.[39merror(err)[33m;[39m
     [90m    |[39m             [31m[1m^[22m[39m
     [90m 62 |[39m     [36mif[39m 
(err[33m.[39mmessage[33m.[39mincludes([32m"Unauthorized"[39m)) {
     [90m 63 |[39m       
res[33m.[39mstatus([35m401[39m)[33m.[39mjson({ message[33m:[39m 
err[33m.[39mmessage })[33m;[39m
     [90m 64 |[39m     } [36melse[39m [36mif[39m 
(err[33m.[39mmessage[33m.[39mincludes([32m"Forbidden"[39m)) {[0m

      at C:\Users\JackyLi(CTHK)../../../../../../OneDrive - Continuous 
Technologies International Limited/Documents/ERP_Test/server/src/app.ts:61:13
      at Layer.handleError (C:\Users\JackyLi(CTHK)../../../../../../OneDrive - 
Continuous Technologies International 
Limited/Documents/ERP_Test/node_modules/router/lib/layer.js:116:17)
      at trimPrefix (C:\Users\JackyLi(CTHK)../../../../../../OneDrive - 
Continuous Technologies International 
Limited/Documents/ERP_Test/node_modules/router/index.js:340:13)
      at C:\Users\JackyLi(CTHK)../../../../../../OneDrive - Continuous 
Technologies International 
Limited/Documents/ERP_Test/node_modules/router/index.js:297:9
      at processParams (C:\Users\JackyLi(CTHK)../../../../../../OneDrive - 
Continuous Technologies International 
Limited/Documents/ERP_Test/node_modules/router/index.js:582:12)
      at next (C:\Users\JackyLi(CTHK)../../../../../../OneDrive - Continuous 
Technologies International 
Limited/Documents/ERP_Test/node_modules/router/index.js:291:5)
      at Layer.handleError (C:\Users\JackyLi(CTHK)../../../../../../OneDrive - 
Continuous Technologies International 
Limited/Documents/ERP_Test/node_modules/router/lib/layer.js:111:12)
      at trimPrefix (C:\Users\JackyLi(CTHK)../../../../../../OneDrive - 
Continuous Technologies International 
Limited/Documents/ERP_Test/node_modules/router/index.js:340:13)
      at C:\Users\JackyLi(CTHK)../../../../../../OneDrive - Continuous 
Technologies International 
Limited/Documents/ERP_Test/node_modules/router/index.js:297:9
      at processParams (C:\Users\JackyLi(CTHK)../../../../../../OneDrive - 
Continuous Technologies International 
Limited/Documents/ERP_Test/node_modules/router/index.js:582:12)
      at next (C:\Users\JackyLi(CTHK)../../../../../../OneDrive - Continuous 
Technologies International 
Limited/Documents/ERP_Test/node_modules/router/index.js:291:5)
      at C:\Users\JackyLi(CTHK)../../../../../../OneDrive - Continuous 
Technologies International 
Limited/Documents/ERP_Test/node_modules/router/index.js:688:15
      at next (C:\Users\JackyLi(CTHK)../../../../../../OneDrive - Continuous 
Technologies International 
Limited/Documents/ERP_Test/node_modules/router/index.js:276:14)
      at Layer.handleError (C:\Users\JackyLi(CTHK)../../../../../../OneDrive - 
Continuous Technologies International 
Limited/Documents/ERP_Test/node_modules/router/lib/layer.js:111:12)
      at trimPrefix (C:\Users\JackyLi(CTHK)../../../../../../OneDrive - 
Continuous Technologies International 
Limited/Documents/ERP_Test/node_modules/router/index.js:340:13)
      at C:\Users\JackyLi(CTHK)../../../../../../OneDrive - Continuous 
Technologies International 
Limited/Documents/ERP_Test/node_modules/router/index.js:297:9
      at processParams (C:\Users\JackyLi(CTHK)../../../../../../OneDrive - 
Continuous Technologies International 
Limited/Documents/ERP_Test/node_modules/router/index.js:582:12)
      at Immediate.next (C:\Users\JackyLi(CTHK)../../../../../../OneDrive - 
Continuous Technologies International 
Limited/Documents/ERP_Test/node_modules/router/index.js:291:5)
      at Immediate._onImmediate 
(C:\Users\JackyLi(CTHK)../../../../../../OneDrive - Continuous Technologies 
International Limited/Documents/ERP_Test/node_modules/router/index.js:688:15)

PASS src/__tests__/holidays.route.test.ts
  ΓùÅ Console

    console.log
      [dotenv@17.3.1] injecting env (10) from ..\.env -- tip: ≡ƒñû agentic 
secret storage: https://dotenvx.com/as2

      at _log (C:\Users\JackyLi(CTHK)../../../../../../OneDrive - Continuous 
Technologies International 
Limited/Documents/ERP_Test/node_modules/dotenv/lib/main.js:139:11)

    console.error
      Error: Unauthorized: Missing or invalid Authorization header
          at requireAuth (C:\Users\JackyLi(CTHK)\OneDrive - Continuous 
Technologies International 
Limited\Documents\ERP_Test\server\src\middleware\requireAuth.ts:12:11)
          at Layer.handleRequest (C:\Users\JackyLi(CTHK)\OneDrive - Continuous 
Technologies International 
Limited\Documents\ERP_Test\node_modules\router\lib\layer.js:152:17)
          at next (C:\Users\JackyLi(CTHK)\OneDrive - Continuous Technologies 
International 
Limited\Documents\ERP_Test\node_modules\router\lib\route.js:157:13)
          at Route.dispatch (C:\Users\JackyLi(CTHK)\OneDrive - Continuous 
Technologies International 
Limited\Documents\ERP_Test\node_modules\router\lib\route.js:117:3)
          at handle (C:\Users\JackyLi(CTHK)\OneDrive - Continuous Technologies 
International Limited\Documents\ERP_Test\node_modules\router\index.js:435:11)
          at Layer.handleRequest (C:\Users\JackyLi(CTHK)\OneDrive - Continuous 
Technologies International 
Limited\Documents\ERP_Test\node_modules\router\lib\layer.js:152:17)
          at C:\Users\JackyLi(CTHK)\OneDrive - Continuous Technologies 
International Limited\Documents\ERP_Test\node_modules\router\index.js:295:15
          at processParams (C:\Users\JackyLi(CTHK)\OneDrive - Continuous 
Technologies International 
Limited\Documents\ERP_Test\node_modules\router\index.js:582:12)
          at next (C:\Users\JackyLi(CTHK)\OneDrive - Continuous Technologies 
International Limited\Documents\ERP_Test\node_modules\router\index.js:291:5)
          at router.handle (C:\Users\JackyLi(CTHK)\OneDrive - Continuous 
Technologies International 
Limited\Documents\ERP_Test\node_modules\router\index.js:186:3)
          at router (C:\Users\JackyLi(CTHK)\OneDrive - Continuous Technologies 
International Limited\Documents\ERP_Test\node_modules\router\index.js:60:12)
          at Layer.handleRequest (C:\Users\JackyLi(CTHK)\OneDrive - Continuous 
Technologies International 
Limited\Documents\ERP_Test\node_modules\router\lib\layer.js:152:17)
          at trimPrefix (C:\Users\JackyLi(CTHK)\OneDrive - Continuous 
Technologies International 
Limited\Documents\ERP_Test\node_modules\router\index.js:342:13)
          at C:\Users\JackyLi(CTHK)\OneDrive - Continuous Technologies 
International Limited\Documents\ERP_Test\node_modules\router\index.js:297:9
          ... collapsed 7 duplicate lines matching above lines ...
          at processParams (C:\Users\JackyLi(CTHK)\OneDrive - Continuous 
Technologies International 
Limited\Documents\ERP_Test\node_modules\router\index.js:582:12)
          at next (C:\Users\JackyLi(CTHK)\OneDrive - Continuous Technologies 
International Limited\Documents\ERP_Test\node_modules\router\index.js:291:5)
          at C:\Users\JackyLi(CTHK)\OneDrive - Continuous Technologies 
International 
Limited\Documents\ERP_Test\node_modules\express-rate-limit\dist\index.cjs:947:7
          at processTicksAndRejections 
(node:internal/process/task_queues:103:5)
          at C:\Users\JackyLi(CTHK)\OneDrive - Continuous Technologies 
International 
Limited\Documents\ERP_Test\node_modules\express-rate-limit\dist\index.cjs:830:5

    [0m [90m 59 |[39m   [90m// eslint-disable-next-line 
@typescript-eslint/no-unused-vars[39m
     [90m 60 |[39m   app[33m.[39muse((err[33m:[39m 
[33mError[39m[33m,[39m _req[33m:[39m [33mRequest[39m[33m,[39m 
res[33m:[39m [33mResponse[39m[33m,[39m _next[33m:[39m 
[33mNextFunction[39m) [33m=>[39m {
    [31m[1m>[22m[39m[90m 61 |[39m     
console[33m.[39merror(err)[33m;[39m
     [90m    |[39m             [31m[1m^[22m[39m
     [90m 62 |[39m     [36mif[39m 
(err[33m.[39mmessage[33m.[39mincludes([32m"Unauthorized"[39m)) {
     [90m 63 |[39m       
res[33m.[39mstatus([35m401[39m)[33m.[39mjson({ message[33m:[39m 
err[33m.[39mmessage })[33m;[39m
     [90m 64 |[39m     } [36melse[39m [36mif[39m 
(err[33m.[39mmessage[33m.[39mincludes([32m"Forbidden"[39m)) {[0m

      at C:\Users\JackyLi(CTHK)../../../../../../OneDrive - Continuous 
Technologies International Limited/Documents/ERP_Test/server/src/app.ts:61:13
      at Layer.handleError (C:\Users\JackyLi(CTHK)../../../../../../OneDrive - 
Continuous Technologies International 
Limited/Documents/ERP_Test/node_modules/router/lib/layer.js:116:17)
      at trimPrefix (C:\Users\JackyLi(CTHK)../../../../../../OneDrive - 
Continuous Technologies International 
Limited/Documents/ERP_Test/node_modules/router/index.js:340:13)
      at C:\Users\JackyLi(CTHK)../../../../../../OneDrive - Continuous 
Technologies International 
Limited/Documents/ERP_Test/node_modules/router/index.js:297:9
      at processParams (C:\Users\JackyLi(CTHK)../../../../../../OneDrive - 
Continuous Technologies International 
Limited/Documents/ERP_Test/node_modules/router/index.js:582:12)
      at next (C:\Users\JackyLi(CTHK)../../../../../../OneDrive - Continuous 
Technologies International 
Limited/Documents/ERP_Test/node_modules/router/index.js:291:5)
      at Layer.handleError (C:\Users\JackyLi(CTHK)../../../../../../OneDrive - 
Continuous Technologies International 
Limited/Documents/ERP_Test/node_modules/router/lib/layer.js:111:12)
      at trimPrefix (C:\Users\JackyLi(CTHK)../../../../../../OneDrive - 
Continuous Technologies International 
Limited/Documents/ERP_Test/node_modules/router/index.js:340:13)
      at C:\Users\JackyLi(CTHK)../../../../../../OneDrive - Continuous 
Technologies International 
Limited/Documents/ERP_Test/node_modules/router/index.js:297:9
      at processParams (C:\Users\JackyLi(CTHK)../../../../../../OneDrive - 
Continuous Technologies International 
Limited/Documents/ERP_Test/node_modules/router/index.js:582:12)
      at next (C:\Users\JackyLi(CTHK)../../../../../../OneDrive - Continuous 
Technologies International 
Limited/Documents/ERP_Test/node_modules/router/index.js:291:5)
      at C:\Users\JackyLi(CTHK)../../../../../../OneDrive - Continuous 
Technologies International 
Limited/Documents/ERP_Test/node_modules/router/index.js:688:15
      at next (C:\Users\JackyLi(CTHK)../../../../../../OneDrive - Continuous 
Technologies International 
Limited/Documents/ERP_Test/node_modules/router/index.js:276:14)
      at Layer.handleError (C:\Users\JackyLi(CTHK)../../../../../../OneDrive - 
Continuous Technologies International 
Limited/Documents/ERP_Test/node_modules/router/lib/layer.js:111:12)
      at trimPrefix (C:\Users\JackyLi(CTHK)../../../../../../OneDrive - 
Continuous Technologies International 
Limited/Documents/ERP_Test/node_modules/router/index.js:340:13)
      at C:\Users\JackyLi(CTHK)../../../../../../OneDrive - Continuous 
Technologies International 
Limited/Documents/ERP_Test/node_modules/router/index.js:297:9
      at processParams (C:\Users\JackyLi(CTHK)../../../../../../OneDrive - 
Continuous Technologies International 
Limited/Documents/ERP_Test/node_modules/router/index.js:582:12)
      at Immediate.next (C:\Users\JackyLi(CTHK)../../../../../../OneDrive - 
Continuous Technologies International 
Limited/Documents/ERP_Test/node_modules/router/index.js:291:5)
      at Immediate._onImmediate 
(C:\Users\JackyLi(CTHK)../../../../../../OneDrive - Continuous Technologies 
International Limited/Documents/ERP_Test/node_modules/router/index.js:688:15)

PASS src/__tests__/azureAd.route.test.ts
  ΓùÅ Console

    console.log
      [dotenv@17.3.1] injecting env (10) from ..\.env -- tip: ≡ƒ¢á∩╕Å  run 
anywhere with `dotenvx run -- yourcommand`

      at _log (C:\Users\JackyLi(CTHK)../../../../../../OneDrive - Continuous 
Technologies International 
Limited/Documents/ERP_Test/node_modules/dotenv/lib/main.js:139:11)

PASS src/__tests__/leaveRequestDetail.route.test.ts
  ΓùÅ Console

    console.log
      [dotenv@17.3.1] injecting env (10) from ..\.env -- tip: ΓÜÖ∩╕Å  write to 
custom object with { processEnv: myObject }

      at _log (C:\Users\JackyLi(CTHK)../../../../../../OneDrive - Continuous 
Technologies International 
Limited/Documents/ERP_Test/node_modules/dotenv/lib/main.js:139:11)

    console.error
      Error: Unauthorized: Missing or invalid Authorization header
          at requireAuth (C:\Users\JackyLi(CTHK)\OneDrive - Continuous 
Technologies International 
Limited\Documents\ERP_Test\server\src\middleware\requireAuth.ts:12:11)
          at Layer.handleRequest (C:\Users\JackyLi(CTHK)\OneDrive - Continuous 
Technologies International 
Limited\Documents\ERP_Test\node_modules\router\lib\layer.js:152:17)
          at next (C:\Users\JackyLi(CTHK)\OneDrive - Continuous Technologies 
International 
Limited\Documents\ERP_Test\node_modules\router\lib\route.js:157:13)
          at Route.dispatch (C:\Users\JackyLi(CTHK)\OneDrive - Continuous 
Technologies International 
Limited\Documents\ERP_Test\node_modules\router\lib\route.js:117:3)
          at handle (C:\Users\JackyLi(CTHK)\OneDrive - Continuous Technologies 
International Limited\Documents\ERP_Test\node_modules\router\index.js:435:11)
          at Layer.handleRequest (C:\Users\JackyLi(CTHK)\OneDrive - Continuous 
Technologies International 
Limited\Documents\ERP_Test\node_modules\router\lib\layer.js:152:17)
          at C:\Users\JackyLi(CTHK)\OneDrive - Continuous Technologies 
International Limited\Documents\ERP_Test\node_modules\router\index.js:295:15
          at param (C:\Users\JackyLi(CTHK)\OneDrive - Continuous Technologies 
International Limited\Documents\ERP_Test\node_modules\router\index.js:600:14)
          at param (C:\Users\JackyLi(CTHK)\OneDrive - Continuous Technologies 
International Limited\Documents\ERP_Test\node_modules\router\index.js:610:14)
          at processParams (C:\Users\JackyLi(CTHK)\OneDrive - Continuous 
Technologies International 
Limited\Documents\ERP_Test\node_modules\router\index.js:664:3)
          at next (C:\Users\JackyLi(CTHK)\OneDrive - Continuous Technologies 
International Limited\Documents\ERP_Test\node_modules\router\index.js:291:5)
          at router.handle (C:\Users\JackyLi(CTHK)\OneDrive - Continuous 
Technologies International 
Limited\Documents\ERP_Test\node_modules\router\index.js:186:3)
          at router (C:\Users\JackyLi(CTHK)\OneDrive - Continuous Technologies 
International Limited\Documents\ERP_Test\node_modules\router\index.js:60:12)
          at Layer.handleRequest (C:\Users\JackyLi(CTHK)\OneDrive - Continuous 
Technologies International 
Limited\Documents\ERP_Test\node_modules\router\lib\layer.js:152:17)
          at trimPrefix (C:\Users\JackyLi(CTHK)\OneDrive - Continuous 
Technologies International 
Limited\Documents\ERP_Test\node_modules\router\index.js:342:13)
          at C:\Users\JackyLi(CTHK)\OneDrive - Continuous Technologies 
International Limited\Documents\ERP_Test\node_modules\router\index.js:297:9
          at processParams (C:\Users\JackyLi(CTHK)\OneDrive - Continuous 
Technologies International 
Limited\Documents\ERP_Test\node_modules\router\index.js:582:12)
          at next (C:\Users\JackyLi(CTHK)\OneDrive - Continuous Technologies 
International Limited\Documents\ERP_Test\node_modules\router\index.js:291:5)
          at C:\Users\JackyLi(CTHK)\OneDrive - Continuous Technologies 
International Limited\Documents\ERP_Test\node_modules\router\index.js:688:15
          at next (C:\Users\JackyLi(CTHK)\OneDrive - Continuous Technologies 
International Limited\Documents\ERP_Test\node_modules\router\index.js:276:14)
          ... collapsed 18 duplicate lines matching above 9 lines 2 times...
          at router.handle (C:\Users\JackyLi(CTHK)\OneDrive - Continuous 
Technologies International 
Limited\Documents\ERP_Test\node_modules\router\index.js:186:3)
          at router (C:\Users\JackyLi(CTHK)\OneDrive - Continuous Technologies 
International Limited\Documents\ERP_Test\node_modules\router\index.js:60:12)
          at Layer.handleRequest (C:\Users\JackyLi(CTHK)\OneDrive - Continuous 
Technologies International 
Limited\Documents\ERP_Test\node_modules\router\lib\layer.js:152:17)
          at trimPrefix (C:\Users\JackyLi(CTHK)\OneDrive - Continuous 
Technologies International 
Limited\Documents\ERP_Test\node_modules\router\index.js:342:13)
          at C:\Users\JackyLi(CTHK)\OneDrive - Continuous Technologies 
International Limited\Documents\ERP_Test\node_modules\router\index.js:297:9
          at processParams (C:\Users\JackyLi(CTHK)\OneDrive - Continuous 
Technologies International 
Limited\Documents\ERP_Test\node_modules\router\index.js:582:12)
          at next (C:\Users\JackyLi(CTHK)\OneDrive - Continuous Technologies 
International Limited\Documents\ERP_Test\node_modules\router\index.js:291:5)
          ... collapsed 7 duplicate lines matching above lines ...
          at C:\Users\JackyLi(CTHK)\OneDrive - Continuous Technologies 
International 
Limited\Documents\ERP_Test\node_modules\express-rate-limit\dist\index.cjs:947:7
          at processTicksAndRejections 
(node:internal/process/task_queues:103:5)
          at C:\Users\JackyLi(CTHK)\OneDrive - Continuous Technologies 
International 
Limited\Documents\ERP_Test\node_modules\express-rate-limit\dist\index.cjs:830:5

    [0m [90m 59 |[39m   [90m// eslint-disable-next-line 
@typescript-eslint/no-unused-vars[39m
     [90m 60 |[39m   app[33m.[39muse((err[33m:[39m 
[33mError[39m[33m,[39m _req[33m:[39m [33mRequest[39m[33m,[39m 
res[33m:[39m [33mResponse[39m[33m,[39m _next[33m:[39m 
[33mNextFunction[39m) [33m=>[39m {
    [31m[1m>[22m[39m[90m 61 |[39m     
console[33m.[39merror(err)[33m;[39m
     [90m    |[39m             [31m[1m^[22m[39m
     [90m 62 |[39m     [36mif[39m 
(err[33m.[39mmessage[33m.[39mincludes([32m"Unauthorized"[39m)) {
     [90m 63 |[39m       
res[33m.[39mstatus([35m401[39m)[33m.[39mjson({ message[33m:[39m 
err[33m.[39mmessage })[33m;[39m
     [90m 64 |[39m     } [36melse[39m [36mif[39m 
(err[33m.[39mmessage[33m.[39mincludes([32m"Forbidden"[39m)) {[0m

      at C:\Users\JackyLi(CTHK)../../../../../../OneDrive - Continuous 
Technologies International Limited/Documents/ERP_Test/server/src/app.ts:61:13
      at Layer.handleError (C:\Users\JackyLi(CTHK)../../../../../../OneDrive - 
Continuous Technologies International 
Limited/Documents/ERP_Test/node_modules/router/lib/layer.js:116:17)
      at trimPrefix (C:\Users\JackyLi(CTHK)../../../../../../OneDrive - 
Continuous Technologies International 
Limited/Documents/ERP_Test/node_modules/router/index.js:340:13)
      at C:\Users\JackyLi(CTHK)../../../../../../OneDrive - Continuous 
Technologies International 
Limited/Documents/ERP_Test/node_modules/router/index.js:297:9
      at processParams (C:\Users\JackyLi(CTHK)../../../../../../OneDrive - 
Continuous Technologies International 
Limited/Documents/ERP_Test/node_modules/router/index.js:582:12)
      at next (C:\Users\JackyLi(CTHK)../../../../../../OneDrive - Continuous 
Technologies International 
Limited/Documents/ERP_Test/node_modules/router/index.js:291:5)
      at Layer.handleError (C:\Users\JackyLi(CTHK)../../../../../../OneDrive - 
Continuous Technologies International 
Limited/Documents/ERP_Test/node_modules/router/lib/layer.js:111:12)
      at trimPrefix (C:\Users\JackyLi(CTHK)../../../../../../OneDrive - 
Continuous Technologies International 
Limited/Documents/ERP_Test/node_modules/router/index.js:340:13)
      at C:\Users\JackyLi(CTHK)../../../../../../OneDrive - Continuous 
Technologies International 
Limited/Documents/ERP_Test/node_modules/router/index.js:297:9
      at processParams (C:\Users\JackyLi(CTHK)../../../../../../OneDrive - 
Continuous Technologies International 
Limited/Documents/ERP_Test/node_modules/router/index.js:582:12)
      at next (C:\Users\JackyLi(CTHK)../../../../../../OneDrive - Continuous 
Technologies International 
Limited/Documents/ERP_Test/node_modules/router/index.js:291:5)
      at C:\Users\JackyLi(CTHK)../../../../../../OneDrive - Continuous 
Technologies International 
Limited/Documents/ERP_Test/node_modules/router/index.js:688:15
      at Immediate.next (C:\Users\JackyLi(CTHK)../../../../../../OneDrive - 
Continuous Technologies International 
Limited/Documents/ERP_Test/node_modules/router/index.js:276:14)
      at Immediate._onImmediate 
(C:\Users\JackyLi(CTHK)../../../../../../OneDrive - Continuous Technologies 
International Limited/Documents/ERP_Test/node_modules/router/index.js:688:15)

PASS src/__tests__/leaveBalance.init.test.ts
  ΓùÅ Console

    console.log
      [dotenv@17.3.1] injecting env (10) from ..\.env -- tip: ΓÜÖ∩╕Å  specify 
custom .env file path with { path: '/custom/path/.env' }

      at _log (C:\Users\JackyLi(CTHK)../../../../../../OneDrive - Continuous 
Technologies International 
Limited/Documents/ERP_Test/node_modules/dotenv/lib/main.js:139:11)

PASS src/__tests__/requireRole.test.ts
  ΓùÅ Console

    console.log
      [dotenv@17.3.1] injecting env (10) from ..\.env -- tip: ΓÜÖ∩╕Å  suppress 
all logs with { quiet: true }

      at _log (C:\Users\JackyLi(CTHK)../../../../../../OneDrive - Continuous 
Technologies International 
Limited/Documents/ERP_Test/node_modules/dotenv/lib/main.js:139:11)

PASS src/__tests__/workingDays.test.ts
  ΓùÅ Console

    console.log
      [dotenv@17.3.1] injecting env (10) from ..\.env -- tip: ΓÜí∩╕Å secrets 
for agents: https://dotenvx.com/as2

      at _log (C:\Users\JackyLi(CTHK)../../../../../../OneDrive - Continuous 
Technologies International 
Limited/Documents/ERP_Test/node_modules/dotenv/lib/main.js:139:11)

PASS src/__tests__/msal.stub.test.ts
  ΓùÅ Console

    console.log
      [dotenv@17.3.1] injecting env (10) from ..\.env -- tip: ΓÜÖ∩╕Å  load 
multiple .env files with { path: ['.env.local', '.env'] }

      at _log (C:\Users\JackyLi(CTHK)../../../../../../OneDrive - Continuous 
Technologies International 
Limited/Documents/ERP_Test/node_modules/dotenv/lib/main.js:139:11)

PASS src/__tests__/email.service.test.ts
  ΓùÅ Console

    console.log
      [dotenv@17.3.1] injecting env (10) from ..\.env -- tip: ≡ƒöÉ encrypt 
with Dotenvx: https://dotenvx.com

      at _log (C:\Users\JackyLi(CTHK)../../../../../../OneDrive - Continuous 
Technologies International 
Limited/Documents/ERP_Test/node_modules/dotenv/lib/main.js:139:11)


Test Suites: 24 passed, 24 total
Tests:       250 passed, 250 total
Snapshots:   0 total
Time:        25.181 s, estimated 31 s
Ran all test suites.
