Prisma schema loaded from prisma\schema.prisma
Datasource "db": PostgreSQL database "leave_management_test", schema "public" at "localhost:5432"

The PostgreSQL database "leave_management_test" schema "public" at "localhost:5432" was successfully reset.

Your database is now in sync with your Prisma schema. Done in 142ms

Running generate... (Use --skip-generate to skip the generators)
[2K[1A[2K[GRunning generate... - Prisma Client
[2K[1A[2K[GEPERM: operation not permitted, rename 'C:\Users\JackyLi(CTHK)\OneDrive - Contin
uous Technologies International Limited\Documents\ERP_Test\server\node_modules\.
prisma\client\query_engine-windows.dll.node.tmp32444' -> 'C:\Users\JackyLi(CTHK)
\OneDrive - Continuous Technologies International Limited\Documents\ERP_Test\ser
ver\node_modules\.prisma\client\query_engine-windows.dll.node'

node.exe : PASS src/__tests__/leaveApproval.test.ts
At line:1 char:1
+ & "C:\Program Files\nodejs/node.exe" "C:\Program Files\nodejs/node_mo ...
+ ~~~~~~~~~~~~~~~~~~~~~~~~~~~~~~~~~~~~~~~~~~~~~~~~~~~~~~~~~~~~~~~~~~~~~
    + CategoryInfo          : NotSpecified: (PASS src/__tests__/leaveApproval. 
   test.ts:String) [], RemoteException
    + FullyQualifiedErrorId : NativeCommandError
 
  ΓùÅ Console

    console.log
      [dotenv@17.3.1] injecting env (10) from ..\.env -- tip: ≡ƒöÉ prevent 
committing .env to code: https://dotenvx.com/precommit

      at _log (C:\Users\JackyLi(CTHK)../../../../../../OneDrive - Continuous 
Technologies International 
Limited/Documents/ERP_Test/node_modules/dotenv/lib/main.js:139:11)

PASS src/__tests__/auth.login.test.ts
  ΓùÅ Console

    console.log
      [dotenv@17.3.1] injecting env (10) from ..\.env -- tip: ΓÜÖ∩╕Å  load 
multiple .env files with { path: ['.env.local', '.env'] }

      at _log (C:\Users\JackyLi(CTHK)../../../../../../OneDrive - Continuous 
Technologies International 
Limited/Documents/ERP_Test/node_modules/dotenv/lib/main.js:139:11)

PASS src/__tests__/leaveApproval.route.test.ts
  ΓùÅ Console

    console.log
      [dotenv@17.3.1] injecting env (10) from ..\.env -- tip: ≡ƒ¢í∩╕Å auth for 
agents: https://vestauth.com

      at _log (C:\Users\JackyLi(CTHK)../../../../../../OneDrive - Continuous 
Technologies International 
Limited/Documents/ERP_Test/node_modules/dotenv/lib/main.js:139:11)

    console.error
      Error: Unauthorized: Missing or invalid Authorization header
          at requireAuth (C:\Users\JackyLi(CTHK)\OneDrive - Continuous 
Technologies International 
Limited\Documents\ERP_Test\server\src\middleware\requireAuth.ts:12:11)
          at Layer.handleRequest (C:\Users\JackyLi(CTHK)\OneDrive - Continuous 
Technologies International 
Limited\Documents\ERP_Test\node_modules\router\lib\layer.js:152:17)
          at next (C:\Users\JackyLi(CTHK)\OneDrive - Continuous Technologies 
International 
Limited\Documents\ERP_Test\node_modules\router\lib\route.js:157:13)
          at Route.dispatch (C:\Users\JackyLi(CTHK)\OneDrive - Continuous 
Technologies International 
Limited\Documents\ERP_Test\node_modules\router\lib\route.js:117:3)
          at handle (C:\Users\JackyLi(CTHK)\OneDrive - Continuous Technologies 
International Limited\Documents\ERP_Test\node_modules\router\index.js:435:11)
          at Layer.handleRequest (C:\Users\JackyLi(CTHK)\OneDrive - Continuous 
Technologies International 
Limited\Documents\ERP_Test\node_modules\router\lib\layer.js:152:17)
          at C:\Users\JackyLi(CTHK)\OneDrive - Continuous Technologies 
International Limited\Documents\ERP_Test\node_modules\router\index.js:295:15
          at param (C:\Users\JackyLi(CTHK)\OneDrive - Continuous Technologies 
International Limited\Documents\ERP_Test\node_modules\router\index.js:600:14)
          at param (C:\Users\JackyLi(CTHK)\OneDrive - Continuous Technologies 
International Limited\Documents\ERP_Test\node_modules\router\index.js:610:14)
          at processParams (C:\Users\JackyLi(CTHK)\OneDrive - Continuous 
Technologies International 
Limited\Documents\ERP_Test\node_modules\router\index.js:664:3)
          at next (C:\Users\JackyLi(CTHK)\OneDrive - Continuous Technologies 
International Limited\Documents\ERP_Test\node_modules\router\index.js:291:5)
          at router.handle (C:\Users\JackyLi(CTHK)\OneDrive - Continuous 
Technologies International 
Limited\Documents\ERP_Test\node_modules\router\index.js:186:3)
          at router (C:\Users\JackyLi(CTHK)\OneDrive - Continuous Technologies 
International Limited\Documents\ERP_Test\node_modules\router\index.js:60:12)
          at Layer.handleRequest (C:\Users\JackyLi(CTHK)\OneDrive - Continuous 
Technologies International 
Limited\Documents\ERP_Test\node_modules\router\lib\layer.js:152:17)
          at trimPrefix (C:\Users\JackyLi(CTHK)\OneDrive - Continuous 
Technologies International 
Limited\Documents\ERP_Test\node_modules\router\index.js:342:13)
          at C:\Users\JackyLi(CTHK)\OneDrive - Continuous Technologies 
International Limited\Documents\ERP_Test\node_modules\router\index.js:297:9
          at processParams (C:\Users\JackyLi(CTHK)\OneDrive - Continuous 
Technologies International 
Limited\Documents\ERP_Test\node_modules\router\index.js:582:12)
          at next (C:\Users\JackyLi(CTHK)\OneDrive - Continuous Technologies 
International Limited\Documents\ERP_Test\node_modules\router\index.js:291:5)
          at C:\Users\JackyLi(CTHK)\OneDrive - Continuous Technologies 
International Limited\Documents\ERP_Test\node_modules\router\index.js:688:15
          at next (C:\Users\JackyLi(CTHK)\OneDrive - Continuous Technologies 
International Limited\Documents\ERP_Test\node_modules\router\index.js:276:14)
          ... collapsed 9 duplicate lines matching above lines ...
          at router.handle (C:\Users\JackyLi(CTHK)\OneDrive - Continuous 
Technologies International 
Limited\Documents\ERP_Test\node_modules\router\index.js:186:3)
          at router (C:\Users\JackyLi(CTHK)\OneDrive - Continuous Technologies 
International Limited\Documents\ERP_Test\node_modules\router\index.js:60:12)
          at Layer.handleRequest (C:\Users\JackyLi(CTHK)\OneDrive - Continuous 
Technologies International 
Limited\Documents\ERP_Test\node_modules\router\lib\layer.js:152:17)
          at trimPrefix (C:\Users\JackyLi(CTHK)\OneDrive - Continuous 
Technologies International 
Limited\Documents\ERP_Test\node_modules\router\index.js:342:13)
          at C:\Users\JackyLi(CTHK)\OneDrive - Continuous Technologies 
International Limited\Documents\ERP_Test\node_modules\router\index.js:297:9
          at processParams (C:\Users\JackyLi(CTHK)\OneDrive - Continuous 
Technologies International 
Limited\Documents\ERP_Test\node_modules\router\index.js:582:12)
          at next (C:\Users\JackyLi(CTHK)\OneDrive - Continuous Technologies 
International Limited\Documents\ERP_Test\node_modules\router\index.js:291:5)
          ... collapsed 7 duplicate lines matching above lines ...
          at C:\Users\JackyLi(CTHK)\OneDrive - Continuous Technologies 
International 
Limited\Documents\ERP_Test\node_modules\express-rate-limit\dist\index.cjs:947:7
          at processTicksAndRejections 
(node:internal/process/task_queues:103:5)
          at C:\Users\JackyLi(CTHK)\OneDrive - Continuous Technologies 
International 
Limited\Documents\ERP_Test\node_modules\express-rate-limit\dist\index.cjs:830:5

    [0m [90m 59 |[39m   [90m// eslint-disable-next-line 
@typescript-eslint/no-unused-vars[39m
     [90m 60 |[39m   app[33m.[39muse((err[33m:[39m 
[33mError[39m[33m,[39m _req[33m:[39m [33mRequest[39m[33m,[39m 
res[33m:[39m [33mResponse[39m[33m,[39m _next[33m:[39m 
[33mNextFunction[39m) [33m=>[39m {
    [31m[1m>[22m[39m[90m 61 |[39m     
console[33m.[39merror(err)[33m;[39m
     [90m    |[39m             [31m[1m^[22m[39m
     [90m 62 |[39m     [36mif[39m 
(err[33m.[39mmessage[33m.[39mincludes([32m"Unauthorized"[39m)) {
     [90m 63 |[39m       
res[33m.[39mstatus([35m401[39m)[33m.[39mjson({ message[33m:[39m 
err[33m.[39mmessage })[33m;[39m
     [90m 64 |[39m     } [36melse[39m [36mif[39m 
(err[33m.[39mmessage[33m.[39mincludes([32m"Forbidden"[39m)) {[0m

      at C:\Users\JackyLi(CTHK)../../../../../../OneDrive - Continuous 
Technologies International Limited/Documents/ERP_Test/server/src/app.ts:61:13
      at Layer.handleError (C:\Users\JackyLi(CTHK)../../../../../../OneDrive - 
Continuous Technologies International 
Limited/Documents/ERP_Test/node_modules/router/lib/layer.js:116:17)
      at trimPrefix (C:\Users\JackyLi(CTHK)../../../../../../OneDrive - 
Continuous Technologies International 
Limited/Documents/ERP_Test/node_modules/router/index.js:340:13)
      at C:\Users\JackyLi(CTHK)../../../../../../OneDrive - Continuous 
Technologies International 
Limited/Documents/ERP_Test/node_modules/router/index.js:297:9
      at processParams (C:\Users\JackyLi(CTHK)../../../../../../OneDrive - 
Continuous Technologies International 
Limited/Documents/ERP_Test/node_modules/router/index.js:582:12)
      at next (C:\Users\JackyLi(CTHK)../../../../../../OneDrive - Continuous 
Technologies International 
Limited/Documents/ERP_Test/node_modules/router/index.js:291:5)
      at Layer.handleError (C:\Users\JackyLi(CTHK)../../../../../../OneDrive - 
Continuous Technologies International 
Limited/Documents/ERP_Test/node_modules/router/lib/layer.js:111:12)
      at trimPrefix (C:\Users\JackyLi(CTHK)../../../../../../OneDrive - 
Continuous Technologies International 
Limited/Documents/ERP_Test/node_modules/router/index.js:340:13)
      at C:\Users\JackyLi(CTHK)../../../../../../OneDrive - Continuous 
Technologies International 
Limited/Documents/ERP_Test/node_modules/router/index.js:297:9
      at processParams (C:\Users\JackyLi(CTHK)../../../../../../OneDrive - 
Continuous Technologies International 
Limited/Documents/ERP_Test/node_modules/router/index.js:582:12)
      at next (C:\Users\JackyLi(CTHK)../../../../../../OneDrive - Continuous 
Technologies International 
Limited/Documents/ERP_Test/node_modules/router/index.js:291:5)
      at C:\Users\JackyLi(CTHK)../../../../../../OneDrive - Continuous 
Technologies International 
Limited/Documents/ERP_Test/node_modules/router/index.js:688:15
      at next (C:\Users\JackyLi(CTHK)../../../../../../OneDrive - Continuous 
Technologies International 
Limited/Documents/ERP_Test/node_modules/router/index.js:276:14)
      at Layer.handleError (C:\Users\JackyLi(CTHK)../../../../../../OneDrive - 
Continuous Technologies International 
Limited/Documents/ERP_Test/node_modules/router/lib/layer.js:111:12)
      at trimPrefix (C:\Users\JackyLi(CTHK)../../../../../../OneDrive - 
Continuous Technologies International 
Limited/Documents/ERP_Test/node_modules/router/index.js:340:13)
      at C:\Users\JackyLi(CTHK)../../../../../../OneDrive - Continuous 
Technologies International 
Limited/Documents/ERP_Test/node_modules/router/index.js:297:9
      at processParams (C:\Users\JackyLi(CTHK)../../../../../../OneDrive - 
Continuous Technologies International 
Limited/Documents/ERP_Test/node_modules/router/index.js:582:12)
      at next (C:\Users\JackyLi(CTHK)../../../../../../OneDrive - Continuous 
Technologies International 
Limited/Documents/ERP_Test/node_modules/router/index.js:291:5)
      at C:\Users\JackyLi(CTHK)../../../../../../OneDrive - Continuous 
Technologies International 
Limited/Documents/ERP_Test/node_modules/router/index.js:688:15
      at next (C:\Users\JackyLi(CTHK)../../../../../../OneDrive - Continuous 
Technologies International 
Limited/Documents/ERP_Test/node_modules/router/index.js:276:14)
      at next (C:\Users\JackyLi(CTHK)../../../../../../OneDrive - Continuous 
Technologies International 
Limited/Documents/ERP_Test/node_modules/router/lib/route.js:132:14)
      at Layer.handleError (C:\Users\JackyLi(CTHK)../../../../../../OneDrive - 
Continuous Technologies International 
Limited/Documents/ERP_Test/node_modules/router/lib/layer.js:111:12)
      at next (C:\Users\JackyLi(CTHK)../../../../../../OneDrive - Continuous 
Technologies International 
Limited/Documents/ERP_Test/node_modules/router/lib/route.js:155:13)
      at Layer.handleError (C:\Users\JackyLi(CTHK)../../../../../../OneDrive - 
Continuous Technologies International 
Limited/Documents/ERP_Test/node_modules/router/lib/layer.js:111:12)
      at next (C:\Users\JackyLi(CTHK)../../../../../../OneDrive - Continuous 
Technologies International 
Limited/Documents/ERP_Test/node_modules/router/lib/route.js:155:13)
      at Layer.handleRequest (C:\Users\JackyLi(CTHK)../../../../../../OneDrive 
- Continuous Technologies International 
Limited/Documents/ERP_Test/node_modules/router/lib/layer.js:165:5)
      at next (C:\Users\JackyLi(CTHK)../../../../../../OneDrive - Continuous 
Technologies International 
Limited/Documents/ERP_Test/node_modules/router/lib/route.js:157:13)
      at Route.dispatch (C:\Users\JackyLi(CTHK)../../../../../../OneDrive - 
Continuous Technologies International 
Limited/Documents/ERP_Test/node_modules/router/lib/route.js:117:3)
      at handle (C:\Users\JackyLi(CTHK)../../../../../../OneDrive - Continuous 
Technologies International 
Limited/Documents/ERP_Test/node_modules/router/index.js:435:11)
      at Layer.handleRequest (C:\Users\JackyLi(CTHK)../../../../../../OneDrive 
- Continuous Technologies International 
Limited/Documents/ERP_Test/node_modules/router/lib/layer.js:152:17)
      at C:\Users\JackyLi(CTHK)../../../../../../OneDrive - Continuous 
Technologies International 
Limited/Documents/ERP_Test/node_modules/router/index.js:295:15
      at param (C:\Users\JackyLi(CTHK)../../../../../../OneDrive - Continuous 
Technologies International 
Limited/Documents/ERP_Test/node_modules/router/index.js:600:14)
      at param (C:\Users\JackyLi(CTHK)../../../../../../OneDrive - Continuous 
Technologies International 
Limited/Documents/ERP_Test/node_modules/router/index.js:610:14)
      at processParams (C:\Users\JackyLi(CTHK)../../../../../../OneDrive - 
Continuous Technologies International 
Limited/Documents/ERP_Test/node_modules/router/index.js:664:3)
      at next (C:\Users\JackyLi(CTHK)../../../../../../OneDrive - Continuous 
Technologies International 
Limited/Documents/ERP_Test/node_modules/router/index.js:291:5)
      at router.handle (C:\Users\JackyLi(CTHK)../../../../../../OneDrive - 
Continuous Technologies International 
Limited/Documents/ERP_Test/node_modules/router/index.js:186:3)
      at router (C:\Users\JackyLi(CTHK)../../../../../../OneDrive - Continuous 
Technologies International 
Limited/Documents/ERP_Test/node_modules/router/index.js:60:12)
      at Layer.handleRequest (C:\Users\JackyLi(CTHK)../../../../../../OneDrive 
- Continuous Technologies International 
Limited/Documents/ERP_Test/node_modules/router/lib/layer.js:152:17)
      at trimPrefix (C:\Users\JackyLi(CTHK)../../../../../../OneDrive - 
Continuous Technologies International 
Limited/Documents/ERP_Test/node_modules/router/index.js:342:13)
      at C:\Users\JackyLi(CTHK)../../../../../../OneDrive - Continuous 
Technologies International 
Limited/Documents/ERP_Test/node_modules/router/index.js:297:9
      at processParams (C:\Users\JackyLi(CTHK)../../../../../../OneDrive - 
Continuous Technologies International 
Limited/Documents/ERP_Test/node_modules/router/index.js:582:12)
      at next (C:\Users\JackyLi(CTHK)../../../../../../OneDrive - Continuous 
Technologies International 
Limited/Documents/ERP_Test/node_modules/router/index.js:291:5)
      at C:\Users\JackyLi(CTHK)../../../../../../OneDrive - Continuous 
Technologies International 
Limited/Documents/ERP_Test/node_modules/router/index.js:688:15
      at next (C:\Users\JackyLi(CTHK)../../../../../../OneDrive - Continuous 
Technologies International 
Limited/Documents/ERP_Test/node_modules/router/index.js:276:14)
      at router.handle (C:\Users\JackyLi(CTHK)../../../../../../OneDrive - 
Continuous Technologies International 
Limited/Documents/ERP_Test/node_modules/router/index.js:186:3)
      at router (C:\Users\JackyLi(CTHK)../../../../../../OneDrive - Continuous 
Technologies International 
Limited/Documents/ERP_Test/node_modules/router/index.js:60:12)
      at Layer.handleRequest (C:\Users\JackyLi(CTHK)../../../../../../OneDrive 
- Continuous Technologies International 
Limited/Documents/ERP_Test/node_modules/router/lib/layer.js:152:17)
      at trimPrefix (C:\Users\JackyLi(CTHK)../../../../../../OneDrive - 
Continuous Technologies International 
Limited/Documents/ERP_Test/node_modules/router/index.js:342:13)
      at C:\Users\JackyLi(CTHK)../../../../../../OneDrive - Continuous 
Technologies International 
Limited/Documents/ERP_Test/node_modules/router/index.js:297:9
      at processParams (C:\Users\JackyLi(CTHK)../../../../../../OneDrive - 
Continuous Technologies International 
Limited/Documents/ERP_Test/node_modules/router/index.js:582:12)
      at next (C:\Users\JackyLi(CTHK)../../../../../../OneDrive - Continuous 
Technologies International 
Limited/Documents/ERP_Test/node_modules/router/index.js:291:5)
      at C:\Users\JackyLi(CTHK)../../../../../../OneDrive - Continuous 
Technologies International 
Limited/Documents/ERP_Test/node_modules/router/index.js:688:15
      at next (C:\Users\JackyLi(CTHK)../../../../../../OneDrive - Continuous 
Technologies International 
Limited/Documents/ERP_Test/node_modules/router/index.js:276:14)
      at router.handle (C:\Users\JackyLi(CTHK)../../../../../../OneDrive - 
Continuous Technologies International 
Limited/Documents/ERP_Test/node_modules/router/index.js:186:3)
      at router (C:\Users\JackyLi(CTHK)../../../../../../OneDrive - Continuous 
Technologies International 
Limited/Documents/ERP_Test/node_modules/router/index.js:60:12)
      at Layer.handleRequest (C:\Users\JackyLi(CTHK)../../../../../../OneDrive 
- Continuous Technologies International 
Limited/Documents/ERP_Test/node_modules/router/lib/layer.js:152:17)
      at trimPrefix (C:\Users\JackyLi(CTHK)../../../../../../OneDrive - 
Continuous Technologies International 
Limited/Documents/ERP_Test/node_modules/router/index.js:342:13)
      at C:\Users\JackyLi(CTHK)../../../../../../OneDrive - Continuous 
Technologies International 
Limited/Documents/ERP_Test/node_modules/router/index.js:297:9
      at processParams (C:\Users\JackyLi(CTHK)../../../../../../OneDrive - 
Continuous Technologies International 
Limited/Documents/ERP_Test/node_modules/router/index.js:582:12)
      at next (C:\Users\JackyLi(CTHK)../../../../../../OneDrive - Continuous 
Technologies International 
Limited/Documents/ERP_Test/node_modules/router/index.js:291:5)
      at router.handle (C:\Users\JackyLi(CTHK)../../../../../../OneDrive - 
Continuous Technologies International 
Limited/Documents/ERP_Test/node_modules/router/index.js:186:3)
      at router (C:\Users\JackyLi(CTHK)../../../../../../OneDrive - Continuous 
Technologies International 
Limited/Documents/ERP_Test/node_modules/router/index.js:60:12)
      at Layer.handleRequest (C:\Users\JackyLi(CTHK)../../../../../../OneDrive 
- Continuous Technologies International 
Limited/Documents/ERP_Test/node_modules/router/lib/layer.js:152:17)
      at trimPrefix (C:\Users\JackyLi(CTHK)../../../../../../OneDrive - 
Continuous Technologies International 
Limited/Documents/ERP_Test/node_modules/router/index.js:342:13)
      at C:\Users\JackyLi(CTHK)../../../../../../OneDrive - Continuous 
Technologies International 
Limited/Documents/ERP_Test/node_modules/router/index.js:297:9
      at processParams (C:\Users\JackyLi(CTHK)../../../../../../OneDrive - 
Continuous Technologies International 
Limited/Documents/ERP_Test/node_modules/router/index.js:582:12)
      at next (C:\Users\JackyLi(CTHK)../../../../../../OneDrive - Continuous 
Technologies International 
Limited/Documents/ERP_Test/node_modules/router/index.js:291:5)
      at C:\Users\JackyLi(CTHK)../../../../../../OneDrive - Continuous 
Technologies International 
Limited/Documents/ERP_Test/node_modules/express-rate-limit/dist/index.cjs:947:7
      at C:\Users\JackyLi(CTHK)../../../../../../OneDrive - Continuous 
Technologies International 
Limited/Documents/ERP_Test/node_modules/express-rate-limit/dist/index.cjs:830:5

    console.error
      Error: Forbidden: User role 'EMPLOYEE' does not have permission for this 
resource
          at C:\Users\JackyLi(CTHK)\OneDrive - Continuous Technologies 
International 
Limited\Documents\ERP_Test\server\src\middleware\requireRole.ts:17:13
          at Layer.handleRequest (C:\Users\JackyLi(CTHK)\OneDrive - Continuous 
Technologies International 
Limited\Documents\ERP_Test\node_modules\router\lib\layer.js:152:17)
          at next (C:\Users\JackyLi(CTHK)\OneDrive - Continuous Technologies 
International 
Limited\Documents\ERP_Test\node_modules\router\lib\route.js:157:13)
          at requireAuth (C:\Users\JackyLi(CTHK)\OneDrive - Continuous 
Technologies International 
Limited\Documents\ERP_Test\server\src\middleware\requireAuth.ts:23:5)
          at Layer.handleRequest (C:\Users\JackyLi(CTHK)\OneDrive - Continuous 
Technologies International 
Limited\Documents\ERP_Test\node_modules\router\lib\layer.js:152:17)
          at next (C:\Users\JackyLi(CTHK)\OneDrive - Continuous Technologies 
International 
Limited\Documents\ERP_Test\node_modules\router\lib\route.js:157:13)
          at Route.dispatch (C:\Users\JackyLi(CTHK)\OneDrive - Continuous 
Technologies International 
Limited\Documents\ERP_Test\node_modules\router\lib\route.js:117:3)
          at handle (C:\Users\JackyLi(CTHK)\OneDrive - Continuous Technologies 
International Limited\Documents\ERP_Test\node_modules\router\index.js:435:11)
          at Layer.handleRequest (C:\Users\JackyLi(CTHK)\OneDrive - Continuous 
Technologies International 
Limited\Documents\ERP_Test\node_modules\router\lib\layer.js:152:17)
          at C:\Users\JackyLi(CTHK)\OneDrive - Continuous Technologies 
International Limited\Documents\ERP_Test\node_modules\router\index.js:295:15
          at param (C:\Users\JackyLi(CTHK)\OneDrive - Continuous Technologies 
International Limited\Documents\ERP_Test\node_modules\router\index.js:600:14)
          at param (C:\Users\JackyLi(CTHK)\OneDrive - Continuous Technologies 
International Limited\Documents\ERP_Test\node_modules\router\index.js:610:14)
          at processParams (C:\Users\JackyLi(CTHK)\OneDrive - Continuous 
Technologies International 
Limited\Documents\ERP_Test\node_modules\router\index.js:664:3)
          at next (C:\Users\JackyLi(CTHK)\OneDrive - Continuous Technologies 
International Limited\Documents\ERP_Test\node_modules\router\index.js:291:5)
          at router.handle (C:\Users\JackyLi(CTHK)\OneDrive - Continuous 
Technologies International 
Limited\Documents\ERP_Test\node_modules\router\index.js:186:3)
          at router (C:\Users\JackyLi(CTHK)\OneDrive - Continuous Technologies 
International Limited\Documents\ERP_Test\node_modules\router\index.js:60:12)
          at Layer.handleRequest (C:\Users\JackyLi(CTHK)\OneDrive - Continuous 
Technologies International 
Limited\Documents\ERP_Test\node_modules\router\lib\layer.js:152:17)
          at trimPrefix (C:\Users\JackyLi(CTHK)\OneDrive - Continuous 
Technologies International 
Limited\Documents\ERP_Test\node_modules\router\index.js:342:13)
          at C:\Users\JackyLi(CTHK)\OneDrive - Continuous Technologies 
International Limited\Documents\ERP_Test\node_modules\router\index.js:297:9
          at processParams (C:\Users\JackyLi(CTHK)\OneDrive - Continuous 
Technologies International 
Limited\Documents\ERP_Test\node_modules\router\index.js:582:12)
          at next (C:\Users\JackyLi(CTHK)\OneDrive - Continuous Technologies 
International Limited\Documents\ERP_Test\node_modules\router\index.js:291:5)
          at C:\Users\JackyLi(CTHK)\OneDrive - Continuous Technologies 
International Limited\Documents\ERP_Test\node_modules\router\index.js:688:15
          at next (C:\Users\JackyLi(CTHK)\OneDrive - Continuous Technologies 
International Limited\Documents\ERP_Test\node_modules\router\index.js:276:14)
          ... collapsed 9 duplicate lines matching above lines ...
          at router.handle (C:\Users\JackyLi(CTHK)\OneDrive - Continuous 
Technologies International 
Limited\Documents\ERP_Test\node_modules\router\index.js:186:3)
          at router (C:\Users\JackyLi(CTHK)\OneDrive - Continuous Technologies 
International Limited\Documents\ERP_Test\node_modules\router\index.js:60:12)
          at Layer.handleRequest (C:\Users\JackyLi(CTHK)\OneDrive - Continuous 
Technologies International 
Limited\Documents\ERP_Test\node_modules\router\lib\layer.js:152:17)
          at trimPrefix (C:\Users\JackyLi(CTHK)\OneDrive - Continuous 
Technologies International 
Limited\Documents\ERP_Test\node_modules\router\index.js:342:13)
          at C:\Users\JackyLi(CTHK)\OneDrive - Continuous Technologies 
International Limited\Documents\ERP_Test\node_modules\router\index.js:297:9
          at processParams (C:\Users\JackyLi(CTHK)\OneDrive - Continuous 
Technologies International 
Limited\Documents\ERP_Test\node_modules\router\index.js:582:12)
          at next (C:\Users\JackyLi(CTHK)\OneDrive - Continuous Technologies 
International Limited\Documents\ERP_Test\node_modules\router\index.js:291:5)
          ... collapsed 7 duplicate lines matching above lines ...
          at C:\Users\JackyLi(CTHK)\OneDrive - Continuous Technologies 
International 
Limited\Documents\ERP_Test\node_modules\express-rate-limit\dist\index.cjs:947:7
          at processTicksAndRejections 
(node:internal/process/task_queues:103:5)
          at C:\Users\JackyLi(CTHK)\OneDrive - Continuous Technologies 
International 
Limited\Documents\ERP_Test\node_modules\express-rate-limit\dist\index.cjs:830:5

    [0m [90m 59 |[39m   [90m// eslint-disable-next-line 
@typescript-eslint/no-unused-vars[39m
     [90m 60 |[39m   app[33m.[39muse((err[33m:[39m 
[33mError[39m[33m,[39m _req[33m:[39m [33mRequest[39m[33m,[39m 
res[33m:[39m [33mResponse[39m[33m,[39m _next[33m:[39m 
[33mNextFunction[39m) [33m=>[39m {
    [31m[1m>[22m[39m[90m 61 |[39m     
console[33m.[39merror(err)[33m;[39m
     [90m    |[39m             [31m[1m^[22m[39m
     [90m 62 |[39m     [36mif[39m 
(err[33m.[39mmessage[33m.[39mincludes([32m"Unauthorized"[39m)) {
     [90m 63 |[39m       
res[33m.[39mstatus([35m401[39m)[33m.[39mjson({ message[33m:[39m 
err[33m.[39mmessage })[33m;[39m
     [90m 64 |[39m     } [36melse[39m [36mif[39m 
(err[33m.[39mmessage[33m.[39mincludes([32m"Forbidden"[39m)) {[0m

      at C:\Users\JackyLi(CTHK)../../../../../../OneDrive - Continuous 
Technologies International Limited/Documents/ERP_Test/server/src/app.ts:61:13
      at Layer.handleError (C:\Users\JackyLi(CTHK)../../../../../../OneDrive - 
Continuous Technologies International 
Limited/Documents/ERP_Test/node_modules/router/lib/layer.js:116:17)
      at trimPrefix (C:\Users\JackyLi(CTHK)../../../../../../OneDrive - 
Continuous Technologies International 
Limited/Documents/ERP_Test/node_modules/router/index.js:340:13)
      at C:\Users\JackyLi(CTHK)../../../../../../OneDrive - Continuous 
Technologies International 
Limited/Documents/ERP_Test/node_modules/router/index.js:297:9
      at processParams (C:\Users\JackyLi(CTHK)../../../../../../OneDrive - 
Continuous Technologies International 
Limited/Documents/ERP_Test/node_modules/router/index.js:582:12)
      at next (C:\Users\JackyLi(CTHK)../../../../../../OneDrive - Continuous 
Technologies International 
Limited/Documents/ERP_Test/node_modules/router/index.js:291:5)
      at Layer.handleError (C:\Users\JackyLi(CTHK)../../../../../../OneDrive - 
Continuous Technologies International 
Limited/Documents/ERP_Test/node_modules/router/lib/layer.js:111:12)
      at trimPrefix (C:\Users\JackyLi(CTHK)../../../../../../OneDrive - 
Continuous Technologies International 
Limited/Documents/ERP_Test/node_modules/router/index.js:340:13)
      at C:\Users\JackyLi(CTHK)../../../../../../OneDrive - Continuous 
Technologies International 
Limited/Documents/ERP_Test/node_modules/router/index.js:297:9
      at processParams (C:\Users\JackyLi(CTHK)../../../../../../OneDrive - 
Continuous Technologies International 
Limited/Documents/ERP_Test/node_modules/router/index.js:582:12)
      at next (C:\Users\JackyLi(CTHK)../../../../../../OneDrive - Continuous 
Technologies International 
Limited/Documents/ERP_Test/node_modules/router/index.js:291:5)
      at C:\Users\JackyLi(CTHK)../../../../../../OneDrive - Continuous 
Technologies International 
Limited/Documents/ERP_Test/node_modules/router/index.js:688:15
      at next (C:\Users\JackyLi(CTHK)../../../../../../OneDrive - Continuous 
Technologies International 
Limited/Documents/ERP_Test/node_modules/router/index.js:276:14)
      at Layer.handleError (C:\Users\JackyLi(CTHK)../../../../../../OneDrive - 
Continuous Technologies International 
Limited/Documents/ERP_Test/node_modules/router/lib/layer.js:111:12)
      at trimPrefix (C:\Users\JackyLi(CTHK)../../../../../../OneDrive - 
Continuous Technologies International 
Limited/Documents/ERP_Test/node_modules/router/index.js:340:13)
      at C:\Users\JackyLi(CTHK)../../../../../../OneDrive - Continuous 
Technologies International 
Limited/Documents/ERP_Test/node_modules/router/index.js:297:9
      at processParams (C:\Users\JackyLi(CTHK)../../../../../../OneDrive - 
Continuous Technologies International 
Limited/Documents/ERP_Test/node_modules/router/index.js:582:12)
      at next (C:\Users\JackyLi(CTHK)../../../../../../OneDrive - Continuous 
Technologies International 
Limited/Documents/ERP_Test/node_modules/router/index.js:291:5)
      at C:\Users\JackyLi(CTHK)../../../../../../OneDrive - Continuous 
Technologies International 
Limited/Documents/ERP_Test/node_modules/router/index.js:688:15
      at next (C:\Users\JackyLi(CTHK)../../../../../../OneDrive - Continuous 
Technologies International 
Limited/Documents/ERP_Test/node_modules/router/index.js:276:14)
      at next (C:\Users\JackyLi(CTHK)../../../../../../OneDrive - Continuous 
Technologies International 
Limited/Documents/ERP_Test/node_modules/router/lib/route.js:132:14)
      at Layer.handleError (C:\Users\JackyLi(CTHK)../../../../../../OneDrive - 
Continuous Technologies International 
Limited/Documents/ERP_Test/node_modules/router/lib/layer.js:111:12)
      at next (C:\Users\JackyLi(CTHK)../../../../../../OneDrive - Continuous 
Technologies International 
Limited/Documents/ERP_Test/node_modules/router/lib/route.js:155:13)
      at Layer.handleRequest (C:\Users\JackyLi(CTHK)../../../../../../OneDrive 
- Continuous Technologies International 
Limited/Documents/ERP_Test/node_modules/router/lib/layer.js:165:5)
      at next (C:\Users\JackyLi(CTHK)../../../../../../OneDrive - Continuous 
Technologies International 
Limited/Documents/ERP_Test/node_modules/router/lib/route.js:157:13)
      at requireAuth (C:\Users\JackyLi(CTHK)../../../../../../OneDrive - 
Continuous Technologies International 
Limited/Documents/ERP_Test/server/src/middleware/requireAuth.ts:23:5)
      at Layer.handleRequest (C:\Users\JackyLi(CTHK)../../../../../../OneDrive 
- Continuous Technologies International 
Limited/Documents/ERP_Test/node_modules/router/lib/layer.js:152:17)
      at next (C:\Users\JackyLi(CTHK)../../../../../../OneDrive - Continuous 
Technologies International 
Limited/Documents/ERP_Test/node_modules/router/lib/route.js:157:13)
      at Route.dispatch (C:\Users\JackyLi(CTHK)../../../../../../OneDrive - 
Continuous Technologies International 
Limited/Documents/ERP_Test/node_modules/router/lib/route.js:117:3)
      at handle (C:\Users\JackyLi(CTHK)../../../../../../OneDrive - Continuous 
Technologies International 
Limited/Documents/ERP_Test/node_modules/router/index.js:435:11)
      at Layer.handleRequest (C:\Users\JackyLi(CTHK)../../../../../../OneDrive 
- Continuous Technologies International 
Limited/Documents/ERP_Test/node_modules/router/lib/layer.js:152:17)
      at C:\Users\JackyLi(CTHK)../../../../../../OneDrive - Continuous 
Technologies International 
Limited/Documents/ERP_Test/node_modules/router/index.js:295:15
      at param (C:\Users\JackyLi(CTHK)../../../../../../OneDrive - Continuous 
Technologies International 
Limited/Documents/ERP_Test/node_modules/router/index.js:600:14)
      at param (C:\Users\JackyLi(CTHK)../../../../../../OneDrive - Continuous 
Technologies International 
Limited/Documents/ERP_Test/node_modules/router/index.js:610:14)
      at processParams (C:\Users\JackyLi(CTHK)../../../../../../OneDrive - 
Continuous Technologies International 
Limited/Documents/ERP_Test/node_modules/router/index.js:664:3)
      at next (C:\Users\JackyLi(CTHK)../../../../../../OneDrive - Continuous 
Technologies International 
Limited/Documents/ERP_Test/node_modules/router/index.js:291:5)
      at router.handle (C:\Users\JackyLi(CTHK)../../../../../../OneDrive - 
Continuous Technologies International 
Limited/Documents/ERP_Test/node_modules/router/index.js:186:3)
      at router (C:\Users\JackyLi(CTHK)../../../../../../OneDrive - Continuous 
Technologies International 
Limited/Documents/ERP_Test/node_modules/router/index.js:60:12)
      at Layer.handleRequest (C:\Users\JackyLi(CTHK)../../../../../../OneDrive 
- Continuous Technologies International 
Limited/Documents/ERP_Test/node_modules/router/lib/layer.js:152:17)
      at trimPrefix (C:\Users\JackyLi(CTHK)../../../../../../OneDrive - 
Continuous Technologies International 
Limited/Documents/ERP_Test/node_modules/router/index.js:342:13)
      at C:\Users\JackyLi(CTHK)../../../../../../OneDrive - Continuous 
Technologies International 
Limited/Documents/ERP_Test/node_modules/router/index.js:297:9
      at processParams (C:\Users\JackyLi(CTHK)../../../../../../OneDrive - 
Continuous Technologies International 
Limited/Documents/ERP_Test/node_modules/router/index.js:582:12)
      at next (C:\Users\JackyLi(CTHK)../../../../../../OneDrive - Continuous 
Technologies International 
Limited/Documents/ERP_Test/node_modules/router/index.js:291:5)
      at C:\Users\JackyLi(CTHK)../../../../../../OneDrive - Continuous 
Technologies International 
Limited/Documents/ERP_Test/node_modules/router/index.js:688:15
      at next (C:\Users\JackyLi(CTHK)../../../../../../OneDrive - Continuous 
Technologies International 
Limited/Documents/ERP_Test/node_modules/router/index.js:276:14)
      at router.handle (C:\Users\JackyLi(CTHK)../../../../../../OneDrive - 
Continuous Technologies International 
Limited/Documents/ERP_Test/node_modules/router/index.js:186:3)
      at router (C:\Users\JackyLi(CTHK)../../../../../../OneDrive - Continuous 
Technologies International 
Limited/Documents/ERP_Test/node_modules/router/index.js:60:12)
      at Layer.handleRequest (C:\Users\JackyLi(CTHK)../../../../../../OneDrive 
- Continuous Technologies International 
Limited/Documents/ERP_Test/node_modules/router/lib/layer.js:152:17)
      at trimPrefix (C:\Users\JackyLi(CTHK)../../../../../../OneDrive - 
Continuous Technologies International 
Limited/Documents/ERP_Test/node_modules/router/index.js:342:13)
      at C:\Users\JackyLi(CTHK)../../../../../../OneDrive - Continuous 
Technologies International 
Limited/Documents/ERP_Test/node_modules/router/index.js:297:9
      at processParams (C:\Users\JackyLi(CTHK)../../../../../../OneDrive - 
Continuous Technologies International 
Limited/Documents/ERP_Test/node_modules/router/index.js:582:12)
      at next (C:\Users\JackyLi(CTHK)../../../../../../OneDrive - Continuous 
Technologies International 
Limited/Documents/ERP_Test/node_modules/router/index.js:291:5)
      at C:\Users\JackyLi(CTHK)../../../../../../OneDrive - Continuous 
Technologies International 
Limited/Documents/ERP_Test/node_modules/router/index.js:688:15
      at next (C:\Users\JackyLi(CTHK)../../../../../../OneDrive - Continuous 
Technologies International 
Limited/Documents/ERP_Test/node_modules/router/index.js:276:14)
      at router.handle (C:\Users\JackyLi(CTHK)../../../../../../OneDrive - 
Continuous Technologies International 
Limited/Documents/ERP_Test/node_modules/router/index.js:186:3)
      at router (C:\Users\JackyLi(CTHK)../../../../../../OneDrive - Continuous 
Technologies International 
Limited/Documents/ERP_Test/node_modules/router/index.js:60:12)
      at Layer.handleRequest (C:\Users\JackyLi(CTHK)../../../../../../OneDrive 
- Continuous Technologies International 
Limited/Documents/ERP_Test/node_modules/router/lib/layer.js:152:17)
      at trimPrefix (C:\Users\JackyLi(CTHK)../../../../../../OneDrive - 
Continuous Technologies International 
Limited/Documents/ERP_Test/node_modules/router/index.js:342:13)
      at C:\Users\JackyLi(CTHK)../../../../../../OneDrive - Continuous 
Technologies International 
Limited/Documents/ERP_Test/node_modules/router/index.js:297:9
      at processParams (C:\Users\JackyLi(CTHK)../../../../../../OneDrive - 
Continuous Technologies International 
Limited/Documents/ERP_Test/node_modules/router/index.js:582:12)
      at next (C:\Users\JackyLi(CTHK)../../../../../../OneDrive - Continuous 
Technologies International 
Limited/Documents/ERP_Test/node_modules/router/index.js:291:5)
      at router.handle (C:\Users\JackyLi(CTHK)../../../../../../OneDrive - 
Continuous Technologies International 
Limited/Documents/ERP_Test/node_modules/router/index.js:186:3)
      at router (C:\Users\JackyLi(CTHK)../../../../../../OneDrive - Continuous 
Technologies International 
Limited/Documents/ERP_Test/node_modules/router/index.js:60:12)
      at Layer.handleRequest (C:\Users\JackyLi(CTHK)../../../../../../OneDrive 
- Continuous Technologies International 
Limited/Documents/ERP_Test/node_modules/router/lib/layer.js:152:17)
      at trimPrefix (C:\Users\JackyLi(CTHK)../../../../../../OneDrive - 
Continuous Technologies International 
Limited/Documents/ERP_Test/node_modules/router/index.js:342:13)
      at C:\Users\JackyLi(CTHK)../../../../../../OneDrive - Continuous 
Technologies International 
Limited/Documents/ERP_Test/node_modules/router/index.js:297:9
      at processParams (C:\Users\JackyLi(CTHK)../../../../../../OneDrive - 
Continuous Technologies International 
Limited/Documents/ERP_Test/node_modules/router/index.js:582:12)
      at next (C:\Users\JackyLi(CTHK)../../../../../../OneDrive - Continuous 
Technologies International 
Limited/Documents/ERP_Test/node_modules/router/index.js:291:5)
      at C:\Users\JackyLi(CTHK)../../../../../../OneDrive - Continuous 
Technologies International 
Limited/Documents/ERP_Test/node_modules/express-rate-limit/dist/index.cjs:947:7
      at C:\Users\JackyLi(CTHK)../../../../../../OneDrive - Continuous 
Technologies International 
Limited/Documents/ERP_Test/node_modules/express-rate-limit/dist/index.cjs:830:5

    console.error
      Error: Unauthorized: Missing or invalid Authorization header
          at requireAuth (C:\Users\JackyLi(CTHK)\OneDrive - Continuous 
Technologies International 
Limited\Documents\ERP_Test\server\src\middleware\requireAuth.ts:12:11)
          at Layer.handleRequest (C:\Users\JackyLi(CTHK)\OneDrive - Continuous 
Technologies International 
Limited\Documents\ERP_Test\node_modules\router\lib\layer.js:152:17)
          at next (C:\Users\JackyLi(CTHK)\OneDrive - Continuous Technologies 
International 
Limited\Documents\ERP_Test\node_modules\router\lib\route.js:157:13)
          at Route.dispatch (C:\Users\JackyLi(CTHK)\OneDrive - Continuous 
Technologies International 
Limited\Documents\ERP_Test\node_modules\router\lib\route.js:117:3)
          at handle (C:\Users\JackyLi(CTHK)\OneDrive - Continuous Technologies 
International Limited\Documents\ERP_Test\node_modules\router\index.js:435:11)
          at Layer.handleRequest (C:\Users\JackyLi(CTHK)\OneDrive - Continuous 
Technologies International 
Limited\Documents\ERP_Test\node_modules\router\lib\layer.js:152:17)
          at C:\Users\JackyLi(CTHK)\OneDrive - Continuous Technologies 
International Limited\Documents\ERP_Test\node_modules\router\index.js:295:15
          at param (C:\Users\JackyLi(CTHK)\OneDrive - Continuous Technologies 
International Limited\Documents\ERP_Test\node_modules\router\index.js:600:14)
          at param (C:\Users\JackyLi(CTHK)\OneDrive - Continuous Technologies 
International Limited\Documents\ERP_Test\node_modules\router\index.js:610:14)
          at processParams (C:\Users\JackyLi(CTHK)\OneDrive - Continuous 
Technologies International 
Limited\Documents\ERP_Test\node_modules\router\index.js:664:3)
          at next (C:\Users\JackyLi(CTHK)\OneDrive - Continuous Technologies 
International Limited\Documents\ERP_Test\node_modules\router\index.js:291:5)
          at router.handle (C:\Users\JackyLi(CTHK)\OneDrive - Continuous 
Technologies International 
Limited\Documents\ERP_Test\node_modules\router\index.js:186:3)
          at router (C:\Users\JackyLi(CTHK)\OneDrive - Continuous Technologies 
International Limited\Documents\ERP_Test\node_modules\router\index.js:60:12)
          at Layer.handleRequest (C:\Users\JackyLi(CTHK)\OneDrive - Continuous 
Technologies International 
Limited\Documents\ERP_Test\node_modules\router\lib\layer.js:152:17)
          at trimPrefix (C:\Users\JackyLi(CTHK)\OneDrive - Continuous 
Technologies International 
Limited\Documents\ERP_Test\node_modules\router\index.js:342:13)
          at C:\Users\JackyLi(CTHK)\OneDrive - Continuous Technologies 
International Limited\Documents\ERP_Test\node_modules\router\index.js:297:9
          at processParams (C:\Users\JackyLi(CTHK)\OneDrive - Continuous 
Technologies International 
Limited\Documents\ERP_Test\node_modules\router\index.js:582:12)
          at next (C:\Users\JackyLi(CTHK)\OneDrive - Continuous Technologies 
International Limited\Documents\ERP_Test\node_modules\router\index.js:291:5)
          at C:\Users\JackyLi(CTHK)\OneDrive - Continuous Technologies 
International Limited\Documents\ERP_Test\node_modules\router\index.js:688:15
          at next (C:\Users\JackyLi(CTHK)\OneDrive - Continuous Technologies 
International Limited\Documents\ERP_Test\node_modules\router\index.js:276:14)
          ... collapsed 9 duplicate lines matching above lines ...
          at router.handle (C:\Users\JackyLi(CTHK)\OneDrive - Continuous 
Technologies International 
Limited\Documents\ERP_Test\node_modules\router\index.js:186:3)
          at router (C:\Users\JackyLi(CTHK)\OneDrive - Continuous Technologies 
International Limited\Documents\ERP_Test\node_modules\router\index.js:60:12)
          at Layer.handleRequest (C:\Users\JackyLi(CTHK)\OneDrive - Continuous 
Technologies International 
Limited\Documents\ERP_Test\node_modules\router\lib\layer.js:152:17)
          at trimPrefix (C:\Users\JackyLi(CTHK)\OneDrive - Continuous 
Technologies International 
Limited\Documents\ERP_Test\node_modules\router\index.js:342:13)
          at C:\Users\JackyLi(CTHK)\OneDrive - Continuous Technologies 
International Limited\Documents\ERP_Test\node_modules\router\index.js:297:9
          at processParams (C:\Users\JackyLi(CTHK)\OneDrive - Continuous 
Technologies International 
Limited\Documents\ERP_Test\node_modules\router\index.js:582:12)
          at next (C:\Users\JackyLi(CTHK)\OneDrive - Continuous Technologies 
International Limited\Documents\ERP_Test\node_modules\router\index.js:291:5)
          ... collapsed 7 duplicate lines matching above lines ...
          at C:\Users\JackyLi(CTHK)\OneDrive - Continuous Technologies 
International 
Limited\Documents\ERP_Test\node_modules\express-rate-limit\dist\index.cjs:947:7
          at processTicksAndRejections 
(node:internal/process/task_queues:103:5)
          at C:\Users\JackyLi(CTHK)\OneDrive - Continuous Technologies 
International 
Limited\Documents\ERP_Test\node_modules\express-rate-limit\dist\index.cjs:830:5

    [0m [90m 59 |[39m   [90m// eslint-disable-next-line 
@typescript-eslint/no-unused-vars[39m
     [90m 60 |[39m   app[33m.[39muse((err[33m:[39m 
[33mError[39m[33m,[39m _req[33m:[39m [33mRequest[39m[33m,[39m 
res[33m:[39m [33mResponse[39m[33m,[39m _next[33m:[39m 
[33mNextFunction[39m) [33m=>[39m {
    [31m[1m>[22m[39m[90m 61 |[39m     
console[33m.[39merror(err)[33m;[39m
     [90m    |[39m             [31m[1m^[22m[39m
     [90m 62 |[39m     [36mif[39m 
(err[33m.[39mmessage[33m.[39mincludes([32m"Unauthorized"[39m)) {
     [90m 63 |[39m       
res[33m.[39mstatus([35m401[39m)[33m.[39mjson({ message[33m:[39m 
err[33m.[39mmessage })[33m;[39m
     [90m 64 |[39m     } [36melse[39m [36mif[39m 
(err[33m.[39mmessage[33m.[39mincludes([32m"Forbidden"[39m)) {[0m

      at C:\Users\JackyLi(CTHK)../../../../../../OneDrive - Continuous 
Technologies International Limited/Documents/ERP_Test/server/src/app.ts:61:13
      at Layer.handleError (C:\Users\JackyLi(CTHK)../../../../../../OneDrive - 
Continuous Technologies International 
Limited/Documents/ERP_Test/node_modules/router/lib/layer.js:116:17)
      at trimPrefix (C:\Users\JackyLi(CTHK)../../../../../../OneDrive - 
Continuous Technologies International 
Limited/Documents/ERP_Test/node_modules/router/index.js:340:13)
      at C:\Users\JackyLi(CTHK)../../../../../../OneDrive - Continuous 
Technologies International 
Limited/Documents/ERP_Test/node_modules/router/index.js:297:9
      at processParams (C:\Users\JackyLi(CTHK)../../../../../../OneDrive - 
Continuous Technologies International 
Limited/Documents/ERP_Test/node_modules/router/index.js:582:12)
      at next (C:\Users\JackyLi(CTHK)../../../../../../OneDrive - Continuous 
Technologies International 
Limited/Documents/ERP_Test/node_modules/router/index.js:291:5)
      at Layer.handleError (C:\Users\JackyLi(CTHK)../../../../../../OneDrive - 
Continuous Technologies International 
Limited/Documents/ERP_Test/node_modules/router/lib/layer.js:111:12)
      at trimPrefix (C:\Users\JackyLi(CTHK)../../../../../../OneDrive - 
Continuous Technologies International 
Limited/Documents/ERP_Test/node_modules/router/index.js:340:13)
      at C:\Users\JackyLi(CTHK)../../../../../../OneDrive - Continuous 
Technologies International 
Limited/Documents/ERP_Test/node_modules/router/index.js:297:9
      at processParams (C:\Users\JackyLi(CTHK)../../../../../../OneDrive - 
Continuous Technologies International 
Limited/Documents/ERP_Test/node_modules/router/index.js:582:12)
      at next (C:\Users\JackyLi(CTHK)../../../../../../OneDrive - Continuous 
Technologies International 
Limited/Documents/ERP_Test/node_modules/router/index.js:291:5)
      at C:\Users\JackyLi(CTHK)../../../../../../OneDrive - Continuous 
Technologies International 
Limited/Documents/ERP_Test/node_modules/router/index.js:688:15
      at next (C:\Users\JackyLi(CTHK)../../../../../../OneDrive - Continuous 
Technologies International 
Limited/Documents/ERP_Test/node_modules/router/index.js:276:14)
      at Layer.handleError (C:\Users\JackyLi(CTHK)../../../../../../OneDrive - 
Continuous Technologies International 
Limited/Documents/ERP_Test/node_modules/router/lib/layer.js:111:12)
      at trimPrefix (C:\Users\JackyLi(CTHK)../../../../../../OneDrive - 
Continuous Technologies International 
Limited/Documents/ERP_Test/node_modules/router/index.js:340:13)
      at C:\Users\JackyLi(CTHK)../../../../../../OneDrive - Continuous 
Technologies International 
Limited/Documents/ERP_Test/node_modules/router/index.js:297:9
      at processParams (C:\Users\JackyLi(CTHK)../../../../../../OneDrive - 
Continuous Technologies International 
Limited/Documents/ERP_Test/node_modules/router/index.js:582:12)
      at next (C:\Users\JackyLi(CTHK)../../../../../../OneDrive - Continuous 
Technologies International 
Limited/Documents/ERP_Test/node_modules/router/index.js:291:5)
      at C:\Users\JackyLi(CTHK)../../../../../../OneDrive - Continuous 
Technologies International 
Limited/Documents/ERP_Test/node_modules/router/index.js:688:15
      at next (C:\Users\JackyLi(CTHK)../../../../../../OneDrive - Continuous 
Technologies International 
Limited/Documents/ERP_Test/node_modules/router/index.js:276:14)
      at next (C:\Users\JackyLi(CTHK)../../../../../../OneDrive - Continuous 
Technologies International 
Limited/Documents/ERP_Test/node_modules/router/lib/route.js:132:14)
      at Layer.handleError (C:\Users\JackyLi(CTHK)../../../../../../OneDrive - 
Continuous Technologies International 
Limited/Documents/ERP_Test/node_modules/router/lib/layer.js:111:12)
      at next (C:\Users\JackyLi(CTHK)../../../../../../OneDrive - Continuous 
Technologies International 
Limited/Documents/ERP_Test/node_modules/router/lib/route.js:155:13)
      at Layer.handleError (C:\Users\JackyLi(CTHK)../../../../../../OneDrive - 
Continuous Technologies International 
Limited/Documents/ERP_Test/node_modules/router/lib/layer.js:111:12)
      at next (C:\Users\JackyLi(CTHK)../../../../../../OneDrive - Continuous 
Technologies International 
Limited/Documents/ERP_Test/node_modules/router/lib/route.js:155:13)
      at Layer.handleRequest (C:\Users\JackyLi(CTHK)../../../../../../OneDrive 
- Continuous Technologies International 
Limited/Documents/ERP_Test/node_modules/router/lib/layer.js:165:5)
      at next (C:\Users\JackyLi(CTHK)../../../../../../OneDrive - Continuous 
Technologies International 
Limited/Documents/ERP_Test/node_modules/router/lib/route.js:157:13)
      at Route.dispatch (C:\Users\JackyLi(CTHK)../../../../../../OneDrive - 
Continuous Technologies International 
Limited/Documents/ERP_Test/node_modules/router/lib/route.js:117:3)
      at handle (C:\Users\JackyLi(CTHK)../../../../../../OneDrive - Continuous 
Technologies International 
Limited/Documents/ERP_Test/node_modules/router/index.js:435:11)
      at Layer.handleRequest (C:\Users\JackyLi(CTHK)../../../../../../OneDrive 
- Continuous Technologies International 
Limited/Documents/ERP_Test/node_modules/router/lib/layer.js:152:17)
      at C:\Users\JackyLi(CTHK)../../../../../../OneDrive - Continuous 
Technologies International 
Limited/Documents/ERP_Test/node_modules/router/index.js:295:15
      at param (C:\Users\JackyLi(CTHK)../../../../../../OneDrive - Continuous 
Technologies International 
Limited/Documents/ERP_Test/node_modules/router/index.js:600:14)
      at param (C:\Users\JackyLi(CTHK)../../../../../../OneDrive - Continuous 
Technologies International 
Limited/Documents/ERP_Test/node_modules/router/index.js:610:14)
      at processParams (C:\Users\JackyLi(CTHK)../../../../../../OneDrive - 
Continuous Technologies International 
Limited/Documents/ERP_Test/node_modules/router/index.js:664:3)
      at next (C:\Users\JackyLi(CTHK)../../../../../../OneDrive - Continuous 
Technologies International 
Limited/Documents/ERP_Test/node_modules/router/index.js:291:5)
      at router.handle (C:\Users\JackyLi(CTHK)../../../../../../OneDrive - 
Continuous Technologies International 
Limited/Documents/ERP_Test/node_modules/router/index.js:186:3)
      at router (C:\Users\JackyLi(CTHK)../../../../../../OneDrive - Continuous 
Technologies International 
Limited/Documents/ERP_Test/node_modules/router/index.js:60:12)
      at Layer.handleRequest (C:\Users\JackyLi(CTHK)../../../../../../OneDrive 
- Continuous Technologies International 
Limited/Documents/ERP_Test/node_modules/router/lib/layer.js:152:17)
      at trimPrefix (C:\Users\JackyLi(CTHK)../../../../../../OneDrive - 
Continuous Technologies International 
Limited/Documents/ERP_Test/node_modules/router/index.js:342:13)
      at C:\Users\JackyLi(CTHK)../../../../../../OneDrive - Continuous 
Technologies International 
Limited/Documents/ERP_Test/node_modules/router/index.js:297:9
      at processParams (C:\Users\JackyLi(CTHK)../../../../../../OneDrive - 
Continuous Technologies International 
Limited/Documents/ERP_Test/node_modules/router/index.js:582:12)
      at next (C:\Users\JackyLi(CTHK)../../../../../../OneDrive - Continuous 
Technologies International 
Limited/Documents/ERP_Test/node_modules/router/index.js:291:5)
      at C:\Users\JackyLi(CTHK)../../../../../../OneDrive - Continuous 
Technologies International 
Limited/Documents/ERP_Test/node_modules/router/index.js:688:15
      at next (C:\Users\JackyLi(CTHK)../../../../../../OneDrive - Continuous 
Technologies International 
Limited/Documents/ERP_Test/node_modules/router/index.js:276:14)
      at router.handle (C:\Users\JackyLi(CTHK)../../../../../../OneDrive - 
Continuous Technologies International 
Limited/Documents/ERP_Test/node_modules/router/index.js:186:3)
      at router (C:\Users\JackyLi(CTHK)../../../../../../OneDrive - Continuous 
Technologies International 
Limited/Documents/ERP_Test/node_modules/router/index.js:60:12)
      at Layer.handleRequest (C:\Users\JackyLi(CTHK)../../../../../../OneDrive 
- Continuous Technologies International 
Limited/Documents/ERP_Test/node_modules/router/lib/layer.js:152:17)
      at trimPrefix (C:\Users\JackyLi(CTHK)../../../../../../OneDrive - 
Continuous Technologies International 
Limited/Documents/ERP_Test/node_modules/router/index.js:342:13)
      at C:\Users\JackyLi(CTHK)../../../../../../OneDrive - Continuous 
Technologies International 
Limited/Documents/ERP_Test/node_modules/router/index.js:297:9
      at processParams (C:\Users\JackyLi(CTHK)../../../../../../OneDrive - 
Continuous Technologies International 
Limited/Documents/ERP_Test/node_modules/router/index.js:582:12)
      at next (C:\Users\JackyLi(CTHK)../../../../../../OneDrive - Continuous 
Technologies International 
Limited/Documents/ERP_Test/node_modules/router/index.js:291:5)
      at C:\Users\JackyLi(CTHK)../../../../../../OneDrive - Continuous 
Technologies International 
Limited/Documents/ERP_Test/node_modules/router/index.js:688:15
      at next (C:\Users\JackyLi(CTHK)../../../../../../OneDrive - Continuous 
Technologies International 
Limited/Documents/ERP_Test/node_modules/router/index.js:276:14)
      at router.handle (C:\Users\JackyLi(CTHK)../../../../../../OneDrive - 
Continuous Technologies International 
Limited/Documents/ERP_Test/node_modules/router/index.js:186:3)
      at router (C:\Users\JackyLi(CTHK)../../../../../../OneDrive - Continuous 
Technologies International 
Limited/Documents/ERP_Test/node_modules/router/index.js:60:12)
      at Layer.handleRequest (C:\Users\JackyLi(CTHK)../../../../../../OneDrive 
- Continuous Technologies International 
Limited/Documents/ERP_Test/node_modules/router/lib/layer.js:152:17)
      at trimPrefix (C:\Users\JackyLi(CTHK)../../../../../../OneDrive - 
Continuous Technologies International 
Limited/Documents/ERP_Test/node_modules/router/index.js:342:13)
      at C:\Users\JackyLi(CTHK)../../../../../../OneDrive - Continuous 
Technologies International 
Limited/Documents/ERP_Test/node_modules/router/index.js:297:9
      at processParams (C:\Users\JackyLi(CTHK)../../../../../../OneDrive - 
Continuous Technologies International 
Limited/Documents/ERP_Test/node_modules/router/index.js:582:12)
      at next (C:\Users\JackyLi(CTHK)../../../../../../OneDrive - Continuous 
Technologies International 
Limited/Documents/ERP_Test/node_modules/router/index.js:291:5)
      at router.handle (C:\Users\JackyLi(CTHK)../../../../../../OneDrive - 
Continuous Technologies International 
Limited/Documents/ERP_Test/node_modules/router/index.js:186:3)
      at router (C:\Users\JackyLi(CTHK)../../../../../../OneDrive - Continuous 
Technologies International 
Limited/Documents/ERP_Test/node_modules/router/index.js:60:12)
      at Layer.handleRequest (C:\Users\JackyLi(CTHK)../../../../../../OneDrive 
- Continuous Technologies International 
Limited/Documents/ERP_Test/node_modules/router/lib/layer.js:152:17)
      at trimPrefix (C:\Users\JackyLi(CTHK)../../../../../../OneDrive - 
Continuous Technologies International 
Limited/Documents/ERP_Test/node_modules/router/index.js:342:13)
      at C:\Users\JackyLi(CTHK)../../../../../../OneDrive - Continuous 
Technologies International 
Limited/Documents/ERP_Test/node_modules/router/index.js:297:9
      at processParams (C:\Users\JackyLi(CTHK)../../../../../../OneDrive - 
Continuous Technologies International 
Limited/Documents/ERP_Test/node_modules/router/index.js:582:12)
      at next (C:\Users\JackyLi(CTHK)../../../../../../OneDrive - Continuous 
Technologies International 
Limited/Documents/ERP_Test/node_modules/router/index.js:291:5)
      at C:\Users\JackyLi(CTHK)../../../../../../OneDrive - Continuous 
Technologies International 
Limited/Documents/ERP_Test/node_modules/express-rate-limit/dist/index.cjs:947:7
      at C:\Users\JackyLi(CTHK)../../../../../../OneDrive - Continuous 
Technologies International 
Limited/Documents/ERP_Test/node_modules/express-rate-limit/dist/index.cjs:830:5

    console.error
      Error: Unauthorized: Missing or invalid Authorization header
          at requireAuth (C:\Users\JackyLi(CTHK)\OneDrive - Continuous 
Technologies International 
Limited\Documents\ERP_Test\server\src\middleware\requireAuth.ts:12:11)
          at Layer.handleRequest (C:\Users\JackyLi(CTHK)\OneDrive - Continuous 
Technologies International 
Limited\Documents\ERP_Test\node_modules\router\lib\layer.js:152:17)
          at next (C:\Users\JackyLi(CTHK)\OneDrive - Continuous Technologies 
International 
Limited\Documents\ERP_Test\node_modules\router\lib\route.js:157:13)
          at Route.dispatch (C:\Users\JackyLi(CTHK)\OneDrive - Continuous 
Technologies International 
Limited\Documents\ERP_Test\node_modules\router\lib\route.js:117:3)
          at handle (C:\Users\JackyLi(CTHK)\OneDrive - Continuous Technologies 
International Limited\Documents\ERP_Test\node_modules\router\index.js:435:11)
          at Layer.handleRequest (C:\Users\JackyLi(CTHK)\OneDrive - Continuous 
Technologies International 
Limited\Documents\ERP_Test\node_modules\router\lib\layer.js:152:17)
          at C:\Users\JackyLi(CTHK)\OneDrive - Continuous Technologies 
International Limited\Documents\ERP_Test\node_modules\router\index.js:295:15
          at processParams (C:\Users\JackyLi(CTHK)\OneDrive - Continuous 
Technologies International 
Limited\Documents\ERP_Test\node_modules\router\index.js:582:12)
          at next (C:\Users\JackyLi(CTHK)\OneDrive - Continuous Technologies 
International Limited\Documents\ERP_Test\node_modules\router\index.js:291:5)
          at router.handle (C:\Users\JackyLi(CTHK)\OneDrive - Continuous 
Technologies International 
Limited\Documents\ERP_Test\node_modules\router\index.js:186:3)
          at router (C:\Users\JackyLi(CTHK)\OneDrive - Continuous Technologies 
International Limited\Documents\ERP_Test\node_modules\router\index.js:60:12)
          at Layer.handleRequest (C:\Users\JackyLi(CTHK)\OneDrive - Continuous 
Technologies International 
Limited\Documents\ERP_Test\node_modules\router\lib\layer.js:152:17)
          at trimPrefix (C:\Users\JackyLi(CTHK)\OneDrive - Continuous 
Technologies International 
Limited\Documents\ERP_Test\node_modules\router\index.js:342:13)
          at C:\Users\JackyLi(CTHK)\OneDrive - Continuous Technologies 
International Limited\Documents\ERP_Test\node_modules\router\index.js:297:9
          at processParams (C:\Users\JackyLi(CTHK)\OneDrive - Continuous 
Technologies International 
Limited\Documents\ERP_Test\node_modules\router\index.js:582:12)
          at next (C:\Users\JackyLi(CTHK)\OneDrive - Continuous Technologies 
International Limited\Documents\ERP_Test\node_modules\router\index.js:291:5)
          at C:\Users\JackyLi(CTHK)\OneDrive - Continuous Technologies 
International Limited\Documents\ERP_Test\node_modules\router\index.js:688:15
          at next (C:\Users\JackyLi(CTHK)\OneDrive - Continuous Technologies 
International Limited\Documents\ERP_Test\node_modules\router\index.js:276:14)
          at router.handle (C:\Users\JackyLi(CTHK)\OneDrive - Continuous 
Technologies International 
Limited\Documents\ERP_Test\node_modules\router\index.js:186:3)
          at router (C:\Users\JackyLi(CTHK)\OneDrive - Continuous Technologies 
International Limited\Documents\ERP_Test\node_modules\router\index.js:60:12)
          at Layer.handleRequest (C:\Users\JackyLi(CTHK)\OneDrive - Continuous 
Technologies International 
Limited\Documents\ERP_Test\node_modules\router\lib\layer.js:152:17)
          at trimPrefix (C:\Users\JackyLi(CTHK)\OneDrive - Continuous 
Technologies International 
Limited\Documents\ERP_Test\node_modules\router\index.js:342:13)
          at C:\Users\JackyLi(CTHK)\OneDrive - Continuous Technologies 
International Limited\Documents\ERP_Test\node_modules\router\index.js:297:9
          at processParams (C:\Users\JackyLi(CTHK)\OneDrive - Continuous 
Technologies International 
Limited\Documents\ERP_Test\node_modules\router\index.js:582:12)
          at next (C:\Users\JackyLi(CTHK)\OneDrive - Continuous Technologies 
International Limited\Documents\ERP_Test\node_modules\router\index.js:291:5)
          ... collapsed 7 duplicate lines matching above lines ...
          at C:\Users\JackyLi(CTHK)\OneDrive - Continuous Technologies 
International 
Limited\Documents\ERP_Test\node_modules\express-rate-limit\dist\index.cjs:947:7
          at processTicksAndRejections 
(node:internal/process/task_queues:103:5)
          at C:\Users\JackyLi(CTHK)\OneDrive - Continuous Technologies 
International 
Limited\Documents\ERP_Test\node_modules\express-rate-limit\dist\index.cjs:830:5

    [0m [90m 59 |[39m   [90m// eslint-disable-next-line 
@typescript-eslint/no-unused-vars[39m
     [90m 60 |[39m   app[33m.[39muse((err[33m:[39m 
[33mError[39m[33m,[39m _req[33m:[39m [33mRequest[39m[33m,[39m 
res[33m:[39m [33mResponse[39m[33m,[39m _next[33m:[39m 
[33mNextFunction[39m) [33m=>[39m {
    [31m[1m>[22m[39m[90m 61 |[39m     
console[33m.[39merror(err)[33m;[39m
     [90m    |[39m             [31m[1m^[22m[39m
     [90m 62 |[39m     [36mif[39m 
(err[33m.[39mmessage[33m.[39mincludes([32m"Unauthorized"[39m)) {
     [90m 63 |[39m       
res[33m.[39mstatus([35m401[39m)[33m.[39mjson({ message[33m:[39m 
err[33m.[39mmessage })[33m;[39m
     [90m 64 |[39m     } [36melse[39m [36mif[39m 
(err[33m.[39mmessage[33m.[39mincludes([32m"Forbidden"[39m)) {[0m

      at C:\Users\JackyLi(CTHK)../../../../../../OneDrive - Continuous 
Technologies International Limited/Documents/ERP_Test/server/src/app.ts:61:13
      at Layer.handleError (C:\Users\JackyLi(CTHK)../../../../../../OneDrive - 
Continuous Technologies International 
Limited/Documents/ERP_Test/node_modules/router/lib/layer.js:116:17)
      at trimPrefix (C:\Users\JackyLi(CTHK)../../../../../../OneDrive - 
Continuous Technologies International 
Limited/Documents/ERP_Test/node_modules/router/index.js:340:13)
      at C:\Users\JackyLi(CTHK)../../../../../../OneDrive - Continuous 
Technologies International 
Limited/Documents/ERP_Test/node_modules/router/index.js:297:9
      at processParams (C:\Users\JackyLi(CTHK)../../../../../../OneDrive - 
Continuous Technologies International 
Limited/Documents/ERP_Test/node_modules/router/index.js:582:12)
      at next (C:\Users\JackyLi(CTHK)../../../../../../OneDrive - Continuous 
Technologies International 
Limited/Documents/ERP_Test/node_modules/router/index.js:291:5)
      at Layer.handleError (C:\Users\JackyLi(CTHK)../../../../../../OneDrive - 
Continuous Technologies International 
Limited/Documents/ERP_Test/node_modules/router/lib/layer.js:111:12)
      at trimPrefix (C:\Users\JackyLi(CTHK)../../../../../../OneDrive - 
Continuous Technologies International 
Limited/Documents/ERP_Test/node_modules/router/index.js:340:13)
      at C:\Users\JackyLi(CTHK)../../../../../../OneDrive - Continuous 
Technologies International 
Limited/Documents/ERP_Test/node_modules/router/index.js:297:9
      at processParams (C:\Users\JackyLi(CTHK)../../../../../../OneDrive - 
Continuous Technologies International 
Limited/Documents/ERP_Test/node_modules/router/index.js:582:12)
      at next (C:\Users\JackyLi(CTHK)../../../../../../OneDrive - Continuous 
Technologies International 
Limited/Documents/ERP_Test/node_modules/router/index.js:291:5)
      at C:\Users\JackyLi(CTHK)../../../../../../OneDrive - Continuous 
Technologies International 
Limited/Documents/ERP_Test/node_modules/router/index.js:688:15
      at Immediate.next (C:\Users\JackyLi(CTHK)../../../../../../OneDrive - 
Continuous Technologies International 
Limited/Documents/ERP_Test/node_modules/router/index.js:276:14)
      at Immediate._onImmediate 
(C:\Users\JackyLi(CTHK)../../../../../../OneDrive - Continuous Technologies 
International Limited/Documents/ERP_Test/node_modules/router/index.js:688:15)

    console.error
      Error: Forbidden: User role 'EMPLOYEE' does not have permission for this 
resource
          at C:\Users\JackyLi(CTHK)\OneDrive - Continuous Technologies 
International 
Limited\Documents\ERP_Test\server\src\middleware\requireRole.ts:17:13
          at Layer.handleRequest (C:\Users\JackyLi(CTHK)\OneDrive - Continuous 
Technologies International 
Limited\Documents\ERP_Test\node_modules\router\lib\layer.js:152:17)
          at next (C:\Users\JackyLi(CTHK)\OneDrive - Continuous Technologies 
International 
Limited\Documents\ERP_Test\node_modules\router\lib\route.js:157:13)
          at requireAuth (C:\Users\JackyLi(CTHK)\OneDrive - Continuous 
Technologies International 
Limited\Documents\ERP_Test\server\src\middleware\requireAuth.ts:23:5)
          at Layer.handleRequest (C:\Users\JackyLi(CTHK)\OneDrive - Continuous 
Technologies International 
Limited\Documents\ERP_Test\node_modules\router\lib\layer.js:152:17)
          at next (C:\Users\JackyLi(CTHK)\OneDrive - Continuous Technologies 
International 
Limited\Documents\ERP_Test\node_modules\router\lib\route.js:157:13)
          at Route.dispatch (C:\Users\JackyLi(CTHK)\OneDrive - Continuous 
Technologies International 
Limited\Documents\ERP_Test\node_modules\router\lib\route.js:117:3)
          at handle (C:\Users\JackyLi(CTHK)\OneDrive - Continuous Technologies 
International Limited\Documents\ERP_Test\node_modules\router\index.js:435:11)
          at Layer.handleRequest (C:\Users\JackyLi(CTHK)\OneDrive - Continuous 
Technologies International 
Limited\Documents\ERP_Test\node_modules\router\lib\layer.js:152:17)
          at C:\Users\JackyLi(CTHK)\OneDrive - Continuous Technologies 
International Limited\Documents\ERP_Test\node_modules\router\index.js:295:15
          at processParams (C:\Users\JackyLi(CTHK)\OneDrive - Continuous 
Technologies International 
Limited\Documents\ERP_Test\node_modules\router\index.js:582:12)
          at next (C:\Users\JackyLi(CTHK)\OneDrive - Continuous Technologies 
International Limited\Documents\ERP_Test\node_modules\router\index.js:291:5)
          at router.handle (C:\Users\JackyLi(CTHK)\OneDrive - Continuous 
Technologies International 
Limited\Documents\ERP_Test\node_modules\router\index.js:186:3)
          at router (C:\Users\JackyLi(CTHK)\OneDrive - Continuous Technologies 
International Limited\Documents\ERP_Test\node_modules\router\index.js:60:12)
          at Layer.handleRequest (C:\Users\JackyLi(CTHK)\OneDrive - Continuous 
Technologies International 
Limited\Documents\ERP_Test\node_modules\router\lib\layer.js:152:17)
          at trimPrefix (C:\Users\JackyLi(CTHK)\OneDrive - Continuous 
Technologies International 
Limited\Documents\ERP_Test\node_modules\router\index.js:342:13)
          at C:\Users\JackyLi(CTHK)\OneDrive - Continuous Technologies 
International Limited\Documents\ERP_Test\node_modules\router\index.js:297:9
          at processParams (C:\Users\JackyLi(CTHK)\OneDrive - Continuous 
Technologies International 
Limited\Documents\ERP_Test\node_modules\router\index.js:582:12)
          at next (C:\Users\JackyLi(CTHK)\OneDrive - Continuous Technologies 
International Limited\Documents\ERP_Test\node_modules\router\index.js:291:5)
          at C:\Users\JackyLi(CTHK)\OneDrive - Continuous Technologies 
International Limited\Documents\ERP_Test\node_modules\router\index.js:688:15
          at next (C:\Users\JackyLi(CTHK)\OneDrive - Continuous Technologies 
International Limited\Documents\ERP_Test\node_modules\router\index.js:276:14)
          at router.handle (C:\Users\JackyLi(CTHK)\OneDrive - Continuous 
Technologies International 
Limited\Documents\ERP_Test\node_modules\router\index.js:186:3)
          at router (C:\Users\JackyLi(CTHK)\OneDrive - Continuous Technologies 
International Limited\Documents\ERP_Test\node_modules\router\index.js:60:12)
          at Layer.handleRequest (C:\Users\JackyLi(CTHK)\OneDrive - Continuous 
Technologies International 
Limited\Documents\ERP_Test\node_modules\router\lib\layer.js:152:17)
          at trimPrefix (C:\Users\JackyLi(CTHK)\OneDrive - Continuous 
Technologies International 
Limited\Documents\ERP_Test\node_modules\router\index.js:342:13)
          at C:\Users\JackyLi(CTHK)\OneDrive - Continuous Technologies 
International Limited\Documents\ERP_Test\node_modules\router\index.js:297:9
          at processParams (C:\Users\JackyLi(CTHK)\OneDrive - Continuous 
Technologies International 
Limited\Documents\ERP_Test\node_modules\router\index.js:582:12)
          at next (C:\Users\JackyLi(CTHK)\OneDrive - Continuous Technologies 
International Limited\Documents\ERP_Test\node_modules\router\index.js:291:5)
          ... collapsed 7 duplicate lines matching above lines ...
          at C:\Users\JackyLi(CTHK)\OneDrive - Continuous Technologies 
International 
Limited\Documents\ERP_Test\node_modules\express-rate-limit\dist\index.cjs:947:7
          at processTicksAndRejections 
(node:internal/process/task_queues:103:5)
          at C:\Users\JackyLi(CTHK)\OneDrive - Continuous Technologies 
International 
Limited\Documents\ERP_Test\node_modules\express-rate-limit\dist\index.cjs:830:5

    [0m [90m 59 |[39m   [90m// eslint-disable-next-line 
@typescript-eslint/no-unused-vars[39m
     [90m 60 |[39m   app[33m.[39muse((err[33m:[39m 
[33mError[39m[33m,[39m _req[33m:[39m [33mRequest[39m[33m,[39m 
res[33m:[39m [33mResponse[39m[33m,[39m _next[33m:[39m 
[33mNextFunction[39m) [33m=>[39m {
    [31m[1m>[22m[39m[90m 61 |[39m     
console[33m.[39merror(err)[33m;[39m
     [90m    |[39m             [31m[1m^[22m[39m
     [90m 62 |[39m     [36mif[39m 
(err[33m.[39mmessage[33m.[39mincludes([32m"Unauthorized"[39m)) {
     [90m 63 |[39m       
res[33m.[39mstatus([35m401[39m)[33m.[39mjson({ message[33m:[39m 
err[33m.[39mmessage })[33m;[39m
     [90m 64 |[39m     } [36melse[39m [36mif[39m 
(err[33m.[39mmessage[33m.[39mincludes([32m"Forbidden"[39m)) {[0m

      at C:\Users\JackyLi(CTHK)../../../../../../OneDrive - Continuous 
Technologies International Limited/Documents/ERP_Test/server/src/app.ts:61:13
      at Layer.handleError (C:\Users\JackyLi(CTHK)../../../../../../OneDrive - 
Continuous Technologies International 
Limited/Documents/ERP_Test/node_modules/router/lib/layer.js:116:17)
      at trimPrefix (C:\Users\JackyLi(CTHK)../../../../../../OneDrive - 
Continuous Technologies International 
Limited/Documents/ERP_Test/node_modules/router/index.js:340:13)
      at C:\Users\JackyLi(CTHK)../../../../../../OneDrive - Continuous 
Technologies International 
Limited/Documents/ERP_Test/node_modules/router/index.js:297:9
      at processParams (C:\Users\JackyLi(CTHK)../../../../../../OneDrive - 
Continuous Technologies International 
Limited/Documents/ERP_Test/node_modules/router/index.js:582:12)
      at next (C:\Users\JackyLi(CTHK)../../../../../../OneDrive - Continuous 
Technologies International 
Limited/Documents/ERP_Test/node_modules/router/index.js:291:5)
      at Layer.handleError (C:\Users\JackyLi(CTHK)../../../../../../OneDrive - 
Continuous Technologies International 
Limited/Documents/ERP_Test/node_modules/router/lib/layer.js:111:12)
      at trimPrefix (C:\Users\JackyLi(CTHK)../../../../../../OneDrive - 
Continuous Technologies International 
Limited/Documents/ERP_Test/node_modules/router/index.js:340:13)
      at C:\Users\JackyLi(CTHK)../../../../../../OneDrive - Continuous 
Technologies International 
Limited/Documents/ERP_Test/node_modules/router/index.js:297:9
      at processParams (C:\Users\JackyLi(CTHK)../../../../../../OneDrive - 
Continuous Technologies International 
Limited/Documents/ERP_Test/node_modules/router/index.js:582:12)
      at next (C:\Users\JackyLi(CTHK)../../../../../../OneDrive - Continuous 
Technologies International 
Limited/Documents/ERP_Test/node_modules/router/index.js:291:5)
      at C:\Users\JackyLi(CTHK)../../../../../../OneDrive - Continuous 
Technologies International 
Limited/Documents/ERP_Test/node_modules/router/index.js:688:15
      at Immediate.next (C:\Users\JackyLi(CTHK)../../../../../../OneDrive - 
Continuous Technologies International 
Limited/Documents/ERP_Test/node_modules/router/index.js:276:14)
      at Immediate._onImmediate 
(C:\Users\JackyLi(CTHK)../../../../../../OneDrive - Continuous Technologies 
International Limited/Documents/ERP_Test/node_modules/router/index.js:688:15)

PASS src/__tests__/auth.refresh.test.ts
  ΓùÅ Console

    console.log
      [dotenv@17.3.1] injecting env (10) from ..\.env -- tip: ≡ƒöÉ prevent 
committing .env to code: https://dotenvx.com/precommit

      at _log (C:\Users\JackyLi(CTHK)../../../../../../OneDrive - Continuous 
Technologies International 
Limited/Documents/ERP_Test/node_modules/dotenv/lib/main.js:139:11)

PASS src/__tests__/leaveRequest.submit.test.ts
  ΓùÅ Console

    console.log
      [dotenv@17.3.1] injecting env (10) from ..\.env -- tip: ≡ƒöÉ prevent 
committing .env to code: https://dotenvx.com/precommit

      at _log (C:\Users\JackyLi(CTHK)../../../../../../OneDrive - Continuous 
Technologies International 
Limited/Documents/ERP_Test/node_modules/dotenv/lib/main.js:139:11)

    console.error
      Error: Unauthorized: Missing or invalid Authorization header
          at requireAuth (C:\Users\JackyLi(CTHK)\OneDrive - Continuous 
Technologies International 
Limited\Documents\ERP_Test\server\src\middleware\requireAuth.ts:12:11)
          at Layer.handleRequest (C:\Users\JackyLi(CTHK)\OneDrive - Continuous 
Technologies International 
Limited\Documents\ERP_Test\node_modules\router\lib\layer.js:152:17)
          at next (C:\Users\JackyLi(CTHK)\OneDrive - Continuous Technologies 
International 
Limited\Documents\ERP_Test\node_modules\router\lib\route.js:157:13)
          at Route.dispatch (C:\Users\JackyLi(CTHK)\OneDrive - Continuous 
Technologies International 
Limited\Documents\ERP_Test\node_modules\router\lib\route.js:117:3)
          at handle (C:\Users\JackyLi(CTHK)\OneDrive - Continuous Technologies 
International Limited\Documents\ERP_Test\node_modules\router\index.js:435:11)
          at Layer.handleRequest (C:\Users\JackyLi(CTHK)\OneDrive - Continuous 
Technologies International 
Limited\Documents\ERP_Test\node_modules\router\lib\layer.js:152:17)
          at C:\Users\JackyLi(CTHK)\OneDrive - Continuous Technologies 
International Limited\Documents\ERP_Test\node_modules\router\index.js:295:15
          at processParams (C:\Users\JackyLi(CTHK)\OneDrive - Continuous 
Technologies International 
Limited\Documents\ERP_Test\node_modules\router\index.js:582:12)
          at next (C:\Users\JackyLi(CTHK)\OneDrive - Continuous Technologies 
International Limited\Documents\ERP_Test\node_modules\router\index.js:291:5)
          at router.handle (C:\Users\JackyLi(CTHK)\OneDrive - Continuous 
Technologies International 
Limited\Documents\ERP_Test\node_modules\router\index.js:186:3)
          at router (C:\Users\JackyLi(CTHK)\OneDrive - Continuous Technologies 
International Limited\Documents\ERP_Test\node_modules\router\index.js:60:12)
          at Layer.handleRequest (C:\Users\JackyLi(CTHK)\OneDrive - Continuous 
Technologies International 
Limited\Documents\ERP_Test\node_modules\router\lib\layer.js:152:17)
          at trimPrefix (C:\Users\JackyLi(CTHK)\OneDrive - Continuous 
Technologies International 
Limited\Documents\ERP_Test\node_modules\router\index.js:342:13)
          at C:\Users\JackyLi(CTHK)\OneDrive - Continuous Technologies 
International Limited\Documents\ERP_Test\node_modules\router\index.js:297:9
          at processParams (C:\Users\JackyLi(CTHK)\OneDrive - Continuous 
Technologies International 
Limited\Documents\ERP_Test\node_modules\router\index.js:582:12)
          at next (C:\Users\JackyLi(CTHK)\OneDrive - Continuous Technologies 
International Limited\Documents\ERP_Test\node_modules\router\index.js:291:5)
          at C:\Users\JackyLi(CTHK)\OneDrive - Continuous Technologies 
International Limited\Documents\ERP_Test\node_modules\router\index.js:688:15
          at next (C:\Users\JackyLi(CTHK)\OneDrive - Continuous Technologies 
International Limited\Documents\ERP_Test\node_modules\router\index.js:276:14)
          at router.handle (C:\Users\JackyLi(CTHK)\OneDrive - Continuous 
Technologies International 
Limited\Documents\ERP_Test\node_modules\router\index.js:186:3)
          at router (C:\Users\JackyLi(CTHK)\OneDrive - Continuous Technologies 
International Limited\Documents\ERP_Test\node_modules\router\index.js:60:12)
          at Layer.handleRequest (C:\Users\JackyLi(CTHK)\OneDrive - Continuous 
Technologies International 
Limited\Documents\ERP_Test\node_modules\router\lib\layer.js:152:17)
          at trimPrefix (C:\Users\JackyLi(CTHK)\OneDrive - Continuous 
Technologies International 
Limited\Documents\ERP_Test\node_modules\router\index.js:342:13)
          at C:\Users\JackyLi(CTHK)\OneDrive - Continuous Technologies 
International Limited\Documents\ERP_Test\node_modules\router\index.js:297:9
          at processParams (C:\Users\JackyLi(CTHK)\OneDrive - Continuous 
Technologies International 
Limited\Documents\ERP_Test\node_modules\router\index.js:582:12)
          at next (C:\Users\JackyLi(CTHK)\OneDrive - Continuous Technologies 
International Limited\Documents\ERP_Test\node_modules\router\index.js:291:5)
          ... collapsed 7 duplicate lines matching above lines ...
          at C:\Users\JackyLi(CTHK)\OneDrive - Continuous Technologies 
International 
Limited\Documents\ERP_Test\node_modules\express-rate-limit\dist\index.cjs:947:7
          at processTicksAndRejections 
(node:internal/process/task_queues:103:5)
          at C:\Users\JackyLi(CTHK)\OneDrive - Continuous Technologies 
International 
Limited\Documents\ERP_Test\node_modules\express-rate-limit\dist\index.cjs:830:5

    [0m [90m 59 |[39m   [90m// eslint-disable-next-line 
@typescript-eslint/no-unused-vars[39m
     [90m 60 |[39m   app[33m.[39muse((err[33m:[39m 
[33mError[39m[33m,[39m _req[33m:[39m [33mRequest[39m[33m,[39m 
res[33m:[39m [33mResponse[39m[33m,[39m _next[33m:[39m 
[33mNextFunction[39m) [33m=>[39m {
    [31m[1m>[22m[39m[90m 61 |[39m     
console[33m.[39merror(err)[33m;[39m
     [90m    |[39m             [31m[1m^[22m[39m
     [90m 62 |[39m     [36mif[39m 
(err[33m.[39mmessage[33m.[39mincludes([32m"Unauthorized"[39m)) {
     [90m 63 |[39m       
res[33m.[39mstatus([35m401[39m)[33m.[39mjson({ message[33m:[39m 
err[33m.[39mmessage })[33m;[39m
     [90m 64 |[39m     } [36melse[39m [36mif[39m 
(err[33m.[39mmessage[33m.[39mincludes([32m"Forbidden"[39m)) {[0m

      at C:\Users\JackyLi(CTHK)../../../../../../OneDrive - Continuous 
Technologies International Limited/Documents/ERP_Test/server/src/app.ts:61:13
      at Layer.handleError (C:\Users\JackyLi(CTHK)../../../../../../OneDrive - 
Continuous Technologies International 
Limited/Documents/ERP_Test/node_modules/router/lib/layer.js:116:17)
      at trimPrefix (C:\Users\JackyLi(CTHK)../../../../../../OneDrive - 
Continuous Technologies International 
Limited/Documents/ERP_Test/node_modules/router/index.js:340:13)
      at C:\Users\JackyLi(CTHK)../../../../../../OneDrive - Continuous 
Technologies International 
Limited/Documents/ERP_Test/node_modules/router/index.js:297:9
      at processParams (C:\Users\JackyLi(CTHK)../../../../../../OneDrive - 
Continuous Technologies International 
Limited/Documents/ERP_Test/node_modules/router/index.js:582:12)
      at next (C:\Users\JackyLi(CTHK)../../../../../../OneDrive - Continuous 
Technologies International 
Limited/Documents/ERP_Test/node_modules/router/index.js:291:5)
      at Layer.handleError (C:\Users\JackyLi(CTHK)../../../../../../OneDrive - 
Continuous Technologies International 
Limited/Documents/ERP_Test/node_modules/router/lib/layer.js:111:12)
      at trimPrefix (C:\Users\JackyLi(CTHK)../../../../../../OneDrive - 
Continuous Technologies International 
Limited/Documents/ERP_Test/node_modules/router/index.js:340:13)
      at C:\Users\JackyLi(CTHK)../../../../../../OneDrive - Continuous 
Technologies International 
Limited/Documents/ERP_Test/node_modules/router/index.js:297:9
      at processParams (C:\Users\JackyLi(CTHK)../../../../../../OneDrive - 
Continuous Technologies International 
Limited/Documents/ERP_Test/node_modules/router/index.js:582:12)
      at next (C:\Users\JackyLi(CTHK)../../../../../../OneDrive - Continuous 
Technologies International 
Limited/Documents/ERP_Test/node_modules/router/index.js:291:5)
      at C:\Users\JackyLi(CTHK)../../../../../../OneDrive - Continuous 
Technologies International 
Limited/Documents/ERP_Test/node_modules/router/index.js:688:15
      at next (C:\Users\JackyLi(CTHK)../../../../../../OneDrive - Continuous 
Technologies International 
Limited/Documents/ERP_Test/node_modules/router/index.js:276:14)
      at Layer.handleError (C:\Users\JackyLi(CTHK)../../../../../../OneDrive - 
Continuous Technologies International 
Limited/Documents/ERP_Test/node_modules/router/lib/layer.js:111:12)
      at trimPrefix (C:\Users\JackyLi(CTHK)../../../../../../OneDrive - 
Continuous Technologies International 
Limited/Documents/ERP_Test/node_modules/router/index.js:340:13)
      at C:\Users\JackyLi(CTHK)../../../../../../OneDrive - Continuous 
Technologies International 
Limited/Documents/ERP_Test/node_modules/router/index.js:297:9
      at processParams (C:\Users\JackyLi(CTHK)../../../../../../OneDrive - 
Continuous Technologies International 
Limited/Documents/ERP_Test/node_modules/router/index.js:582:12)
      at next (C:\Users\JackyLi(CTHK)../../../../../../OneDrive - Continuous 
Technologies International 
Limited/Documents/ERP_Test/node_modules/router/index.js:291:5)
      at Layer.handleError (C:\Users\JackyLi(CTHK)../../../../../../OneDrive - 
Continuous Technologies International 
Limited/Documents/ERP_Test/node_modules/router/lib/layer.js:111:12)
      at trimPrefix (C:\Users\JackyLi(CTHK)../../../../../../OneDrive - 
Continuous Technologies International 
Limited/Documents/ERP_Test/node_modules/router/index.js:340:13)
      at C:\Users\JackyLi(CTHK)../../../../../../OneDrive - Continuous 
Technologies International 
Limited/Documents/ERP_Test/node_modules/router/index.js:297:9
      at processParams (C:\Users\JackyLi(CTHK)../../../../../../OneDrive - 
Continuous Technologies International 
Limited/Documents/ERP_Test/node_modules/router/index.js:582:12)
      at next (C:\Users\JackyLi(CTHK)../../../../../../OneDrive - Continuous 
Technologies International 
Limited/Documents/ERP_Test/node_modules/router/index.js:291:5)
      at C:\Users\JackyLi(CTHK)../../../../../../OneDrive - Continuous 
Technologies International 
Limited/Documents/ERP_Test/node_modules/router/index.js:688:15
      at next (C:\Users\JackyLi(CTHK)../../../../../../OneDrive - Continuous 
Technologies International 
Limited/Documents/ERP_Test/node_modules/router/index.js:276:14)
      at next (C:\Users\JackyLi(CTHK)../../../../../../OneDrive - Continuous 
Technologies International 
Limited/Documents/ERP_Test/node_modules/router/lib/route.js:132:14)
      at Layer.handleError (C:\Users\JackyLi(CTHK)../../../../../../OneDrive - 
Continuous Technologies International 
Limited/Documents/ERP_Test/node_modules/router/lib/layer.js:111:12)
      at next (C:\Users\JackyLi(CTHK)../../../../../../OneDrive - Continuous 
Technologies International 
Limited/Documents/ERP_Test/node_modules/router/lib/route.js:155:13)
      at Layer.handleRequest (C:\Users\JackyLi(CTHK)../../../../../../OneDrive 
- Continuous Technologies International 
Limited/Documents/ERP_Test/node_modules/router/lib/layer.js:165:5)
      at next (C:\Users\JackyLi(CTHK)../../../../../../OneDrive - Continuous 
Technologies International 
Limited/Documents/ERP_Test/node_modules/router/lib/route.js:157:13)
      at Route.dispatch (C:\Users\JackyLi(CTHK)../../../../../../OneDrive - 
Continuous Technologies International 
Limited/Documents/ERP_Test/node_modules/router/lib/route.js:117:3)
      at handle (C:\Users\JackyLi(CTHK)../../../../../../OneDrive - Continuous 
Technologies International 
Limited/Documents/ERP_Test/node_modules/router/index.js:435:11)
      at Layer.handleRequest (C:\Users\JackyLi(CTHK)../../../../../../OneDrive 
- Continuous Technologies International 
Limited/Documents/ERP_Test/node_modules/router/lib/layer.js:152:17)
      at C:\Users\JackyLi(CTHK)../../../../../../OneDrive - Continuous 
Technologies International 
Limited/Documents/ERP_Test/node_modules/router/index.js:295:15
      at processParams (C:\Users\JackyLi(CTHK)../../../../../../OneDrive - 
Continuous Technologies International 
Limited/Documents/ERP_Test/node_modules/router/index.js:582:12)
      at next (C:\Users\JackyLi(CTHK)../../../../../../OneDrive - Continuous 
Technologies International 
Limited/Documents/ERP_Test/node_modules/router/index.js:291:5)
      at router.handle (C:\Users\JackyLi(CTHK)../../../../../../OneDrive - 
Continuous Technologies International 
Limited/Documents/ERP_Test/node_modules/router/index.js:186:3)
      at router (C:\Users\JackyLi(CTHK)../../../../../../OneDrive - Continuous 
Technologies International 
Limited/Documents/ERP_Test/node_modules/router/index.js:60:12)
      at Layer.handleRequest (C:\Users\JackyLi(CTHK)../../../../../../OneDrive 
- Continuous Technologies International 
Limited/Documents/ERP_Test/node_modules/router/lib/layer.js:152:17)
      at trimPrefix (C:\Users\JackyLi(CTHK)../../../../../../OneDrive - 
Continuous Technologies International 
Limited/Documents/ERP_Test/node_modules/router/index.js:342:13)
      at C:\Users\JackyLi(CTHK)../../../../../../OneDrive - Continuous 
Technologies International 
Limited/Documents/ERP_Test/node_modules/router/index.js:297:9
      at processParams (C:\Users\JackyLi(CTHK)../../../../../../OneDrive - 
Continuous Technologies International 
Limited/Documents/ERP_Test/node_modules/router/index.js:582:12)
      at next (C:\Users\JackyLi(CTHK)../../../../../../OneDrive - Continuous 
Technologies International 
Limited/Documents/ERP_Test/node_modules/router/index.js:291:5)
      at C:\Users\JackyLi(CTHK)../../../../../../OneDrive - Continuous 
Technologies International 
Limited/Documents/ERP_Test/node_modules/router/index.js:688:15
      at next (C:\Users\JackyLi(CTHK)../../../../../../OneDrive - Continuous 
Technologies International 
Limited/Documents/ERP_Test/node_modules/router/index.js:276:14)
      at router.handle (C:\Users\JackyLi(CTHK)../../../../../../OneDrive - 
Continuous Technologies International 
Limited/Documents/ERP_Test/node_modules/router/index.js:186:3)
      at router (C:\Users\JackyLi(CTHK)../../../../../../OneDrive - Continuous 
Technologies International 
Limited/Documents/ERP_Test/node_modules/router/index.js:60:12)
      at Layer.handleRequest (C:\Users\JackyLi(CTHK)../../../../../../OneDrive 
- Continuous Technologies International 
Limited/Documents/ERP_Test/node_modules/router/lib/layer.js:152:17)
      at trimPrefix (C:\Users\JackyLi(CTHK)../../../../../../OneDrive - 
Continuous Technologies International 
Limited/Documents/ERP_Test/node_modules/router/index.js:342:13)
      at C:\Users\JackyLi(CTHK)../../../../../../OneDrive - Continuous 
Technologies International 
Limited/Documents/ERP_Test/node_modules/router/index.js:297:9
      at processParams (C:\Users\JackyLi(CTHK)../../../../../../OneDrive - 
Continuous Technologies International 
Limited/Documents/ERP_Test/node_modules/router/index.js:582:12)
      at next (C:\Users\JackyLi(CTHK)../../../../../../OneDrive - Continuous 
Technologies International 
Limited/Documents/ERP_Test/node_modules/router/index.js:291:5)
      at router.handle (C:\Users\JackyLi(CTHK)../../../../../../OneDrive - 
Continuous Technologies International 
Limited/Documents/ERP_Test/node_modules/router/index.js:186:3)
      at router (C:\Users\JackyLi(CTHK)../../../../../../OneDrive - Continuous 
Technologies International 
Limited/Documents/ERP_Test/node_modules/router/index.js:60:12)
      at Layer.handleRequest (C:\Users\JackyLi(CTHK)../../../../../../OneDrive 
- Continuous Technologies International 
Limited/Documents/ERP_Test/node_modules/router/lib/layer.js:152:17)
      at trimPrefix (C:\Users\JackyLi(CTHK)../../../../../../OneDrive - 
Continuous Technologies International 
Limited/Documents/ERP_Test/node_modules/router/index.js:342:13)
      at C:\Users\JackyLi(CTHK)../../../../../../OneDrive - Continuous 
Technologies International 
Limited/Documents/ERP_Test/node_modules/router/index.js:297:9
      at processParams (C:\Users\JackyLi(CTHK)../../../../../../OneDrive - 
Continuous Technologies International 
Limited/Documents/ERP_Test/node_modules/router/index.js:582:12)
      at next (C:\Users\JackyLi(CTHK)../../../../../../OneDrive - Continuous 
Technologies International 
Limited/Documents/ERP_Test/node_modules/router/index.js:291:5)
      at C:\Users\JackyLi(CTHK)../../../../../../OneDrive - Continuous 
Technologies International 
Limited/Documents/ERP_Test/node_modules/express-rate-limit/dist/index.cjs:947:7
      at C:\Users\JackyLi(CTHK)../../../../../../OneDrive - Continuous 
Technologies International 
Limited/Documents/ERP_Test/node_modules/express-rate-limit/dist/index.cjs:830:5

PASS src/__tests__/adminBalances.route.test.ts
  ΓùÅ Console

    console.log
      [dotenv@17.3.1] injecting env (10) from ..\.env -- tip: ΓÜÖ∩╕Å  write to 
custom object with { processEnv: myObject }

      at _log (C:\Users\JackyLi(CTHK)../../../../../../OneDrive - Continuous 
Technologies International 
Limited/Documents/ERP_Test/node_modules/dotenv/lib/main.js:139:11)

    console.error
      Error: Unauthorized: Missing or invalid Authorization header
          at requireAuth (C:\Users\JackyLi(CTHK)\OneDrive - Continuous 
Technologies International 
Limited\Documents\ERP_Test\server\src\middleware\requireAuth.ts:12:11)
          at Layer.handleRequest (C:\Users\JackyLi(CTHK)\OneDrive - Continuous 
Technologies International 
Limited\Documents\ERP_Test\node_modules\router\lib\layer.js:152:17)
          at next (C:\Users\JackyLi(CTHK)\OneDrive - Continuous Technologies 
International 
Limited\Documents\ERP_Test\node_modules\router\lib\route.js:157:13)
          at Route.dispatch (C:\Users\JackyLi(CTHK)\OneDrive - Continuous 
Technologies International 
Limited\Documents\ERP_Test\node_modules\router\lib\route.js:117:3)
          at handle (C:\Users\JackyLi(CTHK)\OneDrive - Continuous Technologies 
International Limited\Documents\ERP_Test\node_modules\router\index.js:435:11)
          at Layer.handleRequest (C:\Users\JackyLi(CTHK)\OneDrive - Continuous 
Technologies International 
Limited\Documents\ERP_Test\node_modules\router\lib\layer.js:152:17)
          at C:\Users\JackyLi(CTHK)\OneDrive - Continuous Technologies 
International Limited\Documents\ERP_Test\node_modules\router\index.js:295:15
          at processParams (C:\Users\JackyLi(CTHK)\OneDrive - Continuous 
Technologies International 
Limited\Documents\ERP_Test\node_modules\router\index.js:582:12)
          at next (C:\Users\JackyLi(CTHK)\OneDrive - Continuous Technologies 
International Limited\Documents\ERP_Test\node_modules\router\index.js:291:5)
          at router.handle (C:\Users\JackyLi(CTHK)\OneDrive - Continuous 
Technologies International 
Limited\Documents\ERP_Test\node_modules\router\index.js:186:3)
          at router (C:\Users\JackyLi(CTHK)\OneDrive - Continuous Technologies 
International Limited\Documents\ERP_Test\node_modules\router\index.js:60:12)
          at Layer.handleRequest (C:\Users\JackyLi(CTHK)\OneDrive - Continuous 
Technologies International 
Limited\Documents\ERP_Test\node_modules\router\lib\layer.js:152:17)
          at trimPrefix (C:\Users\JackyLi(CTHK)\OneDrive - Continuous 
Technologies International 
Limited\Documents\ERP_Test\node_modules\router\index.js:342:13)
          at C:\Users\JackyLi(CTHK)\OneDrive - Continuous Technologies 
International Limited\Documents\ERP_Test\node_modules\router\index.js:297:9
          at processParams (C:\Users\JackyLi(CTHK)\OneDrive - Continuous 
Technologies International 
Limited\Documents\ERP_Test\node_modules\router\index.js:582:12)
          at next (C:\Users\JackyLi(CTHK)\OneDrive - Continuous Technologies 
International Limited\Documents\ERP_Test\node_modules\router\index.js:291:5)
          at C:\Users\JackyLi(CTHK)\OneDrive - Continuous Technologies 
International Limited\Documents\ERP_Test\node_modules\router\index.js:688:15
          at next (C:\Users\JackyLi(CTHK)\OneDrive - Continuous Technologies 
International Limited\Documents\ERP_Test\node_modules\router\index.js:276:14)
          at router.handle (C:\Users\JackyLi(CTHK)\OneDrive - Continuous 
Technologies International 
Limited\Documents\ERP_Test\node_modules\router\index.js:186:3)
          at router (C:\Users\JackyLi(CTHK)\OneDrive - Continuous Technologies 
International Limited\Documents\ERP_Test\node_modules\router\index.js:60:12)
          at Layer.handleRequest (C:\Users\JackyLi(CTHK)\OneDrive - Continuous 
Technologies International 
Limited\Documents\ERP_Test\node_modules\router\lib\layer.js:152:17)
          at trimPrefix (C:\Users\JackyLi(CTHK)\OneDrive - Continuous 
Technologies International 
Limited\Documents\ERP_Test\node_modules\router\index.js:342:13)
          at C:\Users\JackyLi(CTHK)\OneDrive - Continuous Technologies 
International Limited\Documents\ERP_Test\node_modules\router\index.js:297:9
          at processParams (C:\Users\JackyLi(CTHK)\OneDrive - Continuous 
Technologies International 
Limited\Documents\ERP_Test\node_modules\router\index.js:582:12)
          at next (C:\Users\JackyLi(CTHK)\OneDrive - Continuous Technologies 
International Limited\Documents\ERP_Test\node_modules\router\index.js:291:5)
          ... collapsed 7 duplicate lines matching above lines ...
          at C:\Users\JackyLi(CTHK)\OneDrive - Continuous Technologies 
International 
Limited\Documents\ERP_Test\node_modules\express-rate-limit\dist\index.cjs:947:7
          at processTicksAndRejections 
(node:internal/process/task_queues:103:5)
          at C:\Users\JackyLi(CTHK)\OneDrive - Continuous Technologies 
International 
Limited\Documents\ERP_Test\node_modules\express-rate-limit\dist\index.cjs:830:5

    [0m [90m 59 |[39m   [90m// eslint-disable-next-line 
@typescript-eslint/no-unused-vars[39m
     [90m 60 |[39m   app[33m.[39muse((err[33m:[39m 
[33mError[39m[33m,[39m _req[33m:[39m [33mRequest[39m[33m,[39m 
res[33m:[39m [33mResponse[39m[33m,[39m _next[33m:[39m 
[33mNextFunction[39m) [33m=>[39m {
    [31m[1m>[22m[39m[90m 61 |[39m     
console[33m.[39merror(err)[33m;[39m
     [90m    |[39m             [31m[1m^[22m[39m
     [90m 62 |[39m     [36mif[39m 
(err[33m.[39mmessage[33m.[39mincludes([32m"Unauthorized"[39m)) {
     [90m 63 |[39m       
res[33m.[39mstatus([35m401[39m)[33m.[39mjson({ message[33m:[39m 
err[33m.[39mmessage })[33m;[39m
     [90m 64 |[39m     } [36melse[39m [36mif[39m 
(err[33m.[39mmessage[33m.[39mincludes([32m"Forbidden"[39m)) {[0m

      at C:\Users\JackyLi(CTHK)../../../../../../OneDrive - Continuous 
Technologies International Limited/Documents/ERP_Test/server/src/app.ts:61:13
      at Layer.handleError (C:\Users\JackyLi(CTHK)../../../../../../OneDrive - 
Continuous Technologies International 
Limited/Documents/ERP_Test/node_modules/router/lib/layer.js:116:17)
      at trimPrefix (C:\Users\JackyLi(CTHK)../../../../../../OneDrive - 
Continuous Technologies International 
Limited/Documents/ERP_Test/node_modules/router/index.js:340:13)
      at C:\Users\JackyLi(CTHK)../../../../../../OneDrive - Continuous 
Technologies International 
Limited/Documents/ERP_Test/node_modules/router/index.js:297:9
      at processParams (C:\Users\JackyLi(CTHK)../../../../../../OneDrive - 
Continuous Technologies International 
Limited/Documents/ERP_Test/node_modules/router/index.js:582:12)
      at next (C:\Users\JackyLi(CTHK)../../../../../../OneDrive - Continuous 
Technologies International 
Limited/Documents/ERP_Test/node_modules/router/index.js:291:5)
      at Layer.handleError (C:\Users\JackyLi(CTHK)../../../../../../OneDrive - 
Continuous Technologies International 
Limited/Documents/ERP_Test/node_modules/router/lib/layer.js:111:12)
      at trimPrefix (C:\Users\JackyLi(CTHK)../../../../../../OneDrive - 
Continuous Technologies International 
Limited/Documents/ERP_Test/node_modules/router/index.js:340:13)
      at C:\Users\JackyLi(CTHK)../../../../../../OneDrive - Continuous 
Technologies International 
Limited/Documents/ERP_Test/node_modules/router/index.js:297:9
      at processParams (C:\Users\JackyLi(CTHK)../../../../../../OneDrive - 
Continuous Technologies International 
Limited/Documents/ERP_Test/node_modules/router/index.js:582:12)
      at Immediate.next (C:\Users\JackyLi(CTHK)../../../../../../OneDrive - 
Continuous Technologies International 
Limited/Documents/ERP_Test/node_modules/router/index.js:291:5)
      at Immediate._onImmediate 
(C:\Users\JackyLi(CTHK)../../../../../../OneDrive - Continuous Technologies 
International Limited/Documents/ERP_Test/node_modules/router/index.js:688:15)

    console.error
      Error: Forbidden: User role 'EMPLOYEE' does not have permission for this 
resource
          at C:\Users\JackyLi(CTHK)\OneDrive - Continuous Technologies 
International 
Limited\Documents\ERP_Test\server\src\middleware\requireRole.ts:17:13
          at Layer.handleRequest (C:\Users\JackyLi(CTHK)\OneDrive - Continuous 
Technologies International 
Limited\Documents\ERP_Test\node_modules\router\lib\layer.js:152:17)
          at next (C:\Users\JackyLi(CTHK)\OneDrive - Continuous Technologies 
International 
Limited\Documents\ERP_Test\node_modules\router\lib\route.js:157:13)
          at requireAuth (C:\Users\JackyLi(CTHK)\OneDrive - Continuous 
Technologies International 
Limited\Documents\ERP_Test\server\src\middleware\requireAuth.ts:23:5)
          at Layer.handleRequest (C:\Users\JackyLi(CTHK)\OneDrive - Continuous 
Technologies International 
Limited\Documents\ERP_Test\node_modules\router\lib\layer.js:152:17)
          at next (C:\Users\JackyLi(CTHK)\OneDrive - Continuous Technologies 
International 
Limited\Documents\ERP_Test\node_modules\router\lib\route.js:157:13)
          at Route.dispatch (C:\Users\JackyLi(CTHK)\OneDrive - Continuous 
Technologies International 
Limited\Documents\ERP_Test\node_modules\router\lib\route.js:117:3)
          at handle (C:\Users\JackyLi(CTHK)\OneDrive - Continuous Technologies 
International Limited\Documents\ERP_Test\node_modules\router\index.js:435:11)
          at Layer.handleRequest (C:\Users\JackyLi(CTHK)\OneDrive - Continuous 
Technologies International 
Limited\Documents\ERP_Test\node_modules\router\lib\layer.js:152:17)
          at C:\Users\JackyLi(CTHK)\OneDrive - Continuous Technologies 
International Limited\Documents\ERP_Test\node_modules\router\index.js:295:15
          at processParams (C:\Users\JackyLi(CTHK)\OneDrive - Continuous 
Technologies International 
Limited\Documents\ERP_Test\node_modules\router\index.js:582:12)
          at next (C:\Users\JackyLi(CTHK)\OneDrive - Continuous Technologies 
International Limited\Documents\ERP_Test\node_modules\router\index.js:291:5)
          at router.handle (C:\Users\JackyLi(CTHK)\OneDrive - Continuous 
Technologies International 
Limited\Documents\ERP_Test\node_modules\router\index.js:186:3)
          at router (C:\Users\JackyLi(CTHK)\OneDrive - Continuous Technologies 
International Limited\Documents\ERP_Test\node_modules\router\index.js:60:12)
          at Layer.handleRequest (C:\Users\JackyLi(CTHK)\OneDrive - Continuous 
Technologies International 
Limited\Documents\ERP_Test\node_modules\router\lib\layer.js:152:17)
          at trimPrefix (C:\Users\JackyLi(CTHK)\OneDrive - Continuous 
Technologies International 
Limited\Documents\ERP_Test\node_modules\router\index.js:342:13)
          at C:\Users\JackyLi(CTHK)\OneDrive - Continuous Technologies 
International Limited\Documents\ERP_Test\node_modules\router\index.js:297:9
          at processParams (C:\Users\JackyLi(CTHK)\OneDrive - Continuous 
Technologies International 
Limited\Documents\ERP_Test\node_modules\router\index.js:582:12)
          at next (C:\Users\JackyLi(CTHK)\OneDrive - Continuous Technologies 
International Limited\Documents\ERP_Test\node_modules\router\index.js:291:5)
          at C:\Users\JackyLi(CTHK)\OneDrive - Continuous Technologies 
International Limited\Documents\ERP_Test\node_modules\router\index.js:688:15
          at next (C:\Users\JackyLi(CTHK)\OneDrive - Continuous Technologies 
International Limited\Documents\ERP_Test\node_modules\router\index.js:276:14)
          at router.handle (C:\Users\JackyLi(CTHK)\OneDrive - Continuous 
Technologies International 
Limited\Documents\ERP_Test\node_modules\router\index.js:186:3)
          at router (C:\Users\JackyLi(CTHK)\OneDrive - Continuous Technologies 
International Limited\Documents\ERP_Test\node_modules\router\index.js:60:12)
          at Layer.handleRequest (C:\Users\JackyLi(CTHK)\OneDrive - Continuous 
Technologies International 
Limited\Documents\ERP_Test\node_modules\router\lib\layer.js:152:17)
          at trimPrefix (C:\Users\JackyLi(CTHK)\OneDrive - Continuous 
Technologies International 
Limited\Documents\ERP_Test\node_modules\router\index.js:342:13)
          at C:\Users\JackyLi(CTHK)\OneDrive - Continuous Technologies 
International Limited\Documents\ERP_Test\node_modules\router\index.js:297:9
          at processParams (C:\Users\JackyLi(CTHK)\OneDrive - Continuous 
Technologies International 
Limited\Documents\ERP_Test\node_modules\router\index.js:582:12)
          at next (C:\Users\JackyLi(CTHK)\OneDrive - Continuous Technologies 
International Limited\Documents\ERP_Test\node_modules\router\index.js:291:5)
          ... collapsed 7 duplicate lines matching above lines ...
          at C:\Users\JackyLi(CTHK)\OneDrive - Continuous Technologies 
International 
Limited\Documents\ERP_Test\node_modules\express-rate-limit\dist\index.cjs:947:7
          at processTicksAndRejections 
(node:internal/process/task_queues:103:5)
          at C:\Users\JackyLi(CTHK)\OneDrive - Continuous Technologies 
International 
Limited\Documents\ERP_Test\node_modules\express-rate-limit\dist\index.cjs:830:5

    [0m [90m 59 |[39m   [90m// eslint-disable-next-line 
@typescript-eslint/no-unused-vars[39m
     [90m 60 |[39m   app[33m.[39muse((err[33m:[39m 
[33mError[39m[33m,[39m _req[33m:[39m [33mRequest[39m[33m,[39m 
res[33m:[39m [33mResponse[39m[33m,[39m _next[33m:[39m 
[33mNextFunction[39m) [33m=>[39m {
    [31m[1m>[22m[39m[90m 61 |[39m     
console[33m.[39merror(err)[33m;[39m
     [90m    |[39m             [31m[1m^[22m[39m
     [90m 62 |[39m     [36mif[39m 
(err[33m.[39mmessage[33m.[39mincludes([32m"Unauthorized"[39m)) {
     [90m 63 |[39m       
res[33m.[39mstatus([35m401[39m)[33m.[39mjson({ message[33m:[39m 
err[33m.[39mmessage })[33m;[39m
     [90m 64 |[39m     } [36melse[39m [36mif[39m 
(err[33m.[39mmessage[33m.[39mincludes([32m"Forbidden"[39m)) {[0m

      at C:\Users\JackyLi(CTHK)../../../../../../OneDrive - Continuous 
Technologies International Limited/Documents/ERP_Test/server/src/app.ts:61:13
      at Layer.handleError (C:\Users\JackyLi(CTHK)../../../../../../OneDrive - 
Continuous Technologies International 
Limited/Documents/ERP_Test/node_modules/router/lib/layer.js:116:17)
      at trimPrefix (C:\Users\JackyLi(CTHK)../../../../../../OneDrive - 
Continuous Technologies International 
Limited/Documents/ERP_Test/node_modules/router/index.js:340:13)
      at C:\Users\JackyLi(CTHK)../../../../../../OneDrive - Continuous 
Technologies International 
Limited/Documents/ERP_Test/node_modules/router/index.js:297:9
      at processParams (C:\Users\JackyLi(CTHK)../../../../../../OneDrive - 
Continuous Technologies International 
Limited/Documents/ERP_Test/node_modules/router/index.js:582:12)
      at next (C:\Users\JackyLi(CTHK)../../../../../../OneDrive - Continuous 
Technologies International 
Limited/Documents/ERP_Test/node_modules/router/index.js:291:5)
      at Layer.handleError (C:\Users\JackyLi(CTHK)../../../../../../OneDrive - 
Continuous Technologies International 
Limited/Documents/ERP_Test/node_modules/router/lib/layer.js:111:12)
      at trimPrefix (C:\Users\JackyLi(CTHK)../../../../../../OneDrive - 
Continuous Technologies International 
Limited/Documents/ERP_Test/node_modules/router/index.js:340:13)
      at C:\Users\JackyLi(CTHK)../../../../../../OneDrive - Continuous 
Technologies International 
Limited/Documents/ERP_Test/node_modules/router/index.js:297:9
      at processParams (C:\Users\JackyLi(CTHK)../../../../../../OneDrive - 
Continuous Technologies International 
Limited/Documents/ERP_Test/node_modules/router/index.js:582:12)
      at Immediate.next (C:\Users\JackyLi(CTHK)../../../../../../OneDrive - 
Continuous Technologies International 
Limited/Documents/ERP_Test/node_modules/router/index.js:291:5)
      at Immediate._onImmediate 
(C:\Users\JackyLi(CTHK)../../../../../../OneDrive - Continuous Technologies 
International Limited/Documents/ERP_Test/node_modules/router/index.js:688:15)

    console.error
      Error: Unauthorized: Missing or invalid Authorization header
          at requireAuth (C:\Users\JackyLi(CTHK)\OneDrive - Continuous 
Technologies International 
Limited\Documents\ERP_Test\server\src\middleware\requireAuth.ts:12:11)
          at Layer.handleRequest (C:\Users\JackyLi(CTHK)\OneDrive - Continuous 
Technologies International 
Limited\Documents\ERP_Test\node_modules\router\lib\layer.js:152:17)
          at next (C:\Users\JackyLi(CTHK)\OneDrive - Continuous Technologies 
International 
Limited\Documents\ERP_Test\node_modules\router\lib\route.js:157:13)
          at Route.dispatch (C:\Users\JackyLi(CTHK)\OneDrive - Continuous 
Technologies International 
Limited\Documents\ERP_Test\node_modules\router\lib\route.js:117:3)
          at handle (C:\Users\JackyLi(CTHK)\OneDrive - Continuous Technologies 
International Limited\Documents\ERP_Test\node_modules\router\index.js:435:11)
          at Layer.handleRequest (C:\Users\JackyLi(CTHK)\OneDrive - Continuous 
Technologies International 
Limited\Documents\ERP_Test\node_modules\router\lib\layer.js:152:17)
          at C:\Users\JackyLi(CTHK)\OneDrive - Continuous Technologies 
International Limited\Documents\ERP_Test\node_modules\router\index.js:295:15
          at processParams (C:\Users\JackyLi(CTHK)\OneDrive - Continuous 
Technologies International 
Limited\Documents\ERP_Test\node_modules\router\index.js:582:12)
          at next (C:\Users\JackyLi(CTHK)\OneDrive - Continuous Technologies 
International Limited\Documents\ERP_Test\node_modules\router\index.js:291:5)
          at router.handle (C:\Users\JackyLi(CTHK)\OneDrive - Continuous 
Technologies International 
Limited\Documents\ERP_Test\node_modules\router\index.js:186:3)
          at router (C:\Users\JackyLi(CTHK)\OneDrive - Continuous Technologies 
International Limited\Documents\ERP_Test\node_modules\router\index.js:60:12)
          at Layer.handleRequest (C:\Users\JackyLi(CTHK)\OneDrive - Continuous 
Technologies International 
Limited\Documents\ERP_Test\node_modules\router\lib\layer.js:152:17)
          at trimPrefix (C:\Users\JackyLi(CTHK)\OneDrive - Continuous 
Technologies International 
Limited\Documents\ERP_Test\node_modules\router\index.js:342:13)
          at C:\Users\JackyLi(CTHK)\OneDrive - Continuous Technologies 
International Limited\Documents\ERP_Test\node_modules\router\index.js:297:9
          at processParams (C:\Users\JackyLi(CTHK)\OneDrive - Continuous 
Technologies International 
Limited\Documents\ERP_Test\node_modules\router\index.js:582:12)
          at next (C:\Users\JackyLi(CTHK)\OneDrive - Continuous Technologies 
International Limited\Documents\ERP_Test\node_modules\router\index.js:291:5)
          at C:\Users\JackyLi(CTHK)\OneDrive - Continuous Technologies 
International Limited\Documents\ERP_Test\node_modules\router\index.js:688:15
          at next (C:\Users\JackyLi(CTHK)\OneDrive - Continuous Technologies 
International Limited\Documents\ERP_Test\node_modules\router\index.js:276:14)
          at router.handle (C:\Users\JackyLi(CTHK)\OneDrive - Continuous 
Technologies International 
Limited\Documents\ERP_Test\node_modules\router\index.js:186:3)
          at router (C:\Users\JackyLi(CTHK)\OneDrive - Continuous Technologies 
International Limited\Documents\ERP_Test\node_modules\router\index.js:60:12)
          at Layer.handleRequest (C:\Users\JackyLi(CTHK)\OneDrive - Continuous 
Technologies International 
Limited\Documents\ERP_Test\node_modules\router\lib\layer.js:152:17)
          at trimPrefix (C:\Users\JackyLi(CTHK)\OneDrive - Continuous 
Technologies International 
Limited\Documents\ERP_Test\node_modules\router\index.js:342:13)
          at C:\Users\JackyLi(CTHK)\OneDrive - Continuous Technologies 
International Limited\Documents\ERP_Test\node_modules\router\index.js:297:9
          at processParams (C:\Users\JackyLi(CTHK)\OneDrive - Continuous 
Technologies International 
Limited\Documents\ERP_Test\node_modules\router\index.js:582:12)
          at next (C:\Users\JackyLi(CTHK)\OneDrive - Continuous Technologies 
International Limited\Documents\ERP_Test\node_modules\router\index.js:291:5)
          ... collapsed 7 duplicate lines matching above lines ...
          at C:\Users\JackyLi(CTHK)\OneDrive - Continuous Technologies 
International 
Limited\Documents\ERP_Test\node_modules\express-rate-limit\dist\index.cjs:947:7
          at processTicksAndRejections 
(node:internal/process/task_queues:103:5)
          at C:\Users\JackyLi(CTHK)\OneDrive - Continuous Technologies 
International 
Limited\Documents\ERP_Test\node_modules\express-rate-limit\dist\index.cjs:830:5

    [0m [90m 59 |[39m   [90m// eslint-disable-next-line 
@typescript-eslint/no-unused-vars[39m
     [90m 60 |[39m   app[33m.[39muse((err[33m:[39m 
[33mError[39m[33m,[39m _req[33m:[39m [33mRequest[39m[33m,[39m 
res[33m:[39m [33mResponse[39m[33m,[39m _next[33m:[39m 
[33mNextFunction[39m) [33m=>[39m {
    [31m[1m>[22m[39m[90m 61 |[39m     
console[33m.[39merror(err)[33m;[39m
     [90m    |[39m             [31m[1m^[22m[39m
     [90m 62 |[39m     [36mif[39m 
(err[33m.[39mmessage[33m.[39mincludes([32m"Unauthorized"[39m)) {
     [90m 63 |[39m       
res[33m.[39mstatus([35m401[39m)[33m.[39mjson({ message[33m:[39m 
err[33m.[39mmessage })[33m;[39m
     [90m 64 |[39m     } [36melse[39m [36mif[39m 
(err[33m.[39mmessage[33m.[39mincludes([32m"Forbidden"[39m)) {[0m

      at C:\Users\JackyLi(CTHK)../../../../../../OneDrive - Continuous 
Technologies International Limited/Documents/ERP_Test/server/src/app.ts:61:13
      at Layer.handleError (C:\Users\JackyLi(CTHK)../../../../../../OneDrive - 
Continuous Technologies International 
Limited/Documents/ERP_Test/node_modules/router/lib/layer.js:116:17)
      at trimPrefix (C:\Users\JackyLi(CTHK)../../../../../../OneDrive - 
Continuous Technologies International 
Limited/Documents/ERP_Test/node_modules/router/index.js:340:13)
      at C:\Users\JackyLi(CTHK)../../../../../../OneDrive - Continuous 
Technologies International 
Limited/Documents/ERP_Test/node_modules/router/index.js:297:9
      at processParams (C:\Users\JackyLi(CTHK)../../../../../../OneDrive - 
Continuous Technologies International 
Limited/Documents/ERP_Test/node_modules/router/index.js:582:12)
      at next (C:\Users\JackyLi(CTHK)../../../../../../OneDrive - Continuous 
Technologies International 
Limited/Documents/ERP_Test/node_modules/router/index.js:291:5)
      at Layer.handleError (C:\Users\JackyLi(CTHK)../../../../../../OneDrive - 
Continuous Technologies International 
Limited/Documents/ERP_Test/node_modules/router/lib/layer.js:111:12)
      at trimPrefix (C:\Users\JackyLi(CTHK)../../../../../../OneDrive - 
Continuous Technologies International 
Limited/Documents/ERP_Test/node_modules/router/index.js:340:13)
      at C:\Users\JackyLi(CTHK)../../../../../../OneDrive - Continuous 
Technologies International 
Limited/Documents/ERP_Test/node_modules/router/index.js:297:9
      at processParams (C:\Users\JackyLi(CTHK)../../../../../../OneDrive - 
Continuous Technologies International 
Limited/Documents/ERP_Test/node_modules/router/index.js:582:12)
      at Immediate.next (C:\Users\JackyLi(CTHK)../../../../../../OneDrive - 
Continuous Technologies International 
Limited/Documents/ERP_Test/node_modules/router/index.js:291:5)
      at Immediate._onImmediate 
(C:\Users\JackyLi(CTHK)../../../../../../OneDrive - Continuous Technologies 
International Limited/Documents/ERP_Test/node_modules/router/index.js:688:15)

    console.error
      Error: Forbidden: User role 'EMPLOYEE' does not have permission for this 
resource
          at C:\Users\JackyLi(CTHK)\OneDrive - Continuous Technologies 
International 
Limited\Documents\ERP_Test\server\src\middleware\requireRole.ts:17:13
          at Layer.handleRequest (C:\Users\JackyLi(CTHK)\OneDrive - Continuous 
Technologies International 
Limited\Documents\ERP_Test\node_modules\router\lib\layer.js:152:17)
          at next (C:\Users\JackyLi(CTHK)\OneDrive - Continuous Technologies 
International 
Limited\Documents\ERP_Test\node_modules\router\lib\route.js:157:13)
          at requireAuth (C:\Users\JackyLi(CTHK)\OneDrive - Continuous 
Technologies International 
Limited\Documents\ERP_Test\server\src\middleware\requireAuth.ts:23:5)
          at Layer.handleRequest (C:\Users\JackyLi(CTHK)\OneDrive - Continuous 
Technologies International 
Limited\Documents\ERP_Test\node_modules\router\lib\layer.js:152:17)
          at next (C:\Users\JackyLi(CTHK)\OneDrive - Continuous Technologies 
International 
Limited\Documents\ERP_Test\node_modules\router\lib\route.js:157:13)
          at Route.dispatch (C:\Users\JackyLi(CTHK)\OneDrive - Continuous 
Technologies International 
Limited\Documents\ERP_Test\node_modules\router\lib\route.js:117:3)
          at handle (C:\Users\JackyLi(CTHK)\OneDrive - Continuous Technologies 
International Limited\Documents\ERP_Test\node_modules\router\index.js:435:11)
          at Layer.handleRequest (C:\Users\JackyLi(CTHK)\OneDrive - Continuous 
Technologies International 
Limited\Documents\ERP_Test\node_modules\router\lib\layer.js:152:17)
          at C:\Users\JackyLi(CTHK)\OneDrive - Continuous Technologies 
International Limited\Documents\ERP_Test\node_modules\router\index.js:295:15
          at processParams (C:\Users\JackyLi(CTHK)\OneDrive - Continuous 
Technologies International 
Limited\Documents\ERP_Test\node_modules\router\index.js:582:12)
          at next (C:\Users\JackyLi(CTHK)\OneDrive - Continuous Technologies 
International Limited\Documents\ERP_Test\node_modules\router\index.js:291:5)
          at router.handle (C:\Users\JackyLi(CTHK)\OneDrive - Continuous 
Technologies International 
Limited\Documents\ERP_Test\node_modules\router\index.js:186:3)
          at router (C:\Users\JackyLi(CTHK)\OneDrive - Continuous Technologies 
International Limited\Documents\ERP_Test\node_modules\router\index.js:60:12)
          at Layer.handleRequest (C:\Users\JackyLi(CTHK)\OneDrive - Continuous 
Technologies International 
Limited\Documents\ERP_Test\node_modules\router\lib\layer.js:152:17)
          at trimPrefix (C:\Users\JackyLi(CTHK)\OneDrive - Continuous 
Technologies International 
Limited\Documents\ERP_Test\node_modules\router\index.js:342:13)
          at C:\Users\JackyLi(CTHK)\OneDrive - Continuous Technologies 
International Limited\Documents\ERP_Test\node_modules\router\index.js:297:9
          at processParams (C:\Users\JackyLi(CTHK)\OneDrive - Continuous 
Technologies International 
Limited\Documents\ERP_Test\node_modules\router\index.js:582:12)
          at next (C:\Users\JackyLi(CTHK)\OneDrive - Continuous Technologies 
International Limited\Documents\ERP_Test\node_modules\router\index.js:291:5)
          at C:\Users\JackyLi(CTHK)\OneDrive - Continuous Technologies 
International Limited\Documents\ERP_Test\node_modules\router\index.js:688:15
          at next (C:\Users\JackyLi(CTHK)\OneDrive - Continuous Technologies 
International Limited\Documents\ERP_Test\node_modules\router\index.js:276:14)
          at router.handle (C:\Users\JackyLi(CTHK)\OneDrive - Continuous 
Technologies International 
Limited\Documents\ERP_Test\node_modules\router\index.js:186:3)
          at router (C:\Users\JackyLi(CTHK)\OneDrive - Continuous Technologies 
International Limited\Documents\ERP_Test\node_modules\router\index.js:60:12)
          at Layer.handleRequest (C:\Users\JackyLi(CTHK)\OneDrive - Continuous 
Technologies International 
Limited\Documents\ERP_Test\node_modules\router\lib\layer.js:152:17)
          at trimPrefix (C:\Users\JackyLi(CTHK)\OneDrive - Continuous 
Technologies International 
Limited\Documents\ERP_Test\node_modules\router\index.js:342:13)
          at C:\Users\JackyLi(CTHK)\OneDrive - Continuous Technologies 
International Limited\Documents\ERP_Test\node_modules\router\index.js:297:9
          at processParams (C:\Users\JackyLi(CTHK)\OneDrive - Continuous 
Technologies International 
Limited\Documents\ERP_Test\node_modules\router\index.js:582:12)
          at next (C:\Users\JackyLi(CTHK)\OneDrive - Continuous Technologies 
International Limited\Documents\ERP_Test\node_modules\router\index.js:291:5)
          ... collapsed 7 duplicate lines matching above lines ...
          at C:\Users\JackyLi(CTHK)\OneDrive - Continuous Technologies 
International 
Limited\Documents\ERP_Test\node_modules\express-rate-limit\dist\index.cjs:947:7
          at processTicksAndRejections 
(node:internal/process/task_queues:103:5)
          at C:\Users\JackyLi(CTHK)\OneDrive - Continuous Technologies 
International 
Limited\Documents\ERP_Test\node_modules\express-rate-limit\dist\index.cjs:830:5

    [0m [90m 59 |[39m   [90m// eslint-disable-next-line 
@typescript-eslint/no-unused-vars[39m
     [90m 60 |[39m   app[33m.[39muse((err[33m:[39m 
[33mError[39m[33m,[39m _req[33m:[39m [33mRequest[39m[33m,[39m 
res[33m:[39m [33mResponse[39m[33m,[39m _next[33m:[39m 
[33mNextFunction[39m) [33m=>[39m {
    [31m[1m>[22m[39m[90m 61 |[39m     
console[33m.[39merror(err)[33m;[39m
     [90m    |[39m             [31m[1m^[22m[39m
     [90m 62 |[39m     [36mif[39m 
(err[33m.[39mmessage[33m.[39mincludes([32m"Unauthorized"[39m)) {
     [90m 63 |[39m       
res[33m.[39mstatus([35m401[39m)[33m.[39mjson({ message[33m:[39m 
err[33m.[39mmessage })[33m;[39m
     [90m 64 |[39m     } [36melse[39m [36mif[39m 
(err[33m.[39mmessage[33m.[39mincludes([32m"Forbidden"[39m)) {[0m

      at C:\Users\JackyLi(CTHK)../../../../../../OneDrive - Continuous 
Technologies International Limited/Documents/ERP_Test/server/src/app.ts:61:13
      at Layer.handleError (C:\Users\JackyLi(CTHK)../../../../../../OneDrive - 
Continuous Technologies International 
Limited/Documents/ERP_Test/node_modules/router/lib/layer.js:116:17)
      at trimPrefix (C:\Users\JackyLi(CTHK)../../../../../../OneDrive - 
Continuous Technologies International 
Limited/Documents/ERP_Test/node_modules/router/index.js:340:13)
      at C:\Users\JackyLi(CTHK)../../../../../../OneDrive - Continuous 
Technologies International 
Limited/Documents/ERP_Test/node_modules/router/index.js:297:9
      at processParams (C:\Users\JackyLi(CTHK)../../../../../../OneDrive - 
Continuous Technologies International 
Limited/Documents/ERP_Test/node_modules/router/index.js:582:12)
      at next (C:\Users\JackyLi(CTHK)../../../../../../OneDrive - Continuous 
Technologies International 
Limited/Documents/ERP_Test/node_modules/router/index.js:291:5)
      at Layer.handleError (C:\Users\JackyLi(CTHK)../../../../../../OneDrive - 
Continuous Technologies International 
Limited/Documents/ERP_Test/node_modules/router/lib/layer.js:111:12)
      at trimPrefix (C:\Users\JackyLi(CTHK)../../../../../../OneDrive - 
Continuous Technologies International 
Limited/Documents/ERP_Test/node_modules/router/index.js:340:13)
      at C:\Users\JackyLi(CTHK)../../../../../../OneDrive - Continuous 
Technologies International 
Limited/Documents/ERP_Test/node_modules/router/index.js:297:9
      at processParams (C:\Users\JackyLi(CTHK)../../../../../../OneDrive - 
Continuous Technologies International 
Limited/Documents/ERP_Test/node_modules/router/index.js:582:12)
      at Immediate.next (C:\Users\JackyLi(CTHK)../../../../../../OneDrive - 
Continuous Technologies International 
Limited/Documents/ERP_Test/node_modules/router/index.js:291:5)
      at Immediate._onImmediate 
(C:\Users\JackyLi(CTHK)../../../../../../OneDrive - Continuous Technologies 
International Limited/Documents/ERP_Test/node_modules/router/index.js:688:15)

    console.error
      Error: Unauthorized: Missing or invalid Authorization header
          at requireAuth (C:\Users\JackyLi(CTHK)\OneDrive - Continuous 
Technologies International 
Limited\Documents\ERP_Test\server\src\middleware\requireAuth.ts:12:11)
          at Layer.handleRequest (C:\Users\JackyLi(CTHK)\OneDrive - Continuous 
Technologies International 
Limited\Documents\ERP_Test\node_modules\router\lib\layer.js:152:17)
          at next (C:\Users\JackyLi(CTHK)\OneDrive - Continuous Technologies 
International 
Limited\Documents\ERP_Test\node_modules\router\lib\route.js:157:13)
          at Route.dispatch (C:\Users\JackyLi(CTHK)\OneDrive - Continuous 
Technologies International 
Limited\Documents\ERP_Test\node_modules\router\lib\route.js:117:3)
          at handle (C:\Users\JackyLi(CTHK)\OneDrive - Continuous Technologies 
International Limited\Documents\ERP_Test\node_modules\router\index.js:435:11)
          at Layer.handleRequest (C:\Users\JackyLi(CTHK)\OneDrive - Continuous 
Technologies International 
Limited\Documents\ERP_Test\node_modules\router\lib\layer.js:152:17)
          at C:\Users\JackyLi(CTHK)\OneDrive - Continuous Technologies 
International Limited\Documents\ERP_Test\node_modules\router\index.js:295:15
          at processParams (C:\Users\JackyLi(CTHK)\OneDrive - Continuous 
Technologies International 
Limited\Documents\ERP_Test\node_modules\router\index.js:582:12)
          at next (C:\Users\JackyLi(CTHK)\OneDrive - Continuous Technologies 
International Limited\Documents\ERP_Test\node_modules\router\index.js:291:5)
          at router.handle (C:\Users\JackyLi(CTHK)\OneDrive - Continuous 
Technologies International 
Limited\Documents\ERP_Test\node_modules\router\index.js:186:3)
          at router (C:\Users\JackyLi(CTHK)\OneDrive - Continuous Technologies 
International Limited\Documents\ERP_Test\node_modules\router\index.js:60:12)
          at Layer.handleRequest (C:\Users\JackyLi(CTHK)\OneDrive - Continuous 
Technologies International 
Limited\Documents\ERP_Test\node_modules\router\lib\layer.js:152:17)
          at trimPrefix (C:\Users\JackyLi(CTHK)\OneDrive - Continuous 
Technologies International 
Limited\Documents\ERP_Test\node_modules\router\index.js:342:13)
          at C:\Users\JackyLi(CTHK)\OneDrive - Continuous Technologies 
International Limited\Documents\ERP_Test\node_modules\router\index.js:297:9
          at processParams (C:\Users\JackyLi(CTHK)\OneDrive - Continuous 
Technologies International 
Limited\Documents\ERP_Test\node_modules\router\index.js:582:12)
          at next (C:\Users\JackyLi(CTHK)\OneDrive - Continuous Technologies 
International Limited\Documents\ERP_Test\node_modules\router\index.js:291:5)
          at C:\Users\JackyLi(CTHK)\OneDrive - Continuous Technologies 
International Limited\Documents\ERP_Test\node_modules\router\index.js:688:15
          at next (C:\Users\JackyLi(CTHK)\OneDrive - Continuous Technologies 
International Limited\Documents\ERP_Test\node_modules\router\index.js:276:14)
          at router.handle (C:\Users\JackyLi(CTHK)\OneDrive - Continuous 
Technologies International 
Limited\Documents\ERP_Test\node_modules\router\index.js:186:3)
          at router (C:\Users\JackyLi(CTHK)\OneDrive - Continuous Technologies 
International Limited\Documents\ERP_Test\node_modules\router\index.js:60:12)
          at Layer.handleRequest (C:\Users\JackyLi(CTHK)\OneDrive - Continuous 
Technologies International 
Limited\Documents\ERP_Test\node_modules\router\lib\layer.js:152:17)
          at trimPrefix (C:\Users\JackyLi(CTHK)\OneDrive - Continuous 
Technologies International 
Limited\Documents\ERP_Test\node_modules\router\index.js:342:13)
          at C:\Users\JackyLi(CTHK)\OneDrive - Continuous Technologies 
International Limited\Documents\ERP_Test\node_modules\router\index.js:297:9
          at processParams (C:\Users\JackyLi(CTHK)\OneDrive - Continuous 
Technologies International 
Limited\Documents\ERP_Test\node_modules\router\index.js:582:12)
          at next (C:\Users\JackyLi(CTHK)\OneDrive - Continuous Technologies 
International Limited\Documents\ERP_Test\node_modules\router\index.js:291:5)
          ... collapsed 7 duplicate lines matching above lines ...
          at C:\Users\JackyLi(CTHK)\OneDrive - Continuous Technologies 
International 
Limited\Documents\ERP_Test\node_modules\express-rate-limit\dist\index.cjs:947:7
          at processTicksAndRejections 
(node:internal/process/task_queues:103:5)
          at C:\Users\JackyLi(CTHK)\OneDrive - Continuous Technologies 
International 
Limited\Documents\ERP_Test\node_modules\express-rate-limit\dist\index.cjs:830:5

    [0m [90m 59 |[39m   [90m// eslint-disable-next-line 
@typescript-eslint/no-unused-vars[39m
     [90m 60 |[39m   app[33m.[39muse((err[33m:[39m 
[33mError[39m[33m,[39m _req[33m:[39m [33mRequest[39m[33m,[39m 
res[33m:[39m [33mResponse[39m[33m,[39m _next[33m:[39m 
[33mNextFunction[39m) [33m=>[39m {
    [31m[1m>[22m[39m[90m 61 |[39m     
console[33m.[39merror(err)[33m;[39m
     [90m    |[39m             [31m[1m^[22m[39m
     [90m 62 |[39m     [36mif[39m 
(err[33m.[39mmessage[33m.[39mincludes([32m"Unauthorized"[39m)) {
     [90m 63 |[39m       
res[33m.[39mstatus([35m401[39m)[33m.[39mjson({ message[33m:[39m 
err[33m.[39mmessage })[33m;[39m
     [90m 64 |[39m     } [36melse[39m [36mif[39m 
(err[33m.[39mmessage[33m.[39mincludes([32m"Forbidden"[39m)) {[0m

      at C:\Users\JackyLi(CTHK)../../../../../../OneDrive - Continuous 
Technologies International Limited/Documents/ERP_Test/server/src/app.ts:61:13
      at Layer.handleError (C:\Users\JackyLi(CTHK)../../../../../../OneDrive - 
Continuous Technologies International 
Limited/Documents/ERP_Test/node_modules/router/lib/layer.js:116:17)
      at trimPrefix (C:\Users\JackyLi(CTHK)../../../../../../OneDrive - 
Continuous Technologies International 
Limited/Documents/ERP_Test/node_modules/router/index.js:340:13)
      at C:\Users\JackyLi(CTHK)../../../../../../OneDrive - Continuous 
Technologies International 
Limited/Documents/ERP_Test/node_modules/router/index.js:297:9
      at processParams (C:\Users\JackyLi(CTHK)../../../../../../OneDrive - 
Continuous Technologies International 
Limited/Documents/ERP_Test/node_modules/router/index.js:582:12)
      at next (C:\Users\JackyLi(CTHK)../../../../../../OneDrive - Continuous 
Technologies International 
Limited/Documents/ERP_Test/node_modules/router/index.js:291:5)
      at Layer.handleError (C:\Users\JackyLi(CTHK)../../../../../../OneDrive - 
Continuous Technologies International 
Limited/Documents/ERP_Test/node_modules/router/lib/layer.js:111:12)
      at trimPrefix (C:\Users\JackyLi(CTHK)../../../../../../OneDrive - 
Continuous Technologies International 
Limited/Documents/ERP_Test/node_modules/router/index.js:340:13)
      at C:\Users\JackyLi(CTHK)../../../../../../OneDrive - Continuous 
Technologies International 
Limited/Documents/ERP_Test/node_modules/router/index.js:297:9
      at processParams (C:\Users\JackyLi(CTHK)../../../../../../OneDrive - 
Continuous Technologies International 
Limited/Documents/ERP_Test/node_modules/router/index.js:582:12)
      at Immediate.next (C:\Users\JackyLi(CTHK)../../../../../../OneDrive - 
Continuous Technologies International 
Limited/Documents/ERP_Test/node_modules/router/index.js:291:5)
      at Immediate._onImmediate 
(C:\Users\JackyLi(CTHK)../../../../../../OneDrive - Continuous Technologies 
International Limited/Documents/ERP_Test/node_modules/router/index.js:688:15)

PASS src/__tests__/auth.register.test.ts
  ΓùÅ Console

    console.log
      [dotenv@17.3.1] injecting env (10) from ..\.env -- tip: ≡ƒöÉ prevent 
building .env in docker: https://dotenvx.com/prebuild

      at _log (C:\Users\JackyLi(CTHK)../../../../../../OneDrive - Continuous 
Technologies International 
Limited/Documents/ERP_Test/node_modules/dotenv/lib/main.js:139:11)

PASS src/__tests__/leaveCalendar.route.test.ts
  ΓùÅ Console

    console.log
      [dotenv@17.3.1] injecting env (10) from ..\.env -- tip: ≡ƒñû agentic 
secret storage: https://dotenvx.com/as2

      at _log (C:\Users\JackyLi(CTHK)../../../../../../OneDrive - Continuous 
Technologies International 
Limited/Documents/ERP_Test/node_modules/dotenv/lib/main.js:139:11)

    console.error
      Error: Unauthorized: Missing or invalid Authorization header
          at requireAuth (C:\Users\JackyLi(CTHK)\OneDrive - Continuous 
Technologies International 
Limited\Documents\ERP_Test\server\src\middleware\requireAuth.ts:12:11)
          at Layer.handleRequest (C:\Users\JackyLi(CTHK)\OneDrive - Continuous 
Technologies International 
Limited\Documents\ERP_Test\node_modules\router\lib\layer.js:152:17)
          at next (C:\Users\JackyLi(CTHK)\OneDrive - Continuous Technologies 
International 
Limited\Documents\ERP_Test\node_modules\router\lib\route.js:157:13)
          at Route.dispatch (C:\Users\JackyLi(CTHK)\OneDrive - Continuous 
Technologies International 
Limited\Documents\ERP_Test\node_modules\router\lib\route.js:117:3)
          at handle (C:\Users\JackyLi(CTHK)\OneDrive - Continuous Technologies 
International Limited\Documents\ERP_Test\node_modules\router\index.js:435:11)
          at Layer.handleRequest (C:\Users\JackyLi(CTHK)\OneDrive - Continuous 
Technologies International 
Limited\Documents\ERP_Test\node_modules\router\lib\layer.js:152:17)
          at C:\Users\JackyLi(CTHK)\OneDrive - Continuous Technologies 
International Limited\Documents\ERP_Test\node_modules\router\index.js:295:15
          at processParams (C:\Users\JackyLi(CTHK)\OneDrive - Continuous 
Technologies International 
Limited\Documents\ERP_Test\node_modules\router\index.js:582:12)
          at next (C:\Users\JackyLi(CTHK)\OneDrive - Continuous Technologies 
International Limited\Documents\ERP_Test\node_modules\router\index.js:291:5)
          at router.handle (C:\Users\JackyLi(CTHK)\OneDrive - Continuous 
Technologies International 
Limited\Documents\ERP_Test\node_modules\router\index.js:186:3)
          at router (C:\Users\JackyLi(CTHK)\OneDrive - Continuous Technologies 
International Limited\Documents\ERP_Test\node_modules\router\index.js:60:12)
          at Layer.handleRequest (C:\Users\JackyLi(CTHK)\OneDrive - Continuous 
Technologies International 
Limited\Documents\ERP_Test\node_modules\router\lib\layer.js:152:17)
          at trimPrefix (C:\Users\JackyLi(CTHK)\OneDrive - Continuous 
Technologies International 
Limited\Documents\ERP_Test\node_modules\router\index.js:342:13)
          at C:\Users\JackyLi(CTHK)\OneDrive - Continuous Technologies 
International Limited\Documents\ERP_Test\node_modules\router\index.js:297:9
          at processParams (C:\Users\JackyLi(CTHK)\OneDrive - Continuous 
Technologies International 
Limited\Documents\ERP_Test\node_modules\router\index.js:582:12)
          at next (C:\Users\JackyLi(CTHK)\OneDrive - Continuous Technologies 
International Limited\Documents\ERP_Test\node_modules\router\index.js:291:5)
          at C:\Users\JackyLi(CTHK)\OneDrive - Continuous Technologies 
International Limited\Documents\ERP_Test\node_modules\router\index.js:688:15
          at next (C:\Users\JackyLi(CTHK)\OneDrive - Continuous Technologies 
International Limited\Documents\ERP_Test\node_modules\router\index.js:276:14)
          at router.handle (C:\Users\JackyLi(CTHK)\OneDrive - Continuous 
Technologies International 
Limited\Documents\ERP_Test\node_modules\router\index.js:186:3)
          at router (C:\Users\JackyLi(CTHK)\OneDrive - Continuous Technologies 
International Limited\Documents\ERP_Test\node_modules\router\index.js:60:12)
          at Layer.handleRequest (C:\Users\JackyLi(CTHK)\OneDrive - Continuous 
Technologies International 
Limited\Documents\ERP_Test\node_modules\router\lib\layer.js:152:17)
          at trimPrefix (C:\Users\JackyLi(CTHK)\OneDrive - Continuous 
Technologies International 
Limited\Documents\ERP_Test\node_modules\router\index.js:342:13)
          at C:\Users\JackyLi(CTHK)\OneDrive - Continuous Technologies 
International Limited\Documents\ERP_Test\node_modules\router\index.js:297:9
          at processParams (C:\Users\JackyLi(CTHK)\OneDrive - Continuous 
Technologies International 
Limited\Documents\ERP_Test\node_modules\router\index.js:582:12)
          at next (C:\Users\JackyLi(CTHK)\OneDrive - Continuous Technologies 
International Limited\Documents\ERP_Test\node_modules\router\index.js:291:5)
          ... collapsed 7 duplicate lines matching above lines ...
          at C:\Users\JackyLi(CTHK)\OneDrive - Continuous Technologies 
International 
Limited\Documents\ERP_Test\node_modules\express-rate-limit\dist\index.cjs:947:7
          at processTicksAndRejections 
(node:internal/process/task_queues:103:5)
          at C:\Users\JackyLi(CTHK)\OneDrive - Continuous Technologies 
International 
Limited\Documents\ERP_Test\node_modules\express-rate-limit\dist\index.cjs:830:5

    [0m [90m 59 |[39m   [90m// eslint-disable-next-line 
@typescript-eslint/no-unused-vars[39m
     [90m 60 |[39m   app[33m.[39muse((err[33m:[39m 
[33mError[39m[33m,[39m _req[33m:[39m [33mRequest[39m[33m,[39m 
res[33m:[39m [33mResponse[39m[33m,[39m _next[33m:[39m 
[33mNextFunction[39m) [33m=>[39m {
    [31m[1m>[22m[39m[90m 61 |[39m     
console[33m.[39merror(err)[33m;[39m
     [90m    |[39m             [31m[1m^[22m[39m
     [90m 62 |[39m     [36mif[39m 
(err[33m.[39mmessage[33m.[39mincludes([32m"Unauthorized"[39m)) {
     [90m 63 |[39m       
res[33m.[39mstatus([35m401[39m)[33m.[39mjson({ message[33m:[39m 
err[33m.[39mmessage })[33m;[39m
     [90m 64 |[39m     } [36melse[39m [36mif[39m 
(err[33m.[39mmessage[33m.[39mincludes([32m"Forbidden"[39m)) {[0m

      at C:\Users\JackyLi(CTHK)../../../../../../OneDrive - Continuous 
Technologies International Limited/Documents/ERP_Test/server/src/app.ts:61:13
      at Layer.handleError (C:\Users\JackyLi(CTHK)../../../../../../OneDrive - 
Continuous Technologies International 
Limited/Documents/ERP_Test/node_modules/router/lib/layer.js:116:17)
      at trimPrefix (C:\Users\JackyLi(CTHK)../../../../../../OneDrive - 
Continuous Technologies International 
Limited/Documents/ERP_Test/node_modules/router/index.js:340:13)
      at C:\Users\JackyLi(CTHK)../../../../../../OneDrive - Continuous 
Technologies International 
Limited/Documents/ERP_Test/node_modules/router/index.js:297:9
      at processParams (C:\Users\JackyLi(CTHK)../../../../../../OneDrive - 
Continuous Technologies International 
Limited/Documents/ERP_Test/node_modules/router/index.js:582:12)
      at next (C:\Users\JackyLi(CTHK)../../../../../../OneDrive - Continuous 
Technologies International 
Limited/Documents/ERP_Test/node_modules/router/index.js:291:5)
      at Layer.handleError (C:\Users\JackyLi(CTHK)../../../../../../OneDrive - 
Continuous Technologies International 
Limited/Documents/ERP_Test/node_modules/router/lib/layer.js:111:12)
      at trimPrefix (C:\Users\JackyLi(CTHK)../../../../../../OneDrive - 
Continuous Technologies International 
Limited/Documents/ERP_Test/node_modules/router/index.js:340:13)
      at C:\Users\JackyLi(CTHK)../../../../../../OneDrive - Continuous 
Technologies International 
Limited/Documents/ERP_Test/node_modules/router/index.js:297:9
      at processParams (C:\Users\JackyLi(CTHK)../../../../../../OneDrive - 
Continuous Technologies International 
Limited/Documents/ERP_Test/node_modules/router/index.js:582:12)
      at next (C:\Users\JackyLi(CTHK)../../../../../../OneDrive - Continuous 
Technologies International 
Limited/Documents/ERP_Test/node_modules/router/index.js:291:5)
      at C:\Users\JackyLi(CTHK)../../../../../../OneDrive - Continuous 
Technologies International 
Limited/Documents/ERP_Test/node_modules/router/index.js:688:15
      at Immediate.next (C:\Users\JackyLi(CTHK)../../../../../../OneDrive - 
Continuous Technologies International 
Limited/Documents/ERP_Test/node_modules/router/index.js:276:14)
      at Immediate._onImmediate 
(C:\Users\JackyLi(CTHK)../../../../../../OneDrive - Continuous Technologies 
International Limited/Documents/ERP_Test/node_modules/router/index.js:688:15)

PASS src/__tests__/leaveBalance.query.test.ts
  ΓùÅ Console

    console.log
      [dotenv@17.3.1] injecting env (10) from ..\.env -- tip: ΓÜÖ∩╕Å  load 
multiple .env files with { path: ['.env.local', '.env'] }

      at _log (C:\Users\JackyLi(CTHK)../../../../../../OneDrive - Continuous 
Technologies International 
Limited/Documents/ERP_Test/node_modules/dotenv/lib/main.js:139:11)

    console.error
      Error: Unauthorized: Missing or invalid Authorization header
          at requireAuth (C:\Users\JackyLi(CTHK)\OneDrive - Continuous 
Technologies International 
Limited\Documents\ERP_Test\server\src\middleware\requireAuth.ts:12:11)
          at Layer.handleRequest (C:\Users\JackyLi(CTHK)\OneDrive - Continuous 
Technologies International 
Limited\Documents\ERP_Test\node_modules\router\lib\layer.js:152:17)
          at next (C:\Users\JackyLi(CTHK)\OneDrive - Continuous Technologies 
International 
Limited\Documents\ERP_Test\node_modules\router\lib\route.js:157:13)
          at Route.dispatch (C:\Users\JackyLi(CTHK)\OneDrive - Continuous 
Technologies International 
Limited\Documents\ERP_Test\node_modules\router\lib\route.js:117:3)
          at handle (C:\Users\JackyLi(CTHK)\OneDrive - Continuous Technologies 
International Limited\Documents\ERP_Test\node_modules\router\index.js:435:11)
          at Layer.handleRequest (C:\Users\JackyLi(CTHK)\OneDrive - Continuous 
Technologies International 
Limited\Documents\ERP_Test\node_modules\router\lib\layer.js:152:17)
          at C:\Users\JackyLi(CTHK)\OneDrive - Continuous Technologies 
International Limited\Documents\ERP_Test\node_modules\router\index.js:295:15
          at processParams (C:\Users\JackyLi(CTHK)\OneDrive - Continuous 
Technologies International 
Limited\Documents\ERP_Test\node_modules\router\index.js:582:12)
          at next (C:\Users\JackyLi(CTHK)\OneDrive - Continuous Technologies 
International Limited\Documents\ERP_Test\node_modules\router\index.js:291:5)
          at router.handle (C:\Users\JackyLi(CTHK)\OneDrive - Continuous 
Technologies International 
Limited\Documents\ERP_Test\node_modules\router\index.js:186:3)
          at router (C:\Users\JackyLi(CTHK)\OneDrive - Continuous Technologies 
International Limited\Documents\ERP_Test\node_modules\router\index.js:60:12)
          at Layer.handleRequest (C:\Users\JackyLi(CTHK)\OneDrive - Continuous 
Technologies International 
Limited\Documents\ERP_Test\node_modules\router\lib\layer.js:152:17)
          at trimPrefix (C:\Users\JackyLi(CTHK)\OneDrive - Continuous 
Technologies International 
Limited\Documents\ERP_Test\node_modules\router\index.js:342:13)
          at C:\Users\JackyLi(CTHK)\OneDrive - Continuous Technologies 
International Limited\Documents\ERP_Test\node_modules\router\index.js:297:9
          ... collapsed 7 duplicate lines matching above lines ...
          at processParams (C:\Users\JackyLi(CTHK)\OneDrive - Continuous 
Technologies International 
Limited\Documents\ERP_Test\node_modules\router\index.js:582:12)
          at next (C:\Users\JackyLi(CTHK)\OneDrive - Continuous Technologies 
International Limited\Documents\ERP_Test\node_modules\router\index.js:291:5)
          at C:\Users\JackyLi(CTHK)\OneDrive - Continuous Technologies 
International 
Limited\Documents\ERP_Test\node_modules\express-rate-limit\dist\index.cjs:947:7
          at processTicksAndRejections 
(node:internal/process/task_queues:103:5)
          at C:\Users\JackyLi(CTHK)\OneDrive - Continuous Technologies 
International 
Limited\Documents\ERP_Test\node_modules\express-rate-limit\dist\index.cjs:830:5

    [0m [90m 59 |[39m   [90m// eslint-disable-next-line 
@typescript-eslint/no-unused-vars[39m
     [90m 60 |[39m   app[33m.[39muse((err[33m:[39m 
[33mError[39m[33m,[39m _req[33m:[39m [33mRequest[39m[33m,[39m 
res[33m:[39m [33mResponse[39m[33m,[39m _next[33m:[39m 
[33mNextFunction[39m) [33m=>[39m {
    [31m[1m>[22m[39m[90m 61 |[39m     
console[33m.[39merror(err)[33m;[39m
     [90m    |[39m             [31m[1m^[22m[39m
     [90m 62 |[39m     [36mif[39m 
(err[33m.[39mmessage[33m.[39mincludes([32m"Unauthorized"[39m)) {
     [90m 63 |[39m       
res[33m.[39mstatus([35m401[39m)[33m.[39mjson({ message[33m:[39m 
err[33m.[39mmessage })[33m;[39m
     [90m 64 |[39m     } [36melse[39m [36mif[39m 
(err[33m.[39mmessage[33m.[39mincludes([32m"Forbidden"[39m)) {[0m

      at C:\Users\JackyLi(CTHK)../../../../../../OneDrive - Continuous 
Technologies International Limited/Documents/ERP_Test/server/src/app.ts:61:13
      at Layer.handleError (C:\Users\JackyLi(CTHK)../../../../../../OneDrive - 
Continuous Technologies International 
Limited/Documents/ERP_Test/node_modules/router/lib/layer.js:116:17)
      at trimPrefix (C:\Users\JackyLi(CTHK)../../../../../../OneDrive - 
Continuous Technologies International 
Limited/Documents/ERP_Test/node_modules/router/index.js:340:13)
      at C:\Users\JackyLi(CTHK)../../../../../../OneDrive - Continuous 
Technologies International 
Limited/Documents/ERP_Test/node_modules/router/index.js:297:9
      at processParams (C:\Users\JackyLi(CTHK)../../../../../../OneDrive - 
Continuous Technologies International 
Limited/Documents/ERP_Test/node_modules/router/index.js:582:12)
      at next (C:\Users\JackyLi(CTHK)../../../../../../OneDrive - Continuous 
Technologies International 
Limited/Documents/ERP_Test/node_modules/router/index.js:291:5)
      at Layer.handleError (C:\Users\JackyLi(CTHK)../../../../../../OneDrive - 
Continuous Technologies International 
Limited/Documents/ERP_Test/node_modules/router/lib/layer.js:111:12)
      at trimPrefix (C:\Users\JackyLi(CTHK)../../../../../../OneDrive - 
Continuous Technologies International 
Limited/Documents/ERP_Test/node_modules/router/index.js:340:13)
      at C:\Users\JackyLi(CTHK)../../../../../../OneDrive - Continuous 
Technologies International 
Limited/Documents/ERP_Test/node_modules/router/index.js:297:9
      at processParams (C:\Users\JackyLi(CTHK)../../../../../../OneDrive - 
Continuous Technologies International 
Limited/Documents/ERP_Test/node_modules/router/index.js:582:12)
      at next (C:\Users\JackyLi(CTHK)../../../../../../OneDrive - Continuous 
Technologies International 
Limited/Documents/ERP_Test/node_modules/router/index.js:291:5)
      at C:\Users\JackyLi(CTHK)../../../../../../OneDrive - Continuous 
Technologies International 
Limited/Documents/ERP_Test/node_modules/router/index.js:688:15
      at next (C:\Users\JackyLi(CTHK)../../../../../../OneDrive - Continuous 
Technologies International 
Limited/Documents/ERP_Test/node_modules/router/index.js:276:14)
      at C:\Users\JackyLi(CTHK)../../../../../../OneDrive - Continuous 
Technologies International 
Limited/Documents/ERP_Test/node_modules/router/index.js:688:15
      at next (C:\Users\JackyLi(CTHK)../../../../../../OneDrive - Continuous 
Technologies International 
Limited/Documents/ERP_Test/node_modules/router/index.js:276:14)
      at next (C:\Users\JackyLi(CTHK)../../../../../../OneDrive - Continuous 
Technologies International 
Limited/Documents/ERP_Test/node_modules/router/lib/route.js:132:14)
      at Layer.handleError (C:\Users\JackyLi(CTHK)../../../../../../OneDrive - 
Continuous Technologies International 
Limited/Documents/ERP_Test/node_modules/router/lib/layer.js:111:12)
      at next (C:\Users\JackyLi(CTHK)../../../../../../OneDrive - Continuous 
Technologies International 
Limited/Documents/ERP_Test/node_modules/router/lib/route.js:155:13)
      at Layer.handleRequest (C:\Users\JackyLi(CTHK)../../../../../../OneDrive 
- Continuous Technologies International 
Limited/Documents/ERP_Test/node_modules/router/lib/layer.js:165:5)
      at next (C:\Users\JackyLi(CTHK)../../../../../../OneDrive - Continuous 
Technologies International 
Limited/Documents/ERP_Test/node_modules/router/lib/route.js:157:13)
      at Route.dispatch (C:\Users\JackyLi(CTHK)../../../../../../OneDrive - 
Continuous Technologies International 
Limited/Documents/ERP_Test/node_modules/router/lib/route.js:117:3)
      at handle (C:\Users\JackyLi(CTHK)../../../../../../OneDrive - Continuous 
Technologies International 
Limited/Documents/ERP_Test/node_modules/router/index.js:435:11)
      at Layer.handleRequest (C:\Users\JackyLi(CTHK)../../../../../../OneDrive 
- Continuous Technologies International 
Limited/Documents/ERP_Test/node_modules/router/lib/layer.js:152:17)
      at C:\Users\JackyLi(CTHK)../../../../../../OneDrive - Continuous 
Technologies International 
Limited/Documents/ERP_Test/node_modules/router/index.js:295:15
      at processParams (C:\Users\JackyLi(CTHK)../../../../../../OneDrive - 
Continuous Technologies International 
Limited/Documents/ERP_Test/node_modules/router/index.js:582:12)
      at next (C:\Users\JackyLi(CTHK)../../../../../../OneDrive - Continuous 
Technologies International 
Limited/Documents/ERP_Test/node_modules/router/index.js:291:5)
      at router.handle (C:\Users\JackyLi(CTHK)../../../../../../OneDrive - 
Continuous Technologies International 
Limited/Documents/ERP_Test/node_modules/router/index.js:186:3)
      at router (C:\Users\JackyLi(CTHK)../../../../../../OneDrive - Continuous 
Technologies International 
Limited/Documents/ERP_Test/node_modules/router/index.js:60:12)
      at Layer.handleRequest (C:\Users\JackyLi(CTHK)../../../../../../OneDrive 
- Continuous Technologies International 
Limited/Documents/ERP_Test/node_modules/router/lib/layer.js:152:17)
      at trimPrefix (C:\Users\JackyLi(CTHK)../../../../../../OneDrive - 
Continuous Technologies International 
Limited/Documents/ERP_Test/node_modules/router/index.js:342:13)
      at C:\Users\JackyLi(CTHK)../../../../../../OneDrive - Continuous 
Technologies International 
Limited/Documents/ERP_Test/node_modules/router/index.js:297:9
      at processParams (C:\Users\JackyLi(CTHK)../../../../../../OneDrive - 
Continuous Technologies International 
Limited/Documents/ERP_Test/node_modules/router/index.js:582:12)
      at next (C:\Users\JackyLi(CTHK)../../../../../../OneDrive - Continuous 
Technologies International 
Limited/Documents/ERP_Test/node_modules/router/index.js:291:5)
      at router.handle (C:\Users\JackyLi(CTHK)../../../../../../OneDrive - 
Continuous Technologies International 
Limited/Documents/ERP_Test/node_modules/router/index.js:186:3)
      at router (C:\Users\JackyLi(CTHK)../../../../../../OneDrive - Continuous 
Technologies International 
Limited/Documents/ERP_Test/node_modules/router/index.js:60:12)
      at Layer.handleRequest (C:\Users\JackyLi(CTHK)../../../../../../OneDrive 
- Continuous Technologies International 
Limited/Documents/ERP_Test/node_modules/router/lib/layer.js:152:17)
      at trimPrefix (C:\Users\JackyLi(CTHK)../../../../../../OneDrive - 
Continuous Technologies International 
Limited/Documents/ERP_Test/node_modules/router/index.js:342:13)
      at C:\Users\JackyLi(CTHK)../../../../../../OneDrive - Continuous 
Technologies International 
Limited/Documents/ERP_Test/node_modules/router/index.js:297:9
      at processParams (C:\Users\JackyLi(CTHK)../../../../../../OneDrive - 
Continuous Technologies International 
Limited/Documents/ERP_Test/node_modules/router/index.js:582:12)
      at next (C:\Users\JackyLi(CTHK)../../../../../../OneDrive - Continuous 
Technologies International 
Limited/Documents/ERP_Test/node_modules/router/index.js:291:5)
      at C:\Users\JackyLi(CTHK)../../../../../../OneDrive - Continuous 
Technologies International 
Limited/Documents/ERP_Test/node_modules/express-rate-limit/dist/index.cjs:947:7
      at C:\Users\JackyLi(CTHK)../../../../../../OneDrive - Continuous 
Technologies International 
Limited/Documents/ERP_Test/node_modules/express-rate-limit/dist/index.cjs:830:5

    console.error
      Error: Unauthorized: Missing or invalid Authorization header
          at requireAuth (C:\Users\JackyLi(CTHK)\OneDrive - Continuous 
Technologies International 
Limited\Documents\ERP_Test\server\src\middleware\requireAuth.ts:12:11)
          at Layer.handleRequest (C:\Users\JackyLi(CTHK)\OneDrive - Continuous 
Technologies International 
Limited\Documents\ERP_Test\node_modules\router\lib\layer.js:152:17)
          at next (C:\Users\JackyLi(CTHK)\OneDrive - Continuous Technologies 
International 
Limited\Documents\ERP_Test\node_modules\router\lib\route.js:157:13)
          at Route.dispatch (C:\Users\JackyLi(CTHK)\OneDrive - Continuous 
Technologies International 
Limited\Documents\ERP_Test\node_modules\router\lib\route.js:117:3)
          at handle (C:\Users\JackyLi(CTHK)\OneDrive - Continuous Technologies 
International Limited\Documents\ERP_Test\node_modules\router\index.js:435:11)
          at Layer.handleRequest (C:\Users\JackyLi(CTHK)\OneDrive - Continuous 
Technologies International 
Limited\Documents\ERP_Test\node_modules\router\lib\layer.js:152:17)
          at C:\Users\JackyLi(CTHK)\OneDrive - Continuous Technologies 
International Limited\Documents\ERP_Test\node_modules\router\index.js:295:15
          at param (C:\Users\JackyLi(CTHK)\OneDrive - Continuous Technologies 
International Limited\Documents\ERP_Test\node_modules\router\index.js:600:14)
          at param (C:\Users\JackyLi(CTHK)\OneDrive - Continuous Technologies 
International Limited\Documents\ERP_Test\node_modules\router\index.js:610:14)
          at processParams (C:\Users\JackyLi(CTHK)\OneDrive - Continuous 
Technologies International 
Limited\Documents\ERP_Test\node_modules\router\index.js:664:3)
          at next (C:\Users\JackyLi(CTHK)\OneDrive - Continuous Technologies 
International Limited\Documents\ERP_Test\node_modules\router\index.js:291:5)
          at router.handle (C:\Users\JackyLi(CTHK)\OneDrive - Continuous 
Technologies International 
Limited\Documents\ERP_Test\node_modules\router\index.js:186:3)
          at router (C:\Users\JackyLi(CTHK)\OneDrive - Continuous Technologies 
International Limited\Documents\ERP_Test\node_modules\router\index.js:60:12)
          at Layer.handleRequest (C:\Users\JackyLi(CTHK)\OneDrive - Continuous 
Technologies International 
Limited\Documents\ERP_Test\node_modules\router\lib\layer.js:152:17)
          at trimPrefix (C:\Users\JackyLi(CTHK)\OneDrive - Continuous 
Technologies International 
Limited\Documents\ERP_Test\node_modules\router\index.js:342:13)
          at C:\Users\JackyLi(CTHK)\OneDrive - Continuous Technologies 
International Limited\Documents\ERP_Test\node_modules\router\index.js:297:9
          at processParams (C:\Users\JackyLi(CTHK)\OneDrive - Continuous 
Technologies International 
Limited\Documents\ERP_Test\node_modules\router\index.js:582:12)
          ... collapsed 7 duplicate lines matching above lines ...
          at next (C:\Users\JackyLi(CTHK)\OneDrive - Continuous Technologies 
International Limited\Documents\ERP_Test\node_modules\router\index.js:291:5)
          at C:\Users\JackyLi(CTHK)\OneDrive - Continuous Technologies 
International 
Limited\Documents\ERP_Test\node_modules\express-rate-limit\dist\index.cjs:947:7
          at processTicksAndRejections 
(node:internal/process/task_queues:103:5)
          at C:\Users\JackyLi(CTHK)\OneDrive - Continuous Technologies 
International 
Limited\Documents\ERP_Test\node_modules\express-rate-limit\dist\index.cjs:830:5

    [0m [90m 59 |[39m   [90m// eslint-disable-next-line 
@typescript-eslint/no-unused-vars[39m
     [90m 60 |[39m   app[33m.[39muse((err[33m:[39m 
[33mError[39m[33m,[39m _req[33m:[39m [33mRequest[39m[33m,[39m 
res[33m:[39m [33mResponse[39m[33m,[39m _next[33m:[39m 
[33mNextFunction[39m) [33m=>[39m {
    [31m[1m>[22m[39m[90m 61 |[39m     
console[33m.[39merror(err)[33m;[39m
     [90m    |[39m             [31m[1m^[22m[39m
     [90m 62 |[39m     [36mif[39m 
(err[33m.[39mmessage[33m.[39mincludes([32m"Unauthorized"[39m)) {
     [90m 63 |[39m       
res[33m.[39mstatus([35m401[39m)[33m.[39mjson({ message[33m:[39m 
err[33m.[39mmessage })[33m;[39m
     [90m 64 |[39m     } [36melse[39m [36mif[39m 
(err[33m.[39mmessage[33m.[39mincludes([32m"Forbidden"[39m)) {[0m

      at C:\Users\JackyLi(CTHK)../../../../../../OneDrive - Continuous 
Technologies International Limited/Documents/ERP_Test/server/src/app.ts:61:13
      at Layer.handleError (C:\Users\JackyLi(CTHK)../../../../../../OneDrive - 
Continuous Technologies International 
Limited/Documents/ERP_Test/node_modules/router/lib/layer.js:116:17)
      at trimPrefix (C:\Users\JackyLi(CTHK)../../../../../../OneDrive - 
Continuous Technologies International 
Limited/Documents/ERP_Test/node_modules/router/index.js:340:13)
      at C:\Users\JackyLi(CTHK)../../../../../../OneDrive - Continuous 
Technologies International 
Limited/Documents/ERP_Test/node_modules/router/index.js:297:9
      at processParams (C:\Users\JackyLi(CTHK)../../../../../../OneDrive - 
Continuous Technologies International 
Limited/Documents/ERP_Test/node_modules/router/index.js:582:12)
      at next (C:\Users\JackyLi(CTHK)../../../../../../OneDrive - Continuous 
Technologies International 
Limited/Documents/ERP_Test/node_modules/router/index.js:291:5)
      at Layer.handleError (C:\Users\JackyLi(CTHK)../../../../../../OneDrive - 
Continuous Technologies International 
Limited/Documents/ERP_Test/node_modules/router/lib/layer.js:111:12)
      at trimPrefix (C:\Users\JackyLi(CTHK)../../../../../../OneDrive - 
Continuous Technologies International 
Limited/Documents/ERP_Test/node_modules/router/index.js:340:13)
      at C:\Users\JackyLi(CTHK)../../../../../../OneDrive - Continuous 
Technologies International 
Limited/Documents/ERP_Test/node_modules/router/index.js:297:9
      at processParams (C:\Users\JackyLi(CTHK)../../../../../../OneDrive - 
Continuous Technologies International 
Limited/Documents/ERP_Test/node_modules/router/index.js:582:12)
      at next (C:\Users\JackyLi(CTHK)../../../../../../OneDrive - Continuous 
Technologies International 
Limited/Documents/ERP_Test/node_modules/router/index.js:291:5)
      at C:\Users\JackyLi(CTHK)../../../../../../OneDrive - Continuous 
Technologies International 
Limited/Documents/ERP_Test/node_modules/router/index.js:688:15
      at next (C:\Users\JackyLi(CTHK)../../../../../../OneDrive - Continuous 
Technologies International 
Limited/Documents/ERP_Test/node_modules/router/index.js:276:14)
      at Layer.handleError (C:\Users\JackyLi(CTHK)../../../../../../OneDrive - 
Continuous Technologies International 
Limited/Documents/ERP_Test/node_modules/router/lib/layer.js:111:12)
      at trimPrefix (C:\Users\JackyLi(CTHK)../../../../../../OneDrive - 
Continuous Technologies International 
Limited/Documents/ERP_Test/node_modules/router/index.js:340:13)
      at C:\Users\JackyLi(CTHK)../../../../../../OneDrive - Continuous 
Technologies International 
Limited/Documents/ERP_Test/node_modules/router/index.js:297:9
      at processParams (C:\Users\JackyLi(CTHK)../../../../../../OneDrive - 
Continuous Technologies International 
Limited/Documents/ERP_Test/node_modules/router/index.js:582:12)
      at Immediate.next (C:\Users\JackyLi(CTHK)../../../../../../OneDrive - 
Continuous Technologies International 
Limited/Documents/ERP_Test/node_modules/router/index.js:291:5)
      at Immediate._onImmediate 
(C:\Users\JackyLi(CTHK)../../../../../../OneDrive - Continuous Technologies 
International Limited/Documents/ERP_Test/node_modules/router/index.js:688:15)

    console.error
      Error: Forbidden: User role 'EMPLOYEE' does not have permission for this 
resource
          at C:\Users\JackyLi(CTHK)\OneDrive - Continuous Technologies 
International 
Limited\Documents\ERP_Test\server\src\middleware\requireRole.ts:17:13
          at Layer.handleRequest (C:\Users\JackyLi(CTHK)\OneDrive - Continuous 
Technologies International 
Limited\Documents\ERP_Test\node_modules\router\lib\layer.js:152:17)
          at next (C:\Users\JackyLi(CTHK)\OneDrive - Continuous Technologies 
International 
Limited\Documents\ERP_Test\node_modules\router\lib\route.js:157:13)
          at requireAuth (C:\Users\JackyLi(CTHK)\OneDrive - Continuous 
Technologies International 
Limited\Documents\ERP_Test\server\src\middleware\requireAuth.ts:23:5)
          at Layer.handleRequest (C:\Users\JackyLi(CTHK)\OneDrive - Continuous 
Technologies International 
Limited\Documents\ERP_Test\node_modules\router\lib\layer.js:152:17)
          at next (C:\Users\JackyLi(CTHK)\OneDrive - Continuous Technologies 
International 
Limited\Documents\ERP_Test\node_modules\router\lib\route.js:157:13)
          at Route.dispatch (C:\Users\JackyLi(CTHK)\OneDrive - Continuous 
Technologies International 
Limited\Documents\ERP_Test\node_modules\router\lib\route.js:117:3)
          at handle (C:\Users\JackyLi(CTHK)\OneDrive - Continuous Technologies 
International Limited\Documents\ERP_Test\node_modules\router\index.js:435:11)
          at Layer.handleRequest (C:\Users\JackyLi(CTHK)\OneDrive - Continuous 
Technologies International 
Limited\Documents\ERP_Test\node_modules\router\lib\layer.js:152:17)
          at C:\Users\JackyLi(CTHK)\OneDrive - Continuous Technologies 
International Limited\Documents\ERP_Test\node_modules\router\index.js:295:15
          at param (C:\Users\JackyLi(CTHK)\OneDrive - Continuous Technologies 
International Limited\Documents\ERP_Test\node_modules\router\index.js:600:14)
          at param (C:\Users\JackyLi(CTHK)\OneDrive - Continuous Technologies 
International Limited\Documents\ERP_Test\node_modules\router\index.js:610:14)
          at processParams (C:\Users\JackyLi(CTHK)\OneDrive - Continuous 
Technologies International 
Limited\Documents\ERP_Test\node_modules\router\index.js:664:3)
          at next (C:\Users\JackyLi(CTHK)\OneDrive - Continuous Technologies 
International Limited\Documents\ERP_Test\node_modules\router\index.js:291:5)
          at router.handle (C:\Users\JackyLi(CTHK)\OneDrive - Continuous 
Technologies International 
Limited\Documents\ERP_Test\node_modules\router\index.js:186:3)
          at router (C:\Users\JackyLi(CTHK)\OneDrive - Continuous Technologies 
International Limited\Documents\ERP_Test\node_modules\router\index.js:60:12)
          at Layer.handleRequest (C:\Users\JackyLi(CTHK)\OneDrive - Continuous 
Technologies International 
Limited\Documents\ERP_Test\node_modules\router\lib\layer.js:152:17)
          at trimPrefix (C:\Users\JackyLi(CTHK)\OneDrive - Continuous 
Technologies International 
Limited\Documents\ERP_Test\node_modules\router\index.js:342:13)
          at C:\Users\JackyLi(CTHK)\OneDrive - Continuous Technologies 
International Limited\Documents\ERP_Test\node_modules\router\index.js:297:9
          at processParams (C:\Users\JackyLi(CTHK)\OneDrive - Continuous 
Technologies International 
Limited\Documents\ERP_Test\node_modules\router\index.js:582:12)
          ... collapsed 7 duplicate lines matching above lines ...
          at next (C:\Users\JackyLi(CTHK)\OneDrive - Continuous Technologies 
International Limited\Documents\ERP_Test\node_modules\router\index.js:291:5)
          at C:\Users\JackyLi(CTHK)\OneDrive - Continuous Technologies 
International 
Limited\Documents\ERP_Test\node_modules\express-rate-limit\dist\index.cjs:947:7
          at processTicksAndRejections 
(node:internal/process/task_queues:103:5)
          at C:\Users\JackyLi(CTHK)\OneDrive - Continuous Technologies 
International 
Limited\Documents\ERP_Test\node_modules\express-rate-limit\dist\index.cjs:830:5

    [0m [90m 59 |[39m   [90m// eslint-disable-next-line 
@typescript-eslint/no-unused-vars[39m
     [90m 60 |[39m   app[33m.[39muse((err[33m:[39m 
[33mError[39m[33m,[39m _req[33m:[39m [33mRequest[39m[33m,[39m 
res[33m:[39m [33mResponse[39m[33m,[39m _next[33m:[39m 
[33mNextFunction[39m) [33m=>[39m {
    [31m[1m>[22m[39m[90m 61 |[39m     
console[33m.[39merror(err)[33m;[39m
     [90m    |[39m             [31m[1m^[22m[39m
     [90m 62 |[39m     [36mif[39m 
(err[33m.[39mmessage[33m.[39mincludes([32m"Unauthorized"[39m)) {
     [90m 63 |[39m       
res[33m.[39mstatus([35m401[39m)[33m.[39mjson({ message[33m:[39m 
err[33m.[39mmessage })[33m;[39m
     [90m 64 |[39m     } [36melse[39m [36mif[39m 
(err[33m.[39mmessage[33m.[39mincludes([32m"Forbidden"[39m)) {[0m

      at C:\Users\JackyLi(CTHK)../../../../../../OneDrive - Continuous 
Technologies International Limited/Documents/ERP_Test/server/src/app.ts:61:13
      at Layer.handleError (C:\Users\JackyLi(CTHK)../../../../../../OneDrive - 
Continuous Technologies International 
Limited/Documents/ERP_Test/node_modules/router/lib/layer.js:116:17)
      at trimPrefix (C:\Users\JackyLi(CTHK)../../../../../../OneDrive - 
Continuous Technologies International 
Limited/Documents/ERP_Test/node_modules/router/index.js:340:13)
      at C:\Users\JackyLi(CTHK)../../../../../../OneDrive - Continuous 
Technologies International 
Limited/Documents/ERP_Test/node_modules/router/index.js:297:9
      at processParams (C:\Users\JackyLi(CTHK)../../../../../../OneDrive - 
Continuous Technologies International 
Limited/Documents/ERP_Test/node_modules/router/index.js:582:12)
      at next (C:\Users\JackyLi(CTHK)../../../../../../OneDrive - Continuous 
Technologies International 
Limited/Documents/ERP_Test/node_modules/router/index.js:291:5)
      at Layer.handleError (C:\Users\JackyLi(CTHK)../../../../../../OneDrive - 
Continuous Technologies International 
Limited/Documents/ERP_Test/node_modules/router/lib/layer.js:111:12)
      at trimPrefix (C:\Users\JackyLi(CTHK)../../../../../../OneDrive - 
Continuous Technologies International 
Limited/Documents/ERP_Test/node_modules/router/index.js:340:13)
      at C:\Users\JackyLi(CTHK)../../../../../../OneDrive - Continuous 
Technologies International 
Limited/Documents/ERP_Test/node_modules/router/index.js:297:9
      at processParams (C:\Users\JackyLi(CTHK)../../../../../../OneDrive - 
Continuous Technologies International 
Limited/Documents/ERP_Test/node_modules/router/index.js:582:12)
      at next (C:\Users\JackyLi(CTHK)../../../../../../OneDrive - Continuous 
Technologies International 
Limited/Documents/ERP_Test/node_modules/router/index.js:291:5)
      at C:\Users\JackyLi(CTHK)../../../../../../OneDrive - Continuous 
Technologies International 
Limited/Documents/ERP_Test/node_modules/router/index.js:688:15
      at next (C:\Users\JackyLi(CTHK)../../../../../../OneDrive - Continuous 
Technologies International 
Limited/Documents/ERP_Test/node_modules/router/index.js:276:14)
      at Layer.handleError (C:\Users\JackyLi(CTHK)../../../../../../OneDrive - 
Continuous Technologies International 
Limited/Documents/ERP_Test/node_modules/router/lib/layer.js:111:12)
      at trimPrefix (C:\Users\JackyLi(CTHK)../../../../../../OneDrive - 
Continuous Technologies International 
Limited/Documents/ERP_Test/node_modules/router/index.js:340:13)
      at C:\Users\JackyLi(CTHK)../../../../../../OneDrive - Continuous 
Technologies International 
Limited/Documents/ERP_Test/node_modules/router/index.js:297:9
      at processParams (C:\Users\JackyLi(CTHK)../../../../../../OneDrive - 
Continuous Technologies International 
Limited/Documents/ERP_Test/node_modules/router/index.js:582:12)
      at Immediate.next (C:\Users\JackyLi(CTHK)../../../../../../OneDrive - 
Continuous Technologies International 
Limited/Documents/ERP_Test/node_modules/router/index.js:291:5)
      at Immediate._onImmediate 
(C:\Users\JackyLi(CTHK)../../../../../../OneDrive - Continuous Technologies 
International Limited/Documents/ERP_Test/node_modules/router/index.js:688:15)

    console.error
      Error: Forbidden: User role 'MANAGER' does not have permission for this 
resource
          at C:\Users\JackyLi(CTHK)\OneDrive - Continuous Technologies 
International 
Limited\Documents\ERP_Test\server\src\middleware\requireRole.ts:17:13
          at Layer.handleRequest (C:\Users\JackyLi(CTHK)\OneDrive - Continuous 
Technologies International 
Limited\Documents\ERP_Test\node_modules\router\lib\layer.js:152:17)
          at next (C:\Users\JackyLi(CTHK)\OneDrive - Continuous Technologies 
International 
Limited\Documents\ERP_Test\node_modules\router\lib\route.js:157:13)
          at requireAuth (C:\Users\JackyLi(CTHK)\OneDrive - Continuous 
Technologies International 
Limited\Documents\ERP_Test\server\src\middleware\requireAuth.ts:23:5)
          at Layer.handleRequest (C:\Users\JackyLi(CTHK)\OneDrive - Continuous 
Technologies International 
Limited\Documents\ERP_Test\node_modules\router\lib\layer.js:152:17)
          at next (C:\Users\JackyLi(CTHK)\OneDrive - Continuous Technologies 
International 
Limited\Documents\ERP_Test\node_modules\router\lib\route.js:157:13)
          at Route.dispatch (C:\Users\JackyLi(CTHK)\OneDrive - Continuous 
Technologies International 
Limited\Documents\ERP_Test\node_modules\router\lib\route.js:117:3)
          at handle (C:\Users\JackyLi(CTHK)\OneDrive - Continuous Technologies 
International Limited\Documents\ERP_Test\node_modules\router\index.js:435:11)
          at Layer.handleRequest (C:\Users\JackyLi(CTHK)\OneDrive - Continuous 
Technologies International 
Limited\Documents\ERP_Test\node_modules\router\lib\layer.js:152:17)
          at C:\Users\JackyLi(CTHK)\OneDrive - Continuous Technologies 
International Limited\Documents\ERP_Test\node_modules\router\index.js:295:15
          at param (C:\Users\JackyLi(CTHK)\OneDrive - Continuous Technologies 
International Limited\Documents\ERP_Test\node_modules\router\index.js:600:14)
          at param (C:\Users\JackyLi(CTHK)\OneDrive - Continuous Technologies 
International Limited\Documents\ERP_Test\node_modules\router\index.js:610:14)
          at processParams (C:\Users\JackyLi(CTHK)\OneDrive - Continuous 
Technologies International 
Limited\Documents\ERP_Test\node_modules\router\index.js:664:3)
          at next (C:\Users\JackyLi(CTHK)\OneDrive - Continuous Technologies 
International Limited\Documents\ERP_Test\node_modules\router\index.js:291:5)
          at router.handle (C:\Users\JackyLi(CTHK)\OneDrive - Continuous 
Technologies International 
Limited\Documents\ERP_Test\node_modules\router\index.js:186:3)
          at router (C:\Users\JackyLi(CTHK)\OneDrive - Continuous Technologies 
International Limited\Documents\ERP_Test\node_modules\router\index.js:60:12)
          at Layer.handleRequest (C:\Users\JackyLi(CTHK)\OneDrive - Continuous 
Technologies International 
Limited\Documents\ERP_Test\node_modules\router\lib\layer.js:152:17)
          at trimPrefix (C:\Users\JackyLi(CTHK)\OneDrive - Continuous 
Technologies International 
Limited\Documents\ERP_Test\node_modules\router\index.js:342:13)
          at C:\Users\JackyLi(CTHK)\OneDrive - Continuous Technologies 
International Limited\Documents\ERP_Test\node_modules\router\index.js:297:9
          at processParams (C:\Users\JackyLi(CTHK)\OneDrive - Continuous 
Technologies International 
Limited\Documents\ERP_Test\node_modules\router\index.js:582:12)
          ... collapsed 7 duplicate lines matching above lines ...
          at next (C:\Users\JackyLi(CTHK)\OneDrive - Continuous Technologies 
International Limited\Documents\ERP_Test\node_modules\router\index.js:291:5)
          at C:\Users\JackyLi(CTHK)\OneDrive - Continuous Technologies 
International 
Limited\Documents\ERP_Test\node_modules\express-rate-limit\dist\index.cjs:947:7
          at processTicksAndRejections 
(node:internal/process/task_queues:103:5)
          at C:\Users\JackyLi(CTHK)\OneDrive - Continuous Technologies 
International 
Limited\Documents\ERP_Test\node_modules\express-rate-limit\dist\index.cjs:830:5

    [0m [90m 59 |[39m   [90m// eslint-disable-next-line 
@typescript-eslint/no-unused-vars[39m
     [90m 60 |[39m   app[33m.[39muse((err[33m:[39m 
[33mError[39m[33m,[39m _req[33m:[39m [33mRequest[39m[33m,[39m 
res[33m:[39m [33mResponse[39m[33m,[39m _next[33m:[39m 
[33mNextFunction[39m) [33m=>[39m {
    [31m[1m>[22m[39m[90m 61 |[39m     
console[33m.[39merror(err)[33m;[39m
     [90m    |[39m             [31m[1m^[22m[39m
     [90m 62 |[39m     [36mif[39m 
(err[33m.[39mmessage[33m.[39mincludes([32m"Unauthorized"[39m)) {
     [90m 63 |[39m       
res[33m.[39mstatus([35m401[39m)[33m.[39mjson({ message[33m:[39m 
err[33m.[39mmessage })[33m;[39m
     [90m 64 |[39m     } [36melse[39m [36mif[39m 
(err[33m.[39mmessage[33m.[39mincludes([32m"Forbidden"[39m)) {[0m

      at C:\Users\JackyLi(CTHK)../../../../../../OneDrive - Continuous 
Technologies International Limited/Documents/ERP_Test/server/src/app.ts:61:13
      at Layer.handleError (C:\Users\JackyLi(CTHK)../../../../../../OneDrive - 
Continuous Technologies International 
Limited/Documents/ERP_Test/node_modules/router/lib/layer.js:116:17)
      at trimPrefix (C:\Users\JackyLi(CTHK)../../../../../../OneDrive - 
Continuous Technologies International 
Limited/Documents/ERP_Test/node_modules/router/index.js:340:13)
      at C:\Users\JackyLi(CTHK)../../../../../../OneDrive - Continuous 
Technologies International 
Limited/Documents/ERP_Test/node_modules/router/index.js:297:9
      at processParams (C:\Users\JackyLi(CTHK)../../../../../../OneDrive - 
Continuous Technologies International 
Limited/Documents/ERP_Test/node_modules/router/index.js:582:12)
      at next (C:\Users\JackyLi(CTHK)../../../../../../OneDrive - Continuous 
Technologies International 
Limited/Documents/ERP_Test/node_modules/router/index.js:291:5)
      at Layer.handleError (C:\Users\JackyLi(CTHK)../../../../../../OneDrive - 
Continuous Technologies International 
Limited/Documents/ERP_Test/node_modules/router/lib/layer.js:111:12)
      at trimPrefix (C:\Users\JackyLi(CTHK)../../../../../../OneDrive - 
Continuous Technologies International 
Limited/Documents/ERP_Test/node_modules/router/index.js:340:13)
      at C:\Users\JackyLi(CTHK)../../../../../../OneDrive - Continuous 
Technologies International 
Limited/Documents/ERP_Test/node_modules/router/index.js:297:9
      at processParams (C:\Users\JackyLi(CTHK)../../../../../../OneDrive - 
Continuous Technologies International 
Limited/Documents/ERP_Test/node_modules/router/index.js:582:12)
      at next (C:\Users\JackyLi(CTHK)../../../../../../OneDrive - Continuous 
Technologies International 
Limited/Documents/ERP_Test/node_modules/router/index.js:291:5)
      at C:\Users\JackyLi(CTHK)../../../../../../OneDrive - Continuous 
Technologies International 
Limited/Documents/ERP_Test/node_modules/router/index.js:688:15
      at next (C:\Users\JackyLi(CTHK)../../../../../../OneDrive - Continuous 
Technologies International 
Limited/Documents/ERP_Test/node_modules/router/index.js:276:14)
      at Layer.handleError (C:\Users\JackyLi(CTHK)../../../../../../OneDrive - 
Continuous Technologies International 
Limited/Documents/ERP_Test/node_modules/router/lib/layer.js:111:12)
      at trimPrefix (C:\Users\JackyLi(CTHK)../../../../../../OneDrive - 
Continuous Technologies International 
Limited/Documents/ERP_Test/node_modules/router/index.js:340:13)
      at C:\Users\JackyLi(CTHK)../../../../../../OneDrive - Continuous 
Technologies International 
Limited/Documents/ERP_Test/node_modules/router/index.js:297:9
      at processParams (C:\Users\JackyLi(CTHK)../../../../../../OneDrive - 
Continuous Technologies International 
Limited/Documents/ERP_Test/node_modules/router/index.js:582:12)
      at Immediate.next (C:\Users\JackyLi(CTHK)../../../../../../OneDrive - 
Continuous Technologies International 
Limited/Documents/ERP_Test/node_modules/router/index.js:291:5)
      at Immediate._onImmediate 
(C:\Users\JackyLi(CTHK)../../../../../../OneDrive - Continuous Technologies 
International Limited/Documents/ERP_Test/node_modules/router/index.js:688:15)

PASS src/__tests__/adminLeaveRequests.route.test.ts
  ΓùÅ Console

    console.log
      [dotenv@17.3.1] injecting env (10) from ..\.env -- tip: ≡ƒöÉ prevent 
building .env in docker: https://dotenvx.com/prebuild

      at _log (C:\Users\JackyLi(CTHK)../../../../../../OneDrive - Continuous 
Technologies International 
Limited/Documents/ERP_Test/node_modules/dotenv/lib/main.js:139:11)

    console.error
      Error: Unauthorized: Missing or invalid Authorization header
          at requireAuth (C:\Users\JackyLi(CTHK)\OneDrive - Continuous 
Technologies International 
Limited\Documents\ERP_Test\server\src\middleware\requireAuth.ts:12:11)
          at Layer.handleRequest (C:\Users\JackyLi(CTHK)\OneDrive - Continuous 
Technologies International 
Limited\Documents\ERP_Test\node_modules\router\lib\layer.js:152:17)
          at next (C:\Users\JackyLi(CTHK)\OneDrive - Continuous Technologies 
International 
Limited\Documents\ERP_Test\node_modules\router\lib\route.js:157:13)
          at Route.dispatch (C:\Users\JackyLi(CTHK)\OneDrive - Continuous 
Technologies International 
Limited\Documents\ERP_Test\node_modules\router\lib\route.js:117:3)
          at handle (C:\Users\JackyLi(CTHK)\OneDrive - Continuous Technologies 
International Limited\Documents\ERP_Test\node_modules\router\index.js:435:11)
          at Layer.handleRequest (C:\Users\JackyLi(CTHK)\OneDrive - Continuous 
Technologies International 
Limited\Documents\ERP_Test\node_modules\router\lib\layer.js:152:17)
          at C:\Users\JackyLi(CTHK)\OneDrive - Continuous Technologies 
International Limited\Documents\ERP_Test\node_modules\router\index.js:295:15
          at processParams (C:\Users\JackyLi(CTHK)\OneDrive - Continuous 
Technologies International 
Limited\Documents\ERP_Test\node_modules\router\index.js:582:12)
          at next (C:\Users\JackyLi(CTHK)\OneDrive - Continuous Technologies 
International Limited\Documents\ERP_Test\node_modules\router\index.js:291:5)
          at router.handle (C:\Users\JackyLi(CTHK)\OneDrive - Continuous 
Technologies International 
Limited\Documents\ERP_Test\node_modules\router\index.js:186:3)
          at router (C:\Users\JackyLi(CTHK)\OneDrive - Continuous Technologies 
International Limited\Documents\ERP_Test\node_modules\router\index.js:60:12)
          at Layer.handleRequest (C:\Users\JackyLi(CTHK)\OneDrive - Continuous 
Technologies International 
Limited\Documents\ERP_Test\node_modules\router\lib\layer.js:152:17)
          at trimPrefix (C:\Users\JackyLi(CTHK)\OneDrive - Continuous 
Technologies International 
Limited\Documents\ERP_Test\node_modules\router\index.js:342:13)
          at C:\Users\JackyLi(CTHK)\OneDrive - Continuous Technologies 
International Limited\Documents\ERP_Test\node_modules\router\index.js:297:9
          at processParams (C:\Users\JackyLi(CTHK)\OneDrive - Continuous 
Technologies International 
Limited\Documents\ERP_Test\node_modules\router\index.js:582:12)
          at next (C:\Users\JackyLi(CTHK)\OneDrive - Continuous Technologies 
International Limited\Documents\ERP_Test\node_modules\router\index.js:291:5)
          at C:\Users\JackyLi(CTHK)\OneDrive - Continuous Technologies 
International Limited\Documents\ERP_Test\node_modules\router\index.js:688:15
          at next (C:\Users\JackyLi(CTHK)\OneDrive - Continuous Technologies 
International Limited\Documents\ERP_Test\node_modules\router\index.js:276:14)
          at router.handle (C:\Users\JackyLi(CTHK)\OneDrive - Continuous 
Technologies International 
Limited\Documents\ERP_Test\node_modules\router\index.js:186:3)
          at router (C:\Users\JackyLi(CTHK)\OneDrive - Continuous Technologies 
International Limited\Documents\ERP_Test\node_modules\router\index.js:60:12)
          at Layer.handleRequest (C:\Users\JackyLi(CTHK)\OneDrive - Continuous 
Technologies International 
Limited\Documents\ERP_Test\node_modules\router\lib\layer.js:152:17)
          at trimPrefix (C:\Users\JackyLi(CTHK)\OneDrive - Continuous 
Technologies International 
Limited\Documents\ERP_Test\node_modules\router\index.js:342:13)
          at C:\Users\JackyLi(CTHK)\OneDrive - Continuous Technologies 
International Limited\Documents\ERP_Test\node_modules\router\index.js:297:9
          at processParams (C:\Users\JackyLi(CTHK)\OneDrive - Continuous 
Technologies International 
Limited\Documents\ERP_Test\node_modules\router\index.js:582:12)
          at next (C:\Users\JackyLi(CTHK)\OneDrive - Continuous Technologies 
International Limited\Documents\ERP_Test\node_modules\router\index.js:291:5)
          ... collapsed 7 duplicate lines matching above lines ...
          at C:\Users\JackyLi(CTHK)\OneDrive - Continuous Technologies 
International 
Limited\Documents\ERP_Test\node_modules\express-rate-limit\dist\index.cjs:947:7
          at processTicksAndRejections 
(node:internal/process/task_queues:103:5)
          at C:\Users\JackyLi(CTHK)\OneDrive - Continuous Technologies 
International 
Limited\Documents\ERP_Test\node_modules\express-rate-limit\dist\index.cjs:830:5

    [0m [90m 59 |[39m   [90m// eslint-disable-next-line 
@typescript-eslint/no-unused-vars[39m
     [90m 60 |[39m   app[33m.[39muse((err[33m:[39m 
[33mError[39m[33m,[39m _req[33m:[39m [33mRequest[39m[33m,[39m 
res[33m:[39m [33mResponse[39m[33m,[39m _next[33m:[39m 
[33mNextFunction[39m) [33m=>[39m {
    [31m[1m>[22m[39m[90m 61 |[39m     
console[33m.[39merror(err)[33m;[39m
     [90m    |[39m             [31m[1m^[22m[39m
     [90m 62 |[39m     [36mif[39m 
(err[33m.[39mmessage[33m.[39mincludes([32m"Unauthorized"[39m)) {
     [90m 63 |[39m       
res[33m.[39mstatus([35m401[39m)[33m.[39mjson({ message[33m:[39m 
err[33m.[39mmessage })[33m;[39m
     [90m 64 |[39m     } [36melse[39m [36mif[39m 
(err[33m.[39mmessage[33m.[39mincludes([32m"Forbidden"[39m)) {[0m

      at C:\Users\JackyLi(CTHK)../../../../../../OneDrive - Continuous 
Technologies International Limited/Documents/ERP_Test/server/src/app.ts:61:13
      at Layer.handleError (C:\Users\JackyLi(CTHK)../../../../../../OneDrive - 
Continuous Technologies International 
Limited/Documents/ERP_Test/node_modules/router/lib/layer.js:116:17)
      at trimPrefix (C:\Users\JackyLi(CTHK)../../../../../../OneDrive - 
Continuous Technologies International 
Limited/Documents/ERP_Test/node_modules/router/index.js:340:13)
      at C:\Users\JackyLi(CTHK)../../../../../../OneDrive - Continuous 
Technologies International 
Limited/Documents/ERP_Test/node_modules/router/index.js:297:9
      at processParams (C:\Users\JackyLi(CTHK)../../../../../../OneDrive - 
Continuous Technologies International 
Limited/Documents/ERP_Test/node_modules/router/index.js:582:12)
      at next (C:\Users\JackyLi(CTHK)../../../../../../OneDrive - Continuous 
Technologies International 
Limited/Documents/ERP_Test/node_modules/router/index.js:291:5)
      at Layer.handleError (C:\Users\JackyLi(CTHK)../../../../../../OneDrive - 
Continuous Technologies International 
Limited/Documents/ERP_Test/node_modules/router/lib/layer.js:111:12)
      at trimPrefix (C:\Users\JackyLi(CTHK)../../../../../../OneDrive - 
Continuous Technologies International 
Limited/Documents/ERP_Test/node_modules/router/index.js:340:13)
      at C:\Users\JackyLi(CTHK)../../../../../../OneDrive - Continuous 
Technologies International 
Limited/Documents/ERP_Test/node_modules/router/index.js:297:9
      at processParams (C:\Users\JackyLi(CTHK)../../../../../../OneDrive - 
Continuous Technologies International 
Limited/Documents/ERP_Test/node_modules/router/index.js:582:12)
      at next (C:\Users\JackyLi(CTHK)../../../../../../OneDrive - Continuous 
Technologies International 
Limited/Documents/ERP_Test/node_modules/router/index.js:291:5)
      at C:\Users\JackyLi(CTHK)../../../../../../OneDrive - Continuous 
Technologies International 
Limited/Documents/ERP_Test/node_modules/router/index.js:688:15
      at Immediate.next (C:\Users\JackyLi(CTHK)../../../../../../OneDrive - 
Continuous Technologies International 
Limited/Documents/ERP_Test/node_modules/router/index.js:276:14)
      at Immediate._onImmediate 
(C:\Users\JackyLi(CTHK)../../../../../../OneDrive - Continuous Technologies 
International Limited/Documents/ERP_Test/node_modules/router/index.js:688:15)

    console.error
      Error: Forbidden: User role 'MANAGER' does not have permission for this 
resource
          at C:\Users\JackyLi(CTHK)\OneDrive - Continuous Technologies 
International 
Limited\Documents\ERP_Test\server\src\middleware\requireRole.ts:17:13
          at Layer.handleRequest (C:\Users\JackyLi(CTHK)\OneDrive - Continuous 
Technologies International 
Limited\Documents\ERP_Test\node_modules\router\lib\layer.js:152:17)
          at next (C:\Users\JackyLi(CTHK)\OneDrive - Continuous Technologies 
International 
Limited\Documents\ERP_Test\node_modules\router\lib\route.js:157:13)
          at requireAuth (C:\Users\JackyLi(CTHK)\OneDrive - Continuous 
Technologies International 
Limited\Documents\ERP_Test\server\src\middleware\requireAuth.ts:23:5)
          at Layer.handleRequest (C:\Users\JackyLi(CTHK)\OneDrive - Continuous 
Technologies International 
Limited\Documents\ERP_Test\node_modules\router\lib\layer.js:152:17)
          at next (C:\Users\JackyLi(CTHK)\OneDrive - Continuous Technologies 
International 
Limited\Documents\ERP_Test\node_modules\router\lib\route.js:157:13)
          at Route.dispatch (C:\Users\JackyLi(CTHK)\OneDrive - Continuous 
Technologies International 
Limited\Documents\ERP_Test\node_modules\router\lib\route.js:117:3)
          at handle (C:\Users\JackyLi(CTHK)\OneDrive - Continuous Technologies 
International Limited\Documents\ERP_Test\node_modules\router\index.js:435:11)
          at Layer.handleRequest (C:\Users\JackyLi(CTHK)\OneDrive - Continuous 
Technologies International 
Limited\Documents\ERP_Test\node_modules\router\lib\layer.js:152:17)
          at C:\Users\JackyLi(CTHK)\OneDrive - Continuous Technologies 
International Limited\Documents\ERP_Test\node_modules\router\index.js:295:15
          at processParams (C:\Users\JackyLi(CTHK)\OneDrive - Continuous 
Technologies International 
Limited\Documents\ERP_Test\node_modules\router\index.js:582:12)
          at next (C:\Users\JackyLi(CTHK)\OneDrive - Continuous Technologies 
International Limited\Documents\ERP_Test\node_modules\router\index.js:291:5)
          at router.handle (C:\Users\JackyLi(CTHK)\OneDrive - Continuous 
Technologies International 
Limited\Documents\ERP_Test\node_modules\router\index.js:186:3)
          at router (C:\Users\JackyLi(CTHK)\OneDrive - Continuous Technologies 
International Limited\Documents\ERP_Test\node_modules\router\index.js:60:12)
          at Layer.handleRequest (C:\Users\JackyLi(CTHK)\OneDrive - Continuous 
Technologies International 
Limited\Documents\ERP_Test\node_modules\router\lib\layer.js:152:17)
          at trimPrefix (C:\Users\JackyLi(CTHK)\OneDrive - Continuous 
Technologies International 
Limited\Documents\ERP_Test\node_modules\router\index.js:342:13)
          at C:\Users\JackyLi(CTHK)\OneDrive - Continuous Technologies 
International Limited\Documents\ERP_Test\node_modules\router\index.js:297:9
          at processParams (C:\Users\JackyLi(CTHK)\OneDrive - Continuous 
Technologies International 
Limited\Documents\ERP_Test\node_modules\router\index.js:582:12)
          at next (C:\Users\JackyLi(CTHK)\OneDrive - Continuous Technologies 
International Limited\Documents\ERP_Test\node_modules\router\index.js:291:5)
          at C:\Users\JackyLi(CTHK)\OneDrive - Continuous Technologies 
International Limited\Documents\ERP_Test\node_modules\router\index.js:688:15
          at next (C:\Users\JackyLi(CTHK)\OneDrive - Continuous Technologies 
International Limited\Documents\ERP_Test\node_modules\router\index.js:276:14)
          at router.handle (C:\Users\JackyLi(CTHK)\OneDrive - Continuous 
Technologies International 
Limited\Documents\ERP_Test\node_modules\router\index.js:186:3)
          at router (C:\Users\JackyLi(CTHK)\OneDrive - Continuous Technologies 
International Limited\Documents\ERP_Test\node_modules\router\index.js:60:12)
          at Layer.handleRequest (C:\Users\JackyLi(CTHK)\OneDrive - Continuous 
Technologies International 
Limited\Documents\ERP_Test\node_modules\router\lib\layer.js:152:17)
          at trimPrefix (C:\Users\JackyLi(CTHK)\OneDrive - Continuous 
Technologies International 
Limited\Documents\ERP_Test\node_modules\router\index.js:342:13)
          at C:\Users\JackyLi(CTHK)\OneDrive - Continuous Technologies 
International Limited\Documents\ERP_Test\node_modules\router\index.js:297:9
          at processParams (C:\Users\JackyLi(CTHK)\OneDrive - Continuous 
Technologies International 
Limited\Documents\ERP_Test\node_modules\router\index.js:582:12)
          at next (C:\Users\JackyLi(CTHK)\OneDrive - Continuous Technologies 
International Limited\Documents\ERP_Test\node_modules\router\index.js:291:5)
          ... collapsed 7 duplicate lines matching above lines ...
          at C:\Users\JackyLi(CTHK)\OneDrive - Continuous Technologies 
International 
Limited\Documents\ERP_Test\node_modules\express-rate-limit\dist\index.cjs:947:7
          at processTicksAndRejections 
(node:internal/process/task_queues:103:5)
          at C:\Users\JackyLi(CTHK)\OneDrive - Continuous Technologies 
International 
Limited\Documents\ERP_Test\node_modules\express-rate-limit\dist\index.cjs:830:5

    [0m [90m 59 |[39m   [90m// eslint-disable-next-line 
@typescript-eslint/no-unused-vars[39m
     [90m 60 |[39m   app[33m.[39muse((err[33m:[39m 
[33mError[39m[33m,[39m _req[33m:[39m [33mRequest[39m[33m,[39m 
res[33m:[39m [33mResponse[39m[33m,[39m _next[33m:[39m 
[33mNextFunction[39m) [33m=>[39m {
    [31m[1m>[22m[39m[90m 61 |[39m     
console[33m.[39merror(err)[33m;[39m
     [90m    |[39m             [31m[1m^[22m[39m
     [90m 62 |[39m     [36mif[39m 
(err[33m.[39mmessage[33m.[39mincludes([32m"Unauthorized"[39m)) {
     [90m 63 |[39m       
res[33m.[39mstatus([35m401[39m)[33m.[39mjson({ message[33m:[39m 
err[33m.[39mmessage })[33m;[39m
     [90m 64 |[39m     } [36melse[39m [36mif[39m 
(err[33m.[39mmessage[33m.[39mincludes([32m"Forbidden"[39m)) {[0m

      at C:\Users\JackyLi(CTHK)../../../../../../OneDrive - Continuous 
Technologies International Limited/Documents/ERP_Test/server/src/app.ts:61:13
      at Layer.handleError (C:\Users\JackyLi(CTHK)../../../../../../OneDrive - 
Continuous Technologies International 
Limited/Documents/ERP_Test/node_modules/router/lib/layer.js:116:17)
      at trimPrefix (C:\Users\JackyLi(CTHK)../../../../../../OneDrive - 
Continuous Technologies International 
Limited/Documents/ERP_Test/node_modules/router/index.js:340:13)
      at C:\Users\JackyLi(CTHK)../../../../../../OneDrive - Continuous 
Technologies International 
Limited/Documents/ERP_Test/node_modules/router/index.js:297:9
      at processParams (C:\Users\JackyLi(CTHK)../../../../../../OneDrive - 
Continuous Technologies International 
Limited/Documents/ERP_Test/node_modules/router/index.js:582:12)
      at next (C:\Users\JackyLi(CTHK)../../../../../../OneDrive - Continuous 
Technologies International 
Limited/Documents/ERP_Test/node_modules/router/index.js:291:5)
      at Layer.handleError (C:\Users\JackyLi(CTHK)../../../../../../OneDrive - 
Continuous Technologies International 
Limited/Documents/ERP_Test/node_modules/router/lib/layer.js:111:12)
      at trimPrefix (C:\Users\JackyLi(CTHK)../../../../../../OneDrive - 
Continuous Technologies International 
Limited/Documents/ERP_Test/node_modules/router/index.js:340:13)
      at C:\Users\JackyLi(CTHK)../../../../../../OneDrive - Continuous 
Technologies International 
Limited/Documents/ERP_Test/node_modules/router/index.js:297:9
      at processParams (C:\Users\JackyLi(CTHK)../../../../../../OneDrive - 
Continuous Technologies International 
Limited/Documents/ERP_Test/node_modules/router/index.js:582:12)
      at next (C:\Users\JackyLi(CTHK)../../../../../../OneDrive - Continuous 
Technologies International 
Limited/Documents/ERP_Test/node_modules/router/index.js:291:5)
      at C:\Users\JackyLi(CTHK)../../../../../../OneDrive - Continuous 
Technologies International 
Limited/Documents/ERP_Test/node_modules/router/index.js:688:15
      at Immediate.next (C:\Users\JackyLi(CTHK)../../../../../../OneDrive - 
Continuous Technologies International 
Limited/Documents/ERP_Test/node_modules/router/index.js:276:14)
      at Immediate._onImmediate 
(C:\Users\JackyLi(CTHK)../../../../../../OneDrive - Continuous Technologies 
International Limited/Documents/ERP_Test/node_modules/router/index.js:688:15)

    console.error
      Error: Forbidden: User role 'EMPLOYEE' does not have permission for this 
resource
          at C:\Users\JackyLi(CTHK)\OneDrive - Continuous Technologies 
International 
Limited\Documents\ERP_Test\server\src\middleware\requireRole.ts:17:13
          at Layer.handleRequest (C:\Users\JackyLi(CTHK)\OneDrive - Continuous 
Technologies International 
Limited\Documents\ERP_Test\node_modules\router\lib\layer.js:152:17)
          at next (C:\Users\JackyLi(CTHK)\OneDrive - Continuous Technologies 
International 
Limited\Documents\ERP_Test\node_modules\router\lib\route.js:157:13)
          at requireAuth (C:\Users\JackyLi(CTHK)\OneDrive - Continuous 
Technologies International 
Limited\Documents\ERP_Test\server\src\middleware\requireAuth.ts:23:5)
          at Layer.handleRequest (C:\Users\JackyLi(CTHK)\OneDrive - Continuous 
Technologies International 
Limited\Documents\ERP_Test\node_modules\router\lib\layer.js:152:17)
          at next (C:\Users\JackyLi(CTHK)\OneDrive - Continuous Technologies 
International 
Limited\Documents\ERP_Test\node_modules\router\lib\route.js:157:13)
          at Route.dispatch (C:\Users\JackyLi(CTHK)\OneDrive - Continuous 
Technologies International 
Limited\Documents\ERP_Test\node_modules\router\lib\route.js:117:3)
          at handle (C:\Users\JackyLi(CTHK)\OneDrive - Continuous Technologies 
International Limited\Documents\ERP_Test\node_modules\router\index.js:435:11)
          at Layer.handleRequest (C:\Users\JackyLi(CTHK)\OneDrive - Continuous 
Technologies International 
Limited\Documents\ERP_Test\node_modules\router\lib\layer.js:152:17)
          at C:\Users\JackyLi(CTHK)\OneDrive - Continuous Technologies 
International Limited\Documents\ERP_Test\node_modules\router\index.js:295:15
          at processParams (C:\Users\JackyLi(CTHK)\OneDrive - Continuous 
Technologies International 
Limited\Documents\ERP_Test\node_modules\router\index.js:582:12)
          at next (C:\Users\JackyLi(CTHK)\OneDrive - Continuous Technologies 
International Limited\Documents\ERP_Test\node_modules\router\index.js:291:5)
          at router.handle (C:\Users\JackyLi(CTHK)\OneDrive - Continuous 
Technologies International 
Limited\Documents\ERP_Test\node_modules\router\index.js:186:3)
          at router (C:\Users\JackyLi(CTHK)\OneDrive - Continuous Technologies 
International Limited\Documents\ERP_Test\node_modules\router\index.js:60:12)
          at Layer.handleRequest (C:\Users\JackyLi(CTHK)\OneDrive - Continuous 
Technologies International 
Limited\Documents\ERP_Test\node_modules\router\lib\layer.js:152:17)
          at trimPrefix (C:\Users\JackyLi(CTHK)\OneDrive - Continuous 
Technologies International 
Limited\Documents\ERP_Test\node_modules\router\index.js:342:13)
          at C:\Users\JackyLi(CTHK)\OneDrive - Continuous Technologies 
International Limited\Documents\ERP_Test\node_modules\router\index.js:297:9
          at processParams (C:\Users\JackyLi(CTHK)\OneDrive - Continuous 
Technologies International 
Limited\Documents\ERP_Test\node_modules\router\index.js:582:12)
          at next (C:\Users\JackyLi(CTHK)\OneDrive - Continuous Technologies 
International Limited\Documents\ERP_Test\node_modules\router\index.js:291:5)
          at C:\Users\JackyLi(CTHK)\OneDrive - Continuous Technologies 
International Limited\Documents\ERP_Test\node_modules\router\index.js:688:15
          at next (C:\Users\JackyLi(CTHK)\OneDrive - Continuous Technologies 
International Limited\Documents\ERP_Test\node_modules\router\index.js:276:14)
          at router.handle (C:\Users\JackyLi(CTHK)\OneDrive - Continuous 
Technologies International 
Limited\Documents\ERP_Test\node_modules\router\index.js:186:3)
          at router (C:\Users\JackyLi(CTHK)\OneDrive - Continuous Technologies 
International Limited\Documents\ERP_Test\node_modules\router\index.js:60:12)
          at Layer.handleRequest (C:\Users\JackyLi(CTHK)\OneDrive - Continuous 
Technologies International 
Limited\Documents\ERP_Test\node_modules\router\lib\layer.js:152:17)
          at trimPrefix (C:\Users\JackyLi(CTHK)\OneDrive - Continuous 
Technologies International 
Limited\Documents\ERP_Test\node_modules\router\index.js:342:13)
          at C:\Users\JackyLi(CTHK)\OneDrive - Continuous Technologies 
International Limited\Documents\ERP_Test\node_modules\router\index.js:297:9
          at processParams (C:\Users\JackyLi(CTHK)\OneDrive - Continuous 
Technologies International 
Limited\Documents\ERP_Test\node_modules\router\index.js:582:12)
          at next (C:\Users\JackyLi(CTHK)\OneDrive - Continuous Technologies 
International Limited\Documents\ERP_Test\node_modules\router\index.js:291:5)
          ... collapsed 7 duplicate lines matching above lines ...
          at C:\Users\JackyLi(CTHK)\OneDrive - Continuous Technologies 
International 
Limited\Documents\ERP_Test\node_modules\express-rate-limit\dist\index.cjs:947:7
          at processTicksAndRejections 
(node:internal/process/task_queues:103:5)
          at C:\Users\JackyLi(CTHK)\OneDrive - Continuous Technologies 
International 
Limited\Documents\ERP_Test\node_modules\express-rate-limit\dist\index.cjs:830:5

    [0m [90m 59 |[39m   [90m// eslint-disable-next-line 
@typescript-eslint/no-unused-vars[39m
     [90m 60 |[39m   app[33m.[39muse((err[33m:[39m 
[33mError[39m[33m,[39m _req[33m:[39m [33mRequest[39m[33m,[39m 
res[33m:[39m [33mResponse[39m[33m,[39m _next[33m:[39m 
[33mNextFunction[39m) [33m=>[39m {
    [31m[1m>[22m[39m[90m 61 |[39m     
console[33m.[39merror(err)[33m;[39m
     [90m    |[39m             [31m[1m^[22m[39m
     [90m 62 |[39m     [36mif[39m 
(err[33m.[39mmessage[33m.[39mincludes([32m"Unauthorized"[39m)) {
     [90m 63 |[39m       
res[33m.[39mstatus([35m401[39m)[33m.[39mjson({ message[33m:[39m 
err[33m.[39mmessage })[33m;[39m
     [90m 64 |[39m     } [36melse[39m [36mif[39m 
(err[33m.[39mmessage[33m.[39mincludes([32m"Forbidden"[39m)) {[0m

      at C:\Users\JackyLi(CTHK)../../../../../../OneDrive - Continuous 
Technologies International Limited/Documents/ERP_Test/server/src/app.ts:61:13
      at Layer.handleError (C:\Users\JackyLi(CTHK)../../../../../../OneDrive - 
Continuous Technologies International 
Limited/Documents/ERP_Test/node_modules/router/lib/layer.js:116:17)
      at trimPrefix (C:\Users\JackyLi(CTHK)../../../../../../OneDrive - 
Continuous Technologies International 
Limited/Documents/ERP_Test/node_modules/router/index.js:340:13)
      at C:\Users\JackyLi(CTHK)../../../../../../OneDrive - Continuous 
Technologies International 
Limited/Documents/ERP_Test/node_modules/router/index.js:297:9
      at processParams (C:\Users\JackyLi(CTHK)../../../../../../OneDrive - 
Continuous Technologies International 
Limited/Documents/ERP_Test/node_modules/router/index.js:582:12)
      at next (C:\Users\JackyLi(CTHK)../../../../../../OneDrive - Continuous 
Technologies International 
Limited/Documents/ERP_Test/node_modules/router/index.js:291:5)
      at Layer.handleError (C:\Users\JackyLi(CTHK)../../../../../../OneDrive - 
Continuous Technologies International 
Limited/Documents/ERP_Test/node_modules/router/lib/layer.js:111:12)
      at trimPrefix (C:\Users\JackyLi(CTHK)../../../../../../OneDrive - 
Continuous Technologies International 
Limited/Documents/ERP_Test/node_modules/router/index.js:340:13)
      at C:\Users\JackyLi(CTHK)../../../../../../OneDrive - Continuous 
Technologies International 
Limited/Documents/ERP_Test/node_modules/router/index.js:297:9
      at processParams (C:\Users\JackyLi(CTHK)../../../../../../OneDrive - 
Continuous Technologies International 
Limited/Documents/ERP_Test/node_modules/router/index.js:582:12)
      at next (C:\Users\JackyLi(CTHK)../../../../../../OneDrive - Continuous 
Technologies International 
Limited/Documents/ERP_Test/node_modules/router/index.js:291:5)
      at C:\Users\JackyLi(CTHK)../../../../../../OneDrive - Continuous 
Technologies International 
Limited/Documents/ERP_Test/node_modules/router/index.js:688:15
      at Immediate.next (C:\Users\JackyLi(CTHK)../../../../../../OneDrive - 
Continuous Technologies International 
Limited/Documents/ERP_Test/node_modules/router/index.js:276:14)
      at Immediate._onImmediate 
(C:\Users\JackyLi(CTHK)../../../../../../OneDrive - Continuous Technologies 
International Limited/Documents/ERP_Test/node_modules/router/index.js:688:15)

PASS src/__tests__/leaveRequest.cancel.test.ts
  ΓùÅ Console

    console.log
      [dotenv@17.3.1] injecting env (10) from ..\.env -- tip: ΓÜÖ∩╕Å  write to 
custom object with { processEnv: myObject }

      at _log (C:\Users\JackyLi(CTHK)../../../../../../OneDrive - Continuous 
Technologies International 
Limited/Documents/ERP_Test/node_modules/dotenv/lib/main.js:139:11)

    console.error
      Error: Unauthorized: Missing or invalid Authorization header
          at requireAuth (C:\Users\JackyLi(CTHK)\OneDrive - Continuous 
Technologies International 
Limited\Documents\ERP_Test\server\src\middleware\requireAuth.ts:12:11)
          at Layer.handleRequest (C:\Users\JackyLi(CTHK)\OneDrive - Continuous 
Technologies International 
Limited\Documents\ERP_Test\node_modules\router\lib\layer.js:152:17)
          at next (C:\Users\JackyLi(CTHK)\OneDrive - Continuous Technologies 
International 
Limited\Documents\ERP_Test\node_modules\router\lib\route.js:157:13)
          at Route.dispatch (C:\Users\JackyLi(CTHK)\OneDrive - Continuous 
Technologies International 
Limited\Documents\ERP_Test\node_modules\router\lib\route.js:117:3)
          at handle (C:\Users\JackyLi(CTHK)\OneDrive - Continuous Technologies 
International Limited\Documents\ERP_Test\node_modules\router\index.js:435:11)
          at Layer.handleRequest (C:\Users\JackyLi(CTHK)\OneDrive - Continuous 
Technologies International 
Limited\Documents\ERP_Test\node_modules\router\lib\layer.js:152:17)
          at C:\Users\JackyLi(CTHK)\OneDrive - Continuous Technologies 
International Limited\Documents\ERP_Test\node_modules\router\index.js:295:15
          at param (C:\Users\JackyLi(CTHK)\OneDrive - Continuous Technologies 
International Limited\Documents\ERP_Test\node_modules\router\index.js:600:14)
          at param (C:\Users\JackyLi(CTHK)\OneDrive - Continuous Technologies 
International Limited\Documents\ERP_Test\node_modules\router\index.js:610:14)
          at processParams (C:\Users\JackyLi(CTHK)\OneDrive - Continuous 
Technologies International 
Limited\Documents\ERP_Test\node_modules\router\index.js:664:3)
          at next (C:\Users\JackyLi(CTHK)\OneDrive - Continuous Technologies 
International Limited\Documents\ERP_Test\node_modules\router\index.js:291:5)
          at router.handle (C:\Users\JackyLi(CTHK)\OneDrive - Continuous 
Technologies International 
Limited\Documents\ERP_Test\node_modules\router\index.js:186:3)
          at router (C:\Users\JackyLi(CTHK)\OneDrive - Continuous Technologies 
International Limited\Documents\ERP_Test\node_modules\router\index.js:60:12)
          at Layer.handleRequest (C:\Users\JackyLi(CTHK)\OneDrive - Continuous 
Technologies International 
Limited\Documents\ERP_Test\node_modules\router\lib\layer.js:152:17)
          at trimPrefix (C:\Users\JackyLi(CTHK)\OneDrive - Continuous 
Technologies International 
Limited\Documents\ERP_Test\node_modules\router\index.js:342:13)
          at C:\Users\JackyLi(CTHK)\OneDrive - Continuous Technologies 
International Limited\Documents\ERP_Test\node_modules\router\index.js:297:9
          at processParams (C:\Users\JackyLi(CTHK)\OneDrive - Continuous 
Technologies International 
Limited\Documents\ERP_Test\node_modules\router\index.js:582:12)
          at next (C:\Users\JackyLi(CTHK)\OneDrive - Continuous Technologies 
International Limited\Documents\ERP_Test\node_modules\router\index.js:291:5)
          at C:\Users\JackyLi(CTHK)\OneDrive - Continuous Technologies 
International Limited\Documents\ERP_Test\node_modules\router\index.js:688:15
          at next (C:\Users\JackyLi(CTHK)\OneDrive - Continuous Technologies 
International Limited\Documents\ERP_Test\node_modules\router\index.js:276:14)
          at router.handle (C:\Users\JackyLi(CTHK)\OneDrive - Continuous 
Technologies International 
Limited\Documents\ERP_Test\node_modules\router\index.js:186:3)
          at router (C:\Users\JackyLi(CTHK)\OneDrive - Continuous Technologies 
International Limited\Documents\ERP_Test\node_modules\router\index.js:60:12)
          at Layer.handleRequest (C:\Users\JackyLi(CTHK)\OneDrive - Continuous 
Technologies International 
Limited\Documents\ERP_Test\node_modules\router\lib\layer.js:152:17)
          at trimPrefix (C:\Users\JackyLi(CTHK)\OneDrive - Continuous 
Technologies International 
Limited\Documents\ERP_Test\node_modules\router\index.js:342:13)
          at C:\Users\JackyLi(CTHK)\OneDrive - Continuous Technologies 
International Limited\Documents\ERP_Test\node_modules\router\index.js:297:9
          at processParams (C:\Users\JackyLi(CTHK)\OneDrive - Continuous 
Technologies International 
Limited\Documents\ERP_Test\node_modules\router\index.js:582:12)
          at next (C:\Users\JackyLi(CTHK)\OneDrive - Continuous Technologies 
International Limited\Documents\ERP_Test\node_modules\router\index.js:291:5)
          ... collapsed 7 duplicate lines matching above lines ...
          at C:\Users\JackyLi(CTHK)\OneDrive - Continuous Technologies 
International 
Limited\Documents\ERP_Test\node_modules\express-rate-limit\dist\index.cjs:947:7
          at processTicksAndRejections 
(node:internal/process/task_queues:103:5)
          at C:\Users\JackyLi(CTHK)\OneDrive - Continuous Technologies 
International 
Limited\Documents\ERP_Test\node_modules\express-rate-limit\dist\index.cjs:830:5

    [0m [90m 59 |[39m   [90m// eslint-disable-next-line 
@typescript-eslint/no-unused-vars[39m
     [90m 60 |[39m   app[33m.[39muse((err[33m:[39m 
[33mError[39m[33m,[39m _req[33m:[39m [33mRequest[39m[33m,[39m 
res[33m:[39m [33mResponse[39m[33m,[39m _next[33m:[39m 
[33mNextFunction[39m) [33m=>[39m {
    [31m[1m>[22m[39m[90m 61 |[39m     
console[33m.[39merror(err)[33m;[39m
     [90m    |[39m             [31m[1m^[22m[39m
     [90m 62 |[39m     [36mif[39m 
(err[33m.[39mmessage[33m.[39mincludes([32m"Unauthorized"[39m)) {
     [90m 63 |[39m       
res[33m.[39mstatus([35m401[39m)[33m.[39mjson({ message[33m:[39m 
err[33m.[39mmessage })[33m;[39m
     [90m 64 |[39m     } [36melse[39m [36mif[39m 
(err[33m.[39mmessage[33m.[39mincludes([32m"Forbidden"[39m)) {[0m

      at C:\Users\JackyLi(CTHK)../../../../../../OneDrive - Continuous 
Technologies International Limited/Documents/ERP_Test/server/src/app.ts:61:13
      at Layer.handleError (C:\Users\JackyLi(CTHK)../../../../../../OneDrive - 
Continuous Technologies International 
Limited/Documents/ERP_Test/node_modules/router/lib/layer.js:116:17)
      at trimPrefix (C:\Users\JackyLi(CTHK)../../../../../../OneDrive - 
Continuous Technologies International 
Limited/Documents/ERP_Test/node_modules/router/index.js:340:13)
      at C:\Users\JackyLi(CTHK)../../../../../../OneDrive - Continuous 
Technologies International 
Limited/Documents/ERP_Test/node_modules/router/index.js:297:9
      at processParams (C:\Users\JackyLi(CTHK)../../../../../../OneDrive - 
Continuous Technologies International 
Limited/Documents/ERP_Test/node_modules/router/index.js:582:12)
      at next (C:\Users\JackyLi(CTHK)../../../../../../OneDrive - Continuous 
Technologies International 
Limited/Documents/ERP_Test/node_modules/router/index.js:291:5)
      at Layer.handleError (C:\Users\JackyLi(CTHK)../../../../../../OneDrive - 
Continuous Technologies International 
Limited/Documents/ERP_Test/node_modules/router/lib/layer.js:111:12)
      at trimPrefix (C:\Users\JackyLi(CTHK)../../../../../../OneDrive - 
Continuous Technologies International 
Limited/Documents/ERP_Test/node_modules/router/index.js:340:13)
      at C:\Users\JackyLi(CTHK)../../../../../../OneDrive - Continuous 
Technologies International 
Limited/Documents/ERP_Test/node_modules/router/index.js:297:9
      at processParams (C:\Users\JackyLi(CTHK)../../../../../../OneDrive - 
Continuous Technologies International 
Limited/Documents/ERP_Test/node_modules/router/index.js:582:12)
      at next (C:\Users\JackyLi(CTHK)../../../../../../OneDrive - Continuous 
Technologies International 
Limited/Documents/ERP_Test/node_modules/router/index.js:291:5)
      at C:\Users\JackyLi(CTHK)../../../../../../OneDrive - Continuous 
Technologies International 
Limited/Documents/ERP_Test/node_modules/router/index.js:688:15
      at next (C:\Users\JackyLi(CTHK)../../../../../../OneDrive - Continuous 
Technologies International 
Limited/Documents/ERP_Test/node_modules/router/index.js:276:14)
      at Layer.handleError (C:\Users\JackyLi(CTHK)../../../../../../OneDrive - 
Continuous Technologies International 
Limited/Documents/ERP_Test/node_modules/router/lib/layer.js:111:12)
      at trimPrefix (C:\Users\JackyLi(CTHK)../../../../../../OneDrive - 
Continuous Technologies International 
Limited/Documents/ERP_Test/node_modules/router/index.js:340:13)
      at C:\Users\JackyLi(CTHK)../../../../../../OneDrive - Continuous 
Technologies International 
Limited/Documents/ERP_Test/node_modules/router/index.js:297:9
      at processParams (C:\Users\JackyLi(CTHK)../../../../../../OneDrive - 
Continuous Technologies International 
Limited/Documents/ERP_Test/node_modules/router/index.js:582:12)
      at next (C:\Users\JackyLi(CTHK)../../../../../../OneDrive - Continuous 
Technologies International 
Limited/Documents/ERP_Test/node_modules/router/index.js:291:5)
      at Layer.handleError (C:\Users\JackyLi(CTHK)../../../../../../OneDrive - 
Continuous Technologies International 
Limited/Documents/ERP_Test/node_modules/router/lib/layer.js:111:12)
      at trimPrefix (C:\Users\JackyLi(CTHK)../../../../../../OneDrive - 
Continuous Technologies International 
Limited/Documents/ERP_Test/node_modules/router/index.js:340:13)
      at C:\Users\JackyLi(CTHK)../../../../../../OneDrive - Continuous 
Technologies International 
Limited/Documents/ERP_Test/node_modules/router/index.js:297:9
      at processParams (C:\Users\JackyLi(CTHK)../../../../../../OneDrive - 
Continuous Technologies International 
Limited/Documents/ERP_Test/node_modules/router/index.js:582:12)
      at Immediate.next (C:\Users\JackyLi(CTHK)../../../../../../OneDrive - 
Continuous Technologies International 
Limited/Documents/ERP_Test/node_modules/router/index.js:291:5)
      at Immediate._onImmediate 
(C:\Users\JackyLi(CTHK)../../../../../../OneDrive - Continuous Technologies 
International Limited/Documents/ERP_Test/node_modules/router/index.js:688:15)

FAIL src/__tests__/users.route.test.ts
  ΓùÅ Console

    console.log
      [dotenv@17.3.1] injecting env (10) from ..\.env -- tip: ΓÜÖ∩╕Å  override 
existing env vars with { override: true }

      at _log (C:\Users\JackyLi(CTHK)../../../../../../OneDrive - Continuous 
Technologies International 
Limited/Documents/ERP_Test/node_modules/dotenv/lib/main.js:139:11)

  ΓùÅ users routes ΓÇ║ GET /api/users ΓÇ║ should return 401 without auth

    PrismaClientKnownRequestError: 
    Invalid `prisma.user.deleteMany()` invocation in
    C:\Users\JackyLi(CTHK)\OneDrive - Continuous Technologies International 
Limited\Documents\ERP_Test\server\src\__tests__\users.route.test.ts:19:23

      16 
      17 beforeEach(async () => {
      18   // Clean up
    ΓåÆ 19   await prisma.user.deleteMany(
    Foreign key constraint violated: `LeaveType_createdById_fkey (index)`

    [0m [90m 17 |[39m   beforeEach([36masync[39m () [33m=>[39m {
     [90m 18 |[39m     [90m// Clean up[39m
    [31m[1m>[22m[39m[90m 19 |[39m     [36mawait[39m 
prisma[33m.[39muser[33m.[39mdeleteMany({})[33m;[39m
     [90m    |[39m     [31m[1m^[22m[39m
     [90m 20 |[39m
     [90m 21 |[39m     [90m// Create HR_ADMIN[39m
     [90m 22 |[39m     [36mconst[39m hrAdmin [33m=[39m [36mawait[39m 
prisma[33m.[39muser[33m.[39mcreate({[0m

      at $n.handleRequestError 
(C:\Users\JackyLi(CTHK)../../../../../../OneDrive - Continuous Technologies 
International Limited/Documents/ERP_Test/server/node_modules/@prisma/client/run
time/library.js:121:7315)
      at $n.handleAndLogRequestError 
(C:\Users\JackyLi(CTHK)../../../../../../OneDrive - Continuous Technologies 
International Limited/Documents/ERP_Test/server/node_modules/@prisma/client/run
time/library.js:121:6623)
      at $n.request (C:\Users\JackyLi(CTHK)../../../../../../OneDrive - 
Continuous Technologies International Limited/Documents/ERP_Test/server/node_mo
dules/@prisma/client/runtime/library.js:121:6307)
      at l (C:\Users\JackyLi(CTHK)../../../../../../OneDrive - Continuous 
Technologies International Limited/Documents/ERP_Test/server/node_modules/@pris
ma/client/runtime/library.js:130:9633)
      at Object.<anonymous> (C:\Users\JackyLi(CTHK)../../../../../../OneDrive 
- Continuous Technologies International 
Limited/Documents/ERP_Test/server/src/__tests__/users.route.test.ts:19:5)

  ΓùÅ users routes ΓÇ║ GET /api/users ΓÇ║ should return 401 without auth

    PrismaClientKnownRequestError: 
    Invalid `prisma.user.deleteMany()` invocation in
    C:\Users\JackyLi(CTHK)\OneDrive - Continuous Technologies International 
Limited\Documents\ERP_Test\server\src\__tests__\users.route.test.ts:88:23

      85 });
      86 
      87 afterEach(async () => {
    ΓåÆ 88   await prisma.user.deleteMany(
    Foreign key constraint violated: `LeaveType_createdById_fkey (index)`

    [0m [90m 86 |[39m
     [90m 87 |[39m   afterEach([36masync[39m () [33m=>[39m {
    [31m[1m>[22m[39m[90m 88 |[39m     [36mawait[39m 
prisma[33m.[39muser[33m.[39mdeleteMany({})[33m;[39m
     [90m    |[39m     [31m[1m^[22m[39m
     [90m 89 |[39m   })[33m;[39m
     [90m 90 |[39m
     [90m 91 |[39m   afterAll([36masync[39m () [33m=>[39m {[0m

      at $n.handleRequestError 
(C:\Users\JackyLi(CTHK)../../../../../../OneDrive - Continuous Technologies 
International Limited/Documents/ERP_Test/server/node_modules/@prisma/client/run
time/library.js:121:7315)
      at $n.handleAndLogRequestError 
(C:\Users\JackyLi(CTHK)../../../../../../OneDrive - Continuous Technologies 
International Limited/Documents/ERP_Test/server/node_modules/@prisma/client/run
time/library.js:121:6623)
      at $n.request (C:\Users\JackyLi(CTHK)../../../../../../OneDrive - 
Continuous Technologies International Limited/Documents/ERP_Test/server/node_mo
dules/@prisma/client/runtime/library.js:121:6307)
      at l (C:\Users\JackyLi(CTHK)../../../../../../OneDrive - Continuous 
Technologies International Limited/Documents/ERP_Test/server/node_modules/@pris
ma/client/runtime/library.js:130:9633)
      at Object.<anonymous> (C:\Users\JackyLi(CTHK)../../../../../../OneDrive 
- Continuous Technologies International 
Limited/Documents/ERP_Test/server/src/__tests__/users.route.test.ts:88:5)

  ΓùÅ users routes ΓÇ║ GET /api/users ΓÇ║ should return 403 for MANAGER

    PrismaClientKnownRequestError: 
    Invalid `prisma.user.deleteMany()` invocation in
    C:\Users\JackyLi(CTHK)\OneDrive - Continuous Technologies International 
Limited\Documents\ERP_Test\server\src\__tests__\users.route.test.ts:19:23

      16 
      17 beforeEach(async () => {
      18   // Clean up
    ΓåÆ 19   await prisma.user.deleteMany(
    Foreign key constraint violated: `LeaveType_createdById_fkey (index)`

    [0m [90m 17 |[39m   beforeEach([36masync[39m () [33m=>[39m {
     [90m 18 |[39m     [90m// Clean up[39m
    [31m[1m>[22m[39m[90m 19 |[39m     [36mawait[39m 
prisma[33m.[39muser[33m.[39mdeleteMany({})[33m;[39m
     [90m    |[39m     [31m[1m^[22m[39m
     [90m 20 |[39m
     [90m 21 |[39m     [90m// Create HR_ADMIN[39m
     [90m 22 |[39m     [36mconst[39m hrAdmin [33m=[39m [36mawait[39m 
prisma[33m.[39muser[33m.[39mcreate({[0m

      at $n.handleRequestError 
(C:\Users\JackyLi(CTHK)../../../../../../OneDrive - Continuous Technologies 
International Limited/Documents/ERP_Test/server/node_modules/@prisma/client/run
time/library.js:121:7315)
      at $n.handleAndLogRequestError 
(C:\Users\JackyLi(CTHK)../../../../../../OneDrive - Continuous Technologies 
International Limited/Documents/ERP_Test/server/node_modules/@prisma/client/run
time/library.js:121:6623)
      at $n.request (C:\Users\JackyLi(CTHK)../../../../../../OneDrive - 
Continuous Technologies International Limited/Documents/ERP_Test/server/node_mo
dules/@prisma/client/runtime/library.js:121:6307)
      at l (C:\Users\JackyLi(CTHK)../../../../../../OneDrive - Continuous 
Technologies International Limited/Documents/ERP_Test/server/node_modules/@pris
ma/client/runtime/library.js:130:9633)
      at Object.<anonymous> (C:\Users\JackyLi(CTHK)../../../../../../OneDrive 
- Continuous Technologies International 
Limited/Documents/ERP_Test/server/src/__tests__/users.route.test.ts:19:5)

  ΓùÅ users routes ΓÇ║ GET /api/users ΓÇ║ should return 403 for MANAGER

    PrismaClientKnownRequestError: 
    Invalid `prisma.user.deleteMany()` invocation in
    C:\Users\JackyLi(CTHK)\OneDrive - Continuous Technologies International 
Limited\Documents\ERP_Test\server\src\__tests__\users.route.test.ts:88:23

      85 });
      86 
      87 afterEach(async () => {
    ΓåÆ 88   await prisma.user.deleteMany(
    Foreign key constraint violated: `LeaveType_createdById_fkey (index)`

    [0m [90m 86 |[39m
     [90m 87 |[39m   afterEach([36masync[39m () [33m=>[39m {
    [31m[1m>[22m[39m[90m 88 |[39m     [36mawait[39m 
prisma[33m.[39muser[33m.[39mdeleteMany({})[33m;[39m
     [90m    |[39m     [31m[1m^[22m[39m
     [90m 89 |[39m   })[33m;[39m
     [90m 90 |[39m
     [90m 91 |[39m   afterAll([36masync[39m () [33m=>[39m {[0m

      at $n.handleRequestError 
(C:\Users\JackyLi(CTHK)../../../../../../OneDrive - Continuous Technologies 
International Limited/Documents/ERP_Test/server/node_modules/@prisma/client/run
time/library.js:121:7315)
      at $n.handleAndLogRequestError 
(C:\Users\JackyLi(CTHK)../../../../../../OneDrive - Continuous Technologies 
International Limited/Documents/ERP_Test/server/node_modules/@prisma/client/run
time/library.js:121:6623)
      at $n.request (C:\Users\JackyLi(CTHK)../../../../../../OneDrive - 
Continuous Technologies International Limited/Documents/ERP_Test/server/node_mo
dules/@prisma/client/runtime/library.js:121:6307)
      at l (C:\Users\JackyLi(CTHK)../../../../../../OneDrive - Continuous 
Technologies International Limited/Documents/ERP_Test/server/node_modules/@pris
ma/client/runtime/library.js:130:9633)
      at Object.<anonymous> (C:\Users\JackyLi(CTHK)../../../../../../OneDrive 
- Continuous Technologies International 
Limited/Documents/ERP_Test/server/src/__tests__/users.route.test.ts:88:5)

  ΓùÅ users routes ΓÇ║ GET /api/users ΓÇ║ should return 403 for EMPLOYEE

    PrismaClientKnownRequestError: 
    Invalid `prisma.user.deleteMany()` invocation in
    C:\Users\JackyLi(CTHK)\OneDrive - Continuous Technologies International 
Limited\Documents\ERP_Test\server\src\__tests__\users.route.test.ts:19:23

      16 
      17 beforeEach(async () => {
      18   // Clean up
    ΓåÆ 19   await prisma.user.deleteMany(
    Foreign key constraint violated: `LeaveType_createdById_fkey (index)`

    [0m [90m 17 |[39m   beforeEach([36masync[39m () [33m=>[39m {
     [90m 18 |[39m     [90m// Clean up[39m
    [31m[1m>[22m[39m[90m 19 |[39m     [36mawait[39m 
prisma[33m.[39muser[33m.[39mdeleteMany({})[33m;[39m
     [90m    |[39m     [31m[1m^[22m[39m
     [90m 20 |[39m
     [90m 21 |[39m     [90m// Create HR_ADMIN[39m
     [90m 22 |[39m     [36mconst[39m hrAdmin [33m=[39m [36mawait[39m 
prisma[33m.[39muser[33m.[39mcreate({[0m

      at $n.handleRequestError 
(C:\Users\JackyLi(CTHK)../../../../../../OneDrive - Continuous Technologies 
International Limited/Documents/ERP_Test/server/node_modules/@prisma/client/run
time/library.js:121:7315)
      at $n.handleAndLogRequestError 
(C:\Users\JackyLi(CTHK)../../../../../../OneDrive - Continuous Technologies 
International Limited/Documents/ERP_Test/server/node_modules/@prisma/client/run
time/library.js:121:6623)
      at $n.request (C:\Users\JackyLi(CTHK)../../../../../../OneDrive - 
Continuous Technologies International Limited/Documents/ERP_Test/server/node_mo
dules/@prisma/client/runtime/library.js:121:6307)
      at l (C:\Users\JackyLi(CTHK)../../../../../../OneDrive - Continuous 
Technologies International Limited/Documents/ERP_Test/server/node_modules/@pris
ma/client/runtime/library.js:130:9633)
      at Object.<anonymous> (C:\Users\JackyLi(CTHK)../../../../../../OneDrive 
- Continuous Technologies International 
Limited/Documents/ERP_Test/server/src/__tests__/users.route.test.ts:19:5)

  ΓùÅ users routes ΓÇ║ GET /api/users ΓÇ║ should return 403 for EMPLOYEE

    PrismaClientKnownRequestError: 
    Invalid `prisma.user.deleteMany()` invocation in
    C:\Users\JackyLi(CTHK)\OneDrive - Continuous Technologies International 
Limited\Documents\ERP_Test\server\src\__tests__\users.route.test.ts:88:23

      85 });
      86 
      87 afterEach(async () => {
    ΓåÆ 88   await prisma.user.deleteMany(
    Foreign key constraint violated: `LeaveType_createdById_fkey (index)`

    [0m [90m 86 |[39m
     [90m 87 |[39m   afterEach([36masync[39m () [33m=>[39m {
    [31m[1m>[22m[39m[90m 88 |[39m     [36mawait[39m 
prisma[33m.[39muser[33m.[39mdeleteMany({})[33m;[39m
     [90m    |[39m     [31m[1m^[22m[39m
     [90m 89 |[39m   })[33m;[39m
     [90m 90 |[39m
     [90m 91 |[39m   afterAll([36masync[39m () [33m=>[39m {[0m

      at $n.handleRequestError 
(C:\Users\JackyLi(CTHK)../../../../../../OneDrive - Continuous Technologies 
International Limited/Documents/ERP_Test/server/node_modules/@prisma/client/run
time/library.js:121:7315)
      at $n.handleAndLogRequestError 
(C:\Users\JackyLi(CTHK)../../../../../../OneDrive - Continuous Technologies 
International Limited/Documents/ERP_Test/server/node_modules/@prisma/client/run
time/library.js:121:6623)
      at $n.request (C:\Users\JackyLi(CTHK)../../../../../../OneDrive - 
Continuous Technologies International Limited/Documents/ERP_Test/server/node_mo
dules/@prisma/client/runtime/library.js:121:6307)
      at l (C:\Users\JackyLi(CTHK)../../../../../../OneDrive - Continuous 
Technologies International Limited/Documents/ERP_Test/server/node_modules/@pris
ma/client/runtime/library.js:130:9633)
      at Object.<anonymous> (C:\Users\JackyLi(CTHK)../../../../../../OneDrive 
- Continuous Technologies International 
Limited/Documents/ERP_Test/server/src/__tests__/users.route.test.ts:88:5)

  ΓùÅ users routes ΓÇ║ GET /api/users ΓÇ║ should return 200 for HR_ADMIN with 
user array

    PrismaClientKnownRequestError: 
    Invalid `prisma.user.deleteMany()` invocation in
    C:\Users\JackyLi(CTHK)\OneDrive - Continuous Technologies International 
Limited\Documents\ERP_Test\server\src\__tests__\users.route.test.ts:19:23

      16 
      17 beforeEach(async () => {
      18   // Clean up
    ΓåÆ 19   await prisma.user.deleteMany(
    Foreign key constraint violated: `LeaveType_createdById_fkey (index)`

    [0m [90m 17 |[39m   beforeEach([36masync[39m () [33m=>[39m {
     [90m 18 |[39m     [90m// Clean up[39m
    [31m[1m>[22m[39m[90m 19 |[39m     [36mawait[39m 
prisma[33m.[39muser[33m.[39mdeleteMany({})[33m;[39m
     [90m    |[39m     [31m[1m^[22m[39m
     [90m 20 |[39m
     [90m 21 |[39m     [90m// Create HR_ADMIN[39m
     [90m 22 |[39m     [36mconst[39m hrAdmin [33m=[39m [36mawait[39m 
prisma[33m.[39muser[33m.[39mcreate({[0m

      at $n.handleRequestError 
(C:\Users\JackyLi(CTHK)../../../../../../OneDrive - Continuous Technologies 
International Limited/Documents/ERP_Test/server/node_modules/@prisma/client/run
time/library.js:121:7315)
      at $n.handleAndLogRequestError 
(C:\Users\JackyLi(CTHK)../../../../../../OneDrive - Continuous Technologies 
International Limited/Documents/ERP_Test/server/node_modules/@prisma/client/run
time/library.js:121:6623)
      at $n.request (C:\Users\JackyLi(CTHK)../../../../../../OneDrive - 
Continuous Technologies International Limited/Documents/ERP_Test/server/node_mo
dules/@prisma/client/runtime/library.js:121:6307)
      at l (C:\Users\JackyLi(CTHK)../../../../../../OneDrive - Continuous 
Technologies International Limited/Documents/ERP_Test/server/node_modules/@pris
ma/client/runtime/library.js:130:9633)
      at Object.<anonymous> (C:\Users\JackyLi(CTHK)../../../../../../OneDrive 
- Continuous Technologies International 
Limited/Documents/ERP_Test/server/src/__tests__/users.route.test.ts:19:5)

  ΓùÅ users routes ΓÇ║ GET /api/users ΓÇ║ should return 200 for HR_ADMIN with 
user array

    PrismaClientKnownRequestError: 
    Invalid `prisma.user.deleteMany()` invocation in
    C:\Users\JackyLi(CTHK)\OneDrive - Continuous Technologies International 
Limited\Documents\ERP_Test\server\src\__tests__\users.route.test.ts:88:23

      85 });
      86 
      87 afterEach(async () => {
    ΓåÆ 88   await prisma.user.deleteMany(
    Foreign key constraint violated: `LeaveType_createdById_fkey (index)`

    [0m [90m 86 |[39m
     [90m 87 |[39m   afterEach([36masync[39m () [33m=>[39m {
    [31m[1m>[22m[39m[90m 88 |[39m     [36mawait[39m 
prisma[33m.[39muser[33m.[39mdeleteMany({})[33m;[39m
     [90m    |[39m     [31m[1m^[22m[39m
     [90m 89 |[39m   })[33m;[39m
     [90m 90 |[39m
     [90m 91 |[39m   afterAll([36masync[39m () [33m=>[39m {[0m

      at $n.handleRequestError 
(C:\Users\JackyLi(CTHK)../../../../../../OneDrive - Continuous Technologies 
International Limited/Documents/ERP_Test/server/node_modules/@prisma/client/run
time/library.js:121:7315)
      at $n.handleAndLogRequestError 
(C:\Users\JackyLi(CTHK)../../../../../../OneDrive - Continuous Technologies 
International Limited/Documents/ERP_Test/server/node_modules/@prisma/client/run
time/library.js:121:6623)
      at $n.request (C:\Users\JackyLi(CTHK)../../../../../../OneDrive - 
Continuous Technologies International Limited/Documents/ERP_Test/server/node_mo
dules/@prisma/client/runtime/library.js:121:6307)
      at l (C:\Users\JackyLi(CTHK)../../../../../../OneDrive - Continuous 
Technologies International Limited/Documents/ERP_Test/server/node_modules/@pris
ma/client/runtime/library.js:130:9633)
      at Object.<anonymous> (C:\Users\JackyLi(CTHK)../../../../../../OneDrive 
- Continuous Technologies International 
Limited/Documents/ERP_Test/server/src/__tests__/users.route.test.ts:88:5)

  ΓùÅ users routes ΓÇ║ PATCH /api/users/:id/identity ΓÇ║ should return 401 
without auth

    PrismaClientKnownRequestError: 
    Invalid `prisma.user.deleteMany()` invocation in
    C:\Users\JackyLi(CTHK)\OneDrive - Continuous Technologies International 
Limited\Documents\ERP_Test\server\src\__tests__\users.route.test.ts:19:23

      16 
      17 beforeEach(async () => {
      18   // Clean up
    ΓåÆ 19   await prisma.user.deleteMany(
    Foreign key constraint violated: `LeaveType_createdById_fkey (index)`

    [0m [90m 17 |[39m   beforeEach([36masync[39m () [33m=>[39m {
     [90m 18 |[39m     [90m// Clean up[39m
    [31m[1m>[22m[39m[90m 19 |[39m     [36mawait[39m 
prisma[33m.[39muser[33m.[39mdeleteMany({})[33m;[39m
     [90m    |[39m     [31m[1m^[22m[39m
     [90m 20 |[39m
     [90m 21 |[39m     [90m// Create HR_ADMIN[39m
     [90m 22 |[39m     [36mconst[39m hrAdmin [33m=[39m [36mawait[39m 
prisma[33m.[39muser[33m.[39mcreate({[0m

      at $n.handleRequestError 
(C:\Users\JackyLi(CTHK)../../../../../../OneDrive - Continuous Technologies 
International Limited/Documents/ERP_Test/server/node_modules/@prisma/client/run
time/library.js:121:7315)
      at $n.handleAndLogRequestError 
(C:\Users\JackyLi(CTHK)../../../../../../OneDrive - Continuous Technologies 
International Limited/Documents/ERP_Test/server/node_modules/@prisma/client/run
time/library.js:121:6623)
      at $n.request (C:\Users\JackyLi(CTHK)../../../../../../OneDrive - 
Continuous Technologies International Limited/Documents/ERP_Test/server/node_mo
dules/@prisma/client/runtime/library.js:121:6307)
      at l (C:\Users\JackyLi(CTHK)../../../../../../OneDrive - Continuous 
Technologies International Limited/Documents/ERP_Test/server/node_modules/@pris
ma/client/runtime/library.js:130:9633)
      at Object.<anonymous> (C:\Users\JackyLi(CTHK)../../../../../../OneDrive 
- Continuous Technologies International 
Limited/Documents/ERP_Test/server/src/__tests__/users.route.test.ts:19:5)

  ΓùÅ users routes ΓÇ║ PATCH /api/users/:id/identity ΓÇ║ should return 401 
without auth

    PrismaClientKnownRequestError: 
    Invalid `prisma.user.deleteMany()` invocation in
    C:\Users\JackyLi(CTHK)\OneDrive - Continuous Technologies International 
Limited\Documents\ERP_Test\server\src\__tests__\users.route.test.ts:88:23

      85 });
      86 
      87 afterEach(async () => {
    ΓåÆ 88   await prisma.user.deleteMany(
    Foreign key constraint violated: `LeaveType_createdById_fkey (index)`

    [0m [90m 86 |[39m
     [90m 87 |[39m   afterEach([36masync[39m () [33m=>[39m {
    [31m[1m>[22m[39m[90m 88 |[39m     [36mawait[39m 
prisma[33m.[39muser[33m.[39mdeleteMany({})[33m;[39m
     [90m    |[39m     [31m[1m^[22m[39m
     [90m 89 |[39m   })[33m;[39m
     [90m 90 |[39m
     [90m 91 |[39m   afterAll([36masync[39m () [33m=>[39m {[0m

      at $n.handleRequestError 
(C:\Users\JackyLi(CTHK)../../../../../../OneDrive - Continuous Technologies 
International Limited/Documents/ERP_Test/server/node_modules/@prisma/client/run
time/library.js:121:7315)
      at $n.handleAndLogRequestError 
(C:\Users\JackyLi(CTHK)../../../../../../OneDrive - Continuous Technologies 
International Limited/Documents/ERP_Test/server/node_modules/@prisma/client/run
time/library.js:121:6623)
      at $n.request (C:\Users\JackyLi(CTHK)../../../../../../OneDrive - 
Continuous Technologies International Limited/Documents/ERP_Test/server/node_mo
dules/@prisma/client/runtime/library.js:121:6307)
      at l (C:\Users\JackyLi(CTHK)../../../../../../OneDrive - Continuous 
Technologies International Limited/Documents/ERP_Test/server/node_modules/@pris
ma/client/runtime/library.js:130:9633)
      at Object.<anonymous> (C:\Users\JackyLi(CTHK)../../../../../../OneDrive 
- Continuous Technologies International 
Limited/Documents/ERP_Test/server/src/__tests__/users.route.test.ts:88:5)

  ΓùÅ users routes ΓÇ║ PATCH /api/users/:id/identity ΓÇ║ should return 403 for 
MANAGER

    PrismaClientKnownRequestError: 
    Invalid `prisma.user.deleteMany()` invocation in
    C:\Users\JackyLi(CTHK)\OneDrive - Continuous Technologies International 
Limited\Documents\ERP_Test\server\src\__tests__\users.route.test.ts:19:23

      16 
      17 beforeEach(async () => {
      18   // Clean up
    ΓåÆ 19   await prisma.user.deleteMany(
    Foreign key constraint violated: `LeaveType_createdById_fkey (index)`

    [0m [90m 17 |[39m   beforeEach([36masync[39m () [33m=>[39m {
     [90m 18 |[39m     [90m// Clean up[39m
    [31m[1m>[22m[39m[90m 19 |[39m     [36mawait[39m 
prisma[33m.[39muser[33m.[39mdeleteMany({})[33m;[39m
     [90m    |[39m     [31m[1m^[22m[39m
     [90m 20 |[39m
     [90m 21 |[39m     [90m// Create HR_ADMIN[39m
     [90m 22 |[39m     [36mconst[39m hrAdmin [33m=[39m [36mawait[39m 
prisma[33m.[39muser[33m.[39mcreate({[0m

      at $n.handleRequestError 
(C:\Users\JackyLi(CTHK)../../../../../../OneDrive - Continuous Technologies 
International Limited/Documents/ERP_Test/server/node_modules/@prisma/client/run
time/library.js:121:7315)
      at $n.handleAndLogRequestError 
(C:\Users\JackyLi(CTHK)../../../../../../OneDrive - Continuous Technologies 
International Limited/Documents/ERP_Test/server/node_modules/@prisma/client/run
time/library.js:121:6623)
      at $n.request (C:\Users\JackyLi(CTHK)../../../../../../OneDrive - 
Continuous Technologies International Limited/Documents/ERP_Test/server/node_mo
dules/@prisma/client/runtime/library.js:121:6307)
      at l (C:\Users\JackyLi(CTHK)../../../../../../OneDrive - Continuous 
Technologies International Limited/Documents/ERP_Test/server/node_modules/@pris
ma/client/runtime/library.js:130:9633)
      at Object.<anonymous> (C:\Users\JackyLi(CTHK)../../../../../../OneDrive 
- Continuous Technologies International 
Limited/Documents/ERP_Test/server/src/__tests__/users.route.test.ts:19:5)

  ΓùÅ users routes ΓÇ║ PATCH /api/users/:id/identity ΓÇ║ should return 403 for 
MANAGER

    PrismaClientKnownRequestError: 
    Invalid `prisma.user.deleteMany()` invocation in
    C:\Users\JackyLi(CTHK)\OneDrive - Continuous Technologies International 
Limited\Documents\ERP_Test\server\src\__tests__\users.route.test.ts:88:23

      85 });
      86 
      87 afterEach(async () => {
    ΓåÆ 88   await prisma.user.deleteMany(
    Foreign key constraint violated: `LeaveType_createdById_fkey (index)`

    [0m [90m 86 |[39m
     [90m 87 |[39m   afterEach([36masync[39m () [33m=>[39m {
    [31m[1m>[22m[39m[90m 88 |[39m     [36mawait[39m 
prisma[33m.[39muser[33m.[39mdeleteMany({})[33m;[39m
     [90m    |[39m     [31m[1m^[22m[39m
     [90m 89 |[39m   })[33m;[39m
     [90m 90 |[39m
     [90m 91 |[39m   afterAll([36masync[39m () [33m=>[39m {[0m

      at $n.handleRequestError 
(C:\Users\JackyLi(CTHK)../../../../../../OneDrive - Continuous Technologies 
International Limited/Documents/ERP_Test/server/node_modules/@prisma/client/run
time/library.js:121:7315)
      at $n.handleAndLogRequestError 
(C:\Users\JackyLi(CTHK)../../../../../../OneDrive - Continuous Technologies 
International Limited/Documents/ERP_Test/server/node_modules/@prisma/client/run
time/library.js:121:6623)
      at $n.request (C:\Users\JackyLi(CTHK)../../../../../../OneDrive - 
Continuous Technologies International Limited/Documents/ERP_Test/server/node_mo
dules/@prisma/client/runtime/library.js:121:6307)
      at l (C:\Users\JackyLi(CTHK)../../../../../../OneDrive - Continuous 
Technologies International Limited/Documents/ERP_Test/server/node_modules/@pris
ma/client/runtime/library.js:130:9633)
      at Object.<anonymous> (C:\Users\JackyLi(CTHK)../../../../../../OneDrive 
- Continuous Technologies International 
Limited/Documents/ERP_Test/server/src/__tests__/users.route.test.ts:88:5)

  ΓùÅ users routes ΓÇ║ PATCH /api/users/:id/identity ΓÇ║ should return 403 for 
EMPLOYEE

    PrismaClientKnownRequestError: 
    Invalid `prisma.user.deleteMany()` invocation in
    C:\Users\JackyLi(CTHK)\OneDrive - Continuous Technologies International 
Limited\Documents\ERP_Test\server\src\__tests__\users.route.test.ts:19:23

      16 
      17 beforeEach(async () => {
      18   // Clean up
    ΓåÆ 19   await prisma.user.deleteMany(
    Foreign key constraint violated: `LeaveType_createdById_fkey (index)`

    [0m [90m 17 |[39m   beforeEach([36masync[39m () [33m=>[39m {
     [90m 18 |[39m     [90m// Clean up[39m
    [31m[1m>[22m[39m[90m 19 |[39m     [36mawait[39m 
prisma[33m.[39muser[33m.[39mdeleteMany({})[33m;[39m
     [90m    |[39m     [31m[1m^[22m[39m
     [90m 20 |[39m
     [90m 21 |[39m     [90m// Create HR_ADMIN[39m
     [90m 22 |[39m     [36mconst[39m hrAdmin [33m=[39m [36mawait[39m 
prisma[33m.[39muser[33m.[39mcreate({[0m

      at $n.handleRequestError 
(C:\Users\JackyLi(CTHK)../../../../../../OneDrive - Continuous Technologies 
International Limited/Documents/ERP_Test/server/node_modules/@prisma/client/run
time/library.js:121:7315)
      at $n.handleAndLogRequestError 
(C:\Users\JackyLi(CTHK)../../../../../../OneDrive - Continuous Technologies 
International Limited/Documents/ERP_Test/server/node_modules/@prisma/client/run
time/library.js:121:6623)
      at $n.request (C:\Users\JackyLi(CTHK)../../../../../../OneDrive - 
Continuous Technologies International Limited/Documents/ERP_Test/server/node_mo
dules/@prisma/client/runtime/library.js:121:6307)
      at l (C:\Users\JackyLi(CTHK)../../../../../../OneDrive - Continuous 
Technologies International Limited/Documents/ERP_Test/server/node_modules/@pris
ma/client/runtime/library.js:130:9633)
      at Object.<anonymous> (C:\Users\JackyLi(CTHK)../../../../../../OneDrive 
- Continuous Technologies International 
Limited/Documents/ERP_Test/server/src/__tests__/users.route.test.ts:19:5)

  ΓùÅ users routes ΓÇ║ PATCH /api/users/:id/identity ΓÇ║ should return 403 for 
EMPLOYEE

    PrismaClientKnownRequestError: 
    Invalid `prisma.user.deleteMany()` invocation in
    C:\Users\JackyLi(CTHK)\OneDrive - Continuous Technologies International 
Limited\Documents\ERP_Test\server\src\__tests__\users.route.test.ts:88:23

      85 });
      86 
      87 afterEach(async () => {
    ΓåÆ 88   await prisma.user.deleteMany(
    Foreign key constraint violated: `LeaveType_createdById_fkey (index)`

    [0m [90m 86 |[39m
     [90m 87 |[39m   afterEach([36masync[39m () [33m=>[39m {
    [31m[1m>[22m[39m[90m 88 |[39m     [36mawait[39m 
prisma[33m.[39muser[33m.[39mdeleteMany({})[33m;[39m
     [90m    |[39m     [31m[1m^[22m[39m
     [90m 89 |[39m   })[33m;[39m
     [90m 90 |[39m
     [90m 91 |[39m   afterAll([36masync[39m () [33m=>[39m {[0m

      at $n.handleRequestError 
(C:\Users\JackyLi(CTHK)../../../../../../OneDrive - Continuous Technologies 
International Limited/Documents/ERP_Test/server/node_modules/@prisma/client/run
time/library.js:121:7315)
      at $n.handleAndLogRequestError 
(C:\Users\JackyLi(CTHK)../../../../../../OneDrive - Continuous Technologies 
International Limited/Documents/ERP_Test/server/node_modules/@prisma/client/run
time/library.js:121:6623)
      at $n.request (C:\Users\JackyLi(CTHK)../../../../../../OneDrive - 
Continuous Technologies International Limited/Documents/ERP_Test/server/node_mo
dules/@prisma/client/runtime/library.js:121:6307)
      at l (C:\Users\JackyLi(CTHK)../../../../../../OneDrive - Continuous 
Technologies International Limited/Documents/ERP_Test/server/node_modules/@pris
ma/client/runtime/library.js:130:9633)
      at Object.<anonymous> (C:\Users\JackyLi(CTHK)../../../../../../OneDrive 
- Continuous Technologies International 
Limited/Documents/ERP_Test/server/src/__tests__/users.route.test.ts:88:5)

  ΓùÅ users routes ΓÇ║ PATCH /api/users/:id/identity ΓÇ║ should return 404 for 
non-existent user id

    PrismaClientKnownRequestError: 
    Invalid `prisma.user.deleteMany()` invocation in
    C:\Users\JackyLi(CTHK)\OneDrive - Continuous Technologies International 
Limited\Documents\ERP_Test\server\src\__tests__\users.route.test.ts:19:23

      16 
      17 beforeEach(async () => {
      18   // Clean up
    ΓåÆ 19   await prisma.user.deleteMany(
    Foreign key constraint violated: `LeaveType_createdById_fkey (index)`

    [0m [90m 17 |[39m   beforeEach([36masync[39m () [33m=>[39m {
     [90m 18 |[39m     [90m// Clean up[39m
    [31m[1m>[22m[39m[90m 19 |[39m     [36mawait[39m 
prisma[33m.[39muser[33m.[39mdeleteMany({})[33m;[39m
     [90m    |[39m     [31m[1m^[22m[39m
     [90m 20 |[39m
     [90m 21 |[39m     [90m// Create HR_ADMIN[39m
     [90m 22 |[39m     [36mconst[39m hrAdmin [33m=[39m [36mawait[39m 
prisma[33m.[39muser[33m.[39mcreate({[0m

      at $n.handleRequestError 
(C:\Users\JackyLi(CTHK)../../../../../../OneDrive - Continuous Technologies 
International Limited/Documents/ERP_Test/server/node_modules/@prisma/client/run
time/library.js:121:7315)
      at $n.handleAndLogRequestError 
(C:\Users\JackyLi(CTHK)../../../../../../OneDrive - Continuous Technologies 
International Limited/Documents/ERP_Test/server/node_modules/@prisma/client/run
time/library.js:121:6623)
      at $n.request (C:\Users\JackyLi(CTHK)../../../../../../OneDrive - 
Continuous Technologies International Limited/Documents/ERP_Test/server/node_mo
dules/@prisma/client/runtime/library.js:121:6307)
      at l (C:\Users\JackyLi(CTHK)../../../../../../OneDrive - Continuous 
Technologies International Limited/Documents/ERP_Test/server/node_modules/@pris
ma/client/runtime/library.js:130:9633)
      at Object.<anonymous> (C:\Users\JackyLi(CTHK)../../../../../../OneDrive 
- Continuous Technologies International 
Limited/Documents/ERP_Test/server/src/__tests__/users.route.test.ts:19:5)

  ΓùÅ users routes ΓÇ║ PATCH /api/users/:id/identity ΓÇ║ should return 404 for 
non-existent user id

    PrismaClientKnownRequestError: 
    Invalid `prisma.user.deleteMany()` invocation in
    C:\Users\JackyLi(CTHK)\OneDrive - Continuous Technologies International 
Limited\Documents\ERP_Test\server\src\__tests__\users.route.test.ts:88:23

      85 });
      86 
      87 afterEach(async () => {
    ΓåÆ 88   await prisma.user.deleteMany(
    Foreign key constraint violated: `LeaveType_createdById_fkey (index)`

    [0m [90m 86 |[39m
     [90m 87 |[39m   afterEach([36masync[39m () [33m=>[39m {
    [31m[1m>[22m[39m[90m 88 |[39m     [36mawait[39m 
prisma[33m.[39muser[33m.[39mdeleteMany({})[33m;[39m
     [90m    |[39m     [31m[1m^[22m[39m
     [90m 89 |[39m   })[33m;[39m
     [90m 90 |[39m
     [90m 91 |[39m   afterAll([36masync[39m () [33m=>[39m {[0m

      at $n.handleRequestError 
(C:\Users\JackyLi(CTHK)../../../../../../OneDrive - Continuous Technologies 
International Limited/Documents/ERP_Test/server/node_modules/@prisma/client/run
time/library.js:121:7315)
      at $n.handleAndLogRequestError 
(C:\Users\JackyLi(CTHK)../../../../../../OneDrive - Continuous Technologies 
International Limited/Documents/ERP_Test/server/node_modules/@prisma/client/run
time/library.js:121:6623)
      at $n.request (C:\Users\JackyLi(CTHK)../../../../../../OneDrive - 
Continuous Technologies International Limited/Documents/ERP_Test/server/node_mo
dules/@prisma/client/runtime/library.js:121:6307)
      at l (C:\Users\JackyLi(CTHK)../../../../../../OneDrive - Continuous 
Technologies International Limited/Documents/ERP_Test/server/node_modules/@pris
ma/client/runtime/library.js:130:9633)
      at Object.<anonymous> (C:\Users\JackyLi(CTHK)../../../../../../OneDrive 
- Continuous Technologies International 
Limited/Documents/ERP_Test/server/src/__tests__/users.route.test.ts:88:5)

  ΓùÅ users routes ΓÇ║ PATCH /api/users/:id/identity ΓÇ║ should return 400 for 
invalid body (missing both team and title)

    PrismaClientKnownRequestError: 
    Invalid `prisma.user.deleteMany()` invocation in
    C:\Users\JackyLi(CTHK)\OneDrive - Continuous Technologies International 
Limited\Documents\ERP_Test\server\src\__tests__\users.route.test.ts:19:23

      16 
      17 beforeEach(async () => {
      18   // Clean up
    ΓåÆ 19   await prisma.user.deleteMany(
    Foreign key constraint violated: `LeaveType_createdById_fkey (index)`

    [0m [90m 17 |[39m   beforeEach([36masync[39m () [33m=>[39m {
     [90m 18 |[39m     [90m// Clean up[39m
    [31m[1m>[22m[39m[90m 19 |[39m     [36mawait[39m 
prisma[33m.[39muser[33m.[39mdeleteMany({})[33m;[39m
     [90m    |[39m     [31m[1m^[22m[39m
     [90m 20 |[39m
     [90m 21 |[39m     [90m// Create HR_ADMIN[39m
     [90m 22 |[39m     [36mconst[39m hrAdmin [33m=[39m [36mawait[39m 
prisma[33m.[39muser[33m.[39mcreate({[0m

      at $n.handleRequestError 
(C:\Users\JackyLi(CTHK)../../../../../../OneDrive - Continuous Technologies 
International Limited/Documents/ERP_Test/server/node_modules/@prisma/client/run
time/library.js:121:7315)
      at $n.handleAndLogRequestError 
(C:\Users\JackyLi(CTHK)../../../../../../OneDrive - Continuous Technologies 
International Limited/Documents/ERP_Test/server/node_modules/@prisma/client/run
time/library.js:121:6623)
      at $n.request (C:\Users\JackyLi(CTHK)../../../../../../OneDrive - 
Continuous Technologies International Limited/Documents/ERP_Test/server/node_mo
dules/@prisma/client/runtime/library.js:121:6307)
      at l (C:\Users\JackyLi(CTHK)../../../../../../OneDrive - Continuous 
Technologies International Limited/Documents/ERP_Test/server/node_modules/@pris
ma/client/runtime/library.js:130:9633)
      at Object.<anonymous> (C:\Users\JackyLi(CTHK)../../../../../../OneDrive 
- Continuous Technologies International 
Limited/Documents/ERP_Test/server/src/__tests__/users.route.test.ts:19:5)

  ΓùÅ users routes ΓÇ║ PATCH /api/users/:id/identity ΓÇ║ should return 400 for 
invalid body (missing both team and title)

    PrismaClientKnownRequestError: 
    Invalid `prisma.user.deleteMany()` invocation in
    C:\Users\JackyLi(CTHK)\OneDrive - Continuous Technologies International 
Limited\Documents\ERP_Test\server\src\__tests__\users.route.test.ts:88:23

      85 });
      86 
      87 afterEach(async () => {
    ΓåÆ 88   await prisma.user.deleteMany(
    Foreign key constraint violated: `LeaveType_createdById_fkey (index)`

    [0m [90m 86 |[39m
     [90m 87 |[39m   afterEach([36masync[39m () [33m=>[39m {
    [31m[1m>[22m[39m[90m 88 |[39m     [36mawait[39m 
prisma[33m.[39muser[33m.[39mdeleteMany({})[33m;[39m
     [90m    |[39m     [31m[1m^[22m[39m
     [90m 89 |[39m   })[33m;[39m
     [90m 90 |[39m
     [90m 91 |[39m   afterAll([36masync[39m () [33m=>[39m {[0m

      at $n.handleRequestError 
(C:\Users\JackyLi(CTHK)../../../../../../OneDrive - Continuous Technologies 
International Limited/Documents/ERP_Test/server/node_modules/@prisma/client/run
time/library.js:121:7315)
      at $n.handleAndLogRequestError 
(C:\Users\JackyLi(CTHK)../../../../../../OneDrive - Continuous Technologies 
International Limited/Documents/ERP_Test/server/node_modules/@prisma/client/run
time/library.js:121:6623)
      at $n.request (C:\Users\JackyLi(CTHK)../../../../../../OneDrive - 
Continuous Technologies International Limited/Documents/ERP_Test/server/node_mo
dules/@prisma/client/runtime/library.js:121:6307)
      at l (C:\Users\JackyLi(CTHK)../../../../../../OneDrive - Continuous 
Technologies International Limited/Documents/ERP_Test/server/node_modules/@pris
ma/client/runtime/library.js:130:9633)
      at Object.<anonymous> (C:\Users\JackyLi(CTHK)../../../../../../OneDrive 
- Continuous Technologies International 
Limited/Documents/ERP_Test/server/src/__tests__/users.route.test.ts:88:5)

  ΓùÅ users routes ΓÇ║ PATCH /api/users/:id/identity ΓÇ║ should return 200 and 
update team and title for HR_ADMIN

    PrismaClientKnownRequestError: 
    Invalid `prisma.user.deleteMany()` invocation in
    C:\Users\JackyLi(CTHK)\OneDrive - Continuous Technologies International 
Limited\Documents\ERP_Test\server\src\__tests__\users.route.test.ts:19:23

      16 
      17 beforeEach(async () => {
      18   // Clean up
    ΓåÆ 19   await prisma.user.deleteMany(
    Foreign key constraint violated: `LeaveType_createdById_fkey (index)`

    [0m [90m 17 |[39m   beforeEach([36masync[39m () [33m=>[39m {
     [90m 18 |[39m     [90m// Clean up[39m
    [31m[1m>[22m[39m[90m 19 |[39m     [36mawait[39m 
prisma[33m.[39muser[33m.[39mdeleteMany({})[33m;[39m
     [90m    |[39m     [31m[1m^[22m[39m
     [90m 20 |[39m
     [90m 21 |[39m     [90m// Create HR_ADMIN[39m
     [90m 22 |[39m     [36mconst[39m hrAdmin [33m=[39m [36mawait[39m 
prisma[33m.[39muser[33m.[39mcreate({[0m

      at $n.handleRequestError 
(C:\Users\JackyLi(CTHK)../../../../../../OneDrive - Continuous Technologies 
International Limited/Documents/ERP_Test/server/node_modules/@prisma/client/run
time/library.js:121:7315)
      at $n.handleAndLogRequestError 
(C:\Users\JackyLi(CTHK)../../../../../../OneDrive - Continuous Technologies 
International Limited/Documents/ERP_Test/server/node_modules/@prisma/client/run
time/library.js:121:6623)
      at $n.request (C:\Users\JackyLi(CTHK)../../../../../../OneDrive - 
Continuous Technologies International Limited/Documents/ERP_Test/server/node_mo
dules/@prisma/client/runtime/library.js:121:6307)
      at l (C:\Users\JackyLi(CTHK)../../../../../../OneDrive - Continuous 
Technologies International Limited/Documents/ERP_Test/server/node_modules/@pris
ma/client/runtime/library.js:130:9633)
      at Object.<anonymous> (C:\Users\JackyLi(CTHK)../../../../../../OneDrive 
- Continuous Technologies International 
Limited/Documents/ERP_Test/server/src/__tests__/users.route.test.ts:19:5)

  ΓùÅ users routes ΓÇ║ PATCH /api/users/:id/identity ΓÇ║ should return 200 and 
update team and title for HR_ADMIN

    PrismaClientKnownRequestError: 
    Invalid `prisma.user.deleteMany()` invocation in
    C:\Users\JackyLi(CTHK)\OneDrive - Continuous Technologies International 
Limited\Documents\ERP_Test\server\src\__tests__\users.route.test.ts:88:23

      85 });
      86 
      87 afterEach(async () => {
    ΓåÆ 88   await prisma.user.deleteMany(
    Foreign key constraint violated: `LeaveType_createdById_fkey (index)`

    [0m [90m 86 |[39m
     [90m 87 |[39m   afterEach([36masync[39m () [33m=>[39m {
    [31m[1m>[22m[39m[90m 88 |[39m     [36mawait[39m 
prisma[33m.[39muser[33m.[39mdeleteMany({})[33m;[39m
     [90m    |[39m     [31m[1m^[22m[39m
     [90m 89 |[39m   })[33m;[39m
     [90m 90 |[39m
     [90m 91 |[39m   afterAll([36masync[39m () [33m=>[39m {[0m

      at $n.handleRequestError 
(C:\Users\JackyLi(CTHK)../../../../../../OneDrive - Continuous Technologies 
International Limited/Documents/ERP_Test/server/node_modules/@prisma/client/run
time/library.js:121:7315)
      at $n.handleAndLogRequestError 
(C:\Users\JackyLi(CTHK)../../../../../../OneDrive - Continuous Technologies 
International Limited/Documents/ERP_Test/server/node_modules/@prisma/client/run
time/library.js:121:6623)
      at $n.request (C:\Users\JackyLi(CTHK)../../../../../../OneDrive - 
Continuous Technologies International Limited/Documents/ERP_Test/server/node_mo
dules/@prisma/client/runtime/library.js:121:6307)
      at l (C:\Users\JackyLi(CTHK)../../../../../../OneDrive - Continuous 
Technologies International Limited/Documents/ERP_Test/server/node_modules/@pris
ma/client/runtime/library.js:130:9633)
      at Object.<anonymous> (C:\Users\JackyLi(CTHK)../../../../../../OneDrive 
- Continuous Technologies International 
Limited/Documents/ERP_Test/server/src/__tests__/users.route.test.ts:88:5)

  ΓùÅ users routes ΓÇ║ PATCH /api/users/:id/identity ΓÇ║ returns 400 when team 
exceeds 100 characters

    PrismaClientKnownRequestError: 
    Invalid `prisma.user.deleteMany()` invocation in
    C:\Users\JackyLi(CTHK)\OneDrive - Continuous Technologies International 
Limited\Documents\ERP_Test\server\src\__tests__\users.route.test.ts:19:23

      16 
      17 beforeEach(async () => {
      18   // Clean up
    ΓåÆ 19   await prisma.user.deleteMany(
    Foreign key constraint violated: `LeaveType_createdById_fkey (index)`

    [0m [90m 17 |[39m   beforeEach([36masync[39m () [33m=>[39m {
     [90m 18 |[39m     [90m// Clean up[39m
    [31m[1m>[22m[39m[90m 19 |[39m     [36mawait[39m 
prisma[33m.[39muser[33m.[39mdeleteMany({})[33m;[39m
     [90m    |[39m     [31m[1m^[22m[39m
     [90m 20 |[39m
     [90m 21 |[39m     [90m// Create HR_ADMIN[39m
     [90m 22 |[39m     [36mconst[39m hrAdmin [33m=[39m [36mawait[39m 
prisma[33m.[39muser[33m.[39mcreate({[0m

      at $n.handleRequestError 
(C:\Users\JackyLi(CTHK)../../../../../../OneDrive - Continuous Technologies 
International Limited/Documents/ERP_Test/server/node_modules/@prisma/client/run
time/library.js:121:7315)
      at $n.handleAndLogRequestError 
(C:\Users\JackyLi(CTHK)../../../../../../OneDrive - Continuous Technologies 
International Limited/Documents/ERP_Test/server/node_modules/@prisma/client/run
time/library.js:121:6623)
      at $n.request (C:\Users\JackyLi(CTHK)../../../../../../OneDrive - 
Continuous Technologies International Limited/Documents/ERP_Test/server/node_mo
dules/@prisma/client/runtime/library.js:121:6307)
      at l (C:\Users\JackyLi(CTHK)../../../../../../OneDrive - Continuous 
Technologies International Limited/Documents/ERP_Test/server/node_modules/@pris
ma/client/runtime/library.js:130:9633)
      at Object.<anonymous> (C:\Users\JackyLi(CTHK)../../../../../../OneDrive 
- Continuous Technologies International 
Limited/Documents/ERP_Test/server/src/__tests__/users.route.test.ts:19:5)

  ΓùÅ users routes ΓÇ║ PATCH /api/users/:id/identity ΓÇ║ returns 400 when team 
exceeds 100 characters

    PrismaClientKnownRequestError: 
    Invalid `prisma.user.deleteMany()` invocation in
    C:\Users\JackyLi(CTHK)\OneDrive - Continuous Technologies International 
Limited\Documents\ERP_Test\server\src\__tests__\users.route.test.ts:88:23

      85 });
      86 
      87 afterEach(async () => {
    ΓåÆ 88   await prisma.user.deleteMany(
    Foreign key constraint violated: `LeaveType_createdById_fkey (index)`

    [0m [90m 86 |[39m
     [90m 87 |[39m   afterEach([36masync[39m () [33m=>[39m {
    [31m[1m>[22m[39m[90m 88 |[39m     [36mawait[39m 
prisma[33m.[39muser[33m.[39mdeleteMany({})[33m;[39m
     [90m    |[39m     [31m[1m^[22m[39m
     [90m 89 |[39m   })[33m;[39m
     [90m 90 |[39m
     [90m 91 |[39m   afterAll([36masync[39m () [33m=>[39m {[0m

      at $n.handleRequestError 
(C:\Users\JackyLi(CTHK)../../../../../../OneDrive - Continuous Technologies 
International Limited/Documents/ERP_Test/server/node_modules/@prisma/client/run
time/library.js:121:7315)
      at $n.handleAndLogRequestError 
(C:\Users\JackyLi(CTHK)../../../../../../OneDrive - Continuous Technologies 
International Limited/Documents/ERP_Test/server/node_modules/@prisma/client/run
time/library.js:121:6623)
      at $n.request (C:\Users\JackyLi(CTHK)../../../../../../OneDrive - 
Continuous Technologies International Limited/Documents/ERP_Test/server/node_mo
dules/@prisma/client/runtime/library.js:121:6307)
      at l (C:\Users\JackyLi(CTHK)../../../../../../OneDrive - Continuous 
Technologies International Limited/Documents/ERP_Test/server/node_modules/@pris
ma/client/runtime/library.js:130:9633)
      at Object.<anonymous> (C:\Users\JackyLi(CTHK)../../../../../../OneDrive 
- Continuous Technologies International 
Limited/Documents/ERP_Test/server/src/__tests__/users.route.test.ts:88:5)

  ΓùÅ users routes ΓÇ║ PATCH /api/users/:id ΓÇ║ should return 401 without auth

    PrismaClientKnownRequestError: 
    Invalid `prisma.user.deleteMany()` invocation in
    C:\Users\JackyLi(CTHK)\OneDrive - Continuous Technologies International 
Limited\Documents\ERP_Test\server\src\__tests__\users.route.test.ts:19:23

      16 
      17 beforeEach(async () => {
      18   // Clean up
    ΓåÆ 19   await prisma.user.deleteMany(
    Foreign key constraint violated: `LeaveType_createdById_fkey (index)`

    [0m [90m 17 |[39m   beforeEach([36masync[39m () [33m=>[39m {
     [90m 18 |[39m     [90m// Clean up[39m
    [31m[1m>[22m[39m[90m 19 |[39m     [36mawait[39m 
prisma[33m.[39muser[33m.[39mdeleteMany({})[33m;[39m
     [90m    |[39m     [31m[1m^[22m[39m
     [90m 20 |[39m
     [90m 21 |[39m     [90m// Create HR_ADMIN[39m
     [90m 22 |[39m     [36mconst[39m hrAdmin [33m=[39m [36mawait[39m 
prisma[33m.[39muser[33m.[39mcreate({[0m

      at $n.handleRequestError 
(C:\Users\JackyLi(CTHK)../../../../../../OneDrive - Continuous Technologies 
International Limited/Documents/ERP_Test/server/node_modules/@prisma/client/run
time/library.js:121:7315)
      at $n.handleAndLogRequestError 
(C:\Users\JackyLi(CTHK)../../../../../../OneDrive - Continuous Technologies 
International Limited/Documents/ERP_Test/server/node_modules/@prisma/client/run
time/library.js:121:6623)
      at $n.request (C:\Users\JackyLi(CTHK)../../../../../../OneDrive - 
Continuous Technologies International Limited/Documents/ERP_Test/server/node_mo
dules/@prisma/client/runtime/library.js:121:6307)
      at l (C:\Users\JackyLi(CTHK)../../../../../../OneDrive - Continuous 
Technologies International Limited/Documents/ERP_Test/server/node_modules/@pris
ma/client/runtime/library.js:130:9633)
      at Object.<anonymous> (C:\Users\JackyLi(CTHK)../../../../../../OneDrive 
- Continuous Technologies International 
Limited/Documents/ERP_Test/server/src/__tests__/users.route.test.ts:19:5)

  ΓùÅ users routes ΓÇ║ PATCH /api/users/:id ΓÇ║ should return 401 without auth

    PrismaClientKnownRequestError: 
    Invalid `prisma.user.deleteMany()` invocation in
    C:\Users\JackyLi(CTHK)\OneDrive - Continuous Technologies International 
Limited\Documents\ERP_Test\server\src\__tests__\users.route.test.ts:88:23

      85 });
      86 
      87 afterEach(async () => {
    ΓåÆ 88   await prisma.user.deleteMany(
    Foreign key constraint violated: `LeaveType_createdById_fkey (index)`

    [0m [90m 86 |[39m
     [90m 87 |[39m   afterEach([36masync[39m () [33m=>[39m {
    [31m[1m>[22m[39m[90m 88 |[39m     [36mawait[39m 
prisma[33m.[39muser[33m.[39mdeleteMany({})[33m;[39m
     [90m    |[39m     [31m[1m^[22m[39m
     [90m 89 |[39m   })[33m;[39m
     [90m 90 |[39m
     [90m 91 |[39m   afterAll([36masync[39m () [33m=>[39m {[0m

      at $n.handleRequestError 
(C:\Users\JackyLi(CTHK)../../../../../../OneDrive - Continuous Technologies 
International Limited/Documents/ERP_Test/server/node_modules/@prisma/client/run
time/library.js:121:7315)
      at $n.handleAndLogRequestError 
(C:\Users\JackyLi(CTHK)../../../../../../OneDrive - Continuous Technologies 
International Limited/Documents/ERP_Test/server/node_modules/@prisma/client/run
time/library.js:121:6623)
      at $n.request (C:\Users\JackyLi(CTHK)../../../../../../OneDrive - 
Continuous Technologies International Limited/Documents/ERP_Test/server/node_mo
dules/@prisma/client/runtime/library.js:121:6307)
      at l (C:\Users\JackyLi(CTHK)../../../../../../OneDrive - Continuous 
Technologies International Limited/Documents/ERP_Test/server/node_modules/@pris
ma/client/runtime/library.js:130:9633)
      at Object.<anonymous> (C:\Users\JackyLi(CTHK)../../../../../../OneDrive 
- Continuous Technologies International 
Limited/Documents/ERP_Test/server/src/__tests__/users.route.test.ts:88:5)

  ΓùÅ users routes ΓÇ║ PATCH /api/users/:id ΓÇ║ should return 403 for MANAGER

    PrismaClientKnownRequestError: 
    Invalid `prisma.user.deleteMany()` invocation in
    C:\Users\JackyLi(CTHK)\OneDrive - Continuous Technologies International 
Limited\Documents\ERP_Test\server\src\__tests__\users.route.test.ts:19:23

      16 
      17 beforeEach(async () => {
      18   // Clean up
    ΓåÆ 19   await prisma.user.deleteMany(
    Foreign key constraint violated: `LeaveType_createdById_fkey (index)`

    [0m [90m 17 |[39m   beforeEach([36masync[39m () [33m=>[39m {
     [90m 18 |[39m     [90m// Clean up[39m
    [31m[1m>[22m[39m[90m 19 |[39m     [36mawait[39m 
prisma[33m.[39muser[33m.[39mdeleteMany({})[33m;[39m
     [90m    |[39m     [31m[1m^[22m[39m
     [90m 20 |[39m
     [90m 21 |[39m     [90m// Create HR_ADMIN[39m
     [90m 22 |[39m     [36mconst[39m hrAdmin [33m=[39m [36mawait[39m 
prisma[33m.[39muser[33m.[39mcreate({[0m

      at $n.handleRequestError 
(C:\Users\JackyLi(CTHK)../../../../../../OneDrive - Continuous Technologies 
International Limited/Documents/ERP_Test/server/node_modules/@prisma/client/run
time/library.js:121:7315)
      at $n.handleAndLogRequestError 
(C:\Users\JackyLi(CTHK)../../../../../../OneDrive - Continuous Technologies 
International Limited/Documents/ERP_Test/server/node_modules/@prisma/client/run
time/library.js:121:6623)
      at $n.request (C:\Users\JackyLi(CTHK)../../../../../../OneDrive - 
Continuous Technologies International Limited/Documents/ERP_Test/server/node_mo
dules/@prisma/client/runtime/library.js:121:6307)
      at l (C:\Users\JackyLi(CTHK)../../../../../../OneDrive - Continuous 
Technologies International Limited/Documents/ERP_Test/server/node_modules/@pris
ma/client/runtime/library.js:130:9633)
      at Object.<anonymous> (C:\Users\JackyLi(CTHK)../../../../../../OneDrive 
- Continuous Technologies International 
Limited/Documents/ERP_Test/server/src/__tests__/users.route.test.ts:19:5)

  ΓùÅ users routes ΓÇ║ PATCH /api/users/:id ΓÇ║ should return 403 for MANAGER

    PrismaClientKnownRequestError: 
    Invalid `prisma.user.deleteMany()` invocation in
    C:\Users\JackyLi(CTHK)\OneDrive - Continuous Technologies International 
Limited\Documents\ERP_Test\server\src\__tests__\users.route.test.ts:88:23

      85 });
      86 
      87 afterEach(async () => {
    ΓåÆ 88   await prisma.user.deleteMany(
    Foreign key constraint violated: `LeaveType_createdById_fkey (index)`

    [0m [90m 86 |[39m
     [90m 87 |[39m   afterEach([36masync[39m () [33m=>[39m {
    [31m[1m>[22m[39m[90m 88 |[39m     [36mawait[39m 
prisma[33m.[39muser[33m.[39mdeleteMany({})[33m;[39m
     [90m    |[39m     [31m[1m^[22m[39m
     [90m 89 |[39m   })[33m;[39m
     [90m 90 |[39m
     [90m 91 |[39m   afterAll([36masync[39m () [33m=>[39m {[0m

      at $n.handleRequestError 
(C:\Users\JackyLi(CTHK)../../../../../../OneDrive - Continuous Technologies 
International Limited/Documents/ERP_Test/server/node_modules/@prisma/client/run
time/library.js:121:7315)
      at $n.handleAndLogRequestError 
(C:\Users\JackyLi(CTHK)../../../../../../OneDrive - Continuous Technologies 
International Limited/Documents/ERP_Test/server/node_modules/@prisma/client/run
time/library.js:121:6623)
      at $n.request (C:\Users\JackyLi(CTHK)../../../../../../OneDrive - 
Continuous Technologies International Limited/Documents/ERP_Test/server/node_mo
dules/@prisma/client/runtime/library.js:121:6307)
      at l (C:\Users\JackyLi(CTHK)../../../../../../OneDrive - Continuous 
Technologies International Limited/Documents/ERP_Test/server/node_modules/@pris
ma/client/runtime/library.js:130:9633)
      at Object.<anonymous> (C:\Users\JackyLi(CTHK)../../../../../../OneDrive 
- Continuous Technologies International 
Limited/Documents/ERP_Test/server/src/__tests__/users.route.test.ts:88:5)

  ΓùÅ users routes ΓÇ║ PATCH /api/users/:id ΓÇ║ should return 404 for 
non-existent user

    PrismaClientKnownRequestError: 
    Invalid `prisma.user.deleteMany()` invocation in
    C:\Users\JackyLi(CTHK)\OneDrive - Continuous Technologies International 
Limited\Documents\ERP_Test\server\src\__tests__\users.route.test.ts:19:23

      16 
      17 beforeEach(async () => {
      18   // Clean up
    ΓåÆ 19   await prisma.user.deleteMany(
    Foreign key constraint violated: `LeaveType_createdById_fkey (index)`

    [0m [90m 17 |[39m   beforeEach([36masync[39m () [33m=>[39m {
     [90m 18 |[39m     [90m// Clean up[39m
    [31m[1m>[22m[39m[90m 19 |[39m     [36mawait[39m 
prisma[33m.[39muser[33m.[39mdeleteMany({})[33m;[39m
     [90m    |[39m     [31m[1m^[22m[39m
     [90m 20 |[39m
     [90m 21 |[39m     [90m// Create HR_ADMIN[39m
     [90m 22 |[39m     [36mconst[39m hrAdmin [33m=[39m [36mawait[39m 
prisma[33m.[39muser[33m.[39mcreate({[0m

      at $n.handleRequestError 
(C:\Users\JackyLi(CTHK)../../../../../../OneDrive - Continuous Technologies 
International Limited/Documents/ERP_Test/server/node_modules/@prisma/client/run
time/library.js:121:7315)
      at $n.handleAndLogRequestError 
(C:\Users\JackyLi(CTHK)../../../../../../OneDrive - Continuous Technologies 
International Limited/Documents/ERP_Test/server/node_modules/@prisma/client/run
time/library.js:121:6623)
      at $n.request (C:\Users\JackyLi(CTHK)../../../../../../OneDrive - 
Continuous Technologies International Limited/Documents/ERP_Test/server/node_mo
dules/@prisma/client/runtime/library.js:121:6307)
      at l (C:\Users\JackyLi(CTHK)../../../../../../OneDrive - Continuous 
Technologies International Limited/Documents/ERP_Test/server/node_modules/@pris
ma/client/runtime/library.js:130:9633)
      at Object.<anonymous> (C:\Users\JackyLi(CTHK)../../../../../../OneDrive 
- Continuous Technologies International 
Limited/Documents/ERP_Test/server/src/__tests__/users.route.test.ts:19:5)

  ΓùÅ users routes ΓÇ║ PATCH /api/users/:id ΓÇ║ should return 404 for 
non-existent user

    PrismaClientKnownRequestError: 
    Invalid `prisma.user.deleteMany()` invocation in
    C:\Users\JackyLi(CTHK)\OneDrive - Continuous Technologies International 
Limited\Documents\ERP_Test\server\src\__tests__\users.route.test.ts:88:23

      85 });
      86 
      87 afterEach(async () => {
    ΓåÆ 88   await prisma.user.deleteMany(
    Foreign key constraint violated: `LeaveType_createdById_fkey (index)`

    [0m [90m 86 |[39m
     [90m 87 |[39m   afterEach([36masync[39m () [33m=>[39m {
    [31m[1m>[22m[39m[90m 88 |[39m     [36mawait[39m 
prisma[33m.[39muser[33m.[39mdeleteMany({})[33m;[39m
     [90m    |[39m     [31m[1m^[22m[39m
     [90m 89 |[39m   })[33m;[39m
     [90m 90 |[39m
     [90m 91 |[39m   afterAll([36masync[39m () [33m=>[39m {[0m

      at $n.handleRequestError 
(C:\Users\JackyLi(CTHK)../../../../../../OneDrive - Continuous Technologies 
International Limited/Documents/ERP_Test/server/node_modules/@prisma/client/run
time/library.js:121:7315)
      at $n.handleAndLogRequestError 
(C:\Users\JackyLi(CTHK)../../../../../../OneDrive - Continuous Technologies 
International Limited/Documents/ERP_Test/server/node_modules/@prisma/client/run
time/library.js:121:6623)
      at $n.request (C:\Users\JackyLi(CTHK)../../../../../../OneDrive - 
Continuous Technologies International Limited/Documents/ERP_Test/server/node_mo
dules/@prisma/client/runtime/library.js:121:6307)
      at l (C:\Users\JackyLi(CTHK)../../../../../../OneDrive - Continuous 
Technologies International Limited/Documents/ERP_Test/server/node_modules/@pris
ma/client/runtime/library.js:130:9633)
      at Object.<anonymous> (C:\Users\JackyLi(CTHK)../../../../../../OneDrive 
- Continuous Technologies International 
Limited/Documents/ERP_Test/server/src/__tests__/users.route.test.ts:88:5)

  ΓùÅ users routes ΓÇ║ PATCH /api/users/:id ΓÇ║ should return 400 for invalid 
role value

    PrismaClientKnownRequestError: 
    Invalid `prisma.user.deleteMany()` invocation in
    C:\Users\JackyLi(CTHK)\OneDrive - Continuous Technologies International 
Limited\Documents\ERP_Test\server\src\__tests__\users.route.test.ts:19:23

      16 
      17 beforeEach(async () => {
      18   // Clean up
    ΓåÆ 19   await prisma.user.deleteMany(
    Foreign key constraint violated: `LeaveType_createdById_fkey (index)`

    [0m [90m 17 |[39m   beforeEach([36masync[39m () [33m=>[39m {
     [90m 18 |[39m     [90m// Clean up[39m
    [31m[1m>[22m[39m[90m 19 |[39m     [36mawait[39m 
prisma[33m.[39muser[33m.[39mdeleteMany({})[33m;[39m
     [90m    |[39m     [31m[1m^[22m[39m
     [90m 20 |[39m
     [90m 21 |[39m     [90m// Create HR_ADMIN[39m
     [90m 22 |[39m     [36mconst[39m hrAdmin [33m=[39m [36mawait[39m 
prisma[33m.[39muser[33m.[39mcreate({[0m

      at $n.handleRequestError 
(C:\Users\JackyLi(CTHK)../../../../../../OneDrive - Continuous Technologies 
International Limited/Documents/ERP_Test/server/node_modules/@prisma/client/run
time/library.js:121:7315)
      at $n.handleAndLogRequestError 
(C:\Users\JackyLi(CTHK)../../../../../../OneDrive - Continuous Technologies 
International Limited/Documents/ERP_Test/server/node_modules/@prisma/client/run
time/library.js:121:6623)
      at $n.request (C:\Users\JackyLi(CTHK)../../../../../../OneDrive - 
Continuous Technologies International Limited/Documents/ERP_Test/server/node_mo
dules/@prisma/client/runtime/library.js:121:6307)
      at l (C:\Users\JackyLi(CTHK)../../../../../../OneDrive - Continuous 
Technologies International Limited/Documents/ERP_Test/server/node_modules/@pris
ma/client/runtime/library.js:130:9633)
      at Object.<anonymous> (C:\Users\JackyLi(CTHK)../../../../../../OneDrive 
- Continuous Technologies International 
Limited/Documents/ERP_Test/server/src/__tests__/users.route.test.ts:19:5)

  ΓùÅ users routes ΓÇ║ PATCH /api/users/:id ΓÇ║ should return 400 for invalid 
role value

    PrismaClientKnownRequestError: 
    Invalid `prisma.user.deleteMany()` invocation in
    C:\Users\JackyLi(CTHK)\OneDrive - Continuous Technologies International 
Limited\Documents\ERP_Test\server\src\__tests__\users.route.test.ts:88:23

      85 });
      86 
      87 afterEach(async () => {
    ΓåÆ 88   await prisma.user.deleteMany(
    Foreign key constraint violated: `LeaveType_createdById_fkey (index)`

    [0m [90m 86 |[39m
     [90m 87 |[39m   afterEach([36masync[39m () [33m=>[39m {
    [31m[1m>[22m[39m[90m 88 |[39m     [36mawait[39m 
prisma[33m.[39muser[33m.[39mdeleteMany({})[33m;[39m
     [90m    |[39m     [31m[1m^[22m[39m
     [90m 89 |[39m   })[33m;[39m
     [90m 90 |[39m
     [90m 91 |[39m   afterAll([36masync[39m () [33m=>[39m {[0m

      at $n.handleRequestError 
(C:\Users\JackyLi(CTHK)../../../../../../OneDrive - Continuous Technologies 
International Limited/Documents/ERP_Test/server/node_modules/@prisma/client/run
time/library.js:121:7315)
      at $n.handleAndLogRequestError 
(C:\Users\JackyLi(CTHK)../../../../../../OneDrive - Continuous Technologies 
International Limited/Documents/ERP_Test/server/node_modules/@prisma/client/run
time/library.js:121:6623)
      at $n.request (C:\Users\JackyLi(CTHK)../../../../../../OneDrive - 
Continuous Technologies International Limited/Documents/ERP_Test/server/node_mo
dules/@prisma/client/runtime/library.js:121:6307)
      at l (C:\Users\JackyLi(CTHK)../../../../../../OneDrive - Continuous 
Technologies International Limited/Documents/ERP_Test/server/node_modules/@pris
ma/client/runtime/library.js:130:9633)
      at Object.<anonymous> (C:\Users\JackyLi(CTHK)../../../../../../OneDrive 
- Continuous Technologies International 
Limited/Documents/ERP_Test/server/src/__tests__/users.route.test.ts:88:5)

  ΓùÅ users routes ΓÇ║ PATCH /api/users/:id ΓÇ║ should return 200 and update 
role for HR_ADMIN

    PrismaClientKnownRequestError: 
    Invalid `prisma.user.deleteMany()` invocation in
    C:\Users\JackyLi(CTHK)\OneDrive - Continuous Technologies International 
Limited\Documents\ERP_Test\server\src\__tests__\users.route.test.ts:19:23

      16 
      17 beforeEach(async () => {
      18   // Clean up
    ΓåÆ 19   await prisma.user.deleteMany(
    Foreign key constraint violated: `LeaveType_createdById_fkey (index)`

    [0m [90m 17 |[39m   beforeEach([36masync[39m () [33m=>[39m {
     [90m 18 |[39m     [90m// Clean up[39m
    [31m[1m>[22m[39m[90m 19 |[39m     [36mawait[39m 
prisma[33m.[39muser[33m.[39mdeleteMany({})[33m;[39m
     [90m    |[39m     [31m[1m^[22m[39m
     [90m 20 |[39m
     [90m 21 |[39m     [90m// Create HR_ADMIN[39m
     [90m 22 |[39m     [36mconst[39m hrAdmin [33m=[39m [36mawait[39m 
prisma[33m.[39muser[33m.[39mcreate({[0m

      at $n.handleRequestError 
(C:\Users\JackyLi(CTHK)../../../../../../OneDrive - Continuous Technologies 
International Limited/Documents/ERP_Test/server/node_modules/@prisma/client/run
time/library.js:121:7315)
      at $n.handleAndLogRequestError 
(C:\Users\JackyLi(CTHK)../../../../../../OneDrive - Continuous Technologies 
International Limited/Documents/ERP_Test/server/node_modules/@prisma/client/run
time/library.js:121:6623)
      at $n.request (C:\Users\JackyLi(CTHK)../../../../../../OneDrive - 
Continuous Technologies International Limited/Documents/ERP_Test/server/node_mo
dules/@prisma/client/runtime/library.js:121:6307)
      at l (C:\Users\JackyLi(CTHK)../../../../../../OneDrive - Continuous 
Technologies International Limited/Documents/ERP_Test/server/node_modules/@pris
ma/client/runtime/library.js:130:9633)
      at Object.<anonymous> (C:\Users\JackyLi(CTHK)../../../../../../OneDrive 
- Continuous Technologies International 
Limited/Documents/ERP_Test/server/src/__tests__/users.route.test.ts:19:5)

  ΓùÅ users routes ΓÇ║ PATCH /api/users/:id ΓÇ║ should return 200 and update 
role for HR_ADMIN

    PrismaClientKnownRequestError: 
    Invalid `prisma.user.deleteMany()` invocation in
    C:\Users\JackyLi(CTHK)\OneDrive - Continuous Technologies International 
Limited\Documents\ERP_Test\server\src\__tests__\users.route.test.ts:88:23

      85 });
      86 
      87 afterEach(async () => {
    ΓåÆ 88   await prisma.user.deleteMany(
    Foreign key constraint violated: `LeaveType_createdById_fkey (index)`

    [0m [90m 86 |[39m
     [90m 87 |[39m   afterEach([36masync[39m () [33m=>[39m {
    [31m[1m>[22m[39m[90m 88 |[39m     [36mawait[39m 
prisma[33m.[39muser[33m.[39mdeleteMany({})[33m;[39m
     [90m    |[39m     [31m[1m^[22m[39m
     [90m 89 |[39m   })[33m;[39m
     [90m 90 |[39m
     [90m 91 |[39m   afterAll([36masync[39m () [33m=>[39m {[0m

      at $n.handleRequestError 
(C:\Users\JackyLi(CTHK)../../../../../../OneDrive - Continuous Technologies 
International Limited/Documents/ERP_Test/server/node_modules/@prisma/client/run
time/library.js:121:7315)
      at $n.handleAndLogRequestError 
(C:\Users\JackyLi(CTHK)../../../../../../OneDrive - Continuous Technologies 
International Limited/Documents/ERP_Test/server/node_modules/@prisma/client/run
time/library.js:121:6623)
      at $n.request (C:\Users\JackyLi(CTHK)../../../../../../OneDrive - 
Continuous Technologies International Limited/Documents/ERP_Test/server/node_mo
dules/@prisma/client/runtime/library.js:121:6307)
      at l (C:\Users\JackyLi(CTHK)../../../../../../OneDrive - Continuous 
Technologies International Limited/Documents/ERP_Test/server/node_modules/@pris
ma/client/runtime/library.js:130:9633)
      at Object.<anonymous> (C:\Users\JackyLi(CTHK)../../../../../../OneDrive 
- Continuous Technologies International 
Limited/Documents/ERP_Test/server/src/__tests__/users.route.test.ts:88:5)

PASS src/__tests__/leaveTypes.test.ts
  ΓùÅ Console

    console.log
      [dotenv@17.3.1] injecting env (10) from ..\.env -- tip: ≡ƒ¢á∩╕Å  run 
anywhere with `dotenvx run -- yourcommand`

      at _log (C:\Users\JackyLi(CTHK)../../../../../../OneDrive - Continuous 
Technologies International 
Limited/Documents/ERP_Test/node_modules/dotenv/lib/main.js:139:11)

    console.error
      Error: Unauthorized: Missing or invalid Authorization header
          at requireAuth (C:\Users\JackyLi(CTHK)\OneDrive - Continuous 
Technologies International 
Limited\Documents\ERP_Test\server\src\middleware\requireAuth.ts:12:11)
          at Layer.handleRequest (C:\Users\JackyLi(CTHK)\OneDrive - Continuous 
Technologies International 
Limited\Documents\ERP_Test\node_modules\router\lib\layer.js:152:17)
          at next (C:\Users\JackyLi(CTHK)\OneDrive - Continuous Technologies 
International 
Limited\Documents\ERP_Test\node_modules\router\lib\route.js:157:13)
          at Route.dispatch (C:\Users\JackyLi(CTHK)\OneDrive - Continuous 
Technologies International 
Limited\Documents\ERP_Test\node_modules\router\lib\route.js:117:3)
          at handle (C:\Users\JackyLi(CTHK)\OneDrive - Continuous Technologies 
International Limited\Documents\ERP_Test\node_modules\router\index.js:435:11)
          at Layer.handleRequest (C:\Users\JackyLi(CTHK)\OneDrive - Continuous 
Technologies International 
Limited\Documents\ERP_Test\node_modules\router\lib\layer.js:152:17)
          at C:\Users\JackyLi(CTHK)\OneDrive - Continuous Technologies 
International Limited\Documents\ERP_Test\node_modules\router\index.js:295:15
          at processParams (C:\Users\JackyLi(CTHK)\OneDrive - Continuous 
Technologies International 
Limited\Documents\ERP_Test\node_modules\router\index.js:582:12)
          at next (C:\Users\JackyLi(CTHK)\OneDrive - Continuous Technologies 
International Limited\Documents\ERP_Test\node_modules\router\index.js:291:5)
          at router.handle (C:\Users\JackyLi(CTHK)\OneDrive - Continuous 
Technologies International 
Limited\Documents\ERP_Test\node_modules\router\index.js:186:3)
          at router (C:\Users\JackyLi(CTHK)\OneDrive - Continuous Technologies 
International Limited\Documents\ERP_Test\node_modules\router\index.js:60:12)
          at Layer.handleRequest (C:\Users\JackyLi(CTHK)\OneDrive - Continuous 
Technologies International 
Limited\Documents\ERP_Test\node_modules\router\lib\layer.js:152:17)
          at trimPrefix (C:\Users\JackyLi(CTHK)\OneDrive - Continuous 
Technologies International 
Limited\Documents\ERP_Test\node_modules\router\index.js:342:13)
          at C:\Users\JackyLi(CTHK)\OneDrive - Continuous Technologies 
International Limited\Documents\ERP_Test\node_modules\router\index.js:297:9
          ... collapsed 7 duplicate lines matching above lines ...
          at processParams (C:\Users\JackyLi(CTHK)\OneDrive - Continuous 
Technologies International 
Limited\Documents\ERP_Test\node_modules\router\index.js:582:12)
          at next (C:\Users\JackyLi(CTHK)\OneDrive - Continuous Technologies 
International Limited\Documents\ERP_Test\node_modules\router\index.js:291:5)
          at C:\Users\JackyLi(CTHK)\OneDrive - Continuous Technologies 
International 
Limited\Documents\ERP_Test\node_modules\express-rate-limit\dist\index.cjs:947:7
          at processTicksAndRejections 
(node:internal/process/task_queues:103:5)
          at C:\Users\JackyLi(CTHK)\OneDrive - Continuous Technologies 
International 
Limited\Documents\ERP_Test\node_modules\express-rate-limit\dist\index.cjs:830:5

    [0m [90m 59 |[39m   [90m// eslint-disable-next-line 
@typescript-eslint/no-unused-vars[39m
     [90m 60 |[39m   app[33m.[39muse((err[33m:[39m 
[33mError[39m[33m,[39m _req[33m:[39m [33mRequest[39m[33m,[39m 
res[33m:[39m [33mResponse[39m[33m,[39m _next[33m:[39m 
[33mNextFunction[39m) [33m=>[39m {
    [31m[1m>[22m[39m[90m 61 |[39m     
console[33m.[39merror(err)[33m;[39m
     [90m    |[39m             [31m[1m^[22m[39m
     [90m 62 |[39m     [36mif[39m 
(err[33m.[39mmessage[33m.[39mincludes([32m"Unauthorized"[39m)) {
     [90m 63 |[39m       
res[33m.[39mstatus([35m401[39m)[33m.[39mjson({ message[33m:[39m 
err[33m.[39mmessage })[33m;[39m
     [90m 64 |[39m     } [36melse[39m [36mif[39m 
(err[33m.[39mmessage[33m.[39mincludes([32m"Forbidden"[39m)) {[0m

      at C:\Users\JackyLi(CTHK)../../../../../../OneDrive - Continuous 
Technologies International Limited/Documents/ERP_Test/server/src/app.ts:61:13
      at Layer.handleError (C:\Users\JackyLi(CTHK)../../../../../../OneDrive - 
Continuous Technologies International 
Limited/Documents/ERP_Test/node_modules/router/lib/layer.js:116:17)
      at trimPrefix (C:\Users\JackyLi(CTHK)../../../../../../OneDrive - 
Continuous Technologies International 
Limited/Documents/ERP_Test/node_modules/router/index.js:340:13)
      at C:\Users\JackyLi(CTHK)../../../../../../OneDrive - Continuous 
Technologies International 
Limited/Documents/ERP_Test/node_modules/router/index.js:297:9
      at processParams (C:\Users\JackyLi(CTHK)../../../../../../OneDrive - 
Continuous Technologies International 
Limited/Documents/ERP_Test/node_modules/router/index.js:582:12)
      at next (C:\Users\JackyLi(CTHK)../../../../../../OneDrive - Continuous 
Technologies International 
Limited/Documents/ERP_Test/node_modules/router/index.js:291:5)
      at Layer.handleError (C:\Users\JackyLi(CTHK)../../../../../../OneDrive - 
Continuous Technologies International 
Limited/Documents/ERP_Test/node_modules/router/lib/layer.js:111:12)
      at trimPrefix (C:\Users\JackyLi(CTHK)../../../../../../OneDrive - 
Continuous Technologies International 
Limited/Documents/ERP_Test/node_modules/router/index.js:340:13)
      at C:\Users\JackyLi(CTHK)../../../../../../OneDrive - Continuous 
Technologies International 
Limited/Documents/ERP_Test/node_modules/router/index.js:297:9
      at processParams (C:\Users\JackyLi(CTHK)../../../../../../OneDrive - 
Continuous Technologies International 
Limited/Documents/ERP_Test/node_modules/router/index.js:582:12)
      at next (C:\Users\JackyLi(CTHK)../../../../../../OneDrive - Continuous 
Technologies International 
Limited/Documents/ERP_Test/node_modules/router/index.js:291:5)
      at C:\Users\JackyLi(CTHK)../../../../../../OneDrive - Continuous 
Technologies International 
Limited/Documents/ERP_Test/node_modules/router/index.js:688:15
      at next (C:\Users\JackyLi(CTHK)../../../../../../OneDrive - Continuous 
Technologies International 
Limited/Documents/ERP_Test/node_modules/router/index.js:276:14)
      at Layer.handleError (C:\Users\JackyLi(CTHK)../../../../../../OneDrive - 
Continuous Technologies International 
Limited/Documents/ERP_Test/node_modules/router/lib/layer.js:111:12)
      at trimPrefix (C:\Users\JackyLi(CTHK)../../../../../../OneDrive - 
Continuous Technologies International 
Limited/Documents/ERP_Test/node_modules/router/index.js:340:13)
      at C:\Users\JackyLi(CTHK)../../../../../../OneDrive - Continuous 
Technologies International 
Limited/Documents/ERP_Test/node_modules/router/index.js:297:9
      at processParams (C:\Users\JackyLi(CTHK)../../../../../../OneDrive - 
Continuous Technologies International 
Limited/Documents/ERP_Test/node_modules/router/index.js:582:12)
      at next (C:\Users\JackyLi(CTHK)../../../../../../OneDrive - Continuous 
Technologies International 
Limited/Documents/ERP_Test/node_modules/router/index.js:291:5)
      at C:\Users\JackyLi(CTHK)../../../../../../OneDrive - Continuous 
Technologies International 
Limited/Documents/ERP_Test/node_modules/router/index.js:688:15
      at next (C:\Users\JackyLi(CTHK)../../../../../../OneDrive - Continuous 
Technologies International 
Limited/Documents/ERP_Test/node_modules/router/index.js:276:14)
      at next (C:\Users\JackyLi(CTHK)../../../../../../OneDrive - Continuous 
Technologies International 
Limited/Documents/ERP_Test/node_modules/router/lib/route.js:132:14)
      at Layer.handleError (C:\Users\JackyLi(CTHK)../../../../../../OneDrive - 
Continuous Technologies International 
Limited/Documents/ERP_Test/node_modules/router/lib/layer.js:111:12)
      at next (C:\Users\JackyLi(CTHK)../../../../../../OneDrive - Continuous 
Technologies International 
Limited/Documents/ERP_Test/node_modules/router/lib/route.js:155:13)
      at Layer.handleRequest (C:\Users\JackyLi(CTHK)../../../../../../OneDrive 
- Continuous Technologies International 
Limited/Documents/ERP_Test/node_modules/router/lib/layer.js:165:5)
      at next (C:\Users\JackyLi(CTHK)../../../../../../OneDrive - Continuous 
Technologies International 
Limited/Documents/ERP_Test/node_modules/router/lib/route.js:157:13)
      at Route.dispatch (C:\Users\JackyLi(CTHK)../../../../../../OneDrive - 
Continuous Technologies International 
Limited/Documents/ERP_Test/node_modules/router/lib/route.js:117:3)
      at handle (C:\Users\JackyLi(CTHK)../../../../../../OneDrive - Continuous 
Technologies International 
Limited/Documents/ERP_Test/node_modules/router/index.js:435:11)
      at Layer.handleRequest (C:\Users\JackyLi(CTHK)../../../../../../OneDrive 
- Continuous Technologies International 
Limited/Documents/ERP_Test/node_modules/router/lib/layer.js:152:17)
      at C:\Users\JackyLi(CTHK)../../../../../../OneDrive - Continuous 
Technologies International 
Limited/Documents/ERP_Test/node_modules/router/index.js:295:15
      at processParams (C:\Users\JackyLi(CTHK)../../../../../../OneDrive - 
Continuous Technologies International 
Limited/Documents/ERP_Test/node_modules/router/index.js:582:12)
      at next (C:\Users\JackyLi(CTHK)../../../../../../OneDrive - Continuous 
Technologies International 
Limited/Documents/ERP_Test/node_modules/router/index.js:291:5)
      at router.handle (C:\Users\JackyLi(CTHK)../../../../../../OneDrive - 
Continuous Technologies International 
Limited/Documents/ERP_Test/node_modules/router/index.js:186:3)
      at router (C:\Users\JackyLi(CTHK)../../../../../../OneDrive - Continuous 
Technologies International 
Limited/Documents/ERP_Test/node_modules/router/index.js:60:12)
      at Layer.handleRequest (C:\Users\JackyLi(CTHK)../../../../../../OneDrive 
- Continuous Technologies International 
Limited/Documents/ERP_Test/node_modules/router/lib/layer.js:152:17)
      at trimPrefix (C:\Users\JackyLi(CTHK)../../../../../../OneDrive - 
Continuous Technologies International 
Limited/Documents/ERP_Test/node_modules/router/index.js:342:13)
      at C:\Users\JackyLi(CTHK)../../../../../../OneDrive - Continuous 
Technologies International 
Limited/Documents/ERP_Test/node_modules/router/index.js:297:9
      at processParams (C:\Users\JackyLi(CTHK)../../../../../../OneDrive - 
Continuous Technologies International 
Limited/Documents/ERP_Test/node_modules/router/index.js:582:12)
      at next (C:\Users\JackyLi(CTHK)../../../../../../OneDrive - Continuous 
Technologies International 
Limited/Documents/ERP_Test/node_modules/router/index.js:291:5)
      at router.handle (C:\Users\JackyLi(CTHK)../../../../../../OneDrive - 
Continuous Technologies International 
Limited/Documents/ERP_Test/node_modules/router/index.js:186:3)
      at router (C:\Users\JackyLi(CTHK)../../../../../../OneDrive - Continuous 
Technologies International 
Limited/Documents/ERP_Test/node_modules/router/index.js:60:12)
      at Layer.handleRequest (C:\Users\JackyLi(CTHK)../../../../../../OneDrive 
- Continuous Technologies International 
Limited/Documents/ERP_Test/node_modules/router/lib/layer.js:152:17)
      at trimPrefix (C:\Users\JackyLi(CTHK)../../../../../../OneDrive - 
Continuous Technologies International 
Limited/Documents/ERP_Test/node_modules/router/index.js:342:13)
      at C:\Users\JackyLi(CTHK)../../../../../../OneDrive - Continuous 
Technologies International 
Limited/Documents/ERP_Test/node_modules/router/index.js:297:9
      at processParams (C:\Users\JackyLi(CTHK)../../../../../../OneDrive - 
Continuous Technologies International 
Limited/Documents/ERP_Test/node_modules/router/index.js:582:12)
      at next (C:\Users\JackyLi(CTHK)../../../../../../OneDrive - Continuous 
Technologies International 
Limited/Documents/ERP_Test/node_modules/router/index.js:291:5)
      at C:\Users\JackyLi(CTHK)../../../../../../OneDrive - Continuous 
Technologies International 
Limited/Documents/ERP_Test/node_modules/express-rate-limit/dist/index.cjs:947:7
      at C:\Users\JackyLi(CTHK)../../../../../../OneDrive - Continuous 
Technologies International 
Limited/Documents/ERP_Test/node_modules/express-rate-limit/dist/index.cjs:830:5

    console.error
      Error: Forbidden: User role 'EMPLOYEE' does not have permission for this 
resource
          at C:\Users\JackyLi(CTHK)\OneDrive - Continuous Technologies 
International 
Limited\Documents\ERP_Test\server\src\middleware\requireRole.ts:17:13
          at Layer.handleRequest (C:\Users\JackyLi(CTHK)\OneDrive - Continuous 
Technologies International 
Limited\Documents\ERP_Test\node_modules\router\lib\layer.js:152:17)
          at next (C:\Users\JackyLi(CTHK)\OneDrive - Continuous Technologies 
International 
Limited\Documents\ERP_Test\node_modules\router\lib\route.js:157:13)
          at requireAuth (C:\Users\JackyLi(CTHK)\OneDrive - Continuous 
Technologies International 
Limited\Documents\ERP_Test\server\src\middleware\requireAuth.ts:23:5)
          at Layer.handleRequest (C:\Users\JackyLi(CTHK)\OneDrive - Continuous 
Technologies International 
Limited\Documents\ERP_Test\node_modules\router\lib\layer.js:152:17)
          at next (C:\Users\JackyLi(CTHK)\OneDrive - Continuous Technologies 
International 
Limited\Documents\ERP_Test\node_modules\router\lib\route.js:157:13)
          at Route.dispatch (C:\Users\JackyLi(CTHK)\OneDrive - Continuous 
Technologies International 
Limited\Documents\ERP_Test\node_modules\router\lib\route.js:117:3)
          at handle (C:\Users\JackyLi(CTHK)\OneDrive - Continuous Technologies 
International Limited\Documents\ERP_Test\node_modules\router\index.js:435:11)
          at Layer.handleRequest (C:\Users\JackyLi(CTHK)\OneDrive - Continuous 
Technologies International 
Limited\Documents\ERP_Test\node_modules\router\lib\layer.js:152:17)
          at C:\Users\JackyLi(CTHK)\OneDrive - Continuous Technologies 
International Limited\Documents\ERP_Test\node_modules\router\index.js:295:15
          at processParams (C:\Users\JackyLi(CTHK)\OneDrive - Continuous 
Technologies International 
Limited\Documents\ERP_Test\node_modules\router\index.js:582:12)
          at next (C:\Users\JackyLi(CTHK)\OneDrive - Continuous Technologies 
International Limited\Documents\ERP_Test\node_modules\router\index.js:291:5)
          at router.handle (C:\Users\JackyLi(CTHK)\OneDrive - Continuous 
Technologies International 
Limited\Documents\ERP_Test\node_modules\router\index.js:186:3)
          at router (C:\Users\JackyLi(CTHK)\OneDrive - Continuous Technologies 
International Limited\Documents\ERP_Test\node_modules\router\index.js:60:12)
          at Layer.handleRequest (C:\Users\JackyLi(CTHK)\OneDrive - Continuous 
Technologies International 
Limited\Documents\ERP_Test\node_modules\router\lib\layer.js:152:17)
          at trimPrefix (C:\Users\JackyLi(CTHK)\OneDrive - Continuous 
Technologies International 
Limited\Documents\ERP_Test\node_modules\router\index.js:342:13)
          at C:\Users\JackyLi(CTHK)\OneDrive - Continuous Technologies 
International Limited\Documents\ERP_Test\node_modules\router\index.js:297:9
          ... collapsed 7 duplicate lines matching above lines ...
          at processParams (C:\Users\JackyLi(CTHK)\OneDrive - Continuous 
Technologies International 
Limited\Documents\ERP_Test\node_modules\router\index.js:582:12)
          at next (C:\Users\JackyLi(CTHK)\OneDrive - Continuous Technologies 
International Limited\Documents\ERP_Test\node_modules\router\index.js:291:5)
          at C:\Users\JackyLi(CTHK)\OneDrive - Continuous Technologies 
International 
Limited\Documents\ERP_Test\node_modules\express-rate-limit\dist\index.cjs:947:7
          at processTicksAndRejections 
(node:internal/process/task_queues:103:5)
          at C:\Users\JackyLi(CTHK)\OneDrive - Continuous Technologies 
International 
Limited\Documents\ERP_Test\node_modules\express-rate-limit\dist\index.cjs:830:5

    [0m [90m 59 |[39m   [90m// eslint-disable-next-line 
@typescript-eslint/no-unused-vars[39m
     [90m 60 |[39m   app[33m.[39muse((err[33m:[39m 
[33mError[39m[33m,[39m _req[33m:[39m [33mRequest[39m[33m,[39m 
res[33m:[39m [33mResponse[39m[33m,[39m _next[33m:[39m 
[33mNextFunction[39m) [33m=>[39m {
    [31m[1m>[22m[39m[90m 61 |[39m     
console[33m.[39merror(err)[33m;[39m
     [90m    |[39m             [31m[1m^[22m[39m
     [90m 62 |[39m     [36mif[39m 
(err[33m.[39mmessage[33m.[39mincludes([32m"Unauthorized"[39m)) {
     [90m 63 |[39m       
res[33m.[39mstatus([35m401[39m)[33m.[39mjson({ message[33m:[39m 
err[33m.[39mmessage })[33m;[39m
     [90m 64 |[39m     } [36melse[39m [36mif[39m 
(err[33m.[39mmessage[33m.[39mincludes([32m"Forbidden"[39m)) {[0m

      at C:\Users\JackyLi(CTHK)../../../../../../OneDrive - Continuous 
Technologies International Limited/Documents/ERP_Test/server/src/app.ts:61:13
      at Layer.handleError (C:\Users\JackyLi(CTHK)../../../../../../OneDrive - 
Continuous Technologies International 
Limited/Documents/ERP_Test/node_modules/router/lib/layer.js:116:17)
      at trimPrefix (C:\Users\JackyLi(CTHK)../../../../../../OneDrive - 
Continuous Technologies International 
Limited/Documents/ERP_Test/node_modules/router/index.js:340:13)
      at C:\Users\JackyLi(CTHK)../../../../../../OneDrive - Continuous 
Technologies International 
Limited/Documents/ERP_Test/node_modules/router/index.js:297:9
      at processParams (C:\Users\JackyLi(CTHK)../../../../../../OneDrive - 
Continuous Technologies International 
Limited/Documents/ERP_Test/node_modules/router/index.js:582:12)
      at next (C:\Users\JackyLi(CTHK)../../../../../../OneDrive - Continuous 
Technologies International 
Limited/Documents/ERP_Test/node_modules/router/index.js:291:5)
      at Layer.handleError (C:\Users\JackyLi(CTHK)../../../../../../OneDrive - 
Continuous Technologies International 
Limited/Documents/ERP_Test/node_modules/router/lib/layer.js:111:12)
      at trimPrefix (C:\Users\JackyLi(CTHK)../../../../../../OneDrive - 
Continuous Technologies International 
Limited/Documents/ERP_Test/node_modules/router/index.js:340:13)
      at C:\Users\JackyLi(CTHK)../../../../../../OneDrive - Continuous 
Technologies International 
Limited/Documents/ERP_Test/node_modules/router/index.js:297:9
      at processParams (C:\Users\JackyLi(CTHK)../../../../../../OneDrive - 
Continuous Technologies International 
Limited/Documents/ERP_Test/node_modules/router/index.js:582:12)
      at next (C:\Users\JackyLi(CTHK)../../../../../../OneDrive - Continuous 
Technologies International 
Limited/Documents/ERP_Test/node_modules/router/index.js:291:5)
      at C:\Users\JackyLi(CTHK)../../../../../../OneDrive - Continuous 
Technologies International 
Limited/Documents/ERP_Test/node_modules/router/index.js:688:15
      at next (C:\Users\JackyLi(CTHK)../../../../../../OneDrive - Continuous 
Technologies International 
Limited/Documents/ERP_Test/node_modules/router/index.js:276:14)
      at Layer.handleError (C:\Users\JackyLi(CTHK)../../../../../../OneDrive - 
Continuous Technologies International 
Limited/Documents/ERP_Test/node_modules/router/lib/layer.js:111:12)
      at trimPrefix (C:\Users\JackyLi(CTHK)../../../../../../OneDrive - 
Continuous Technologies International 
Limited/Documents/ERP_Test/node_modules/router/index.js:340:13)
      at C:\Users\JackyLi(CTHK)../../../../../../OneDrive - Continuous 
Technologies International 
Limited/Documents/ERP_Test/node_modules/router/index.js:297:9
      at processParams (C:\Users\JackyLi(CTHK)../../../../../../OneDrive - 
Continuous Technologies International 
Limited/Documents/ERP_Test/node_modules/router/index.js:582:12)
      at next (C:\Users\JackyLi(CTHK)../../../../../../OneDrive - Continuous 
Technologies International 
Limited/Documents/ERP_Test/node_modules/router/index.js:291:5)
      at C:\Users\JackyLi(CTHK)../../../../../../OneDrive - Continuous 
Technologies International 
Limited/Documents/ERP_Test/node_modules/router/index.js:688:15
      at next (C:\Users\JackyLi(CTHK)../../../../../../OneDrive - Continuous 
Technologies International 
Limited/Documents/ERP_Test/node_modules/router/index.js:276:14)
      at next (C:\Users\JackyLi(CTHK)../../../../../../OneDrive - Continuous 
Technologies International 
Limited/Documents/ERP_Test/node_modules/router/lib/route.js:132:14)
      at Layer.handleError (C:\Users\JackyLi(CTHK)../../../../../../OneDrive - 
Continuous Technologies International 
Limited/Documents/ERP_Test/node_modules/router/lib/layer.js:111:12)
      at next (C:\Users\JackyLi(CTHK)../../../../../../OneDrive - Continuous 
Technologies International 
Limited/Documents/ERP_Test/node_modules/router/lib/route.js:155:13)
      at Layer.handleRequest (C:\Users\JackyLi(CTHK)../../../../../../OneDrive 
- Continuous Technologies International 
Limited/Documents/ERP_Test/node_modules/router/lib/layer.js:165:5)
      at next (C:\Users\JackyLi(CTHK)../../../../../../OneDrive - Continuous 
Technologies International 
Limited/Documents/ERP_Test/node_modules/router/lib/route.js:157:13)
      at requireAuth (C:\Users\JackyLi(CTHK)../../../../../../OneDrive - 
Continuous Technologies International 
Limited/Documents/ERP_Test/server/src/middleware/requireAuth.ts:23:5)
      at Layer.handleRequest (C:\Users\JackyLi(CTHK)../../../../../../OneDrive 
- Continuous Technologies International 
Limited/Documents/ERP_Test/node_modules/router/lib/layer.js:152:17)
      at next (C:\Users\JackyLi(CTHK)../../../../../../OneDrive - Continuous 
Technologies International 
Limited/Documents/ERP_Test/node_modules/router/lib/route.js:157:13)
      at Route.dispatch (C:\Users\JackyLi(CTHK)../../../../../../OneDrive - 
Continuous Technologies International 
Limited/Documents/ERP_Test/node_modules/router/lib/route.js:117:3)
      at handle (C:\Users\JackyLi(CTHK)../../../../../../OneDrive - Continuous 
Technologies International 
Limited/Documents/ERP_Test/node_modules/router/index.js:435:11)
      at Layer.handleRequest (C:\Users\JackyLi(CTHK)../../../../../../OneDrive 
- Continuous Technologies International 
Limited/Documents/ERP_Test/node_modules/router/lib/layer.js:152:17)
      at C:\Users\JackyLi(CTHK)../../../../../../OneDrive - Continuous 
Technologies International 
Limited/Documents/ERP_Test/node_modules/router/index.js:295:15
      at processParams (C:\Users\JackyLi(CTHK)../../../../../../OneDrive - 
Continuous Technologies International 
Limited/Documents/ERP_Test/node_modules/router/index.js:582:12)
      at next (C:\Users\JackyLi(CTHK)../../../../../../OneDrive - Continuous 
Technologies International 
Limited/Documents/ERP_Test/node_modules/router/index.js:291:5)
      at router.handle (C:\Users\JackyLi(CTHK)../../../../../../OneDrive - 
Continuous Technologies International 
Limited/Documents/ERP_Test/node_modules/router/index.js:186:3)
      at router (C:\Users\JackyLi(CTHK)../../../../../../OneDrive - Continuous 
Technologies International 
Limited/Documents/ERP_Test/node_modules/router/index.js:60:12)
      at Layer.handleRequest (C:\Users\JackyLi(CTHK)../../../../../../OneDrive 
- Continuous Technologies International 
Limited/Documents/ERP_Test/node_modules/router/lib/layer.js:152:17)
      at trimPrefix (C:\Users\JackyLi(CTHK)../../../../../../OneDrive - 
Continuous Technologies International 
Limited/Documents/ERP_Test/node_modules/router/index.js:342:13)
      at C:\Users\JackyLi(CTHK)../../../../../../OneDrive - Continuous 
Technologies International 
Limited/Documents/ERP_Test/node_modules/router/index.js:297:9
      at processParams (C:\Users\JackyLi(CTHK)../../../../../../OneDrive - 
Continuous Technologies International 
Limited/Documents/ERP_Test/node_modules/router/index.js:582:12)
      at next (C:\Users\JackyLi(CTHK)../../../../../../OneDrive - Continuous 
Technologies International 
Limited/Documents/ERP_Test/node_modules/router/index.js:291:5)
      at router.handle (C:\Users\JackyLi(CTHK)../../../../../../OneDrive - 
Continuous Technologies International 
Limited/Documents/ERP_Test/node_modules/router/index.js:186:3)
      at router (C:\Users\JackyLi(CTHK)../../../../../../OneDrive - Continuous 
Technologies International 
Limited/Documents/ERP_Test/node_modules/router/index.js:60:12)
      at Layer.handleRequest (C:\Users\JackyLi(CTHK)../../../../../../OneDrive 
- Continuous Technologies International 
Limited/Documents/ERP_Test/node_modules/router/lib/layer.js:152:17)
      at trimPrefix (C:\Users\JackyLi(CTHK)../../../../../../OneDrive - 
Continuous Technologies International 
Limited/Documents/ERP_Test/node_modules/router/index.js:342:13)
      at C:\Users\JackyLi(CTHK)../../../../../../OneDrive - Continuous 
Technologies International 
Limited/Documents/ERP_Test/node_modules/router/index.js:297:9
      at processParams (C:\Users\JackyLi(CTHK)../../../../../../OneDrive - 
Continuous Technologies International 
Limited/Documents/ERP_Test/node_modules/router/index.js:582:12)
      at next (C:\Users\JackyLi(CTHK)../../../../../../OneDrive - Continuous 
Technologies International 
Limited/Documents/ERP_Test/node_modules/router/index.js:291:5)
      at C:\Users\JackyLi(CTHK)../../../../../../OneDrive - Continuous 
Technologies International 
Limited/Documents/ERP_Test/node_modules/express-rate-limit/dist/index.cjs:947:7
      at C:\Users\JackyLi(CTHK)../../../../../../OneDrive - Continuous 
Technologies International 
Limited/Documents/ERP_Test/node_modules/express-rate-limit/dist/index.cjs:830:5

    console.error
      Error: Forbidden: User role 'MANAGER' does not have permission for this 
resource
          at C:\Users\JackyLi(CTHK)\OneDrive - Continuous Technologies 
International 
Limited\Documents\ERP_Test\server\src\middleware\requireRole.ts:17:13
          at Layer.handleRequest (C:\Users\JackyLi(CTHK)\OneDrive - Continuous 
Technologies International 
Limited\Documents\ERP_Test\node_modules\router\lib\layer.js:152:17)
          at next (C:\Users\JackyLi(CTHK)\OneDrive - Continuous Technologies 
International 
Limited\Documents\ERP_Test\node_modules\router\lib\route.js:157:13)
          at requireAuth (C:\Users\JackyLi(CTHK)\OneDrive - Continuous 
Technologies International 
Limited\Documents\ERP_Test\server\src\middleware\requireAuth.ts:23:5)
          at Layer.handleRequest (C:\Users\JackyLi(CTHK)\OneDrive - Continuous 
Technologies International 
Limited\Documents\ERP_Test\node_modules\router\lib\layer.js:152:17)
          at next (C:\Users\JackyLi(CTHK)\OneDrive - Continuous Technologies 
International 
Limited\Documents\ERP_Test\node_modules\router\lib\route.js:157:13)
          at Route.dispatch (C:\Users\JackyLi(CTHK)\OneDrive - Continuous 
Technologies International 
Limited\Documents\ERP_Test\node_modules\router\lib\route.js:117:3)
          at handle (C:\Users\JackyLi(CTHK)\OneDrive - Continuous Technologies 
International Limited\Documents\ERP_Test\node_modules\router\index.js:435:11)
          at Layer.handleRequest (C:\Users\JackyLi(CTHK)\OneDrive - Continuous 
Technologies International 
Limited\Documents\ERP_Test\node_modules\router\lib\layer.js:152:17)
          at C:\Users\JackyLi(CTHK)\OneDrive - Continuous Technologies 
International Limited\Documents\ERP_Test\node_modules\router\index.js:295:15
          at processParams (C:\Users\JackyLi(CTHK)\OneDrive - Continuous 
Technologies International 
Limited\Documents\ERP_Test\node_modules\router\index.js:582:12)
          at next (C:\Users\JackyLi(CTHK)\OneDrive - Continuous Technologies 
International Limited\Documents\ERP_Test\node_modules\router\index.js:291:5)
          at router.handle (C:\Users\JackyLi(CTHK)\OneDrive - Continuous 
Technologies International 
Limited\Documents\ERP_Test\node_modules\router\index.js:186:3)
          at router (C:\Users\JackyLi(CTHK)\OneDrive - Continuous Technologies 
International Limited\Documents\ERP_Test\node_modules\router\index.js:60:12)
          at Layer.handleRequest (C:\Users\JackyLi(CTHK)\OneDrive - Continuous 
Technologies International 
Limited\Documents\ERP_Test\node_modules\router\lib\layer.js:152:17)
          at trimPrefix (C:\Users\JackyLi(CTHK)\OneDrive - Continuous 
Technologies International 
Limited\Documents\ERP_Test\node_modules\router\index.js:342:13)
          at C:\Users\JackyLi(CTHK)\OneDrive - Continuous Technologies 
International Limited\Documents\ERP_Test\node_modules\router\index.js:297:9
          ... collapsed 7 duplicate lines matching above lines ...
          at processParams (C:\Users\JackyLi(CTHK)\OneDrive - Continuous 
Technologies International 
Limited\Documents\ERP_Test\node_modules\router\index.js:582:12)
          at next (C:\Users\JackyLi(CTHK)\OneDrive - Continuous Technologies 
International Limited\Documents\ERP_Test\node_modules\router\index.js:291:5)
          at C:\Users\JackyLi(CTHK)\OneDrive - Continuous Technologies 
International 
Limited\Documents\ERP_Test\node_modules\express-rate-limit\dist\index.cjs:947:7
          at processTicksAndRejections 
(node:internal/process/task_queues:103:5)
          at C:\Users\JackyLi(CTHK)\OneDrive - Continuous Technologies 
International 
Limited\Documents\ERP_Test\node_modules\express-rate-limit\dist\index.cjs:830:5

    [0m [90m 59 |[39m   [90m// eslint-disable-next-line 
@typescript-eslint/no-unused-vars[39m
     [90m 60 |[39m   app[33m.[39muse((err[33m:[39m 
[33mError[39m[33m,[39m _req[33m:[39m [33mRequest[39m[33m,[39m 
res[33m:[39m [33mResponse[39m[33m,[39m _next[33m:[39m 
[33mNextFunction[39m) [33m=>[39m {
    [31m[1m>[22m[39m[90m 61 |[39m     
console[33m.[39merror(err)[33m;[39m
     [90m    |[39m             [31m[1m^[22m[39m
     [90m 62 |[39m     [36mif[39m 
(err[33m.[39mmessage[33m.[39mincludes([32m"Unauthorized"[39m)) {
     [90m 63 |[39m       
res[33m.[39mstatus([35m401[39m)[33m.[39mjson({ message[33m:[39m 
err[33m.[39mmessage })[33m;[39m
     [90m 64 |[39m     } [36melse[39m [36mif[39m 
(err[33m.[39mmessage[33m.[39mincludes([32m"Forbidden"[39m)) {[0m

      at C:\Users\JackyLi(CTHK)../../../../../../OneDrive - Continuous 
Technologies International Limited/Documents/ERP_Test/server/src/app.ts:61:13
      at Layer.handleError (C:\Users\JackyLi(CTHK)../../../../../../OneDrive - 
Continuous Technologies International 
Limited/Documents/ERP_Test/node_modules/router/lib/layer.js:116:17)
      at trimPrefix (C:\Users\JackyLi(CTHK)../../../../../../OneDrive - 
Continuous Technologies International 
Limited/Documents/ERP_Test/node_modules/router/index.js:340:13)
      at C:\Users\JackyLi(CTHK)../../../../../../OneDrive - Continuous 
Technologies International 
Limited/Documents/ERP_Test/node_modules/router/index.js:297:9
      at processParams (C:\Users\JackyLi(CTHK)../../../../../../OneDrive - 
Continuous Technologies International 
Limited/Documents/ERP_Test/node_modules/router/index.js:582:12)
      at next (C:\Users\JackyLi(CTHK)../../../../../../OneDrive - Continuous 
Technologies International 
Limited/Documents/ERP_Test/node_modules/router/index.js:291:5)
      at Layer.handleError (C:\Users\JackyLi(CTHK)../../../../../../OneDrive - 
Continuous Technologies International 
Limited/Documents/ERP_Test/node_modules/router/lib/layer.js:111:12)
      at trimPrefix (C:\Users\JackyLi(CTHK)../../../../../../OneDrive - 
Continuous Technologies International 
Limited/Documents/ERP_Test/node_modules/router/index.js:340:13)
      at C:\Users\JackyLi(CTHK)../../../../../../OneDrive - Continuous 
Technologies International 
Limited/Documents/ERP_Test/node_modules/router/index.js:297:9
      at processParams (C:\Users\JackyLi(CTHK)../../../../../../OneDrive - 
Continuous Technologies International 
Limited/Documents/ERP_Test/node_modules/router/index.js:582:12)
      at next (C:\Users\JackyLi(CTHK)../../../../../../OneDrive - Continuous 
Technologies International 
Limited/Documents/ERP_Test/node_modules/router/index.js:291:5)
      at C:\Users\JackyLi(CTHK)../../../../../../OneDrive - Continuous 
Technologies International 
Limited/Documents/ERP_Test/node_modules/router/index.js:688:15
      at next (C:\Users\JackyLi(CTHK)../../../../../../OneDrive - Continuous 
Technologies International 
Limited/Documents/ERP_Test/node_modules/router/index.js:276:14)
      at Layer.handleError (C:\Users\JackyLi(CTHK)../../../../../../OneDrive - 
Continuous Technologies International 
Limited/Documents/ERP_Test/node_modules/router/lib/layer.js:111:12)
      at trimPrefix (C:\Users\JackyLi(CTHK)../../../../../../OneDrive - 
Continuous Technologies International 
Limited/Documents/ERP_Test/node_modules/router/index.js:340:13)
      at C:\Users\JackyLi(CTHK)../../../../../../OneDrive - Continuous 
Technologies International 
Limited/Documents/ERP_Test/node_modules/router/index.js:297:9
      at processParams (C:\Users\JackyLi(CTHK)../../../../../../OneDrive - 
Continuous Technologies International 
Limited/Documents/ERP_Test/node_modules/router/index.js:582:12)
      at next (C:\Users\JackyLi(CTHK)../../../../../../OneDrive - Continuous 
Technologies International 
Limited/Documents/ERP_Test/node_modules/router/index.js:291:5)
      at C:\Users\JackyLi(CTHK)../../../../../../OneDrive - Continuous 
Technologies International 
Limited/Documents/ERP_Test/node_modules/router/index.js:688:15
      at next (C:\Users\JackyLi(CTHK)../../../../../../OneDrive - Continuous 
Technologies International 
Limited/Documents/ERP_Test/node_modules/router/index.js:276:14)
      at next (C:\Users\JackyLi(CTHK)../../../../../../OneDrive - Continuous 
Technologies International 
Limited/Documents/ERP_Test/node_modules/router/lib/route.js:132:14)
      at Layer.handleError (C:\Users\JackyLi(CTHK)../../../../../../OneDrive - 
Continuous Technologies International 
Limited/Documents/ERP_Test/node_modules/router/lib/layer.js:111:12)
      at next (C:\Users\JackyLi(CTHK)../../../../../../OneDrive - Continuous 
Technologies International 
Limited/Documents/ERP_Test/node_modules/router/lib/route.js:155:13)
      at Layer.handleRequest (C:\Users\JackyLi(CTHK)../../../../../../OneDrive 
- Continuous Technologies International 
Limited/Documents/ERP_Test/node_modules/router/lib/layer.js:165:5)
      at next (C:\Users\JackyLi(CTHK)../../../../../../OneDrive - Continuous 
Technologies International 
Limited/Documents/ERP_Test/node_modules/router/lib/route.js:157:13)
      at requireAuth (C:\Users\JackyLi(CTHK)../../../../../../OneDrive - 
Continuous Technologies International 
Limited/Documents/ERP_Test/server/src/middleware/requireAuth.ts:23:5)
      at Layer.handleRequest (C:\Users\JackyLi(CTHK)../../../../../../OneDrive 
- Continuous Technologies International 
Limited/Documents/ERP_Test/node_modules/router/lib/layer.js:152:17)
      at next (C:\Users\JackyLi(CTHK)../../../../../../OneDrive - Continuous 
Technologies International 
Limited/Documents/ERP_Test/node_modules/router/lib/route.js:157:13)
      at Route.dispatch (C:\Users\JackyLi(CTHK)../../../../../../OneDrive - 
Continuous Technologies International 
Limited/Documents/ERP_Test/node_modules/router/lib/route.js:117:3)
      at handle (C:\Users\JackyLi(CTHK)../../../../../../OneDrive - Continuous 
Technologies International 
Limited/Documents/ERP_Test/node_modules/router/index.js:435:11)
      at Layer.handleRequest (C:\Users\JackyLi(CTHK)../../../../../../OneDrive 
- Continuous Technologies International 
Limited/Documents/ERP_Test/node_modules/router/lib/layer.js:152:17)
      at C:\Users\JackyLi(CTHK)../../../../../../OneDrive - Continuous 
Technologies International 
Limited/Documents/ERP_Test/node_modules/router/index.js:295:15
      at processParams (C:\Users\JackyLi(CTHK)../../../../../../OneDrive - 
Continuous Technologies International 
Limited/Documents/ERP_Test/node_modules/router/index.js:582:12)
      at next (C:\Users\JackyLi(CTHK)../../../../../../OneDrive - Continuous 
Technologies International 
Limited/Documents/ERP_Test/node_modules/router/index.js:291:5)
      at router.handle (C:\Users\JackyLi(CTHK)../../../../../../OneDrive - 
Continuous Technologies International 
Limited/Documents/ERP_Test/node_modules/router/index.js:186:3)
      at router (C:\Users\JackyLi(CTHK)../../../../../../OneDrive - Continuous 
Technologies International 
Limited/Documents/ERP_Test/node_modules/router/index.js:60:12)
      at Layer.handleRequest (C:\Users\JackyLi(CTHK)../../../../../../OneDrive 
- Continuous Technologies International 
Limited/Documents/ERP_Test/node_modules/router/lib/layer.js:152:17)
      at trimPrefix (C:\Users\JackyLi(CTHK)../../../../../../OneDrive - 
Continuous Technologies International 
Limited/Documents/ERP_Test/node_modules/router/index.js:342:13)
      at C:\Users\JackyLi(CTHK)../../../../../../OneDrive - Continuous 
Technologies International 
Limited/Documents/ERP_Test/node_modules/router/index.js:297:9
      at processParams (C:\Users\JackyLi(CTHK)../../../../../../OneDrive - 
Continuous Technologies International 
Limited/Documents/ERP_Test/node_modules/router/index.js:582:12)
      at next (C:\Users\JackyLi(CTHK)../../../../../../OneDrive - Continuous 
Technologies International 
Limited/Documents/ERP_Test/node_modules/router/index.js:291:5)
      at router.handle (C:\Users\JackyLi(CTHK)../../../../../../OneDrive - 
Continuous Technologies International 
Limited/Documents/ERP_Test/node_modules/router/index.js:186:3)
      at router (C:\Users\JackyLi(CTHK)../../../../../../OneDrive - Continuous 
Technologies International 
Limited/Documents/ERP_Test/node_modules/router/index.js:60:12)
      at Layer.handleRequest (C:\Users\JackyLi(CTHK)../../../../../../OneDrive 
- Continuous Technologies International 
Limited/Documents/ERP_Test/node_modules/router/lib/layer.js:152:17)
      at trimPrefix (C:\Users\JackyLi(CTHK)../../../../../../OneDrive - 
Continuous Technologies International 
Limited/Documents/ERP_Test/node_modules/router/index.js:342:13)
      at C:\Users\JackyLi(CTHK)../../../../../../OneDrive - Continuous 
Technologies International 
Limited/Documents/ERP_Test/node_modules/router/index.js:297:9
      at processParams (C:\Users\JackyLi(CTHK)../../../../../../OneDrive - 
Continuous Technologies International 
Limited/Documents/ERP_Test/node_modules/router/index.js:582:12)
      at next (C:\Users\JackyLi(CTHK)../../../../../../OneDrive - Continuous 
Technologies International 
Limited/Documents/ERP_Test/node_modules/router/index.js:291:5)
      at C:\Users\JackyLi(CTHK)../../../../../../OneDrive - Continuous 
Technologies International 
Limited/Documents/ERP_Test/node_modules/express-rate-limit/dist/index.cjs:947:7
      at C:\Users\JackyLi(CTHK)../../../../../../OneDrive - Continuous 
Technologies International 
Limited/Documents/ERP_Test/node_modules/express-rate-limit/dist/index.cjs:830:5

    console.error
      Error: Forbidden: User role 'EMPLOYEE' does not have permission for this 
resource
          at C:\Users\JackyLi(CTHK)\OneDrive - Continuous Technologies 
International 
Limited\Documents\ERP_Test\server\src\middleware\requireRole.ts:17:13
          at Layer.handleRequest (C:\Users\JackyLi(CTHK)\OneDrive - Continuous 
Technologies International 
Limited\Documents\ERP_Test\node_modules\router\lib\layer.js:152:17)
          at next (C:\Users\JackyLi(CTHK)\OneDrive - Continuous Technologies 
International 
Limited\Documents\ERP_Test\node_modules\router\lib\route.js:157:13)
          at requireAuth (C:\Users\JackyLi(CTHK)\OneDrive - Continuous 
Technologies International 
Limited\Documents\ERP_Test\server\src\middleware\requireAuth.ts:23:5)
          at Layer.handleRequest (C:\Users\JackyLi(CTHK)\OneDrive - Continuous 
Technologies International 
Limited\Documents\ERP_Test\node_modules\router\lib\layer.js:152:17)
          at next (C:\Users\JackyLi(CTHK)\OneDrive - Continuous Technologies 
International 
Limited\Documents\ERP_Test\node_modules\router\lib\route.js:157:13)
          at Route.dispatch (C:\Users\JackyLi(CTHK)\OneDrive - Continuous 
Technologies International 
Limited\Documents\ERP_Test\node_modules\router\lib\route.js:117:3)
          at handle (C:\Users\JackyLi(CTHK)\OneDrive - Continuous Technologies 
International Limited\Documents\ERP_Test\node_modules\router\index.js:435:11)
          at Layer.handleRequest (C:\Users\JackyLi(CTHK)\OneDrive - Continuous 
Technologies International 
Limited\Documents\ERP_Test\node_modules\router\lib\layer.js:152:17)
          at C:\Users\JackyLi(CTHK)\OneDrive - Continuous Technologies 
International Limited\Documents\ERP_Test\node_modules\router\index.js:295:15
          at param (C:\Users\JackyLi(CTHK)\OneDrive - Continuous Technologies 
International Limited\Documents\ERP_Test\node_modules\router\index.js:600:14)
          at param (C:\Users\JackyLi(CTHK)\OneDrive - Continuous Technologies 
International Limited\Documents\ERP_Test\node_modules\router\index.js:610:14)
          at processParams (C:\Users\JackyLi(CTHK)\OneDrive - Continuous 
Technologies International 
Limited\Documents\ERP_Test\node_modules\router\index.js:664:3)
          at next (C:\Users\JackyLi(CTHK)\OneDrive - Continuous Technologies 
International Limited\Documents\ERP_Test\node_modules\router\index.js:291:5)
          at router.handle (C:\Users\JackyLi(CTHK)\OneDrive - Continuous 
Technologies International 
Limited\Documents\ERP_Test\node_modules\router\index.js:186:3)
          at router (C:\Users\JackyLi(CTHK)\OneDrive - Continuous Technologies 
International Limited\Documents\ERP_Test\node_modules\router\index.js:60:12)
          at Layer.handleRequest (C:\Users\JackyLi(CTHK)\OneDrive - Continuous 
Technologies International 
Limited\Documents\ERP_Test\node_modules\router\lib\layer.js:152:17)
          at trimPrefix (C:\Users\JackyLi(CTHK)\OneDrive - Continuous 
Technologies International 
Limited\Documents\ERP_Test\node_modules\router\index.js:342:13)
          at C:\Users\JackyLi(CTHK)\OneDrive - Continuous Technologies 
International Limited\Documents\ERP_Test\node_modules\router\index.js:297:9
          at processParams (C:\Users\JackyLi(CTHK)\OneDrive - Continuous 
Technologies International 
Limited\Documents\ERP_Test\node_modules\router\index.js:582:12)
          ... collapsed 7 duplicate lines matching above lines ...
          at next (C:\Users\JackyLi(CTHK)\OneDrive - Continuous Technologies 
International Limited\Documents\ERP_Test\node_modules\router\index.js:291:5)
          at C:\Users\JackyLi(CTHK)\OneDrive - Continuous Technologies 
International 
Limited\Documents\ERP_Test\node_modules\express-rate-limit\dist\index.cjs:947:7
          at processTicksAndRejections 
(node:internal/process/task_queues:103:5)
          at C:\Users\JackyLi(CTHK)\OneDrive - Continuous Technologies 
International 
Limited\Documents\ERP_Test\node_modules\express-rate-limit\dist\index.cjs:830:5

    [0m [90m 59 |[39m   [90m// eslint-disable-next-line 
@typescript-eslint/no-unused-vars[39m
     [90m 60 |[39m   app[33m.[39muse((err[33m:[39m 
[33mError[39m[33m,[39m _req[33m:[39m [33mRequest[39m[33m,[39m 
res[33m:[39m [33mResponse[39m[33m,[39m _next[33m:[39m 
[33mNextFunction[39m) [33m=>[39m {
    [31m[1m>[22m[39m[90m 61 |[39m     
console[33m.[39merror(err)[33m;[39m
     [90m    |[39m             [31m[1m^[22m[39m
     [90m 62 |[39m     [36mif[39m 
(err[33m.[39mmessage[33m.[39mincludes([32m"Unauthorized"[39m)) {
     [90m 63 |[39m       
res[33m.[39mstatus([35m401[39m)[33m.[39mjson({ message[33m:[39m 
err[33m.[39mmessage })[33m;[39m
     [90m 64 |[39m     } [36melse[39m [36mif[39m 
(err[33m.[39mmessage[33m.[39mincludes([32m"Forbidden"[39m)) {[0m

      at C:\Users\JackyLi(CTHK)../../../../../../OneDrive - Continuous 
Technologies International Limited/Documents/ERP_Test/server/src/app.ts:61:13
      at Layer.handleError (C:\Users\JackyLi(CTHK)../../../../../../OneDrive - 
Continuous Technologies International 
Limited/Documents/ERP_Test/node_modules/router/lib/layer.js:116:17)
      at trimPrefix (C:\Users\JackyLi(CTHK)../../../../../../OneDrive - 
Continuous Technologies International 
Limited/Documents/ERP_Test/node_modules/router/index.js:340:13)
      at C:\Users\JackyLi(CTHK)../../../../../../OneDrive - Continuous 
Technologies International 
Limited/Documents/ERP_Test/node_modules/router/index.js:297:9
      at processParams (C:\Users\JackyLi(CTHK)../../../../../../OneDrive - 
Continuous Technologies International 
Limited/Documents/ERP_Test/node_modules/router/index.js:582:12)
      at next (C:\Users\JackyLi(CTHK)../../../../../../OneDrive - Continuous 
Technologies International 
Limited/Documents/ERP_Test/node_modules/router/index.js:291:5)
      at Layer.handleError (C:\Users\JackyLi(CTHK)../../../../../../OneDrive - 
Continuous Technologies International 
Limited/Documents/ERP_Test/node_modules/router/lib/layer.js:111:12)
      at trimPrefix (C:\Users\JackyLi(CTHK)../../../../../../OneDrive - 
Continuous Technologies International 
Limited/Documents/ERP_Test/node_modules/router/index.js:340:13)
      at C:\Users\JackyLi(CTHK)../../../../../../OneDrive - Continuous 
Technologies International 
Limited/Documents/ERP_Test/node_modules/router/index.js:297:9
      at processParams (C:\Users\JackyLi(CTHK)../../../../../../OneDrive - 
Continuous Technologies International 
Limited/Documents/ERP_Test/node_modules/router/index.js:582:12)
      at next (C:\Users\JackyLi(CTHK)../../../../../../OneDrive - Continuous 
Technologies International 
Limited/Documents/ERP_Test/node_modules/router/index.js:291:5)
      at C:\Users\JackyLi(CTHK)../../../../../../OneDrive - Continuous 
Technologies International 
Limited/Documents/ERP_Test/node_modules/router/index.js:688:15
      at next (C:\Users\JackyLi(CTHK)../../../../../../OneDrive - Continuous 
Technologies International 
Limited/Documents/ERP_Test/node_modules/router/index.js:276:14)
      at Layer.handleError (C:\Users\JackyLi(CTHK)../../../../../../OneDrive - 
Continuous Technologies International 
Limited/Documents/ERP_Test/node_modules/router/lib/layer.js:111:12)
      at trimPrefix (C:\Users\JackyLi(CTHK)../../../../../../OneDrive - 
Continuous Technologies International 
Limited/Documents/ERP_Test/node_modules/router/index.js:340:13)
      at C:\Users\JackyLi(CTHK)../../../../../../OneDrive - Continuous 
Technologies International 
Limited/Documents/ERP_Test/node_modules/router/index.js:297:9
      at processParams (C:\Users\JackyLi(CTHK)../../../../../../OneDrive - 
Continuous Technologies International 
Limited/Documents/ERP_Test/node_modules/router/index.js:582:12)
      at next (C:\Users\JackyLi(CTHK)../../../../../../OneDrive - Continuous 
Technologies International 
Limited/Documents/ERP_Test/node_modules/router/index.js:291:5)
      at C:\Users\JackyLi(CTHK)../../../../../../OneDrive - Continuous 
Technologies International 
Limited/Documents/ERP_Test/node_modules/router/index.js:688:15
      at next (C:\Users\JackyLi(CTHK)../../../../../../OneDrive - Continuous 
Technologies International 
Limited/Documents/ERP_Test/node_modules/router/index.js:276:14)
      at next (C:\Users\JackyLi(CTHK)../../../../../../OneDrive - Continuous 
Technologies International 
Limited/Documents/ERP_Test/node_modules/router/lib/route.js:132:14)
      at Layer.handleError (C:\Users\JackyLi(CTHK)../../../../../../OneDrive - 
Continuous Technologies International 
Limited/Documents/ERP_Test/node_modules/router/lib/layer.js:111:12)
      at next (C:\Users\JackyLi(CTHK)../../../../../../OneDrive - Continuous 
Technologies International 
Limited/Documents/ERP_Test/node_modules/router/lib/route.js:155:13)
      at Layer.handleRequest (C:\Users\JackyLi(CTHK)../../../../../../OneDrive 
- Continuous Technologies International 
Limited/Documents/ERP_Test/node_modules/router/lib/layer.js:165:5)
      at next (C:\Users\JackyLi(CTHK)../../../../../../OneDrive - Continuous 
Technologies International 
Limited/Documents/ERP_Test/node_modules/router/lib/route.js:157:13)
      at requireAuth (C:\Users\JackyLi(CTHK)../../../../../../OneDrive - 
Continuous Technologies International 
Limited/Documents/ERP_Test/server/src/middleware/requireAuth.ts:23:5)
      at Layer.handleRequest (C:\Users\JackyLi(CTHK)../../../../../../OneDrive 
- Continuous Technologies International 
Limited/Documents/ERP_Test/node_modules/router/lib/layer.js:152:17)
      at next (C:\Users\JackyLi(CTHK)../../../../../../OneDrive - Continuous 
Technologies International 
Limited/Documents/ERP_Test/node_modules/router/lib/route.js:157:13)
      at Route.dispatch (C:\Users\JackyLi(CTHK)../../../../../../OneDrive - 
Continuous Technologies International 
Limited/Documents/ERP_Test/node_modules/router/lib/route.js:117:3)
      at handle (C:\Users\JackyLi(CTHK)../../../../../../OneDrive - Continuous 
Technologies International 
Limited/Documents/ERP_Test/node_modules/router/index.js:435:11)
      at Layer.handleRequest (C:\Users\JackyLi(CTHK)../../../../../../OneDrive 
- Continuous Technologies International 
Limited/Documents/ERP_Test/node_modules/router/lib/layer.js:152:17)
      at C:\Users\JackyLi(CTHK)../../../../../../OneDrive - Continuous 
Technologies International 
Limited/Documents/ERP_Test/node_modules/router/index.js:295:15
      at param (C:\Users\JackyLi(CTHK)../../../../../../OneDrive - Continuous 
Technologies International 
Limited/Documents/ERP_Test/node_modules/router/index.js:600:14)
      at param (C:\Users\JackyLi(CTHK)../../../../../../OneDrive - Continuous 
Technologies International 
Limited/Documents/ERP_Test/node_modules/router/index.js:610:14)
      at processParams (C:\Users\JackyLi(CTHK)../../../../../../OneDrive - 
Continuous Technologies International 
Limited/Documents/ERP_Test/node_modules/router/index.js:664:3)
      at next (C:\Users\JackyLi(CTHK)../../../../../../OneDrive - Continuous 
Technologies International 
Limited/Documents/ERP_Test/node_modules/router/index.js:291:5)
      at router.handle (C:\Users\JackyLi(CTHK)../../../../../../OneDrive - 
Continuous Technologies International 
Limited/Documents/ERP_Test/node_modules/router/index.js:186:3)
      at router (C:\Users\JackyLi(CTHK)../../../../../../OneDrive - Continuous 
Technologies International 
Limited/Documents/ERP_Test/node_modules/router/index.js:60:12)
      at Layer.handleRequest (C:\Users\JackyLi(CTHK)../../../../../../OneDrive 
- Continuous Technologies International 
Limited/Documents/ERP_Test/node_modules/router/lib/layer.js:152:17)
      at trimPrefix (C:\Users\JackyLi(CTHK)../../../../../../OneDrive - 
Continuous Technologies International 
Limited/Documents/ERP_Test/node_modules/router/index.js:342:13)
      at C:\Users\JackyLi(CTHK)../../../../../../OneDrive - Continuous 
Technologies International 
Limited/Documents/ERP_Test/node_modules/router/index.js:297:9
      at processParams (C:\Users\JackyLi(CTHK)../../../../../../OneDrive - 
Continuous Technologies International 
Limited/Documents/ERP_Test/node_modules/router/index.js:582:12)
      at next (C:\Users\JackyLi(CTHK)../../../../../../OneDrive - Continuous 
Technologies International 
Limited/Documents/ERP_Test/node_modules/router/index.js:291:5)
      at router.handle (C:\Users\JackyLi(CTHK)../../../../../../OneDrive - 
Continuous Technologies International 
Limited/Documents/ERP_Test/node_modules/router/index.js:186:3)
      at router (C:\Users\JackyLi(CTHK)../../../../../../OneDrive - Continuous 
Technologies International 
Limited/Documents/ERP_Test/node_modules/router/index.js:60:12)
      at Layer.handleRequest (C:\Users\JackyLi(CTHK)../../../../../../OneDrive 
- Continuous Technologies International 
Limited/Documents/ERP_Test/node_modules/router/lib/layer.js:152:17)
      at trimPrefix (C:\Users\JackyLi(CTHK)../../../../../../OneDrive - 
Continuous Technologies International 
Limited/Documents/ERP_Test/node_modules/router/index.js:342:13)
      at C:\Users\JackyLi(CTHK)../../../../../../OneDrive - Continuous 
Technologies International 
Limited/Documents/ERP_Test/node_modules/router/index.js:297:9
      at processParams (C:\Users\JackyLi(CTHK)../../../../../../OneDrive - 
Continuous Technologies International 
Limited/Documents/ERP_Test/node_modules/router/index.js:582:12)
      at next (C:\Users\JackyLi(CTHK)../../../../../../OneDrive - Continuous 
Technologies International 
Limited/Documents/ERP_Test/node_modules/router/index.js:291:5)
      at C:\Users\JackyLi(CTHK)../../../../../../OneDrive - Continuous 
Technologies International 
Limited/Documents/ERP_Test/node_modules/express-rate-limit/dist/index.cjs:947:7
      at C:\Users\JackyLi(CTHK)../../../../../../OneDrive - Continuous 
Technologies International 
Limited/Documents/ERP_Test/node_modules/express-rate-limit/dist/index.cjs:830:5

    console.error
      Error: Forbidden: User role 'EMPLOYEE' does not have permission for this 
resource
          at C:\Users\JackyLi(CTHK)\OneDrive - Continuous Technologies 
International 
Limited\Documents\ERP_Test\server\src\middleware\requireRole.ts:17:13
          at Layer.handleRequest (C:\Users\JackyLi(CTHK)\OneDrive - Continuous 
Technologies International 
Limited\Documents\ERP_Test\node_modules\router\lib\layer.js:152:17)
          at next (C:\Users\JackyLi(CTHK)\OneDrive - Continuous Technologies 
International 
Limited\Documents\ERP_Test\node_modules\router\lib\route.js:157:13)
          at requireAuth (C:\Users\JackyLi(CTHK)\OneDrive - Continuous 
Technologies International 
Limited\Documents\ERP_Test\server\src\middleware\requireAuth.ts:23:5)
          at Layer.handleRequest (C:\Users\JackyLi(CTHK)\OneDrive - Continuous 
Technologies International 
Limited\Documents\ERP_Test\node_modules\router\lib\layer.js:152:17)
          at next (C:\Users\JackyLi(CTHK)\OneDrive - Continuous Technologies 
International 
Limited\Documents\ERP_Test\node_modules\router\lib\route.js:157:13)
          at Route.dispatch (C:\Users\JackyLi(CTHK)\OneDrive - Continuous 
Technologies International 
Limited\Documents\ERP_Test\node_modules\router\lib\route.js:117:3)
          at handle (C:\Users\JackyLi(CTHK)\OneDrive - Continuous Technologies 
International Limited\Documents\ERP_Test\node_modules\router\index.js:435:11)
          at Layer.handleRequest (C:\Users\JackyLi(CTHK)\OneDrive - Continuous 
Technologies International 
Limited\Documents\ERP_Test\node_modules\router\lib\layer.js:152:17)
          at C:\Users\JackyLi(CTHK)\OneDrive - Continuous Technologies 
International Limited\Documents\ERP_Test\node_modules\router\index.js:295:15
          at param (C:\Users\JackyLi(CTHK)\OneDrive - Continuous Technologies 
International Limited\Documents\ERP_Test\node_modules\router\index.js:600:14)
          at param (C:\Users\JackyLi(CTHK)\OneDrive - Continuous Technologies 
International Limited\Documents\ERP_Test\node_modules\router\index.js:610:14)
          at processParams (C:\Users\JackyLi(CTHK)\OneDrive - Continuous 
Technologies International 
Limited\Documents\ERP_Test\node_modules\router\index.js:664:3)
          at next (C:\Users\JackyLi(CTHK)\OneDrive - Continuous Technologies 
International Limited\Documents\ERP_Test\node_modules\router\index.js:291:5)
          at router.handle (C:\Users\JackyLi(CTHK)\OneDrive - Continuous 
Technologies International 
Limited\Documents\ERP_Test\node_modules\router\index.js:186:3)
          at router (C:\Users\JackyLi(CTHK)\OneDrive - Continuous Technologies 
International Limited\Documents\ERP_Test\node_modules\router\index.js:60:12)
          at Layer.handleRequest (C:\Users\JackyLi(CTHK)\OneDrive - Continuous 
Technologies International 
Limited\Documents\ERP_Test\node_modules\router\lib\layer.js:152:17)
          at trimPrefix (C:\Users\JackyLi(CTHK)\OneDrive - Continuous 
Technologies International 
Limited\Documents\ERP_Test\node_modules\router\index.js:342:13)
          at C:\Users\JackyLi(CTHK)\OneDrive - Continuous Technologies 
International Limited\Documents\ERP_Test\node_modules\router\index.js:297:9
          at processParams (C:\Users\JackyLi(CTHK)\OneDrive - Continuous 
Technologies International 
Limited\Documents\ERP_Test\node_modules\router\index.js:582:12)
          ... collapsed 7 duplicate lines matching above lines ...
          at next (C:\Users\JackyLi(CTHK)\OneDrive - Continuous Technologies 
International Limited\Documents\ERP_Test\node_modules\router\index.js:291:5)
          at C:\Users\JackyLi(CTHK)\OneDrive - Continuous Technologies 
International 
Limited\Documents\ERP_Test\node_modules\express-rate-limit\dist\index.cjs:947:7
          at processTicksAndRejections 
(node:internal/process/task_queues:103:5)
          at C:\Users\JackyLi(CTHK)\OneDrive - Continuous Technologies 
International 
Limited\Documents\ERP_Test\node_modules\express-rate-limit\dist\index.cjs:830:5

    [0m [90m 59 |[39m   [90m// eslint-disable-next-line 
@typescript-eslint/no-unused-vars[39m
     [90m 60 |[39m   app[33m.[39muse((err[33m:[39m 
[33mError[39m[33m,[39m _req[33m:[39m [33mRequest[39m[33m,[39m 
res[33m:[39m [33mResponse[39m[33m,[39m _next[33m:[39m 
[33mNextFunction[39m) [33m=>[39m {
    [31m[1m>[22m[39m[90m 61 |[39m     
console[33m.[39merror(err)[33m;[39m
     [90m    |[39m             [31m[1m^[22m[39m
     [90m 62 |[39m     [36mif[39m 
(err[33m.[39mmessage[33m.[39mincludes([32m"Unauthorized"[39m)) {
     [90m 63 |[39m       
res[33m.[39mstatus([35m401[39m)[33m.[39mjson({ message[33m:[39m 
err[33m.[39mmessage })[33m;[39m
     [90m 64 |[39m     } [36melse[39m [36mif[39m 
(err[33m.[39mmessage[33m.[39mincludes([32m"Forbidden"[39m)) {[0m

      at C:\Users\JackyLi(CTHK)../../../../../../OneDrive - Continuous 
Technologies International Limited/Documents/ERP_Test/server/src/app.ts:61:13
      at Layer.handleError (C:\Users\JackyLi(CTHK)../../../../../../OneDrive - 
Continuous Technologies International 
Limited/Documents/ERP_Test/node_modules/router/lib/layer.js:116:17)
      at trimPrefix (C:\Users\JackyLi(CTHK)../../../../../../OneDrive - 
Continuous Technologies International 
Limited/Documents/ERP_Test/node_modules/router/index.js:340:13)
      at C:\Users\JackyLi(CTHK)../../../../../../OneDrive - Continuous 
Technologies International 
Limited/Documents/ERP_Test/node_modules/router/index.js:297:9
      at processParams (C:\Users\JackyLi(CTHK)../../../../../../OneDrive - 
Continuous Technologies International 
Limited/Documents/ERP_Test/node_modules/router/index.js:582:12)
      at next (C:\Users\JackyLi(CTHK)../../../../../../OneDrive - Continuous 
Technologies International 
Limited/Documents/ERP_Test/node_modules/router/index.js:291:5)
      at Layer.handleError (C:\Users\JackyLi(CTHK)../../../../../../OneDrive - 
Continuous Technologies International 
Limited/Documents/ERP_Test/node_modules/router/lib/layer.js:111:12)
      at trimPrefix (C:\Users\JackyLi(CTHK)../../../../../../OneDrive - 
Continuous Technologies International 
Limited/Documents/ERP_Test/node_modules/router/index.js:340:13)
      at C:\Users\JackyLi(CTHK)../../../../../../OneDrive - Continuous 
Technologies International 
Limited/Documents/ERP_Test/node_modules/router/index.js:297:9
      at processParams (C:\Users\JackyLi(CTHK)../../../../../../OneDrive - 
Continuous Technologies International 
Limited/Documents/ERP_Test/node_modules/router/index.js:582:12)
      at next (C:\Users\JackyLi(CTHK)../../../../../../OneDrive - Continuous 
Technologies International 
Limited/Documents/ERP_Test/node_modules/router/index.js:291:5)
      at C:\Users\JackyLi(CTHK)../../../../../../OneDrive - Continuous 
Technologies International 
Limited/Documents/ERP_Test/node_modules/router/index.js:688:15
      at next (C:\Users\JackyLi(CTHK)../../../../../../OneDrive - Continuous 
Technologies International 
Limited/Documents/ERP_Test/node_modules/router/index.js:276:14)
      at Layer.handleError (C:\Users\JackyLi(CTHK)../../../../../../OneDrive - 
Continuous Technologies International 
Limited/Documents/ERP_Test/node_modules/router/lib/layer.js:111:12)
      at trimPrefix (C:\Users\JackyLi(CTHK)../../../../../../OneDrive - 
Continuous Technologies International 
Limited/Documents/ERP_Test/node_modules/router/index.js:340:13)
      at C:\Users\JackyLi(CTHK)../../../../../../OneDrive - Continuous 
Technologies International 
Limited/Documents/ERP_Test/node_modules/router/index.js:297:9
      at processParams (C:\Users\JackyLi(CTHK)../../../../../../OneDrive - 
Continuous Technologies International 
Limited/Documents/ERP_Test/node_modules/router/index.js:582:12)
      at Immediate.next (C:\Users\JackyLi(CTHK)../../../../../../OneDrive - 
Continuous Technologies International 
Limited/Documents/ERP_Test/node_modules/router/index.js:291:5)
      at Immediate._onImmediate 
(C:\Users\JackyLi(CTHK)../../../../../../OneDrive - Continuous Technologies 
International Limited/Documents/ERP_Test/node_modules/router/index.js:688:15)

PASS src/__tests__/leaveRequestDetail.route.test.ts
  ΓùÅ Console

    console.log
      [dotenv@17.3.1] injecting env (10) from ..\.env -- tip: ≡ƒ¢á∩╕Å  run 
anywhere with `dotenvx run -- yourcommand`

      at _log (C:\Users\JackyLi(CTHK)../../../../../../OneDrive - Continuous 
Technologies International 
Limited/Documents/ERP_Test/node_modules/dotenv/lib/main.js:139:11)

    console.error
      Error: Unauthorized: Missing or invalid Authorization header
          at requireAuth (C:\Users\JackyLi(CTHK)\OneDrive - Continuous 
Technologies International 
Limited\Documents\ERP_Test\server\src\middleware\requireAuth.ts:12:11)
          at Layer.handleRequest (C:\Users\JackyLi(CTHK)\OneDrive - Continuous 
Technologies International 
Limited\Documents\ERP_Test\node_modules\router\lib\layer.js:152:17)
          at next (C:\Users\JackyLi(CTHK)\OneDrive - Continuous Technologies 
International 
Limited\Documents\ERP_Test\node_modules\router\lib\route.js:157:13)
          at Route.dispatch (C:\Users\JackyLi(CTHK)\OneDrive - Continuous 
Technologies International 
Limited\Documents\ERP_Test\node_modules\router\lib\route.js:117:3)
          at handle (C:\Users\JackyLi(CTHK)\OneDrive - Continuous Technologies 
International Limited\Documents\ERP_Test\node_modules\router\index.js:435:11)
          at Layer.handleRequest (C:\Users\JackyLi(CTHK)\OneDrive - Continuous 
Technologies International 
Limited\Documents\ERP_Test\node_modules\router\lib\layer.js:152:17)
          at C:\Users\JackyLi(CTHK)\OneDrive - Continuous Technologies 
International Limited\Documents\ERP_Test\node_modules\router\index.js:295:15
          at param (C:\Users\JackyLi(CTHK)\OneDrive - Continuous Technologies 
International Limited\Documents\ERP_Test\node_modules\router\index.js:600:14)
          at param (C:\Users\JackyLi(CTHK)\OneDrive - Continuous Technologies 
International Limited\Documents\ERP_Test\node_modules\router\index.js:610:14)
          at processParams (C:\Users\JackyLi(CTHK)\OneDrive - Continuous 
Technologies International 
Limited\Documents\ERP_Test\node_modules\router\index.js:664:3)
          at next (C:\Users\JackyLi(CTHK)\OneDrive - Continuous Technologies 
International Limited\Documents\ERP_Test\node_modules\router\index.js:291:5)
          at router.handle (C:\Users\JackyLi(CTHK)\OneDrive - Continuous 
Technologies International 
Limited\Documents\ERP_Test\node_modules\router\index.js:186:3)
          at router (C:\Users\JackyLi(CTHK)\OneDrive - Continuous Technologies 
International Limited\Documents\ERP_Test\node_modules\router\index.js:60:12)
          at Layer.handleRequest (C:\Users\JackyLi(CTHK)\OneDrive - Continuous 
Technologies International 
Limited\Documents\ERP_Test\node_modules\router\lib\layer.js:152:17)
          at trimPrefix (C:\Users\JackyLi(CTHK)\OneDrive - Continuous 
Technologies International 
Limited\Documents\ERP_Test\node_modules\router\index.js:342:13)
          at C:\Users\JackyLi(CTHK)\OneDrive - Continuous Technologies 
International Limited\Documents\ERP_Test\node_modules\router\index.js:297:9
          at processParams (C:\Users\JackyLi(CTHK)\OneDrive - Continuous 
Technologies International 
Limited\Documents\ERP_Test\node_modules\router\index.js:582:12)
          at next (C:\Users\JackyLi(CTHK)\OneDrive - Continuous Technologies 
International Limited\Documents\ERP_Test\node_modules\router\index.js:291:5)
          at C:\Users\JackyLi(CTHK)\OneDrive - Continuous Technologies 
International Limited\Documents\ERP_Test\node_modules\router\index.js:688:15
          at next (C:\Users\JackyLi(CTHK)\OneDrive - Continuous Technologies 
International Limited\Documents\ERP_Test\node_modules\router\index.js:276:14)
          ... collapsed 18 duplicate lines matching above 9 lines 2 times...
          at router.handle (C:\Users\JackyLi(CTHK)\OneDrive - Continuous 
Technologies International 
Limited\Documents\ERP_Test\node_modules\router\index.js:186:3)
          at router (C:\Users\JackyLi(CTHK)\OneDrive - Continuous Technologies 
International Limited\Documents\ERP_Test\node_modules\router\index.js:60:12)
          at Layer.handleRequest (C:\Users\JackyLi(CTHK)\OneDrive - Continuous 
Technologies International 
Limited\Documents\ERP_Test\node_modules\router\lib\layer.js:152:17)
          at trimPrefix (C:\Users\JackyLi(CTHK)\OneDrive - Continuous 
Technologies International 
Limited\Documents\ERP_Test\node_modules\router\index.js:342:13)
          at C:\Users\JackyLi(CTHK)\OneDrive - Continuous Technologies 
International Limited\Documents\ERP_Test\node_modules\router\index.js:297:9
          at processParams (C:\Users\JackyLi(CTHK)\OneDrive - Continuous 
Technologies International 
Limited\Documents\ERP_Test\node_modules\router\index.js:582:12)
          at next (C:\Users\JackyLi(CTHK)\OneDrive - Continuous Technologies 
International Limited\Documents\ERP_Test\node_modules\router\index.js:291:5)
          ... collapsed 7 duplicate lines matching above lines ...
          at C:\Users\JackyLi(CTHK)\OneDrive - Continuous Technologies 
International 
Limited\Documents\ERP_Test\node_modules\express-rate-limit\dist\index.cjs:947:7
          at processTicksAndRejections 
(node:internal/process/task_queues:103:5)
          at C:\Users\JackyLi(CTHK)\OneDrive - Continuous Technologies 
International 
Limited\Documents\ERP_Test\node_modules\express-rate-limit\dist\index.cjs:830:5

    [0m [90m 59 |[39m   [90m// eslint-disable-next-line 
@typescript-eslint/no-unused-vars[39m
     [90m 60 |[39m   app[33m.[39muse((err[33m:[39m 
[33mError[39m[33m,[39m _req[33m:[39m [33mRequest[39m[33m,[39m 
res[33m:[39m [33mResponse[39m[33m,[39m _next[33m:[39m 
[33mNextFunction[39m) [33m=>[39m {
    [31m[1m>[22m[39m[90m 61 |[39m     
console[33m.[39merror(err)[33m;[39m
     [90m    |[39m             [31m[1m^[22m[39m
     [90m 62 |[39m     [36mif[39m 
(err[33m.[39mmessage[33m.[39mincludes([32m"Unauthorized"[39m)) {
     [90m 63 |[39m       
res[33m.[39mstatus([35m401[39m)[33m.[39mjson({ message[33m:[39m 
err[33m.[39mmessage })[33m;[39m
     [90m 64 |[39m     } [36melse[39m [36mif[39m 
(err[33m.[39mmessage[33m.[39mincludes([32m"Forbidden"[39m)) {[0m

      at C:\Users\JackyLi(CTHK)../../../../../../OneDrive - Continuous 
Technologies International Limited/Documents/ERP_Test/server/src/app.ts:61:13
      at Layer.handleError (C:\Users\JackyLi(CTHK)../../../../../../OneDrive - 
Continuous Technologies International 
Limited/Documents/ERP_Test/node_modules/router/lib/layer.js:116:17)
      at trimPrefix (C:\Users\JackyLi(CTHK)../../../../../../OneDrive - 
Continuous Technologies International 
Limited/Documents/ERP_Test/node_modules/router/index.js:340:13)
      at C:\Users\JackyLi(CTHK)../../../../../../OneDrive - Continuous 
Technologies International 
Limited/Documents/ERP_Test/node_modules/router/index.js:297:9
      at processParams (C:\Users\JackyLi(CTHK)../../../../../../OneDrive - 
Continuous Technologies International 
Limited/Documents/ERP_Test/node_modules/router/index.js:582:12)
      at next (C:\Users\JackyLi(CTHK)../../../../../../OneDrive - Continuous 
Technologies International 
Limited/Documents/ERP_Test/node_modules/router/index.js:291:5)
      at Layer.handleError (C:\Users\JackyLi(CTHK)../../../../../../OneDrive - 
Continuous Technologies International 
Limited/Documents/ERP_Test/node_modules/router/lib/layer.js:111:12)
      at trimPrefix (C:\Users\JackyLi(CTHK)../../../../../../OneDrive - 
Continuous Technologies International 
Limited/Documents/ERP_Test/node_modules/router/index.js:340:13)
      at C:\Users\JackyLi(CTHK)../../../../../../OneDrive - Continuous 
Technologies International 
Limited/Documents/ERP_Test/node_modules/router/index.js:297:9
      at processParams (C:\Users\JackyLi(CTHK)../../../../../../OneDrive - 
Continuous Technologies International 
Limited/Documents/ERP_Test/node_modules/router/index.js:582:12)
      at next (C:\Users\JackyLi(CTHK)../../../../../../OneDrive - Continuous 
Technologies International 
Limited/Documents/ERP_Test/node_modules/router/index.js:291:5)
      at C:\Users\JackyLi(CTHK)../../../../../../OneDrive - Continuous 
Technologies International 
Limited/Documents/ERP_Test/node_modules/router/index.js:688:15
      at Immediate.next (C:\Users\JackyLi(CTHK)../../../../../../OneDrive - 
Continuous Technologies International 
Limited/Documents/ERP_Test/node_modules/router/index.js:276:14)
      at Immediate._onImmediate 
(C:\Users\JackyLi(CTHK)../../../../../../OneDrive - Continuous Technologies 
International Limited/Documents/ERP_Test/node_modules/router/index.js:688:15)

PASS src/__tests__/holidays.route.test.ts
  ΓùÅ Console

    console.log
      [dotenv@17.3.1] injecting env (10) from ..\.env -- tip: ≡ƒ¢í∩╕Å auth for 
agents: https://vestauth.com

      at _log (C:\Users\JackyLi(CTHK)../../../../../../OneDrive - Continuous 
Technologies International 
Limited/Documents/ERP_Test/node_modules/dotenv/lib/main.js:139:11)

    console.error
      Error: Unauthorized: Missing or invalid Authorization header
          at requireAuth (C:\Users\JackyLi(CTHK)\OneDrive - Continuous 
Technologies International 
Limited\Documents\ERP_Test\server\src\middleware\requireAuth.ts:12:11)
          at Layer.handleRequest (C:\Users\JackyLi(CTHK)\OneDrive - Continuous 
Technologies International 
Limited\Documents\ERP_Test\node_modules\router\lib\layer.js:152:17)
          at next (C:\Users\JackyLi(CTHK)\OneDrive - Continuous Technologies 
International 
Limited\Documents\ERP_Test\node_modules\router\lib\route.js:157:13)
          at Route.dispatch (C:\Users\JackyLi(CTHK)\OneDrive - Continuous 
Technologies International 
Limited\Documents\ERP_Test\node_modules\router\lib\route.js:117:3)
          at handle (C:\Users\JackyLi(CTHK)\OneDrive - Continuous Technologies 
International Limited\Documents\ERP_Test\node_modules\router\index.js:435:11)
          at Layer.handleRequest (C:\Users\JackyLi(CTHK)\OneDrive - Continuous 
Technologies International 
Limited\Documents\ERP_Test\node_modules\router\lib\layer.js:152:17)
          at C:\Users\JackyLi(CTHK)\OneDrive - Continuous Technologies 
International Limited\Documents\ERP_Test\node_modules\router\index.js:295:15
          at processParams (C:\Users\JackyLi(CTHK)\OneDrive - Continuous 
Technologies International 
Limited\Documents\ERP_Test\node_modules\router\index.js:582:12)
          at next (C:\Users\JackyLi(CTHK)\OneDrive - Continuous Technologies 
International Limited\Documents\ERP_Test\node_modules\router\index.js:291:5)
          at router.handle (C:\Users\JackyLi(CTHK)\OneDrive - Continuous 
Technologies International 
Limited\Documents\ERP_Test\node_modules\router\index.js:186:3)
          at router (C:\Users\JackyLi(CTHK)\OneDrive - Continuous Technologies 
International Limited\Documents\ERP_Test\node_modules\router\index.js:60:12)
          at Layer.handleRequest (C:\Users\JackyLi(CTHK)\OneDrive - Continuous 
Technologies International 
Limited\Documents\ERP_Test\node_modules\router\lib\layer.js:152:17)
          at trimPrefix (C:\Users\JackyLi(CTHK)\OneDrive - Continuous 
Technologies International 
Limited\Documents\ERP_Test\node_modules\router\index.js:342:13)
          at C:\Users\JackyLi(CTHK)\OneDrive - Continuous Technologies 
International Limited\Documents\ERP_Test\node_modules\router\index.js:297:9
          ... collapsed 7 duplicate lines matching above lines ...
          at processParams (C:\Users\JackyLi(CTHK)\OneDrive - Continuous 
Technologies International 
Limited\Documents\ERP_Test\node_modules\router\index.js:582:12)
          at next (C:\Users\JackyLi(CTHK)\OneDrive - Continuous Technologies 
International Limited\Documents\ERP_Test\node_modules\router\index.js:291:5)
          at C:\Users\JackyLi(CTHK)\OneDrive - Continuous Technologies 
International 
Limited\Documents\ERP_Test\node_modules\express-rate-limit\dist\index.cjs:947:7
          at processTicksAndRejections 
(node:internal/process/task_queues:103:5)
          at C:\Users\JackyLi(CTHK)\OneDrive - Continuous Technologies 
International 
Limited\Documents\ERP_Test\node_modules\express-rate-limit\dist\index.cjs:830:5

    [0m [90m 59 |[39m   [90m// eslint-disable-next-line 
@typescript-eslint/no-unused-vars[39m
     [90m 60 |[39m   app[33m.[39muse((err[33m:[39m 
[33mError[39m[33m,[39m _req[33m:[39m [33mRequest[39m[33m,[39m 
res[33m:[39m [33mResponse[39m[33m,[39m _next[33m:[39m 
[33mNextFunction[39m) [33m=>[39m {
    [31m[1m>[22m[39m[90m 61 |[39m     
console[33m.[39merror(err)[33m;[39m
     [90m    |[39m             [31m[1m^[22m[39m
     [90m 62 |[39m     [36mif[39m 
(err[33m.[39mmessage[33m.[39mincludes([32m"Unauthorized"[39m)) {
     [90m 63 |[39m       
res[33m.[39mstatus([35m401[39m)[33m.[39mjson({ message[33m:[39m 
err[33m.[39mmessage })[33m;[39m
     [90m 64 |[39m     } [36melse[39m [36mif[39m 
(err[33m.[39mmessage[33m.[39mincludes([32m"Forbidden"[39m)) {[0m

      at C:\Users\JackyLi(CTHK)../../../../../../OneDrive - Continuous 
Technologies International Limited/Documents/ERP_Test/server/src/app.ts:61:13
      at Layer.handleError (C:\Users\JackyLi(CTHK)../../../../../../OneDrive - 
Continuous Technologies International 
Limited/Documents/ERP_Test/node_modules/router/lib/layer.js:116:17)
      at trimPrefix (C:\Users\JackyLi(CTHK)../../../../../../OneDrive - 
Continuous Technologies International 
Limited/Documents/ERP_Test/node_modules/router/index.js:340:13)
      at C:\Users\JackyLi(CTHK)../../../../../../OneDrive - Continuous 
Technologies International 
Limited/Documents/ERP_Test/node_modules/router/index.js:297:9
      at processParams (C:\Users\JackyLi(CTHK)../../../../../../OneDrive - 
Continuous Technologies International 
Limited/Documents/ERP_Test/node_modules/router/index.js:582:12)
      at next (C:\Users\JackyLi(CTHK)../../../../../../OneDrive - Continuous 
Technologies International 
Limited/Documents/ERP_Test/node_modules/router/index.js:291:5)
      at Layer.handleError (C:\Users\JackyLi(CTHK)../../../../../../OneDrive - 
Continuous Technologies International 
Limited/Documents/ERP_Test/node_modules/router/lib/layer.js:111:12)
      at trimPrefix (C:\Users\JackyLi(CTHK)../../../../../../OneDrive - 
Continuous Technologies International 
Limited/Documents/ERP_Test/node_modules/router/index.js:340:13)
      at C:\Users\JackyLi(CTHK)../../../../../../OneDrive - Continuous 
Technologies International 
Limited/Documents/ERP_Test/node_modules/router/index.js:297:9
      at processParams (C:\Users\JackyLi(CTHK)../../../../../../OneDrive - 
Continuous Technologies International 
Limited/Documents/ERP_Test/node_modules/router/index.js:582:12)
      at next (C:\Users\JackyLi(CTHK)../../../../../../OneDrive - Continuous 
Technologies International 
Limited/Documents/ERP_Test/node_modules/router/index.js:291:5)
      at C:\Users\JackyLi(CTHK)../../../../../../OneDrive - Continuous 
Technologies International 
Limited/Documents/ERP_Test/node_modules/router/index.js:688:15
      at next (C:\Users\JackyLi(CTHK)../../../../../../OneDrive - Continuous 
Technologies International 
Limited/Documents/ERP_Test/node_modules/router/index.js:276:14)
      at Layer.handleError (C:\Users\JackyLi(CTHK)../../../../../../OneDrive - 
Continuous Technologies International 
Limited/Documents/ERP_Test/node_modules/router/lib/layer.js:111:12)
      at trimPrefix (C:\Users\JackyLi(CTHK)../../../../../../OneDrive - 
Continuous Technologies International 
Limited/Documents/ERP_Test/node_modules/router/index.js:340:13)
      at C:\Users\JackyLi(CTHK)../../../../../../OneDrive - Continuous 
Technologies International 
Limited/Documents/ERP_Test/node_modules/router/index.js:297:9
      at processParams (C:\Users\JackyLi(CTHK)../../../../../../OneDrive - 
Continuous Technologies International 
Limited/Documents/ERP_Test/node_modules/router/index.js:582:12)
      at Immediate.next (C:\Users\JackyLi(CTHK)../../../../../../OneDrive - 
Continuous Technologies International 
Limited/Documents/ERP_Test/node_modules/router/index.js:291:5)
      at Immediate._onImmediate 
(C:\Users\JackyLi(CTHK)../../../../../../OneDrive - Continuous Technologies 
International Limited/Documents/ERP_Test/node_modules/router/index.js:688:15)

PASS src/__tests__/leaveBalance.init.test.ts
  ΓùÅ Console

    console.log
      [dotenv@17.3.1] injecting env (10) from ..\.env -- tip: ≡ƒ¢í∩╕Å auth for 
agents: https://vestauth.com

      at _log (C:\Users\JackyLi(CTHK)../../../../../../OneDrive - Continuous 
Technologies International 
Limited/Documents/ERP_Test/node_modules/dotenv/lib/main.js:139:11)

PASS src/__tests__/requireRole.test.ts
  ΓùÅ Console

    console.log
      [dotenv@17.3.1] injecting env (10) from ..\.env -- tip: ΓÜÖ∩╕Å  specify 
custom .env file path with { path: '/custom/path/.env' }

      at _log (C:\Users\JackyLi(CTHK)../../../../../../OneDrive - Continuous 
Technologies International 
Limited/Documents/ERP_Test/node_modules/dotenv/lib/main.js:139:11)

PASS src/__tests__/workingDays.test.ts
  ΓùÅ Console

    console.log
      [dotenv@17.3.1] injecting env (10) from ..\.env -- tip: ≡ƒ¢í∩╕Å auth for 
agents: https://vestauth.com

      at _log (C:\Users\JackyLi(CTHK)../../../../../../OneDrive - Continuous 
Technologies International 
Limited/Documents/ERP_Test/node_modules/dotenv/lib/main.js:139:11)

PASS src/__tests__/msal.stub.test.ts
  ΓùÅ Console

    console.log
      [dotenv@17.3.1] injecting env (10) from ..\.env -- tip: ΓÜÖ∩╕Å  enable 
debug logging with { debug: true }

      at _log (C:\Users\JackyLi(CTHK)../../../../../../OneDrive - Continuous 
Technologies International 
Limited/Documents/ERP_Test/node_modules/dotenv/lib/main.js:139:11)


Test Suites: 1 failed, 18 passed, 19 total
Tests:       16 failed, 194 passed, 210 total
Snapshots:   0 total
Time:        18.64 s, estimated 20 s
Ran all test suites.
